../MCAL/EXTI/src/EXTI_program.c:9:6:EXTI_voidInterrupEnable	16	static
../MCAL/EXTI/src/EXTI_program.c:13:6:EXTI_voidInterrupDisable	16	static
../MCAL/EXTI/src/EXTI_program.c:17:10:EXTI_SetSignalLatch	24	static
../MCAL/EXTI/src/EXTI_program.c:43:6:EXTI_voidSwTrigger	16	static
../MCAL/EXTI/src/EXTI_program.c:48:13:EXTI_voidClearBending	16	static
../MCAL/EXTI/src/EXTI_program.c:55:10:EXT0_CallBack	24	static
../MCAL/EXTI/src/EXTI_program.c:69:10:EXT1_CallBack	24	static
../MCAL/EXTI/src/EXTI_program.c:84:10:EXT2_CallBack	24	static
../MCAL/EXTI/src/EXTI_program.c:99:10:EXT3_CallBack	24	static
../MCAL/EXTI/src/EXTI_program.c:114:10:EXT4_CallBack	24	static
../MCAL/EXTI/src/EXTI_program.c:130:6:EXTI0_IRQHandler	8	static
../MCAL/EXTI/src/EXTI_program.c:135:6:EXTI1_IRQHandler	8	static
../MCAL/EXTI/src/EXTI_program.c:140:6:EXTI2_IRQHandler	8	static
../MCAL/EXTI/src/EXTI_program.c:146:6:EXTI3_IRQHandler	8	static
../MCAL/EXTI/src/EXTI_program.c:151:6:EXTI4_IRQHandler	8	static
