
Memory Configuration

Name             Origin             Length             Attributes
RAM              0x20000000         0x00005000         xrw
FLASH            0x08001400         0x00001400         xr
*default*        0x00000000         0xffffffff

Linker script and memory map

                0x20005000                _estack = (ORIGIN (RAM) + LENGTH (RAM))
                0x00000200                _Min_Heap_Size = 0x200
                0x00000400                _Min_Stack_Size = 0x400

.isr_vector     0x08001400      0x130
                0x08001400                . = ALIGN (0x4)
 *(.isr_vector)
 .isr_vector    0x08001400      0x130 C:/STM_BLUEPILL/ST32/BTLD/Build/Object/Startup/startup_stm32f103.o
                0x08001400                Vector_Table
                0x08001530                . = ALIGN (0x4)

.text           0x08001530     0x1150
                0x08001530                . = ALIGN (0x4)
 *(.text)
 .text          0x08001530       0x9c C:/STM_BLUEPILL/ST32/BTLD/Build/Object/Src/main.o
                0x08001530                init
                0x08001568                main
 .text          0x080015cc      0x278 C:/STM_BLUEPILL/ST32/BTLD/Build/Object/Parse/Parse.o
                0x080015cc                processRecord
                0x08001770                parseByte
                0x080017a8                UART_RX_Handler
 .text          0x08001844       0xb0 C:/STM_BLUEPILL/ST32/BTLD/Build/Object/Startup/startup_stm32f103.o
                0x08001850                Reset_Handler
                0x080018e8                TIM8_TRG_COM_IRQHandler
                0x080018e8                TIM8_CC_IRQHandler
                0x080018e8                DebugMon_Handler
                0x080018e8                TIM1_CC_IRQHandler
                0x080018e8                HardFault_Handler
                0x080018e8                TIM6_IRQHandler
                0x080018e8                PVD_IRQHandler
                0x080018e8                SDIO_IRQHandler
                0x080018e8                TAMP_STAMP_IRQHandler
                0x080018e8                PendSV_Handler
                0x080018e8                NMI_Handler
                0x080018e8                EXTI3_IRQHandler
                0x080018e8                USB_HP_CAN_TX_IRQHandler
                0x080018e8                EXTI0_IRQHandler
                0x080018e8                I2C2_EV_IRQHandler
                0x080018e8                UsageFault_Handler
                0x080018e8                SPI1_IRQHandler
                0x080018e8                CAN_SCE_IRQHandler
                0x080018e8                TIM8_UP_IRQHandler
                0x080018e8                DMA2_Channel2_IRQHandler
                0x080018e8                DMA1_Channel4_IRQHandler
                0x080018e8                DMA1_Channel7_IRQHandler
                0x080018e8                EXTI2_IRQHandler
                0x080018e8                UART5_IRQHandler
                0x080018e8                ADC3_IRQHandler
                0x080018e8                TIM4_IRQHandler
                0x080018e8                CAN_RX1_IRQHandler
                0x080018e8                DMA2_Channel1_IRQHandler
                0x080018e8                I2C1_EV_IRQHandler
                0x080018e8                DMA1_Channel6_IRQHandler
                0x080018e8                UART4_IRQHandler
                0x080018e8                TIM3_IRQHandler
                0x080018e8                RCC_IRQHandler
                0x080018e8                TIM1_TRG_COM_IRQHandler
                0x080018e8                DMA1_Channel1_IRQHandler
                0x080018e8                Default_Handler
                0x080018e8                EXTI15_10_IRQHandler
                0x080018e8                TIM7_IRQHandler
                0x080018e8                TIM5_IRQHandler
                0x080018e8                EXTI9_5_IRQHandler
                0x080018e8                RTC_WKUP_IRQHandler
                0x080018e8                SPI2_IRQHandler
                0x080018e8                USB_LP_CAN_RX0_IRQHandler
                0x080018e8                MemManage_Handler
                0x080018e8                SVC_Handler
                0x080018e8                ADC_1_2_IRQHandler
                0x080018e8                DMA1_Channel5_IRQHandler
                0x080018e8                EXTI4_IRQHandler
                0x080018e8                DMA1_Channel3_IRQHandler
                0x080018e8                FSMC_IRQHandler
                0x080018e8                TIM1_UP_IRQHandler
                0x080018e8                WWDG_IRQHandler
                0x080018e8                TIM2_IRQHandler
                0x080018e8                TIM1_BRK_IRQHandler
                0x080018e8                EXTI1_IRQHandler
                0x080018e8                RTCAlarm_IRQHandler
                0x080018e8                DMA2_Channel4_5_IRQHandler
                0x080018e8                USART2_IRQHandler
                0x080018e8                I2C2_ER_IRQHandler
                0x080018e8                DMA1_Channel2_IRQHandler
                0x080018e8                TIM8_BRK_IRQHandler
                0x080018e8                FLASH_IRQHandler
                0x080018e8                BusFault_Handler
                0x080018e8                USART1_IRQHandler
                0x080018e8                SPI3_IRQHandler
                0x080018e8                I2C1_ER_IRQHandler
                0x080018e8                DMA2_Channel3_IRQHandler
 .text          0x080018f4      0x268 C:/STM_BLUEPILL/ST32/BTLD/Build/Object/MCAL/RCC/src/RCC_program.o
                0x080018f4                RCC_VidInit
                0x080019a4                RCC_voidEnablePeripheral
                0x08001a40                RCC_voidDisablePeripheral
                0x08001ae0                RCC_voidResetPeripheral
 .text          0x08001b5c      0x1f0 C:/STM_BLUEPILL/ST32/BTLD/Build/Object/MCAL/SysTick/src/SysTick_program.o
                0x08001b5c                SysTick_voidInit
                0x08001b78                SysTick_voidSetBusyWait
                0x08001bcc                SysTick_voidSetIntervalSingle
                0x08001c48                SysTick_voidSetIntervalPeriodoc
                0x08001ca8                SysTick_voidStopTimer
                0x08001cc4                SysTick_GetElapsedTime
                0x08001ce4                SysTick_GetRemaningTime
                0x08001cf8                SysTick_Handler
 .text          0x08001d4c      0x3e8 C:/STM_BLUEPILL/ST32/BTLD/Build/Object/MCAL/GPIO/src/GPIO_program.o
                0x08001d4c                GPIO_SetPinConfig
                0x08001efc                GPIO_GetPinReading
                0x08001f9c                GPIO_GetPortReading
                0x08002008                GPIO_SetPinValue
                0x080020d8                GPIO_SetPortValue
 .text          0x08002134      0x3dc C:/STM_BLUEPILL/ST32/BTLD/Build/Object/MCAL/UART/src/UART_program.o
                0x08002134                UART_voidInit
                0x08002208                UART_uint8SendCharSynch
                0x080022c8                UART_voidSendNumber
                0x08002306                UART_uint8ReceiveCharSynch
                0x08002408                UART_uint8SendStringSynch
                0x08002456                UART_uint8RecieveStringSynch
                0x080024b6                UART_IsStringEqual
                0x080024fc                USART3_IRQHandler
 .text          0x08002510      0x170 C:/STM_BLUEPILL/ST32/BTLD/Build/Object/MCAL/FPEC/src/FPEC.o
                0x08002510                FPEC_voidEraseAppArea
                0x0800253a                FPEC_voidFlashPageErase
                0x080025cc                FPEC_voidFlashWrite
 *(.text*)
                0x08002680                . = ALIGN (0x4)
                0x08002680                _etext = .

.glue_7         0x08002680        0x0
 .glue_7        0x08002680        0x0 linker stubs

.glue_7t        0x08002680        0x0
 .glue_7t       0x08002680        0x0 linker stubs

.vfp11_veneer   0x08002680        0x0
 .vfp11_veneer  0x08002680        0x0 linker stubs

.v4_bx          0x08002680        0x0
 .v4_bx         0x08002680        0x0 linker stubs

.iplt           0x08002680        0x0
 .iplt          0x08002680        0x0 C:/STM_BLUEPILL/ST32/BTLD/Build/Object/Src/main.o

.rodata         0x08002680       0xcc
                0x08002680                . = ALIGN (0x4)
 *(.rodata)
 .rodata        0x08002680       0x26 C:/STM_BLUEPILL/ST32/BTLD/Build/Object/Src/main.o
 *fill*         0x080026a6        0x2 
 .rodata        0x080026a8       0xa0 C:/STM_BLUEPILL/ST32/BTLD/Build/Object/Parse/Parse.o
 .rodata        0x08002748        0x4 C:/STM_BLUEPILL/ST32/BTLD/Build/Object/Startup/startup_stm32f103.o
                0x08002748                MSP_Value
 *(.rodata*)
                0x0800274c                . = ALIGN (0x4)
                0x0800274c                _sidata = LOADADDR (.data)

.rel.dyn        0x0800274c        0x0
 .rel.iplt      0x0800274c        0x0 C:/STM_BLUEPILL/ST32/BTLD/Build/Object/Src/main.o

.data           0x20000000        0x0 load address 0x0800274c
                0x20000000                . = ALIGN (0x4)
                0x20000000                _sdata = .
 *(.data)
 .data          0x20000000        0x0 C:/STM_BLUEPILL/ST32/BTLD/Build/Object/Src/main.o
 .data          0x20000000        0x0 C:/STM_BLUEPILL/ST32/BTLD/Build/Object/Parse/Parse.o
 .data          0x20000000        0x0 C:/STM_BLUEPILL/ST32/BTLD/Build/Object/Startup/startup_stm32f103.o
 .data          0x20000000        0x0 C:/STM_BLUEPILL/ST32/BTLD/Build/Object/MCAL/RCC/src/RCC_program.o
 .data          0x20000000        0x0 C:/STM_BLUEPILL/ST32/BTLD/Build/Object/MCAL/SysTick/src/SysTick_program.o
 .data          0x20000000        0x0 C:/STM_BLUEPILL/ST32/BTLD/Build/Object/MCAL/GPIO/src/GPIO_program.o
 .data          0x20000000        0x0 C:/STM_BLUEPILL/ST32/BTLD/Build/Object/MCAL/UART/src/UART_program.o
 .data          0x20000000        0x0 C:/STM_BLUEPILL/ST32/BTLD/Build/Object/MCAL/FPEC/src/FPEC.o
 *(.data*)
                0x20000000                . = ALIGN (0x4)
                0x20000000                _edata = .

.igot.plt       0x20000000        0x0 load address 0x0800274c
 .igot.plt      0x20000000        0x0 C:/STM_BLUEPILL/ST32/BTLD/Build/Object/Src/main.o

.bss            0x20000000       0x58 load address 0x0800274c
                0x20000000                _sbss = .
 *(.bss)
 .bss           0x20000000        0x0 C:/STM_BLUEPILL/ST32/BTLD/Build/Object/Src/main.o
 .bss           0x20000000       0x42 C:/STM_BLUEPILL/ST32/BTLD/Build/Object/Parse/Parse.o
                0x20000000                lineBuffer
 .bss           0x20000042        0x0 C:/STM_BLUEPILL/ST32/BTLD/Build/Object/Startup/startup_stm32f103.o
 .bss           0x20000042        0x0 C:/STM_BLUEPILL/ST32/BTLD/Build/Object/MCAL/RCC/src/RCC_program.o
 *fill*         0x20000042        0x2 
 .bss           0x20000044        0x5 C:/STM_BLUEPILL/ST32/BTLD/Build/Object/MCAL/SysTick/src/SysTick_program.o
 .bss           0x20000049        0x0 C:/STM_BLUEPILL/ST32/BTLD/Build/Object/MCAL/GPIO/src/GPIO_program.o
 *fill*         0x20000049        0x3 
 .bss           0x2000004c        0xc C:/STM_BLUEPILL/ST32/BTLD/Build/Object/MCAL/UART/src/UART_program.o
 .bss           0x20000058        0x0 C:/STM_BLUEPILL/ST32/BTLD/Build/Object/MCAL/FPEC/src/FPEC.o
 *(.bss*)
                0x20000058                . = ALIGN (0x4)
                0x20000058                _ebss = .

._user_heap_stack
                0x20000058      0x600 load address 0x0800274c
                0x20000058                . = ALIGN (0x8)
                0x20000258                . = (. + _Min_Heap_Size)
 *fill*         0x20000058      0x200 
                0x20000658                . = (. + _Min_Stack_Size)
 *fill*         0x20000258      0x400 
                0x20000658                . = ALIGN (0x8)
LOAD C:/STM_BLUEPILL/ST32/BTLD/Build/Object/Src/main.o
LOAD C:/STM_BLUEPILL/ST32/BTLD/Build/Object/Parse/Parse.o
LOAD C:/STM_BLUEPILL/ST32/BTLD/Build/Object/Startup/startup_stm32f103.o
LOAD C:/STM_BLUEPILL/ST32/BTLD/Build/Object/MCAL/RCC/src/RCC_program.o
LOAD C:/STM_BLUEPILL/ST32/BTLD/Build/Object/MCAL/SysTick/src/SysTick_program.o
LOAD C:/STM_BLUEPILL/ST32/BTLD/Build/Object/MCAL/GPIO/src/GPIO_program.o
LOAD C:/STM_BLUEPILL/ST32/BTLD/Build/Object/MCAL/UART/src/UART_program.o
LOAD C:/STM_BLUEPILL/ST32/BTLD/Build/Object/MCAL/FPEC/src/FPEC.o
OUTPUT(C:/STM_BLUEPILL/ST32/BTLD/Tools/BTLD.elf elf32-littlearm)
LOAD linker stubs

.debug_info     0x00000000     0x1dde
 .debug_info    0x00000000      0x352 C:/STM_BLUEPILL/ST32/BTLD/Build/Object/Src/main.o
 .debug_info    0x00000352      0x29b C:/STM_BLUEPILL/ST32/BTLD/Build/Object/Parse/Parse.o
 .debug_info    0x000005ed      0x15e C:/STM_BLUEPILL/ST32/BTLD/Build/Object/Startup/startup_stm32f103.o
 .debug_info    0x0000074b      0x704 C:/STM_BLUEPILL/ST32/BTLD/Build/Object/MCAL/RCC/src/RCC_program.o
 .debug_info    0x00000e4f      0x296 C:/STM_BLUEPILL/ST32/BTLD/Build/Object/MCAL/SysTick/src/SysTick_program.o
 .debug_info    0x000010e5      0x4e0 C:/STM_BLUEPILL/ST32/BTLD/Build/Object/MCAL/GPIO/src/GPIO_program.o
 .debug_info    0x000015c5      0x644 C:/STM_BLUEPILL/ST32/BTLD/Build/Object/MCAL/UART/src/UART_program.o
 .debug_info    0x00001c09      0x1d5 C:/STM_BLUEPILL/ST32/BTLD/Build/Object/MCAL/FPEC/src/FPEC.o

.debug_abbrev   0x00000000      0x874
 .debug_abbrev  0x00000000       0x9a C:/STM_BLUEPILL/ST32/BTLD/Build/Object/Src/main.o
 .debug_abbrev  0x0000009a      0x12f C:/STM_BLUEPILL/ST32/BTLD/Build/Object/Parse/Parse.o
 .debug_abbrev  0x000001c9       0xe9 C:/STM_BLUEPILL/ST32/BTLD/Build/Object/Startup/startup_stm32f103.o
 .debug_abbrev  0x000002b2       0xf6 C:/STM_BLUEPILL/ST32/BTLD/Build/Object/MCAL/RCC/src/RCC_program.o
 .debug_abbrev  0x000003a8      0x136 C:/STM_BLUEPILL/ST32/BTLD/Build/Object/MCAL/SysTick/src/SysTick_program.o
 .debug_abbrev  0x000004de       0xfa C:/STM_BLUEPILL/ST32/BTLD/Build/Object/MCAL/GPIO/src/GPIO_program.o
 .debug_abbrev  0x000005d8      0x1c4 C:/STM_BLUEPILL/ST32/BTLD/Build/Object/MCAL/UART/src/UART_program.o
 .debug_abbrev  0x0000079c       0xd8 C:/STM_BLUEPILL/ST32/BTLD/Build/Object/MCAL/FPEC/src/FPEC.o

.debug_aranges  0x00000000      0x100
 .debug_aranges
                0x00000000       0x20 C:/STM_BLUEPILL/ST32/BTLD/Build/Object/Src/main.o
 .debug_aranges
                0x00000020       0x20 C:/STM_BLUEPILL/ST32/BTLD/Build/Object/Parse/Parse.o
 .debug_aranges
                0x00000040       0x20 C:/STM_BLUEPILL/ST32/BTLD/Build/Object/Startup/startup_stm32f103.o
 .debug_aranges
                0x00000060       0x20 C:/STM_BLUEPILL/ST32/BTLD/Build/Object/MCAL/RCC/src/RCC_program.o
 .debug_aranges
                0x00000080       0x20 C:/STM_BLUEPILL/ST32/BTLD/Build/Object/MCAL/SysTick/src/SysTick_program.o
 .debug_aranges
                0x000000a0       0x20 C:/STM_BLUEPILL/ST32/BTLD/Build/Object/MCAL/GPIO/src/GPIO_program.o
 .debug_aranges
                0x000000c0       0x20 C:/STM_BLUEPILL/ST32/BTLD/Build/Object/MCAL/UART/src/UART_program.o
 .debug_aranges
                0x000000e0       0x20 C:/STM_BLUEPILL/ST32/BTLD/Build/Object/MCAL/FPEC/src/FPEC.o

.debug_line     0x00000000      0xd4b
 .debug_line    0x00000000       0xf3 C:/STM_BLUEPILL/ST32/BTLD/Build/Object/Src/main.o
 .debug_line    0x000000f3      0x200 C:/STM_BLUEPILL/ST32/BTLD/Build/Object/Parse/Parse.o
 .debug_line    0x000002f3       0xc6 C:/STM_BLUEPILL/ST32/BTLD/Build/Object/Startup/startup_stm32f103.o
 .debug_line    0x000003b9      0x17b C:/STM_BLUEPILL/ST32/BTLD/Build/Object/MCAL/RCC/src/RCC_program.o
 .debug_line    0x00000534      0x180 C:/STM_BLUEPILL/ST32/BTLD/Build/Object/MCAL/SysTick/src/SysTick_program.o
 .debug_line    0x000006b4      0x282 C:/STM_BLUEPILL/ST32/BTLD/Build/Object/MCAL/GPIO/src/GPIO_program.o
 .debug_line    0x00000936      0x2bd C:/STM_BLUEPILL/ST32/BTLD/Build/Object/MCAL/UART/src/UART_program.o
 .debug_line    0x00000bf3      0x158 C:/STM_BLUEPILL/ST32/BTLD/Build/Object/MCAL/FPEC/src/FPEC.o

.debug_str      0x00000000     0x1397
 .debug_str     0x00000000      0x57a C:/STM_BLUEPILL/ST32/BTLD/Build/Object/Src/main.o
                                0x5a8 (size before relaxing)
 .debug_str     0x0000057a       0xcd C:/STM_BLUEPILL/ST32/BTLD/Build/Object/Parse/Parse.o
                                0x21f (size before relaxing)
 .debug_str     0x00000647       0xd0 C:/STM_BLUEPILL/ST32/BTLD/Build/Object/Startup/startup_stm32f103.o
                                0x15a (size before relaxing)
 .debug_str     0x00000717      0x648 C:/STM_BLUEPILL/ST32/BTLD/Build/Object/MCAL/RCC/src/RCC_program.o
                                0x9cd (size before relaxing)
 .debug_str     0x00000d5f      0x1a5 C:/STM_BLUEPILL/ST32/BTLD/Build/Object/MCAL/SysTick/src/SysTick_program.o
                                0x2fe (size before relaxing)
 .debug_str     0x00000f04      0x142 C:/STM_BLUEPILL/ST32/BTLD/Build/Object/MCAL/GPIO/src/GPIO_program.o
                                0x422 (size before relaxing)
 .debug_str     0x00001046      0x299 C:/STM_BLUEPILL/ST32/BTLD/Build/Object/MCAL/UART/src/UART_program.o
                                0x433 (size before relaxing)
 .debug_str     0x000012df       0xb8 C:/STM_BLUEPILL/ST32/BTLD/Build/Object/MCAL/FPEC/src/FPEC.o
                                0x1ee (size before relaxing)

.comment        0x00000000       0x49
 .comment       0x00000000       0x49 C:/STM_BLUEPILL/ST32/BTLD/Build/Object/Src/main.o
                                 0x4a (size before relaxing)
 .comment       0x00000049       0x4a C:/STM_BLUEPILL/ST32/BTLD/Build/Object/Parse/Parse.o
 .comment       0x00000049       0x4a C:/STM_BLUEPILL/ST32/BTLD/Build/Object/Startup/startup_stm32f103.o
 .comment       0x00000049       0x4a C:/STM_BLUEPILL/ST32/BTLD/Build/Object/MCAL/RCC/src/RCC_program.o
 .comment       0x00000049       0x4a C:/STM_BLUEPILL/ST32/BTLD/Build/Object/MCAL/SysTick/src/SysTick_program.o
 .comment       0x00000049       0x4a C:/STM_BLUEPILL/ST32/BTLD/Build/Object/MCAL/GPIO/src/GPIO_program.o
 .comment       0x00000049       0x4a C:/STM_BLUEPILL/ST32/BTLD/Build/Object/MCAL/UART/src/UART_program.o
 .comment       0x00000049       0x4a C:/STM_BLUEPILL/ST32/BTLD/Build/Object/MCAL/FPEC/src/FPEC.o

.ARM.attributes
                0x00000000       0x2d
 .ARM.attributes
                0x00000000       0x2d C:/STM_BLUEPILL/ST32/BTLD/Build/Object/Src/main.o
 .ARM.attributes
                0x0000002d       0x2d C:/STM_BLUEPILL/ST32/BTLD/Build/Object/Parse/Parse.o
 .ARM.attributes
                0x0000005a       0x2d C:/STM_BLUEPILL/ST32/BTLD/Build/Object/Startup/startup_stm32f103.o
 .ARM.attributes
                0x00000087       0x2d C:/STM_BLUEPILL/ST32/BTLD/Build/Object/MCAL/RCC/src/RCC_program.o
 .ARM.attributes
                0x000000b4       0x2d C:/STM_BLUEPILL/ST32/BTLD/Build/Object/MCAL/SysTick/src/SysTick_program.o
 .ARM.attributes
                0x000000e1       0x2d C:/STM_BLUEPILL/ST32/BTLD/Build/Object/MCAL/GPIO/src/GPIO_program.o
 .ARM.attributes
                0x0000010e       0x2d C:/STM_BLUEPILL/ST32/BTLD/Build/Object/MCAL/UART/src/UART_program.o
 .ARM.attributes
                0x0000013b       0x2d C:/STM_BLUEPILL/ST32/BTLD/Build/Object/MCAL/FPEC/src/FPEC.o

.debug_frame    0x00000000      0x5a4
 .debug_frame   0x00000000       0x4c C:/STM_BLUEPILL/ST32/BTLD/Build/Object/Src/main.o
 .debug_frame   0x0000004c       0x80 C:/STM_BLUEPILL/ST32/BTLD/Build/Object/Parse/Parse.o
 .debug_frame   0x000000cc       0x74 C:/STM_BLUEPILL/ST32/BTLD/Build/Object/Startup/startup_stm32f103.o
 .debug_frame   0x00000140       0xb0 C:/STM_BLUEPILL/ST32/BTLD/Build/Object/MCAL/RCC/src/RCC_program.o
 .debug_frame   0x000001f0      0x120 C:/STM_BLUEPILL/ST32/BTLD/Build/Object/MCAL/SysTick/src/SysTick_program.o
 .debug_frame   0x00000310       0xd8 C:/STM_BLUEPILL/ST32/BTLD/Build/Object/MCAL/GPIO/src/GPIO_program.o
 .debug_frame   0x000003e8      0x138 C:/STM_BLUEPILL/ST32/BTLD/Build/Object/MCAL/UART/src/UART_program.o
 .debug_frame   0x00000520       0x84 C:/STM_BLUEPILL/ST32/BTLD/Build/Object/MCAL/FPEC/src/FPEC.o
