
Memory Configuration

Name             Origin             Length             Attributes
RAM              0x20000000         0x00005000         xrw
FLASH            0x08001400         0x00001400         xr
*default*        0x00000000         0xffffffff

Linker script and memory map

                0x20005000                _estack = (ORIGIN (RAM) + LENGTH (RAM))
                0x00000200                _Min_Heap_Size = 0x200
                0x00000400                _Min_Stack_Size = 0x400

.isr_vector     0x08001400      0x130
                0x08001400                . = ALIGN (0x4)
 *(.isr_vector)
 .isr_vector    0x08001400      0x130 C:/STM_BLUEPILL/ST32/BTLD/Build/Object/Startup/startup_stm32f103.o
                0x08001400                Vector_Table
                0x08001530                . = ALIGN (0x4)

.text           0x08001530     0x118c
                0x08001530                . = ALIGN (0x4)
 *(.text)
 .text          0x08001530       0x9c C:/STM_BLUEPILL/ST32/BTLD/Build/Object/Src/main.o
                0x08001530                init
                0x08001568                main
 .text          0x080015cc      0x2d0 C:/STM_BLUEPILL/ST32/BTLD/Build/Object/Parse/Parse.o
                0x080015cc                processRecord
                0x0800176c                asciiToHex
                0x080017c0                parseByte
                0x08001800                UART_RX_Handler
 .text          0x0800189c       0xb0 C:/STM_BLUEPILL/ST32/BTLD/Build/Object/Startup/startup_stm32f103.o
                0x080018a8                Reset_Handler
                0x08001940                TIM8_TRG_COM_IRQHandler
                0x08001940                TIM8_CC_IRQHandler
                0x08001940                DebugMon_Handler
                0x08001940                TIM1_CC_IRQHandler
                0x08001940                HardFault_Handler
                0x08001940                TIM6_IRQHandler
                0x08001940                PVD_IRQHandler
                0x08001940                SDIO_IRQHandler
                0x08001940                TAMP_STAMP_IRQHandler
                0x08001940                PendSV_Handler
                0x08001940                NMI_Handler
                0x08001940                EXTI3_IRQHandler
                0x08001940                USB_HP_CAN_TX_IRQHandler
                0x08001940                EXTI0_IRQHandler
                0x08001940                I2C2_EV_IRQHandler
                0x08001940                UsageFault_Handler
                0x08001940                SPI1_IRQHandler
                0x08001940                CAN_SCE_IRQHandler
                0x08001940                TIM8_UP_IRQHandler
                0x08001940                DMA2_Channel2_IRQHandler
                0x08001940                DMA1_Channel4_IRQHandler
                0x08001940                DMA1_Channel7_IRQHandler
                0x08001940                EXTI2_IRQHandler
                0x08001940                UART5_IRQHandler
                0x08001940                ADC3_IRQHandler
                0x08001940                TIM4_IRQHandler
                0x08001940                CAN_RX1_IRQHandler
                0x08001940                DMA2_Channel1_IRQHandler
                0x08001940                I2C1_EV_IRQHandler
                0x08001940                DMA1_Channel6_IRQHandler
                0x08001940                UART4_IRQHandler
                0x08001940                TIM3_IRQHandler
                0x08001940                RCC_IRQHandler
                0x08001940                TIM1_TRG_COM_IRQHandler
                0x08001940                DMA1_Channel1_IRQHandler
                0x08001940                Default_Handler
                0x08001940                EXTI15_10_IRQHandler
                0x08001940                TIM7_IRQHandler
                0x08001940                TIM5_IRQHandler
                0x08001940                EXTI9_5_IRQHandler
                0x08001940                RTC_WKUP_IRQHandler
                0x08001940                SPI2_IRQHandler
                0x08001940                USB_LP_CAN_RX0_IRQHandler
                0x08001940                MemManage_Handler
                0x08001940                SVC_Handler
                0x08001940                ADC_1_2_IRQHandler
                0x08001940                DMA1_Channel5_IRQHandler
                0x08001940                EXTI4_IRQHandler
                0x08001940                DMA1_Channel3_IRQHandler
                0x08001940                FSMC_IRQHandler
                0x08001940                TIM1_UP_IRQHandler
                0x08001940                WWDG_IRQHandler
                0x08001940                TIM2_IRQHandler
                0x08001940                TIM1_BRK_IRQHandler
                0x08001940                EXTI1_IRQHandler
                0x08001940                RTCAlarm_IRQHandler
                0x08001940                DMA2_Channel4_5_IRQHandler
                0x08001940                USART2_IRQHandler
                0x08001940                I2C2_ER_IRQHandler
                0x08001940                DMA1_Channel2_IRQHandler
                0x08001940                TIM8_BRK_IRQHandler
                0x08001940                FLASH_IRQHandler
                0x08001940                BusFault_Handler
                0x08001940                USART1_IRQHandler
                0x08001940                SPI3_IRQHandler
                0x08001940                I2C1_ER_IRQHandler
                0x08001940                DMA2_Channel3_IRQHandler
 .text          0x0800194c      0x24c C:/STM_BLUEPILL/ST32/BTLD/Build/Object/MCAL/RCC/src/RCC_program.o
                0x0800194c                RCC_VidInit
                0x080019e0                RCC_voidEnablePeripheral
                0x08001a7c                RCC_voidDisablePeripheral
                0x08001b1c                RCC_voidResetPeripheral
 .text          0x08001b98      0x1f0 C:/STM_BLUEPILL/ST32/BTLD/Build/Object/MCAL/SysTick/src/SysTick_program.o
                0x08001b98                SysTick_voidInit
                0x08001bb4                SysTick_voidSetBusyWait
                0x08001c08                SysTick_voidSetIntervalSingle
                0x08001c84                SysTick_voidSetIntervalPeriodoc
                0x08001ce4                SysTick_voidStopTimer
                0x08001d00                SysTick_GetElapsedTime
                0x08001d20                SysTick_GetRemaningTime
                0x08001d34                SysTick_Handler
 .text          0x08001d88      0x3e8 C:/STM_BLUEPILL/ST32/BTLD/Build/Object/MCAL/GPIO/src/GPIO_program.o
                0x08001d88                GPIO_SetPinConfig
                0x08001f38                GPIO_GetPinReading
                0x08001fd8                GPIO_GetPortReading
                0x08002044                GPIO_SetPinValue
                0x08002114                GPIO_SetPortValue
 .text          0x08002170      0x3dc C:/STM_BLUEPILL/ST32/BTLD/Build/Object/MCAL/UART/src/UART_program.o
                0x08002170                UART_voidInit
                0x08002244                UART_uint8SendCharSynch
                0x08002304                UART_voidSendNumber
                0x08002342                UART_uint8ReceiveCharSynch
                0x08002444                UART_uint8SendStringSynch
                0x08002492                UART_uint8RecieveStringSynch
                0x080024f2                UART_IsStringEqual
                0x08002538                USART3_IRQHandler
 .text          0x0800254c      0x170 C:/STM_BLUEPILL/ST32/BTLD/Build/Object/MCAL/FPEC/src/FPEC.o
                0x0800254c                FPEC_voidEraseAppArea
                0x08002576                FPEC_voidFlashPageErase
                0x08002608                FPEC_voidFlashWrite
 *(.text*)
                0x080026bc                . = ALIGN (0x4)
                0x080026bc                _etext = .

.glue_7         0x080026bc        0x0
 .glue_7        0x080026bc        0x0 linker stubs

.glue_7t        0x080026bc        0x0
 .glue_7t       0x080026bc        0x0 linker stubs

.vfp11_veneer   0x080026bc        0x0
 .vfp11_veneer  0x080026bc        0x0 linker stubs

.v4_bx          0x080026bc        0x0
 .v4_bx         0x080026bc        0x0 linker stubs

.iplt           0x080026bc        0x0
 .iplt          0x080026bc        0x0 C:/STM_BLUEPILL/ST32/BTLD/Build/Object/Src/main.o

.rodata         0x080026bc       0x60
                0x080026bc                . = ALIGN (0x4)
 *(.rodata)
 .rodata        0x080026bc       0x26 C:/STM_BLUEPILL/ST32/BTLD/Build/Object/Src/main.o
 *fill*         0x080026e2        0x2 
 .rodata        0x080026e4       0x34 C:/STM_BLUEPILL/ST32/BTLD/Build/Object/Parse/Parse.o
 .rodata        0x08002718        0x4 C:/STM_BLUEPILL/ST32/BTLD/Build/Object/Startup/startup_stm32f103.o
                0x08002718                MSP_Value
 *(.rodata*)
                0x0800271c                . = ALIGN (0x4)
                0x0800271c                _sidata = LOADADDR (.data)

.rel.dyn        0x0800271c        0x0
 .rel.iplt      0x0800271c        0x0 C:/STM_BLUEPILL/ST32/BTLD/Build/Object/Src/main.o

.data           0x20000000        0x0 load address 0x0800271c
                0x20000000                . = ALIGN (0x4)
                0x20000000                _sdata = .
 *(.data)
 .data          0x20000000        0x0 C:/STM_BLUEPILL/ST32/BTLD/Build/Object/Src/main.o
 .data          0x20000000        0x0 C:/STM_BLUEPILL/ST32/BTLD/Build/Object/Parse/Parse.o
 .data          0x20000000        0x0 C:/STM_BLUEPILL/ST32/BTLD/Build/Object/Startup/startup_stm32f103.o
 .data          0x20000000        0x0 C:/STM_BLUEPILL/ST32/BTLD/Build/Object/MCAL/RCC/src/RCC_program.o
 .data          0x20000000        0x0 C:/STM_BLUEPILL/ST32/BTLD/Build/Object/MCAL/SysTick/src/SysTick_program.o
 .data          0x20000000        0x0 C:/STM_BLUEPILL/ST32/BTLD/Build/Object/MCAL/GPIO/src/GPIO_program.o
 .data          0x20000000        0x0 C:/STM_BLUEPILL/ST32/BTLD/Build/Object/MCAL/UART/src/UART_program.o
 .data          0x20000000        0x0 C:/STM_BLUEPILL/ST32/BTLD/Build/Object/MCAL/FPEC/src/FPEC.o
 *(.data*)
                0x20000000                . = ALIGN (0x4)
                0x20000000                _edata = .

.igot.plt       0x20000000        0x0 load address 0x0800271c
 .igot.plt      0x20000000        0x0 C:/STM_BLUEPILL/ST32/BTLD/Build/Object/Src/main.o

.bss            0x20000000       0x58 load address 0x0800271c
                0x20000000                _sbss = .
 *(.bss)
 .bss           0x20000000        0x0 C:/STM_BLUEPILL/ST32/BTLD/Build/Object/Src/main.o
 .bss           0x20000000       0x44 C:/STM_BLUEPILL/ST32/BTLD/Build/Object/Parse/Parse.o
                0x20000000                lineBuffer
                0x20000040                index
 .bss           0x20000044        0x0 C:/STM_BLUEPILL/ST32/BTLD/Build/Object/Startup/startup_stm32f103.o
 .bss           0x20000044        0x0 C:/STM_BLUEPILL/ST32/BTLD/Build/Object/MCAL/RCC/src/RCC_program.o
 .bss           0x20000044        0x5 C:/STM_BLUEPILL/ST32/BTLD/Build/Object/MCAL/SysTick/src/SysTick_program.o
 .bss           0x20000049        0x0 C:/STM_BLUEPILL/ST32/BTLD/Build/Object/MCAL/GPIO/src/GPIO_program.o
 *fill*         0x20000049        0x3 
 .bss           0x2000004c        0xc C:/STM_BLUEPILL/ST32/BTLD/Build/Object/MCAL/UART/src/UART_program.o
 .bss           0x20000058        0x0 C:/STM_BLUEPILL/ST32/BTLD/Build/Object/MCAL/FPEC/src/FPEC.o
 *(.bss*)
                0x20000058                . = ALIGN (0x4)
                0x20000058                _ebss = .

._user_heap_stack
                0x20000058      0x600 load address 0x0800271c
                0x20000058                . = ALIGN (0x8)
                0x20000258                . = (. + _Min_Heap_Size)
 *fill*         0x20000058      0x200 
                0x20000658                . = (. + _Min_Stack_Size)
 *fill*         0x20000258      0x400 
                0x20000658                . = ALIGN (0x8)
LOAD C:/STM_BLUEPILL/ST32/BTLD/Build/Object/Src/main.o
LOAD C:/STM_BLUEPILL/ST32/BTLD/Build/Object/Parse/Parse.o
LOAD C:/STM_BLUEPILL/ST32/BTLD/Build/Object/Startup/startup_stm32f103.o
LOAD C:/STM_BLUEPILL/ST32/BTLD/Build/Object/MCAL/RCC/src/RCC_program.o
LOAD C:/STM_BLUEPILL/ST32/BTLD/Build/Object/MCAL/SysTick/src/SysTick_program.o
LOAD C:/STM_BLUEPILL/ST32/BTLD/Build/Object/MCAL/GPIO/src/GPIO_program.o
LOAD C:/STM_BLUEPILL/ST32/BTLD/Build/Object/MCAL/UART/src/UART_program.o
LOAD C:/STM_BLUEPILL/ST32/BTLD/Build/Object/MCAL/FPEC/src/FPEC.o
OUTPUT(C:/STM_BLUEPILL/ST32/BTLD/Tools/BTLD.elf elf32-littlearm)
LOAD linker stubs

.debug_info     0x00000000     0x1d96
 .debug_info    0x00000000      0x36c C:/STM_BLUEPILL/ST32/BTLD/Build/Object/Src/main.o
 .debug_info    0x0000036c      0x2e4 C:/STM_BLUEPILL/ST32/BTLD/Build/Object/Parse/Parse.o
 .debug_info    0x00000650      0x15e C:/STM_BLUEPILL/ST32/BTLD/Build/Object/Startup/startup_stm32f103.o
 .debug_info    0x000007ae      0x659 C:/STM_BLUEPILL/ST32/BTLD/Build/Object/MCAL/RCC/src/RCC_program.o
 .debug_info    0x00000e07      0x296 C:/STM_BLUEPILL/ST32/BTLD/Build/Object/MCAL/SysTick/src/SysTick_program.o
 .debug_info    0x0000109d      0x4e0 C:/STM_BLUEPILL/ST32/BTLD/Build/Object/MCAL/GPIO/src/GPIO_program.o
 .debug_info    0x0000157d      0x644 C:/STM_BLUEPILL/ST32/BTLD/Build/Object/MCAL/UART/src/UART_program.o
 .debug_info    0x00001bc1      0x1d5 C:/STM_BLUEPILL/ST32/BTLD/Build/Object/MCAL/FPEC/src/FPEC.o

.debug_abbrev   0x00000000      0x88e
 .debug_abbrev  0x00000000       0xa3 C:/STM_BLUEPILL/ST32/BTLD/Build/Object/Src/main.o
 .debug_abbrev  0x000000a3      0x140 C:/STM_BLUEPILL/ST32/BTLD/Build/Object/Parse/Parse.o
 .debug_abbrev  0x000001e3       0xe9 C:/STM_BLUEPILL/ST32/BTLD/Build/Object/Startup/startup_stm32f103.o
 .debug_abbrev  0x000002cc       0xf6 C:/STM_BLUEPILL/ST32/BTLD/Build/Object/MCAL/RCC/src/RCC_program.o
 .debug_abbrev  0x000003c2      0x136 C:/STM_BLUEPILL/ST32/BTLD/Build/Object/MCAL/SysTick/src/SysTick_program.o
 .debug_abbrev  0x000004f8       0xfa C:/STM_BLUEPILL/ST32/BTLD/Build/Object/MCAL/GPIO/src/GPIO_program.o
 .debug_abbrev  0x000005f2      0x1c4 C:/STM_BLUEPILL/ST32/BTLD/Build/Object/MCAL/UART/src/UART_program.o
 .debug_abbrev  0x000007b6       0xd8 C:/STM_BLUEPILL/ST32/BTLD/Build/Object/MCAL/FPEC/src/FPEC.o

.debug_aranges  0x00000000      0x100
 .debug_aranges
                0x00000000       0x20 C:/STM_BLUEPILL/ST32/BTLD/Build/Object/Src/main.o
 .debug_aranges
                0x00000020       0x20 C:/STM_BLUEPILL/ST32/BTLD/Build/Object/Parse/Parse.o
 .debug_aranges
                0x00000040       0x20 C:/STM_BLUEPILL/ST32/BTLD/Build/Object/Startup/startup_stm32f103.o
 .debug_aranges
                0x00000060       0x20 C:/STM_BLUEPILL/ST32/BTLD/Build/Object/MCAL/RCC/src/RCC_program.o
 .debug_aranges
                0x00000080       0x20 C:/STM_BLUEPILL/ST32/BTLD/Build/Object/MCAL/SysTick/src/SysTick_program.o
 .debug_aranges
                0x000000a0       0x20 C:/STM_BLUEPILL/ST32/BTLD/Build/Object/MCAL/GPIO/src/GPIO_program.o
 .debug_aranges
                0x000000c0       0x20 C:/STM_BLUEPILL/ST32/BTLD/Build/Object/MCAL/UART/src/UART_program.o
 .debug_aranges
                0x000000e0       0x20 C:/STM_BLUEPILL/ST32/BTLD/Build/Object/MCAL/FPEC/src/FPEC.o

.debug_line     0x00000000      0xd5e
 .debug_line    0x00000000       0xf3 C:/STM_BLUEPILL/ST32/BTLD/Build/Object/Src/main.o
 .debug_line    0x000000f3      0x225 C:/STM_BLUEPILL/ST32/BTLD/Build/Object/Parse/Parse.o
 .debug_line    0x00000318       0xc6 C:/STM_BLUEPILL/ST32/BTLD/Build/Object/Startup/startup_stm32f103.o
 .debug_line    0x000003de      0x169 C:/STM_BLUEPILL/ST32/BTLD/Build/Object/MCAL/RCC/src/RCC_program.o
 .debug_line    0x00000547      0x180 C:/STM_BLUEPILL/ST32/BTLD/Build/Object/MCAL/SysTick/src/SysTick_program.o
 .debug_line    0x000006c7      0x282 C:/STM_BLUEPILL/ST32/BTLD/Build/Object/MCAL/GPIO/src/GPIO_program.o
 .debug_line    0x00000949      0x2bd C:/STM_BLUEPILL/ST32/BTLD/Build/Object/MCAL/UART/src/UART_program.o
 .debug_line    0x00000c06      0x158 C:/STM_BLUEPILL/ST32/BTLD/Build/Object/MCAL/FPEC/src/FPEC.o

.debug_str      0x00000000     0x11fe
 .debug_str     0x00000000      0x58b C:/STM_BLUEPILL/ST32/BTLD/Build/Object/Src/main.o
                                0x5b9 (size before relaxing)
 .debug_str     0x0000058b       0xfa C:/STM_BLUEPILL/ST32/BTLD/Build/Object/Parse/Parse.o
                                0x24c (size before relaxing)
 .debug_str     0x00000685       0xd0 C:/STM_BLUEPILL/ST32/BTLD/Build/Object/Startup/startup_stm32f103.o
                                0x15a (size before relaxing)
 .debug_str     0x00000755      0x496 C:/STM_BLUEPILL/ST32/BTLD/Build/Object/MCAL/RCC/src/RCC_program.o
                                0x81b (size before relaxing)
 .debug_str     0x00000beb      0x194 C:/STM_BLUEPILL/ST32/BTLD/Build/Object/MCAL/SysTick/src/SysTick_program.o
                                0x2fe (size before relaxing)
 .debug_str     0x00000d7f      0x142 C:/STM_BLUEPILL/ST32/BTLD/Build/Object/MCAL/GPIO/src/GPIO_program.o
                                0x422 (size before relaxing)
 .debug_str     0x00000ec1      0x299 C:/STM_BLUEPILL/ST32/BTLD/Build/Object/MCAL/UART/src/UART_program.o
                                0x433 (size before relaxing)
 .debug_str     0x0000115a       0xa4 C:/STM_BLUEPILL/ST32/BTLD/Build/Object/MCAL/FPEC/src/FPEC.o
                                0x1ee (size before relaxing)

.comment        0x00000000       0x49
 .comment       0x00000000       0x49 C:/STM_BLUEPILL/ST32/BTLD/Build/Object/Src/main.o
                                 0x4a (size before relaxing)
 .comment       0x00000049       0x4a C:/STM_BLUEPILL/ST32/BTLD/Build/Object/Parse/Parse.o
 .comment       0x00000049       0x4a C:/STM_BLUEPILL/ST32/BTLD/Build/Object/Startup/startup_stm32f103.o
 .comment       0x00000049       0x4a C:/STM_BLUEPILL/ST32/BTLD/Build/Object/MCAL/RCC/src/RCC_program.o
 .comment       0x00000049       0x4a C:/STM_BLUEPILL/ST32/BTLD/Build/Object/MCAL/SysTick/src/SysTick_program.o
 .comment       0x00000049       0x4a C:/STM_BLUEPILL/ST32/BTLD/Build/Object/MCAL/GPIO/src/GPIO_program.o
 .comment       0x00000049       0x4a C:/STM_BLUEPILL/ST32/BTLD/Build/Object/MCAL/UART/src/UART_program.o
 .comment       0x00000049       0x4a C:/STM_BLUEPILL/ST32/BTLD/Build/Object/MCAL/FPEC/src/FPEC.o

.ARM.attributes
                0x00000000       0x2d
 .ARM.attributes
                0x00000000       0x2d C:/STM_BLUEPILL/ST32/BTLD/Build/Object/Src/main.o
 .ARM.attributes
                0x0000002d       0x2d C:/STM_BLUEPILL/ST32/BTLD/Build/Object/Parse/Parse.o
 .ARM.attributes
                0x0000005a       0x2d C:/STM_BLUEPILL/ST32/BTLD/Build/Object/Startup/startup_stm32f103.o
 .ARM.attributes
                0x00000087       0x2d C:/STM_BLUEPILL/ST32/BTLD/Build/Object/MCAL/RCC/src/RCC_program.o
 .ARM.attributes
                0x000000b4       0x2d C:/STM_BLUEPILL/ST32/BTLD/Build/Object/MCAL/SysTick/src/SysTick_program.o
 .ARM.attributes
                0x000000e1       0x2d C:/STM_BLUEPILL/ST32/BTLD/Build/Object/MCAL/GPIO/src/GPIO_program.o
 .ARM.attributes
                0x0000010e       0x2d C:/STM_BLUEPILL/ST32/BTLD/Build/Object/MCAL/UART/src/UART_program.o
 .ARM.attributes
                0x0000013b       0x2d C:/STM_BLUEPILL/ST32/BTLD/Build/Object/MCAL/FPEC/src/FPEC.o

.debug_frame    0x00000000      0x5c8
 .debug_frame   0x00000000       0x4c C:/STM_BLUEPILL/ST32/BTLD/Build/Object/Src/main.o
 .debug_frame   0x0000004c       0xa4 C:/STM_BLUEPILL/ST32/BTLD/Build/Object/Parse/Parse.o
 .debug_frame   0x000000f0       0x74 C:/STM_BLUEPILL/ST32/BTLD/Build/Object/Startup/startup_stm32f103.o
 .debug_frame   0x00000164       0xb0 C:/STM_BLUEPILL/ST32/BTLD/Build/Object/MCAL/RCC/src/RCC_program.o
 .debug_frame   0x00000214      0x120 C:/STM_BLUEPILL/ST32/BTLD/Build/Object/MCAL/SysTick/src/SysTick_program.o
 .debug_frame   0x00000334       0xd8 C:/STM_BLUEPILL/ST32/BTLD/Build/Object/MCAL/GPIO/src/GPIO_program.o
 .debug_frame   0x0000040c      0x138 C:/STM_BLUEPILL/ST32/BTLD/Build/Object/MCAL/UART/src/UART_program.o
 .debug_frame   0x00000544       0x84 C:/STM_BLUEPILL/ST32/BTLD/Build/Object/MCAL/FPEC/src/FPEC.o
