
Memory Configuration

Name             Origin             Length             Attributes
RAM              0x20000000         0x00005000         xrw
FLASH            0x08001400         0x00001400         xr
*default*        0x00000000         0xffffffff

Linker script and memory map

                0x20005000                _estack = (ORIGIN (RAM) + LENGTH (RAM))
                0x00000200                _Min_Heap_Size = 0x200
                0x00000400                _Min_Stack_Size = 0x400

.isr_vector     0x08001400      0x130
                0x08001400                . = ALIGN (0x4)
 *(.isr_vector)
 .isr_vector    0x08001400      0x130 C:/STM_BLUEPILL/ST32/BTLD/Build/Object/Startup/startup_stm32f103.o
                0x08001400                Vector_Table
                0x08001530                . = ALIGN (0x4)

.text           0x08001530     0x1148
                0x08001530                . = ALIGN (0x4)
 *(.text)
 .text          0x08001530       0x9c C:/STM_BLUEPILL/ST32/BTLD/Build/Object/Src/main.o
                0x08001530                init
                0x08001568                main
 .text          0x080015cc      0x2e0 C:/STM_BLUEPILL/ST32/BTLD/Build/Object/Parse/Parse.o
                0x080015cc                processRecord
                0x0800176c                asciiToHex
                0x080017c0                parseByte
                0x08001800                UART_RX_Handler
 .text          0x080018ac       0xb0 C:/STM_BLUEPILL/ST32/BTLD/Build/Object/Startup/startup_stm32f103.o
                0x080018b8                Reset_Handler
                0x08001950                TIM8_TRG_COM_IRQHandler
                0x08001950                TIM8_CC_IRQHandler
                0x08001950                DebugMon_Handler
                0x08001950                TIM1_CC_IRQHandler
                0x08001950                HardFault_Handler
                0x08001950                TIM6_IRQHandler
                0x08001950                PVD_IRQHandler
                0x08001950                SDIO_IRQHandler
                0x08001950                TAMP_STAMP_IRQHandler
                0x08001950                PendSV_Handler
                0x08001950                NMI_Handler
                0x08001950                EXTI3_IRQHandler
                0x08001950                USB_HP_CAN_TX_IRQHandler
                0x08001950                EXTI0_IRQHandler
                0x08001950                I2C2_EV_IRQHandler
                0x08001950                UsageFault_Handler
                0x08001950                SPI1_IRQHandler
                0x08001950                CAN_SCE_IRQHandler
                0x08001950                TIM8_UP_IRQHandler
                0x08001950                DMA2_Channel2_IRQHandler
                0x08001950                DMA1_Channel4_IRQHandler
                0x08001950                DMA1_Channel7_IRQHandler
                0x08001950                EXTI2_IRQHandler
                0x08001950                UART5_IRQHandler
                0x08001950                ADC3_IRQHandler
                0x08001950                TIM4_IRQHandler
                0x08001950                CAN_RX1_IRQHandler
                0x08001950                DMA2_Channel1_IRQHandler
                0x08001950                I2C1_EV_IRQHandler
                0x08001950                DMA1_Channel6_IRQHandler
                0x08001950                UART4_IRQHandler
                0x08001950                TIM3_IRQHandler
                0x08001950                RCC_IRQHandler
                0x08001950                TIM1_TRG_COM_IRQHandler
                0x08001950                DMA1_Channel1_IRQHandler
                0x08001950                Default_Handler
                0x08001950                EXTI15_10_IRQHandler
                0x08001950                TIM7_IRQHandler
                0x08001950                TIM5_IRQHandler
                0x08001950                EXTI9_5_IRQHandler
                0x08001950                RTC_WKUP_IRQHandler
                0x08001950                SPI2_IRQHandler
                0x08001950                USB_LP_CAN_RX0_IRQHandler
                0x08001950                MemManage_Handler
                0x08001950                SVC_Handler
                0x08001950                ADC_1_2_IRQHandler
                0x08001950                DMA1_Channel5_IRQHandler
                0x08001950                EXTI4_IRQHandler
                0x08001950                DMA1_Channel3_IRQHandler
                0x08001950                FSMC_IRQHandler
                0x08001950                TIM1_UP_IRQHandler
                0x08001950                WWDG_IRQHandler
                0x08001950                TIM2_IRQHandler
                0x08001950                TIM1_BRK_IRQHandler
                0x08001950                EXTI1_IRQHandler
                0x08001950                RTCAlarm_IRQHandler
                0x08001950                DMA2_Channel4_5_IRQHandler
                0x08001950                USART2_IRQHandler
                0x08001950                I2C2_ER_IRQHandler
                0x08001950                DMA1_Channel2_IRQHandler
                0x08001950                TIM8_BRK_IRQHandler
                0x08001950                FLASH_IRQHandler
                0x08001950                BusFault_Handler
                0x08001950                USART1_IRQHandler
                0x08001950                SPI3_IRQHandler
                0x08001950                I2C1_ER_IRQHandler
                0x08001950                DMA2_Channel3_IRQHandler
 .text          0x0800195c      0x208 C:/STM_BLUEPILL/ST32/BTLD/Build/Object/MCAL/RCC/src/RCC_program.o
                0x0800195c                RCC_VidInit
                0x080019ac                RCC_voidEnablePeripheral
                0x08001a48                RCC_voidDisablePeripheral
                0x08001ae8                RCC_voidResetPeripheral
 .text          0x08001b64      0x1f0 C:/STM_BLUEPILL/ST32/BTLD/Build/Object/MCAL/SysTick/src/SysTick_program.o
                0x08001b64                SysTick_voidInit
                0x08001b80                SysTick_voidSetBusyWait
                0x08001bd4                SysTick_voidSetIntervalSingle
                0x08001c50                SysTick_voidSetIntervalPeriodoc
                0x08001cb0                SysTick_voidStopTimer
                0x08001ccc                SysTick_GetElapsedTime
                0x08001cec                SysTick_GetRemaningTime
                0x08001d00                SysTick_Handler
 .text          0x08001d54      0x3e8 C:/STM_BLUEPILL/ST32/BTLD/Build/Object/MCAL/GPIO/src/GPIO_program.o
                0x08001d54                GPIO_SetPinConfig
                0x08001f04                GPIO_GetPinReading
                0x08001fa4                GPIO_GetPortReading
                0x08002010                GPIO_SetPinValue
                0x080020e0                GPIO_SetPortValue
 .text          0x0800213c      0x3cc C:/STM_BLUEPILL/ST32/BTLD/Build/Object/MCAL/UART/src/UART_program.o
                0x0800213c                UART_voidInit
                0x08002200                UART_uint8SendCharSynch
                0x080022c0                UART_voidSendNumber
                0x080022fe                UART_uint8ReceiveCharSynch
                0x08002400                UART_uint8SendStringSynch
                0x0800244e                UART_uint8RecieveStringSynch
                0x080024ae                UART_IsStringEqual
                0x080024f4                USART3_IRQHandler
 .text          0x08002508      0x170 C:/STM_BLUEPILL/ST32/BTLD/Build/Object/MCAL/FPEC/src/FPEC.o
                0x08002508                FPEC_voidEraseAppArea
                0x08002532                FPEC_voidFlashPageErase
                0x080025c4                FPEC_voidFlashWrite
 *(.text*)
                0x08002678                . = ALIGN (0x4)
                0x08002678                _etext = .

.glue_7         0x08002678        0x0
 .glue_7        0x08002678        0x0 linker stubs

.glue_7t        0x08002678        0x0
 .glue_7t       0x08002678        0x0 linker stubs

.vfp11_veneer   0x08002678        0x0
 .vfp11_veneer  0x08002678        0x0 linker stubs

.v4_bx          0x08002678        0x0
 .v4_bx         0x08002678        0x0 linker stubs

.iplt           0x08002678        0x0
 .iplt          0x08002678        0x0 C:/STM_BLUEPILL/ST32/BTLD/Build/Object/Src/main.o

.rodata         0x08002678       0x60
                0x08002678                . = ALIGN (0x4)
 *(.rodata)
 .rodata        0x08002678       0x26 C:/STM_BLUEPILL/ST32/BTLD/Build/Object/Src/main.o
 *fill*         0x0800269e        0x2 
 .rodata        0x080026a0       0x34 C:/STM_BLUEPILL/ST32/BTLD/Build/Object/Parse/Parse.o
 .rodata        0x080026d4        0x4 C:/STM_BLUEPILL/ST32/BTLD/Build/Object/Startup/startup_stm32f103.o
                0x080026d4                MSP_Value
 *(.rodata*)
                0x080026d8                . = ALIGN (0x4)
                0x080026d8                _sidata = LOADADDR (.data)

.rel.dyn        0x080026d8        0x0
 .rel.iplt      0x080026d8        0x0 C:/STM_BLUEPILL/ST32/BTLD/Build/Object/Src/main.o

.data           0x20000000        0x0 load address 0x080026d8
                0x20000000                . = ALIGN (0x4)
                0x20000000                _sdata = .
 *(.data)
 .data          0x20000000        0x0 C:/STM_BLUEPILL/ST32/BTLD/Build/Object/Src/main.o
 .data          0x20000000        0x0 C:/STM_BLUEPILL/ST32/BTLD/Build/Object/Parse/Parse.o
 .data          0x20000000        0x0 C:/STM_BLUEPILL/ST32/BTLD/Build/Object/Startup/startup_stm32f103.o
 .data          0x20000000        0x0 C:/STM_BLUEPILL/ST32/BTLD/Build/Object/MCAL/RCC/src/RCC_program.o
 .data          0x20000000        0x0 C:/STM_BLUEPILL/ST32/BTLD/Build/Object/MCAL/SysTick/src/SysTick_program.o
 .data          0x20000000        0x0 C:/STM_BLUEPILL/ST32/BTLD/Build/Object/MCAL/GPIO/src/GPIO_program.o
 .data          0x20000000        0x0 C:/STM_BLUEPILL/ST32/BTLD/Build/Object/MCAL/UART/src/UART_program.o
 .data          0x20000000        0x0 C:/STM_BLUEPILL/ST32/BTLD/Build/Object/MCAL/FPEC/src/FPEC.o
 *(.data*)
                0x20000000                . = ALIGN (0x4)
                0x20000000                _edata = .

.igot.plt       0x20000000        0x0 load address 0x080026d8
 .igot.plt      0x20000000        0x0 C:/STM_BLUEPILL/ST32/BTLD/Build/Object/Src/main.o

.bss            0x20000000       0x58 load address 0x080026d8
                0x20000000                _sbss = .
 *(.bss)
 .bss           0x20000000        0x0 C:/STM_BLUEPILL/ST32/BTLD/Build/Object/Src/main.o
 .bss           0x20000000       0x44 C:/STM_BLUEPILL/ST32/BTLD/Build/Object/Parse/Parse.o
                0x20000000                lineBuffer
                0x20000040                index
 .bss           0x20000044        0x0 C:/STM_BLUEPILL/ST32/BTLD/Build/Object/Startup/startup_stm32f103.o
 .bss           0x20000044        0x0 C:/STM_BLUEPILL/ST32/BTLD/Build/Object/MCAL/RCC/src/RCC_program.o
 .bss           0x20000044        0x5 C:/STM_BLUEPILL/ST32/BTLD/Build/Object/MCAL/SysTick/src/SysTick_program.o
 .bss           0x20000049        0x0 C:/STM_BLUEPILL/ST32/BTLD/Build/Object/MCAL/GPIO/src/GPIO_program.o
 *fill*         0x20000049        0x3 
 .bss           0x2000004c        0xc C:/STM_BLUEPILL/ST32/BTLD/Build/Object/MCAL/UART/src/UART_program.o
 .bss           0x20000058        0x0 C:/STM_BLUEPILL/ST32/BTLD/Build/Object/MCAL/FPEC/src/FPEC.o
 *(.bss*)
                0x20000058                . = ALIGN (0x4)
                0x20000058                _ebss = .

._user_heap_stack
                0x20000058      0x600 load address 0x080026d8
                0x20000058                . = ALIGN (0x8)
                0x20000258                . = (. + _Min_Heap_Size)
 *fill*         0x20000058      0x200 
                0x20000658                . = (. + _Min_Stack_Size)
 *fill*         0x20000258      0x400 
                0x20000658                . = ALIGN (0x8)
LOAD C:/STM_BLUEPILL/ST32/BTLD/Build/Object/Src/main.o
LOAD C:/STM_BLUEPILL/ST32/BTLD/Build/Object/Parse/Parse.o
LOAD C:/STM_BLUEPILL/ST32/BTLD/Build/Object/Startup/startup_stm32f103.o
LOAD C:/STM_BLUEPILL/ST32/BTLD/Build/Object/MCAL/RCC/src/RCC_program.o
LOAD C:/STM_BLUEPILL/ST32/BTLD/Build/Object/MCAL/SysTick/src/SysTick_program.o
LOAD C:/STM_BLUEPILL/ST32/BTLD/Build/Object/MCAL/GPIO/src/GPIO_program.o
LOAD C:/STM_BLUEPILL/ST32/BTLD/Build/Object/MCAL/UART/src/UART_program.o
LOAD C:/STM_BLUEPILL/ST32/BTLD/Build/Object/MCAL/FPEC/src/FPEC.o
OUTPUT(C:/STM_BLUEPILL/ST32/BTLD/Tools/BTLD.elf elf32-littlearm)
LOAD linker stubs

.debug_info     0x00000000     0x1d01
 .debug_info    0x00000000      0x36c C:/STM_BLUEPILL/ST32/BTLD/Build/Object/Src/main.o
 .debug_info    0x0000036c      0x2e4 C:/STM_BLUEPILL/ST32/BTLD/Build/Object/Parse/Parse.o
 .debug_info    0x00000650      0x15e C:/STM_BLUEPILL/ST32/BTLD/Build/Object/Startup/startup_stm32f103.o
 .debug_info    0x000007ae      0x5ea C:/STM_BLUEPILL/ST32/BTLD/Build/Object/MCAL/RCC/src/RCC_program.o
 .debug_info    0x00000d98      0x296 C:/STM_BLUEPILL/ST32/BTLD/Build/Object/MCAL/SysTick/src/SysTick_program.o
 .debug_info    0x0000102e      0x4e0 C:/STM_BLUEPILL/ST32/BTLD/Build/Object/MCAL/GPIO/src/GPIO_program.o
 .debug_info    0x0000150e      0x61e C:/STM_BLUEPILL/ST32/BTLD/Build/Object/MCAL/UART/src/UART_program.o
 .debug_info    0x00001b2c      0x1d5 C:/STM_BLUEPILL/ST32/BTLD/Build/Object/MCAL/FPEC/src/FPEC.o

.debug_abbrev   0x00000000      0x8d9
 .debug_abbrev  0x00000000       0xa3 C:/STM_BLUEPILL/ST32/BTLD/Build/Object/Src/main.o
 .debug_abbrev  0x000000a3      0x140 C:/STM_BLUEPILL/ST32/BTLD/Build/Object/Parse/Parse.o
 .debug_abbrev  0x000001e3       0xe9 C:/STM_BLUEPILL/ST32/BTLD/Build/Object/Startup/startup_stm32f103.o
 .debug_abbrev  0x000002cc       0xf6 C:/STM_BLUEPILL/ST32/BTLD/Build/Object/MCAL/RCC/src/RCC_program.o
 .debug_abbrev  0x000003c2      0x136 C:/STM_BLUEPILL/ST32/BTLD/Build/Object/MCAL/SysTick/src/SysTick_program.o
 .debug_abbrev  0x000004f8       0xfa C:/STM_BLUEPILL/ST32/BTLD/Build/Object/MCAL/GPIO/src/GPIO_program.o
 .debug_abbrev  0x000005f2      0x20f C:/STM_BLUEPILL/ST32/BTLD/Build/Object/MCAL/UART/src/UART_program.o
 .debug_abbrev  0x00000801       0xd8 C:/STM_BLUEPILL/ST32/BTLD/Build/Object/MCAL/FPEC/src/FPEC.o

.debug_aranges  0x00000000      0x100
 .debug_aranges
                0x00000000       0x20 C:/STM_BLUEPILL/ST32/BTLD/Build/Object/Src/main.o
 .debug_aranges
                0x00000020       0x20 C:/STM_BLUEPILL/ST32/BTLD/Build/Object/Parse/Parse.o
 .debug_aranges
                0x00000040       0x20 C:/STM_BLUEPILL/ST32/BTLD/Build/Object/Startup/startup_stm32f103.o
 .debug_aranges
                0x00000060       0x20 C:/STM_BLUEPILL/ST32/BTLD/Build/Object/MCAL/RCC/src/RCC_program.o
 .debug_aranges
                0x00000080       0x20 C:/STM_BLUEPILL/ST32/BTLD/Build/Object/MCAL/SysTick/src/SysTick_program.o
 .debug_aranges
                0x000000a0       0x20 C:/STM_BLUEPILL/ST32/BTLD/Build/Object/MCAL/GPIO/src/GPIO_program.o
 .debug_aranges
                0x000000c0       0x20 C:/STM_BLUEPILL/ST32/BTLD/Build/Object/MCAL/UART/src/UART_program.o
 .debug_aranges
                0x000000e0       0x20 C:/STM_BLUEPILL/ST32/BTLD/Build/Object/MCAL/FPEC/src/FPEC.o

.debug_line     0x00000000      0xd3c
 .debug_line    0x00000000       0xf3 C:/STM_BLUEPILL/ST32/BTLD/Build/Object/Src/main.o
 .debug_line    0x000000f3      0x22b C:/STM_BLUEPILL/ST32/BTLD/Build/Object/Parse/Parse.o
 .debug_line    0x0000031e       0xc6 C:/STM_BLUEPILL/ST32/BTLD/Build/Object/Startup/startup_stm32f103.o
 .debug_line    0x000003e4      0x143 C:/STM_BLUEPILL/ST32/BTLD/Build/Object/MCAL/RCC/src/RCC_program.o
 .debug_line    0x00000527      0x180 C:/STM_BLUEPILL/ST32/BTLD/Build/Object/MCAL/SysTick/src/SysTick_program.o
 .debug_line    0x000006a7      0x282 C:/STM_BLUEPILL/ST32/BTLD/Build/Object/MCAL/GPIO/src/GPIO_program.o
 .debug_line    0x00000929      0x2bb C:/STM_BLUEPILL/ST32/BTLD/Build/Object/MCAL/UART/src/UART_program.o
 .debug_line    0x00000be4      0x158 C:/STM_BLUEPILL/ST32/BTLD/Build/Object/MCAL/FPEC/src/FPEC.o

.debug_str      0x00000000     0x1177
 .debug_str     0x00000000      0x58b C:/STM_BLUEPILL/ST32/BTLD/Build/Object/Src/main.o
                                0x5b9 (size before relaxing)
 .debug_str     0x0000058b       0xfa C:/STM_BLUEPILL/ST32/BTLD/Build/Object/Parse/Parse.o
                                0x24c (size before relaxing)
 .debug_str     0x00000685       0xd0 C:/STM_BLUEPILL/ST32/BTLD/Build/Object/Startup/startup_stm32f103.o
                                0x15a (size before relaxing)
 .debug_str     0x00000755      0x41c C:/STM_BLUEPILL/ST32/BTLD/Build/Object/MCAL/RCC/src/RCC_program.o
                                0x7a1 (size before relaxing)
 .debug_str     0x00000b71      0x194 C:/STM_BLUEPILL/ST32/BTLD/Build/Object/MCAL/SysTick/src/SysTick_program.o
                                0x2fe (size before relaxing)
 .debug_str     0x00000d05      0x142 C:/STM_BLUEPILL/ST32/BTLD/Build/Object/MCAL/GPIO/src/GPIO_program.o
                                0x422 (size before relaxing)
 .debug_str     0x00000e47      0x28c C:/STM_BLUEPILL/ST32/BTLD/Build/Object/MCAL/UART/src/UART_program.o
                                0x426 (size before relaxing)
 .debug_str     0x000010d3       0xa4 C:/STM_BLUEPILL/ST32/BTLD/Build/Object/MCAL/FPEC/src/FPEC.o
                                0x1ee (size before relaxing)

.comment        0x00000000       0x49
 .comment       0x00000000       0x49 C:/STM_BLUEPILL/ST32/BTLD/Build/Object/Src/main.o
                                 0x4a (size before relaxing)
 .comment       0x00000049       0x4a C:/STM_BLUEPILL/ST32/BTLD/Build/Object/Parse/Parse.o
 .comment       0x00000049       0x4a C:/STM_BLUEPILL/ST32/BTLD/Build/Object/Startup/startup_stm32f103.o
 .comment       0x00000049       0x4a C:/STM_BLUEPILL/ST32/BTLD/Build/Object/MCAL/RCC/src/RCC_program.o
 .comment       0x00000049       0x4a C:/STM_BLUEPILL/ST32/BTLD/Build/Object/MCAL/SysTick/src/SysTick_program.o
 .comment       0x00000049       0x4a C:/STM_BLUEPILL/ST32/BTLD/Build/Object/MCAL/GPIO/src/GPIO_program.o
 .comment       0x00000049       0x4a C:/STM_BLUEPILL/ST32/BTLD/Build/Object/MCAL/UART/src/UART_program.o
 .comment       0x00000049       0x4a C:/STM_BLUEPILL/ST32/BTLD/Build/Object/MCAL/FPEC/src/FPEC.o

.ARM.attributes
                0x00000000       0x2d
 .ARM.attributes
                0x00000000       0x2d C:/STM_BLUEPILL/ST32/BTLD/Build/Object/Src/main.o
 .ARM.attributes
                0x0000002d       0x2d C:/STM_BLUEPILL/ST32/BTLD/Build/Object/Parse/Parse.o
 .ARM.attributes
                0x0000005a       0x2d C:/STM_BLUEPILL/ST32/BTLD/Build/Object/Startup/startup_stm32f103.o
 .ARM.attributes
                0x00000087       0x2d C:/STM_BLUEPILL/ST32/BTLD/Build/Object/MCAL/RCC/src/RCC_program.o
 .ARM.attributes
                0x000000b4       0x2d C:/STM_BLUEPILL/ST32/BTLD/Build/Object/MCAL/SysTick/src/SysTick_program.o
 .ARM.attributes
                0x000000e1       0x2d C:/STM_BLUEPILL/ST32/BTLD/Build/Object/MCAL/GPIO/src/GPIO_program.o
 .ARM.attributes
                0x0000010e       0x2d C:/STM_BLUEPILL/ST32/BTLD/Build/Object/MCAL/UART/src/UART_program.o
 .ARM.attributes
                0x0000013b       0x2d C:/STM_BLUEPILL/ST32/BTLD/Build/Object/MCAL/FPEC/src/FPEC.o

.debug_frame    0x00000000      0x5c8
 .debug_frame   0x00000000       0x4c C:/STM_BLUEPILL/ST32/BTLD/Build/Object/Src/main.o
 .debug_frame   0x0000004c       0xa4 C:/STM_BLUEPILL/ST32/BTLD/Build/Object/Parse/Parse.o
 .debug_frame   0x000000f0       0x74 C:/STM_BLUEPILL/ST32/BTLD/Build/Object/Startup/startup_stm32f103.o
 .debug_frame   0x00000164       0xb0 C:/STM_BLUEPILL/ST32/BTLD/Build/Object/MCAL/RCC/src/RCC_program.o
 .debug_frame   0x00000214      0x120 C:/STM_BLUEPILL/ST32/BTLD/Build/Object/MCAL/SysTick/src/SysTick_program.o
 .debug_frame   0x00000334       0xd8 C:/STM_BLUEPILL/ST32/BTLD/Build/Object/MCAL/GPIO/src/GPIO_program.o
 .debug_frame   0x0000040c      0x138 C:/STM_BLUEPILL/ST32/BTLD/Build/Object/MCAL/UART/src/UART_program.o
 .debug_frame   0x00000544       0x84 C:/STM_BLUEPILL/ST32/BTLD/Build/Object/MCAL/FPEC/src/FPEC.o
