../MCAL/SysTick/src/SysTick_program.c:11:6:SysTick_voidInit	4	static
../MCAL/SysTick/src/SysTick_program.c:19:6:SysTick_voidSetBusyWait	16	static
../MCAL/SysTick/src/SysTick_program.c:33:10:SysTick_voidSetIntervalSingle	24	static
../MCAL/SysTick/src/SysTick_program.c:56:10:SysTick_voidSetIntervalPeriodoc	24	static
../MCAL/SysTick/src/SysTick_program.c:82:6:SysTick_voidStopTimer	4	static
../MCAL/SysTick/src/SysTick_program.c:86:5:SysTick_GetElapsedTime	4	static
../MCAL/SysTick/src/SysTick_program.c:91:5:SysTick_GetRemaningTime	4	static
../MCAL/SysTick/src/SysTick_program.c:100:6:SysTick_Handler	8	static
