
Memory Configuration

Name             Origin             Length             Attributes
RAM              0x20000000         0x00005000         xrw
FLASH            0x08000000         0x00001400         xr
*default*        0x00000000         0xffffffff

Linker script and memory map

                0x20005000                _estack = (ORIGIN (RAM) + LENGTH (RAM))
                0x00000200                _Min_Heap_Size = 0x200
                0x00000400                _Min_Stack_Size = 0x400

.isr_vector     0x08000000      0x130
                0x08000000                . = ALIGN (0x4)
 *(.isr_vector)
 .isr_vector    0x08000000      0x130 C:/STM_BLUEPILL/ST32/BL/Build/Object/startup_stm32f103.o
                0x08000000                Vector_Table
                0x08000130                . = ALIGN (0x4)

.text           0x08000130     0x1128
                0x08000130                . = ALIGN (0x4)
 *(.text)
 .text          0x08000130      0x17c C:/STM_BLUEPILL/ST32/BL/Build/Object/main.o
                0x08000130                func
                0x0800018c                init
                0x080001f2                main
 .text          0x080002ac      0x1e0 C:/STM_BLUEPILL/ST32/BL/Build/Object/Parse.o
                0x080002ac                AsciToHex
                0x080002dc                ParseData
                0x08000448                ParseUpperAddress
                0x0800045a                Parser_voidParseRecord
 .text          0x0800048c       0xb0 C:/STM_BLUEPILL/ST32/BL/Build/Object/startup_stm32f103.o
                0x08000498                Reset_Handler
                0x08000530                TIM8_TRG_COM_IRQHandler
                0x08000530                TIM8_CC_IRQHandler
                0x08000530                DebugMon_Handler
                0x08000530                TIM1_CC_IRQHandler
                0x08000530                HardFault_Handler
                0x08000530                TIM6_IRQHandler
                0x08000530                PVD_IRQHandler
                0x08000530                SDIO_IRQHandler
                0x08000530                TAMP_STAMP_IRQHandler
                0x08000530                PendSV_Handler
                0x08000530                NMI_Handler
                0x08000530                EXTI3_IRQHandler
                0x08000530                USB_HP_CAN_TX_IRQHandler
                0x08000530                EXTI0_IRQHandler
                0x08000530                I2C2_EV_IRQHandler
                0x08000530                UsageFault_Handler
                0x08000530                SPI1_IRQHandler
                0x08000530                CAN_SCE_IRQHandler
                0x08000530                TIM8_UP_IRQHandler
                0x08000530                DMA2_Channel2_IRQHandler
                0x08000530                DMA1_Channel4_IRQHandler
                0x08000530                DMA1_Channel7_IRQHandler
                0x08000530                EXTI2_IRQHandler
                0x08000530                UART5_IRQHandler
                0x08000530                ADC3_IRQHandler
                0x08000530                TIM4_IRQHandler
                0x08000530                CAN_RX1_IRQHandler
                0x08000530                DMA2_Channel1_IRQHandler
                0x08000530                I2C1_EV_IRQHandler
                0x08000530                DMA1_Channel6_IRQHandler
                0x08000530                UART4_IRQHandler
                0x08000530                TIM3_IRQHandler
                0x08000530                RCC_IRQHandler
                0x08000530                TIM1_TRG_COM_IRQHandler
                0x08000530                DMA1_Channel1_IRQHandler
                0x08000530                Default_Handler
                0x08000530                EXTI15_10_IRQHandler
                0x08000530                TIM7_IRQHandler
                0x08000530                TIM5_IRQHandler
                0x08000530                EXTI9_5_IRQHandler
                0x08000530                RTC_WKUP_IRQHandler
                0x08000530                SPI2_IRQHandler
                0x08000530                USB_LP_CAN_RX0_IRQHandler
                0x08000530                MemManage_Handler
                0x08000530                SVC_Handler
                0x08000530                ADC_1_2_IRQHandler
                0x08000530                DMA1_Channel5_IRQHandler
                0x08000530                EXTI4_IRQHandler
                0x08000530                DMA1_Channel3_IRQHandler
                0x08000530                FSMC_IRQHandler
                0x08000530                TIM1_UP_IRQHandler
                0x08000530                WWDG_IRQHandler
                0x08000530                TIM2_IRQHandler
                0x08000530                TIM1_BRK_IRQHandler
                0x08000530                EXTI1_IRQHandler
                0x08000530                RTCAlarm_IRQHandler
                0x08000530                DMA2_Channel4_5_IRQHandler
                0x08000530                USART2_IRQHandler
                0x08000530                I2C2_ER_IRQHandler
                0x08000530                DMA1_Channel2_IRQHandler
                0x08000530                TIM8_BRK_IRQHandler
                0x08000530                FLASH_IRQHandler
                0x08000530                BusFault_Handler
                0x08000530                USART1_IRQHandler
                0x08000530                SPI3_IRQHandler
                0x08000530                I2C1_ER_IRQHandler
                0x08000530                DMA2_Channel3_IRQHandler
 .text          0x0800053c      0x208 C:/STM_BLUEPILL/ST32/BL/Build/Object/RCC_program.o
                0x0800053c                RCC_VidInit
                0x0800058c                RCC_voidEnablePeripheral
                0x08000628                RCC_voidDisablePeripheral
                0x080006c8                RCC_voidResetPeripheral
 .text          0x08000744      0x3cc C:/STM_BLUEPILL/ST32/BL/Build/Object/UART_program.o
                0x08000744                UART_voidInit
                0x08000808                UART_u8SendCharSynch
                0x080008c8                UART_voidSendNumber
                0x08000906                UART_u8ReceiveCharSynch
                0x08000a08                UART_u8SendStringSynch
                0x08000a56                UART_u8RecieveStringSynch
                0x08000ab6                UART_IsStringEqual
                0x08000afc                USART3_IRQHandler
 .text          0x08000b10      0x170 C:/STM_BLUEPILL/ST32/BL/Build/Object/FPEC.o
                0x08000b10                FPEC_voidEraseAppArea
                0x08000b3a                FPEC_voidFlashPageErase
                0x08000bcc                FPEC_voidFlashWrite
 .text          0x08000c80      0x3e8 C:/STM_BLUEPILL/ST32/BL/Build/Object/GPIO_program.o
                0x08000c80                GPIO_SetPinConfig
                0x08000e30                GPIO_GetPinReading
                0x08000ed0                GPIO_GetPortReading
                0x08000f3c                GPIO_SetPinValue
                0x0800100c                GPIO_SetPortValue
 .text          0x08001068      0x1f0 C:/STM_BLUEPILL/ST32/BL/Build/Object/SysTick_program.o
                0x08001068                SysTick_voidInit
                0x08001084                SysTick_voidSetBusyWait
                0x080010d8                SysTick_voidSetIntervalSingle
                0x08001154                SysTick_voidSetIntervalPeriodoc
                0x080011b4                SysTick_voidStopTimer
                0x080011d0                SysTick_GetElapsedTime
                0x080011f0                SysTick_GetRemaningTime
                0x08001204                SysTick_Handler
 *(.text*)
                0x08001258                . = ALIGN (0x4)
                0x08001258                _etext = .

.glue_7         0x08001258        0x0
 .glue_7        0x08001258        0x0 linker stubs

.glue_7t        0x08001258        0x0
 .glue_7t       0x08001258        0x0 linker stubs

.vfp11_veneer   0x08001258        0x0
 .vfp11_veneer  0x08001258        0x0 linker stubs

.v4_bx          0x08001258        0x0
 .v4_bx         0x08001258        0x0 linker stubs

.iplt           0x08001258        0x0
 .iplt          0x08001258        0x0 C:/STM_BLUEPILL/ST32/BL/Build/Object/main.o

.rodata         0x08001258       0x2c
                0x08001258                . = ALIGN (0x4)
 *(.rodata)
 .rodata        0x08001258       0x27 C:/STM_BLUEPILL/ST32/BL/Build/Object/main.o
 *fill*         0x0800127f        0x1 
 .rodata        0x08001280        0x4 C:/STM_BLUEPILL/ST32/BL/Build/Object/startup_stm32f103.o
                0x08001280                MSP_Value
 *(.rodata*)
                0x08001284                . = ALIGN (0x4)
                0x08001284                _sidata = LOADADDR (.data)

.rel.dyn        0x08001284        0x0
 .rel.iplt      0x08001284        0x0 C:/STM_BLUEPILL/ST32/BL/Build/Object/main.o

.data           0x20000000        0x8 load address 0x08001284
                0x20000000                . = ALIGN (0x4)
                0x20000000                _sdata = .
 *(.data)
 .data          0x20000000        0x2 C:/STM_BLUEPILL/ST32/BL/Build/Object/main.o
                0x20000000                u8BLWriteReq
                0x20000001                xXX
 *fill*         0x20000002        0x2 
 .data          0x20000004        0x4 C:/STM_BLUEPILL/ST32/BL/Build/Object/Parse.o
                0x20000004                Address
 .data          0x20000008        0x0 C:/STM_BLUEPILL/ST32/BL/Build/Object/startup_stm32f103.o
 .data          0x20000008        0x0 C:/STM_BLUEPILL/ST32/BL/Build/Object/RCC_program.o
 .data          0x20000008        0x0 C:/STM_BLUEPILL/ST32/BL/Build/Object/UART_program.o
 .data          0x20000008        0x0 C:/STM_BLUEPILL/ST32/BL/Build/Object/FPEC.o
 .data          0x20000008        0x0 C:/STM_BLUEPILL/ST32/BL/Build/Object/GPIO_program.o
 .data          0x20000008        0x0 C:/STM_BLUEPILL/ST32/BL/Build/Object/SysTick_program.o
 *(.data*)
                0x20000008                . = ALIGN (0x4)
                0x20000008                _edata = .

.igot.plt       0x20000008        0x0 load address 0x0800128c
 .igot.plt      0x20000008        0x0 C:/STM_BLUEPILL/ST32/BL/Build/Object/main.o

.bss            0x20000008      0x148 load address 0x0800128c
                0x20000008                _sbss = .
 *(.bss)
 .bss           0x20000008       0x6c C:/STM_BLUEPILL/ST32/BL/Build/Object/main.o
                0x20000008                u8RecBuffer
                0x2000006c                u8RecCounter
                0x2000006d                u8TimeOutFlag
                0x2000006e                u16TimerCounter
                0x20000070                addr_to_call
 .bss           0x20000074       0xc8 C:/STM_BLUEPILL/ST32/BL/Build/Object/Parse.o
                0x20000074                Data
 .bss           0x2000013c        0x0 C:/STM_BLUEPILL/ST32/BL/Build/Object/startup_stm32f103.o
 .bss           0x2000013c        0x0 C:/STM_BLUEPILL/ST32/BL/Build/Object/RCC_program.o
 .bss           0x2000013c        0xc C:/STM_BLUEPILL/ST32/BL/Build/Object/UART_program.o
 .bss           0x20000148        0x0 C:/STM_BLUEPILL/ST32/BL/Build/Object/FPEC.o
 .bss           0x20000148        0x0 C:/STM_BLUEPILL/ST32/BL/Build/Object/GPIO_program.o
 .bss           0x20000148        0x5 C:/STM_BLUEPILL/ST32/BL/Build/Object/SysTick_program.o
 *(.bss*)
                0x20000150                . = ALIGN (0x4)
 *fill*         0x2000014d        0x3 
                0x20000150                _ebss = .

._user_heap_stack
                0x20000150      0x600 load address 0x0800128c
                0x20000150                . = ALIGN (0x8)
                0x20000350                . = (. + _Min_Heap_Size)
 *fill*         0x20000150      0x200 
                0x20000750                . = (. + _Min_Stack_Size)
 *fill*         0x20000350      0x400 
                0x20000750                . = ALIGN (0x8)
LOAD C:/STM_BLUEPILL/ST32/BL/Build/Object/main.o
LOAD C:/STM_BLUEPILL/ST32/BL/Build/Object/Parse.o
LOAD C:/STM_BLUEPILL/ST32/BL/Build/Object/startup_stm32f103.o
LOAD C:/STM_BLUEPILL/ST32/BL/Build/Object/RCC_program.o
LOAD C:/STM_BLUEPILL/ST32/BL/Build/Object/UART_program.o
LOAD C:/STM_BLUEPILL/ST32/BL/Build/Object/FPEC.o
LOAD C:/STM_BLUEPILL/ST32/BL/Build/Object/GPIO_program.o
LOAD C:/STM_BLUEPILL/ST32/BL/Build/Object/SysTick_program.o
OUTPUT(C:/STM_BLUEPILL/ST32/BL/Tools/Boorloader.elf elf32-littlearm)
LOAD linker stubs

.debug_info     0x00000000     0x1d1b
 .debug_info    0x00000000      0x46c C:/STM_BLUEPILL/ST32/BL/Build/Object/main.o
 .debug_info    0x0000046c      0x202 C:/STM_BLUEPILL/ST32/BL/Build/Object/Parse.o
 .debug_info    0x0000066e      0x15e C:/STM_BLUEPILL/ST32/BL/Build/Object/startup_stm32f103.o
 .debug_info    0x000007cc      0x5ea C:/STM_BLUEPILL/ST32/BL/Build/Object/RCC_program.o
 .debug_info    0x00000db6      0x61d C:/STM_BLUEPILL/ST32/BL/Build/Object/UART_program.o
 .debug_info    0x000013d3      0x1d4 C:/STM_BLUEPILL/ST32/BL/Build/Object/FPEC.o
 .debug_info    0x000015a7      0x4df C:/STM_BLUEPILL/ST32/BL/Build/Object/GPIO_program.o
 .debug_info    0x00001a86      0x295 C:/STM_BLUEPILL/ST32/BL/Build/Object/SysTick_program.o

.debug_abbrev   0x00000000      0x954
 .debug_abbrev  0x00000000      0x130 C:/STM_BLUEPILL/ST32/BL/Build/Object/main.o
 .debug_abbrev  0x00000130       0xe3 C:/STM_BLUEPILL/ST32/BL/Build/Object/Parse.o
 .debug_abbrev  0x00000213       0xe9 C:/STM_BLUEPILL/ST32/BL/Build/Object/startup_stm32f103.o
 .debug_abbrev  0x000002fc      0x105 C:/STM_BLUEPILL/ST32/BL/Build/Object/RCC_program.o
 .debug_abbrev  0x00000401      0x21e C:/STM_BLUEPILL/ST32/BL/Build/Object/UART_program.o
 .debug_abbrev  0x0000061f       0xe7 C:/STM_BLUEPILL/ST32/BL/Build/Object/FPEC.o
 .debug_abbrev  0x00000706      0x109 C:/STM_BLUEPILL/ST32/BL/Build/Object/GPIO_program.o
 .debug_abbrev  0x0000080f      0x145 C:/STM_BLUEPILL/ST32/BL/Build/Object/SysTick_program.o

.debug_aranges  0x00000000      0x100
 .debug_aranges
                0x00000000       0x20 C:/STM_BLUEPILL/ST32/BL/Build/Object/main.o
 .debug_aranges
                0x00000020       0x20 C:/STM_BLUEPILL/ST32/BL/Build/Object/Parse.o
 .debug_aranges
                0x00000040       0x20 C:/STM_BLUEPILL/ST32/BL/Build/Object/startup_stm32f103.o
 .debug_aranges
                0x00000060       0x20 C:/STM_BLUEPILL/ST32/BL/Build/Object/RCC_program.o
 .debug_aranges
                0x00000080       0x20 C:/STM_BLUEPILL/ST32/BL/Build/Object/UART_program.o
 .debug_aranges
                0x000000a0       0x20 C:/STM_BLUEPILL/ST32/BL/Build/Object/FPEC.o
 .debug_aranges
                0x000000c0       0x20 C:/STM_BLUEPILL/ST32/BL/Build/Object/GPIO_program.o
 .debug_aranges
                0x000000e0       0x20 C:/STM_BLUEPILL/ST32/BL/Build/Object/SysTick_program.o

.debug_line     0x00000000      0xdff
 .debug_line    0x00000000      0x173 C:/STM_BLUEPILL/ST32/BL/Build/Object/main.o
 .debug_line    0x00000173      0x19a C:/STM_BLUEPILL/ST32/BL/Build/Object/Parse.o
 .debug_line    0x0000030d       0xc6 C:/STM_BLUEPILL/ST32/BL/Build/Object/startup_stm32f103.o
 .debug_line    0x000003d3      0x16d C:/STM_BLUEPILL/ST32/BL/Build/Object/RCC_program.o
 .debug_line    0x00000540      0x2e7 C:/STM_BLUEPILL/ST32/BL/Build/Object/UART_program.o
 .debug_line    0x00000827      0x182 C:/STM_BLUEPILL/ST32/BL/Build/Object/FPEC.o
 .debug_line    0x000009a9      0x2ac C:/STM_BLUEPILL/ST32/BL/Build/Object/GPIO_program.o
 .debug_line    0x00000c55      0x1aa C:/STM_BLUEPILL/ST32/BL/Build/Object/SysTick_program.o

.debug_str      0x00000000     0x11f1
 .debug_str     0x00000000      0x617 C:/STM_BLUEPILL/ST32/BL/Build/Object/main.o
                                0x652 (size before relaxing)
 .debug_str     0x00000617       0xb9 C:/STM_BLUEPILL/ST32/BL/Build/Object/Parse.o
                                0x1de (size before relaxing)
 .debug_str     0x000006d0       0xd0 C:/STM_BLUEPILL/ST32/BL/Build/Object/startup_stm32f103.o
                                0x158 (size before relaxing)
 .debug_str     0x000007a0      0x42e C:/STM_BLUEPILL/ST32/BL/Build/Object/RCC_program.o
                                0x7a3 (size before relaxing)
 .debug_str     0x00000bce      0x2a8 C:/STM_BLUEPILL/ST32/BL/Build/Object/UART_program.o
                                0x417 (size before relaxing)
 .debug_str     0x00000e76       0xc4 C:/STM_BLUEPILL/ST32/BL/Build/Object/FPEC.o
                                0x1e1 (size before relaxing)
 .debug_str     0x00000f3a      0x154 C:/STM_BLUEPILL/ST32/BL/Build/Object/GPIO_program.o
                                0x41e (size before relaxing)
 .debug_str     0x0000108e      0x163 C:/STM_BLUEPILL/ST32/BL/Build/Object/SysTick_program.o
                                0x2fb (size before relaxing)

.comment        0x00000000       0x49
 .comment       0x00000000       0x49 C:/STM_BLUEPILL/ST32/BL/Build/Object/main.o
                                 0x4a (size before relaxing)
 .comment       0x00000049       0x4a C:/STM_BLUEPILL/ST32/BL/Build/Object/Parse.o
 .comment       0x00000049       0x4a C:/STM_BLUEPILL/ST32/BL/Build/Object/startup_stm32f103.o
 .comment       0x00000049       0x4a C:/STM_BLUEPILL/ST32/BL/Build/Object/RCC_program.o
 .comment       0x00000049       0x4a C:/STM_BLUEPILL/ST32/BL/Build/Object/UART_program.o
 .comment       0x00000049       0x4a C:/STM_BLUEPILL/ST32/BL/Build/Object/FPEC.o
 .comment       0x00000049       0x4a C:/STM_BLUEPILL/ST32/BL/Build/Object/GPIO_program.o
 .comment       0x00000049       0x4a C:/STM_BLUEPILL/ST32/BL/Build/Object/SysTick_program.o

.ARM.attributes
                0x00000000       0x2d
 .ARM.attributes
                0x00000000       0x2d C:/STM_BLUEPILL/ST32/BL/Build/Object/main.o
 .ARM.attributes
                0x0000002d       0x2d C:/STM_BLUEPILL/ST32/BL/Build/Object/Parse.o
 .ARM.attributes
                0x0000005a       0x2d C:/STM_BLUEPILL/ST32/BL/Build/Object/startup_stm32f103.o
 .ARM.attributes
                0x00000087       0x2d C:/STM_BLUEPILL/ST32/BL/Build/Object/RCC_program.o
 .ARM.attributes
                0x000000b4       0x2d C:/STM_BLUEPILL/ST32/BL/Build/Object/UART_program.o
 .ARM.attributes
                0x000000e1       0x2d C:/STM_BLUEPILL/ST32/BL/Build/Object/FPEC.o
 .ARM.attributes
                0x0000010e       0x2d C:/STM_BLUEPILL/ST32/BL/Build/Object/GPIO_program.o
 .ARM.attributes
                0x0000013b       0x2d C:/STM_BLUEPILL/ST32/BL/Build/Object/SysTick_program.o

.debug_frame    0x00000000      0x5ec
 .debug_frame   0x00000000       0x6c C:/STM_BLUEPILL/ST32/BL/Build/Object/main.o
 .debug_frame   0x0000006c       0xa8 C:/STM_BLUEPILL/ST32/BL/Build/Object/Parse.o
 .debug_frame   0x00000114       0x74 C:/STM_BLUEPILL/ST32/BL/Build/Object/startup_stm32f103.o
 .debug_frame   0x00000188       0xb0 C:/STM_BLUEPILL/ST32/BL/Build/Object/RCC_program.o
 .debug_frame   0x00000238      0x138 C:/STM_BLUEPILL/ST32/BL/Build/Object/UART_program.o
 .debug_frame   0x00000370       0x84 C:/STM_BLUEPILL/ST32/BL/Build/Object/FPEC.o
 .debug_frame   0x000003f4       0xd8 C:/STM_BLUEPILL/ST32/BL/Build/Object/GPIO_program.o
 .debug_frame   0x000004cc      0x120 C:/STM_BLUEPILL/ST32/BL/Build/Object/SysTick_program.o
