
Memory Configuration

Name             Origin             Length             Attributes
RAM              0x20000000         0x00005000         xrw
FLASH            0x08000000         0x00001400         xr
*default*        0x00000000         0xffffffff

Linker script and memory map

                0x20005000                _estack = (ORIGIN (RAM) + LENGTH (RAM))
                0x00000200                _Min_Heap_Size = 0x200
                0x00000400                _Min_Stack_Size = 0x400

.isr_vector     0x08000000      0x130
                0x08000000                . = ALIGN (0x4)
 *(.isr_vector)
 .isr_vector    0x08000000      0x130 C:/STM_BLUEPILL/ST32/BL/Build/Object/startup_stm32f103.o
                0x08000000                Vector_Table
                0x08000130                . = ALIGN (0x4)

.text           0x08000130     0x1078
                0x08000130                . = ALIGN (0x4)
 *(.text)
 .text          0x08000130      0x144 C:/STM_BLUEPILL/ST32/BL/Build/Object/main.o
                0x08000130                func
                0x0800017c                init
                0x080001bc                main
 .text          0x08000274      0x1e0 C:/STM_BLUEPILL/ST32/BL/Build/Object/Parse.o
                0x08000274                AsciToHex
                0x080002a4                ParseData
                0x08000410                ParseUpperAddress
                0x08000422                Parser_voidParseRecord
 .text          0x08000454       0xb0 C:/STM_BLUEPILL/ST32/BL/Build/Object/startup_stm32f103.o
                0x08000460                Reset_Handler
                0x080004f8                TIM8_TRG_COM_IRQHandler
                0x080004f8                TIM8_CC_IRQHandler
                0x080004f8                DebugMon_Handler
                0x080004f8                TIM1_CC_IRQHandler
                0x080004f8                HardFault_Handler
                0x080004f8                TIM6_IRQHandler
                0x080004f8                PVD_IRQHandler
                0x080004f8                SDIO_IRQHandler
                0x080004f8                TAMP_STAMP_IRQHandler
                0x080004f8                PendSV_Handler
                0x080004f8                NMI_Handler
                0x080004f8                EXTI3_IRQHandler
                0x080004f8                USB_HP_CAN_TX_IRQHandler
                0x080004f8                EXTI0_IRQHandler
                0x080004f8                I2C2_EV_IRQHandler
                0x080004f8                UsageFault_Handler
                0x080004f8                SPI1_IRQHandler
                0x080004f8                CAN_SCE_IRQHandler
                0x080004f8                TIM8_UP_IRQHandler
                0x080004f8                DMA2_Channel2_IRQHandler
                0x080004f8                DMA1_Channel4_IRQHandler
                0x080004f8                DMA1_Channel7_IRQHandler
                0x080004f8                EXTI2_IRQHandler
                0x080004f8                UART5_IRQHandler
                0x080004f8                ADC3_IRQHandler
                0x080004f8                TIM4_IRQHandler
                0x080004f8                CAN_RX1_IRQHandler
                0x080004f8                DMA2_Channel1_IRQHandler
                0x080004f8                I2C1_EV_IRQHandler
                0x080004f8                DMA1_Channel6_IRQHandler
                0x080004f8                UART4_IRQHandler
                0x080004f8                TIM3_IRQHandler
                0x080004f8                RCC_IRQHandler
                0x080004f8                TIM1_TRG_COM_IRQHandler
                0x080004f8                DMA1_Channel1_IRQHandler
                0x080004f8                Default_Handler
                0x080004f8                EXTI15_10_IRQHandler
                0x080004f8                TIM7_IRQHandler
                0x080004f8                TIM5_IRQHandler
                0x080004f8                EXTI9_5_IRQHandler
                0x080004f8                RTC_WKUP_IRQHandler
                0x080004f8                SPI2_IRQHandler
                0x080004f8                USB_LP_CAN_RX0_IRQHandler
                0x080004f8                MemManage_Handler
                0x080004f8                SVC_Handler
                0x080004f8                ADC_1_2_IRQHandler
                0x080004f8                DMA1_Channel5_IRQHandler
                0x080004f8                EXTI4_IRQHandler
                0x080004f8                DMA1_Channel3_IRQHandler
                0x080004f8                FSMC_IRQHandler
                0x080004f8                TIM1_UP_IRQHandler
                0x080004f8                WWDG_IRQHandler
                0x080004f8                TIM2_IRQHandler
                0x080004f8                TIM1_BRK_IRQHandler
                0x080004f8                EXTI1_IRQHandler
                0x080004f8                RTCAlarm_IRQHandler
                0x080004f8                DMA2_Channel4_5_IRQHandler
                0x080004f8                USART2_IRQHandler
                0x080004f8                I2C2_ER_IRQHandler
                0x080004f8                DMA1_Channel2_IRQHandler
                0x080004f8                TIM8_BRK_IRQHandler
                0x080004f8                FLASH_IRQHandler
                0x080004f8                BusFault_Handler
                0x080004f8                USART1_IRQHandler
                0x080004f8                SPI3_IRQHandler
                0x080004f8                I2C1_ER_IRQHandler
                0x080004f8                DMA2_Channel3_IRQHandler
 .text          0x08000504      0x208 C:/STM_BLUEPILL/ST32/BL/Build/Object/RCC_program.o
                0x08000504                RCC_VidInit
                0x08000554                RCC_voidEnablePeripheral
                0x080005f0                RCC_voidDisablePeripheral
                0x08000690                RCC_voidResetPeripheral
 .text          0x0800070c      0x390 C:/STM_BLUEPILL/ST32/BL/Build/Object/UART_program.o
                0x0800070c                UART_voidInit
                0x080007d0                UART_u8SendCharSynch
                0x08000890                UART_u8ReceiveCharSynch
                0x08000994                UART_u8SendStringSynch
                0x080009e2                UART_u8RecieveStringSynch
                0x08000a42                UART_IsStringEqual
                0x08000a88                USART3_IRQHandler
 .text          0x08000a9c      0x170 C:/STM_BLUEPILL/ST32/BL/Build/Object/FPEC.o
                0x08000a9c                FPEC_voidEraseAppArea
                0x08000ac6                FPEC_voidFlashPageErase
                0x08000b58                FPEC_voidFlashWrite
 .text          0x08000c0c      0x3e8 C:/STM_BLUEPILL/ST32/BL/Build/Object/GPIO_program.o
                0x08000c0c                GPIO_SetPinConfig
                0x08000dbc                GPIO_GetPinReading
                0x08000e5c                GPIO_GetPortReading
                0x08000ec8                GPIO_SetPinValue
                0x08000f98                GPIO_SetPortValue
 .text          0x08000ff4      0x1b4 C:/STM_BLUEPILL/ST32/BL/Build/Object/SysTick_program.o
                0x08000ff4                SysTick_voidInit
                0x08001010                SysTick_voidSetBusyWait
                0x08001064                SysTick_voidSetIntervalSingle
                0x080010d8                SysTick_voidSetIntervalPeriodoc
                0x08001130                SysTick_voidStopTimer
                0x08001160                SysTick_GetElapsedTime
                0x08001180                SysTick_GetRemaningTime
                0x08001194                SysTick_Handler
 *(.text*)
                0x080011a8                . = ALIGN (0x4)
                0x080011a8                _etext = .

.glue_7         0x080011a8        0x0
 .glue_7        0x080011a8        0x0 linker stubs

.glue_7t        0x080011a8        0x0
 .glue_7t       0x080011a8        0x0 linker stubs

.vfp11_veneer   0x080011a8        0x0
 .vfp11_veneer  0x080011a8        0x0 linker stubs

.v4_bx          0x080011a8        0x0
 .v4_bx         0x080011a8        0x0 linker stubs

.iplt           0x080011a8        0x0
 .iplt          0x080011a8        0x0 C:/STM_BLUEPILL/ST32/BL/Build/Object/main.o

.rodata         0x080011a8        0xc
                0x080011a8                . = ALIGN (0x4)
 *(.rodata)
 .rodata        0x080011a8        0x7 C:/STM_BLUEPILL/ST32/BL/Build/Object/main.o
 *fill*         0x080011af        0x1 
 .rodata        0x080011b0        0x4 C:/STM_BLUEPILL/ST32/BL/Build/Object/startup_stm32f103.o
                0x080011b0                MSP_Value
 *(.rodata*)
                0x080011b4                . = ALIGN (0x4)
                0x080011b4                _sidata = LOADADDR (.data)

.rel.dyn        0x080011b4        0x0
 .rel.iplt      0x080011b4        0x0 C:/STM_BLUEPILL/ST32/BL/Build/Object/main.o

.data           0x20000000       0x10 load address 0x080011b4
                0x20000000                . = ALIGN (0x4)
                0x20000000                _sdata = .
 *(.data)
 .data          0x20000000        0xa C:/STM_BLUEPILL/ST32/BL/Build/Object/main.o
                0x20000000                u8BLWriteReq
                0x20000004                myData
 *fill*         0x2000000a        0x2 
 .data          0x2000000c        0x4 C:/STM_BLUEPILL/ST32/BL/Build/Object/Parse.o
                0x2000000c                Address
 .data          0x20000010        0x0 C:/STM_BLUEPILL/ST32/BL/Build/Object/startup_stm32f103.o
 .data          0x20000010        0x0 C:/STM_BLUEPILL/ST32/BL/Build/Object/RCC_program.o
 .data          0x20000010        0x0 C:/STM_BLUEPILL/ST32/BL/Build/Object/UART_program.o
 .data          0x20000010        0x0 C:/STM_BLUEPILL/ST32/BL/Build/Object/FPEC.o
 .data          0x20000010        0x0 C:/STM_BLUEPILL/ST32/BL/Build/Object/GPIO_program.o
 .data          0x20000010        0x0 C:/STM_BLUEPILL/ST32/BL/Build/Object/SysTick_program.o
 *(.data*)
                0x20000010                . = ALIGN (0x4)
                0x20000010                _edata = .

.igot.plt       0x20000010        0x0 load address 0x080011c4
 .igot.plt      0x20000010        0x0 C:/STM_BLUEPILL/ST32/BL/Build/Object/main.o

.bss            0x20000010      0x144 load address 0x080011c4
                0x20000010                _sbss = .
 *(.bss)
 .bss           0x20000010       0x6c C:/STM_BLUEPILL/ST32/BL/Build/Object/main.o
                0x20000010                u8RecBuffer
                0x20000074                u8RecCounter
                0x20000075                u8TimeOutFlag
                0x20000076                u16TimerCounter
                0x20000078                addr_to_call
 .bss           0x2000007c       0xc8 C:/STM_BLUEPILL/ST32/BL/Build/Object/Parse.o
                0x2000007c                Data
 .bss           0x20000144        0x0 C:/STM_BLUEPILL/ST32/BL/Build/Object/startup_stm32f103.o
 .bss           0x20000144        0x0 C:/STM_BLUEPILL/ST32/BL/Build/Object/RCC_program.o
 .bss           0x20000144        0xc C:/STM_BLUEPILL/ST32/BL/Build/Object/UART_program.o
 .bss           0x20000150        0x0 C:/STM_BLUEPILL/ST32/BL/Build/Object/FPEC.o
 .bss           0x20000150        0x0 C:/STM_BLUEPILL/ST32/BL/Build/Object/GPIO_program.o
 .bss           0x20000150        0x4 C:/STM_BLUEPILL/ST32/BL/Build/Object/SysTick_program.o
 *(.bss*)
                0x20000154                . = ALIGN (0x4)
                0x20000154                _ebss = .

._user_heap_stack
                0x20000154      0x604 load address 0x080011c4
                0x20000158                . = ALIGN (0x8)
 *fill*         0x20000154        0x4 
                0x20000358                . = (. + _Min_Heap_Size)
 *fill*         0x20000158      0x200 
                0x20000758                . = (. + _Min_Stack_Size)
 *fill*         0x20000358      0x400 
                0x20000758                . = ALIGN (0x8)
LOAD C:/STM_BLUEPILL/ST32/BL/Build/Object/main.o
LOAD C:/STM_BLUEPILL/ST32/BL/Build/Object/Parse.o
LOAD C:/STM_BLUEPILL/ST32/BL/Build/Object/startup_stm32f103.o
LOAD C:/STM_BLUEPILL/ST32/BL/Build/Object/RCC_program.o
LOAD C:/STM_BLUEPILL/ST32/BL/Build/Object/UART_program.o
LOAD C:/STM_BLUEPILL/ST32/BL/Build/Object/FPEC.o
LOAD C:/STM_BLUEPILL/ST32/BL/Build/Object/GPIO_program.o
LOAD C:/STM_BLUEPILL/ST32/BL/Build/Object/SysTick_program.o
OUTPUT(C:/STM_BLUEPILL/ST32/BL/Tools/Boorloader.elf elf32-littlearm)
LOAD linker stubs

.debug_info     0x00000000     0x1ca9
 .debug_info    0x00000000      0x47c C:/STM_BLUEPILL/ST32/BL/Build/Object/main.o
 .debug_info    0x0000047c      0x202 C:/STM_BLUEPILL/ST32/BL/Build/Object/Parse.o
 .debug_info    0x0000067e      0x15e C:/STM_BLUEPILL/ST32/BL/Build/Object/startup_stm32f103.o
 .debug_info    0x000007dc      0x5ea C:/STM_BLUEPILL/ST32/BL/Build/Object/RCC_program.o
 .debug_info    0x00000dc6      0x5c9 C:/STM_BLUEPILL/ST32/BL/Build/Object/UART_program.o
 .debug_info    0x0000138f      0x1d4 C:/STM_BLUEPILL/ST32/BL/Build/Object/FPEC.o
 .debug_info    0x00001563      0x4df C:/STM_BLUEPILL/ST32/BL/Build/Object/GPIO_program.o
 .debug_info    0x00001a42      0x267 C:/STM_BLUEPILL/ST32/BL/Build/Object/SysTick_program.o

.debug_abbrev   0x00000000      0x914
 .debug_abbrev  0x00000000      0x11d C:/STM_BLUEPILL/ST32/BL/Build/Object/main.o
 .debug_abbrev  0x0000011d       0xe3 C:/STM_BLUEPILL/ST32/BL/Build/Object/Parse.o
 .debug_abbrev  0x00000200       0xe9 C:/STM_BLUEPILL/ST32/BL/Build/Object/startup_stm32f103.o
 .debug_abbrev  0x000002e9      0x105 C:/STM_BLUEPILL/ST32/BL/Build/Object/RCC_program.o
 .debug_abbrev  0x000003ee      0x1e6 C:/STM_BLUEPILL/ST32/BL/Build/Object/UART_program.o
 .debug_abbrev  0x000005d4       0xe7 C:/STM_BLUEPILL/ST32/BL/Build/Object/FPEC.o
 .debug_abbrev  0x000006bb      0x109 C:/STM_BLUEPILL/ST32/BL/Build/Object/GPIO_program.o
 .debug_abbrev  0x000007c4      0x150 C:/STM_BLUEPILL/ST32/BL/Build/Object/SysTick_program.o

.debug_aranges  0x00000000      0x100
 .debug_aranges
                0x00000000       0x20 C:/STM_BLUEPILL/ST32/BL/Build/Object/main.o
 .debug_aranges
                0x00000020       0x20 C:/STM_BLUEPILL/ST32/BL/Build/Object/Parse.o
 .debug_aranges
                0x00000040       0x20 C:/STM_BLUEPILL/ST32/BL/Build/Object/startup_stm32f103.o
 .debug_aranges
                0x00000060       0x20 C:/STM_BLUEPILL/ST32/BL/Build/Object/RCC_program.o
 .debug_aranges
                0x00000080       0x20 C:/STM_BLUEPILL/ST32/BL/Build/Object/UART_program.o
 .debug_aranges
                0x000000a0       0x20 C:/STM_BLUEPILL/ST32/BL/Build/Object/FPEC.o
 .debug_aranges
                0x000000c0       0x20 C:/STM_BLUEPILL/ST32/BL/Build/Object/GPIO_program.o
 .debug_aranges
                0x000000e0       0x20 C:/STM_BLUEPILL/ST32/BL/Build/Object/SysTick_program.o

.debug_line     0x00000000      0xda4
 .debug_line    0x00000000      0x165 C:/STM_BLUEPILL/ST32/BL/Build/Object/main.o
 .debug_line    0x00000165      0x19a C:/STM_BLUEPILL/ST32/BL/Build/Object/Parse.o
 .debug_line    0x000002ff       0xc6 C:/STM_BLUEPILL/ST32/BL/Build/Object/startup_stm32f103.o
 .debug_line    0x000003c5      0x16d C:/STM_BLUEPILL/ST32/BL/Build/Object/RCC_program.o
 .debug_line    0x00000532      0x2ba C:/STM_BLUEPILL/ST32/BL/Build/Object/UART_program.o
 .debug_line    0x000007ec      0x182 C:/STM_BLUEPILL/ST32/BL/Build/Object/FPEC.o
 .debug_line    0x0000096e      0x2ac C:/STM_BLUEPILL/ST32/BL/Build/Object/GPIO_program.o
 .debug_line    0x00000c1a      0x18a C:/STM_BLUEPILL/ST32/BL/Build/Object/SysTick_program.o

.debug_str      0x00000000     0x11af
 .debug_str     0x00000000      0x61e C:/STM_BLUEPILL/ST32/BL/Build/Object/main.o
                                0x659 (size before relaxing)
 .debug_str     0x0000061e       0xb9 C:/STM_BLUEPILL/ST32/BL/Build/Object/Parse.o
                                0x1de (size before relaxing)
 .debug_str     0x000006d7       0xd0 C:/STM_BLUEPILL/ST32/BL/Build/Object/startup_stm32f103.o
                                0x158 (size before relaxing)
 .debug_str     0x000007a7      0x42e C:/STM_BLUEPILL/ST32/BL/Build/Object/RCC_program.o
                                0x7a3 (size before relaxing)
 .debug_str     0x00000bd5      0x287 C:/STM_BLUEPILL/ST32/BL/Build/Object/UART_program.o
                                0x3f6 (size before relaxing)
 .debug_str     0x00000e5c       0xc4 C:/STM_BLUEPILL/ST32/BL/Build/Object/FPEC.o
                                0x1e1 (size before relaxing)
 .debug_str     0x00000f20      0x154 C:/STM_BLUEPILL/ST32/BL/Build/Object/GPIO_program.o
                                0x41e (size before relaxing)
 .debug_str     0x00001074      0x13b C:/STM_BLUEPILL/ST32/BL/Build/Object/SysTick_program.o
                                0x2d3 (size before relaxing)

.comment        0x00000000       0x49
 .comment       0x00000000       0x49 C:/STM_BLUEPILL/ST32/BL/Build/Object/main.o
                                 0x4a (size before relaxing)
 .comment       0x00000049       0x4a C:/STM_BLUEPILL/ST32/BL/Build/Object/Parse.o
 .comment       0x00000049       0x4a C:/STM_BLUEPILL/ST32/BL/Build/Object/startup_stm32f103.o
 .comment       0x00000049       0x4a C:/STM_BLUEPILL/ST32/BL/Build/Object/RCC_program.o
 .comment       0x00000049       0x4a C:/STM_BLUEPILL/ST32/BL/Build/Object/UART_program.o
 .comment       0x00000049       0x4a C:/STM_BLUEPILL/ST32/BL/Build/Object/FPEC.o
 .comment       0x00000049       0x4a C:/STM_BLUEPILL/ST32/BL/Build/Object/GPIO_program.o
 .comment       0x00000049       0x4a C:/STM_BLUEPILL/ST32/BL/Build/Object/SysTick_program.o

.ARM.attributes
                0x00000000       0x2d
 .ARM.attributes
                0x00000000       0x2d C:/STM_BLUEPILL/ST32/BL/Build/Object/main.o
 .ARM.attributes
                0x0000002d       0x2d C:/STM_BLUEPILL/ST32/BL/Build/Object/Parse.o
 .ARM.attributes
                0x0000005a       0x2d C:/STM_BLUEPILL/ST32/BL/Build/Object/startup_stm32f103.o
 .ARM.attributes
                0x00000087       0x2d C:/STM_BLUEPILL/ST32/BL/Build/Object/RCC_program.o
 .ARM.attributes
                0x000000b4       0x2d C:/STM_BLUEPILL/ST32/BL/Build/Object/UART_program.o
 .ARM.attributes
                0x000000e1       0x2d C:/STM_BLUEPILL/ST32/BL/Build/Object/FPEC.o
 .ARM.attributes
                0x0000010e       0x2d C:/STM_BLUEPILL/ST32/BL/Build/Object/GPIO_program.o
 .ARM.attributes
                0x0000013b       0x2d C:/STM_BLUEPILL/ST32/BL/Build/Object/SysTick_program.o

.debug_frame    0x00000000      0x5c8
 .debug_frame   0x00000000       0x6c C:/STM_BLUEPILL/ST32/BL/Build/Object/main.o
 .debug_frame   0x0000006c       0xa8 C:/STM_BLUEPILL/ST32/BL/Build/Object/Parse.o
 .debug_frame   0x00000114       0x74 C:/STM_BLUEPILL/ST32/BL/Build/Object/startup_stm32f103.o
 .debug_frame   0x00000188       0xb0 C:/STM_BLUEPILL/ST32/BL/Build/Object/RCC_program.o
 .debug_frame   0x00000238      0x114 C:/STM_BLUEPILL/ST32/BL/Build/Object/UART_program.o
 .debug_frame   0x0000034c       0x84 C:/STM_BLUEPILL/ST32/BL/Build/Object/FPEC.o
 .debug_frame   0x000003d0       0xd8 C:/STM_BLUEPILL/ST32/BL/Build/Object/GPIO_program.o
 .debug_frame   0x000004a8      0x120 C:/STM_BLUEPILL/ST32/BL/Build/Object/SysTick_program.o
