
Memory Configuration

Name             Origin             Length             Attributes
RAM              0x20000000         0x00005000         xrw
FLASH            0x08002800         0x0000d800         xr
*default*        0x00000000         0xffffffff

Linker script and memory map

                0x20005000                _estack = (ORIGIN (RAM) + LENGTH (RAM))
                0x00000200                _Min_Heap_Size = 0x200
                0x00000400                _Min_Stack_Size = 0x400

.isr_vector     0x08002800      0x130
                0x08002800                . = ALIGN (0x4)
 *(.isr_vector)
 .isr_vector    0x08002800      0x130 C:/STM_BLUEPILL/ST32/Build/Object/Startup/startup_stm32f103.o
                0x08002800                Vector_Table
                0x08002930                . = ALIGN (0x4)

.text           0x08002930     0x1a7c
                0x08002930                . = ALIGN (0x4)
 *(.text)
 .text          0x08002930        0x0 C:/STM_BLUEPILL/ST32/Build/Object/Src/Image.o
 .text          0x08002930       0x60 C:/STM_BLUEPILL/ST32/Build/Object/Src/main.o
                0x08002930                main
                0x08002954                RCC_APP_Init
                0x08002970                Peripheral_APP_Init
 .text          0x08002990       0xb0 C:/STM_BLUEPILL/ST32/Build/Object/Startup/startup_stm32f103.o
                0x0800299c                Reset_Handler
                0x08002a34                TIM8_CC_IRQHandler
                0x08002a34                DebugMon_Handler
                0x08002a34                TIM1_CC_IRQHandler
                0x08002a34                HardFault_Handler
                0x08002a34                TIM6_IRQHandler
                0x08002a34                PVD_IRQHandler
                0x08002a34                SDIO_IRQHandler
                0x08002a34                TAMP_STAMP_IRQHandler
                0x08002a34                PendSV_Handler
                0x08002a34                NMI_Handler
                0x08002a34                USB_HP_CAN_TX_IRQHandler
                0x08002a34                I2C2_EV_IRQHandler
                0x08002a34                UsageFault_Handler
                0x08002a34                CAN_SCE_IRQHandler
                0x08002a34                TIM8_UP_IRQHandler
                0x08002a34                DMA2_Channel2_IRQHandler
                0x08002a34                DMA1_Channel4_IRQHandler
                0x08002a34                DMA1_Channel7_IRQHandler
                0x08002a34                TIM8_TRG_COM_IRQHandler
                0x08002a34                UART5_IRQHandler
                0x08002a34                ADC3_IRQHandler
                0x08002a34                TIM4_IRQHandler
                0x08002a34                CAN_RX1_IRQHandler
                0x08002a34                DMA2_Channel1_IRQHandler
                0x08002a34                I2C1_EV_IRQHandler
                0x08002a34                DMA1_Channel6_IRQHandler
                0x08002a34                UART4_IRQHandler
                0x08002a34                TIM3_IRQHandler
                0x08002a34                RCC_IRQHandler
                0x08002a34                TIM1_TRG_COM_IRQHandler
                0x08002a34                DMA1_Channel1_IRQHandler
                0x08002a34                Default_Handler
                0x08002a34                EXTI15_10_IRQHandler
                0x08002a34                TIM7_IRQHandler
                0x08002a34                TIM5_IRQHandler
                0x08002a34                EXTI9_5_IRQHandler
                0x08002a34                RTC_WKUP_IRQHandler
                0x08002a34                USB_LP_CAN_RX0_IRQHandler
                0x08002a34                MemManage_Handler
                0x08002a34                SVC_Handler
                0x08002a34                ADC_1_2_IRQHandler
                0x08002a34                DMA1_Channel5_IRQHandler
                0x08002a34                DMA1_Channel3_IRQHandler
                0x08002a34                FSMC_IRQHandler
                0x08002a34                TIM1_UP_IRQHandler
                0x08002a34                WWDG_IRQHandler
                0x08002a34                TIM2_IRQHandler
                0x08002a34                TIM1_BRK_IRQHandler
                0x08002a34                RTCAlarm_IRQHandler
                0x08002a34                DMA2_Channel4_5_IRQHandler
                0x08002a34                I2C2_ER_IRQHandler
                0x08002a34                DMA1_Channel2_IRQHandler
                0x08002a34                TIM8_BRK_IRQHandler
                0x08002a34                FLASH_IRQHandler
                0x08002a34                BusFault_Handler
                0x08002a34                SPI3_IRQHandler
                0x08002a34                I2C1_ER_IRQHandler
                0x08002a34                DMA2_Channel3_IRQHandler
 .text          0x08002a40      0x24c C:/STM_BLUEPILL/ST32/Build/Object/MCAL/RCC/src/RCC_program.o
                0x08002a40                RCC_VidInit
                0x08002ad4                RCC_voidEnablePeripheral
                0x08002b70                RCC_voidDisablePeripheral
                0x08002c10                RCC_voidResetPeripheral
 .text          0x08002c8c      0x210 C:/STM_BLUEPILL/ST32/Build/Object/MCAL/NVIC/src/NVIC_program.o
                0x08002c8c                NVIC_EnableInterrupt
                0x08002cdc                NVIC_DisableInterrupt
                0x08002d2c                NVIC_SetPendingFlag
                0x08002d7c                NVIC_ClearPendingFlag
                0x08002dcc                NVIC_GetActiveInterrupt
                0x08002e38                NVIC_SetPriority
 .text          0x08002e9c      0x184 C:/STM_BLUEPILL/ST32/Build/Object/MCAL/SysTick/src/SysTick_program.o
                0x08002e9c                SysTick_voidInit
                0x08002eb8                SysTick_voidSetBusyWait
                0x08002f0c                SysTick_voidSetIntervalSingle
                0x08002f64                SysTick_voidSetIntervalPeriodoc
                0x08002fbc                SysTick_voidStopTimer
                0x08002fd8                SysTick_GetElapsedTime
                0x08002ff8                SysTick_GetRemaningTime
                0x0800300c                SysTick_Handler
 .text          0x08003020      0x3e8 C:/STM_BLUEPILL/ST32/Build/Object/MCAL/GPIO/src/GPIO_program.o
                0x08003020                GPIO_SetPinConfig
                0x080031d0                GPIO_GetPinReading
                0x08003270                GPIO_GetPortReading
                0x080032dc                GPIO_SetPinValue
                0x080033ac                GPIO_SetPortValue
 .text          0x08003408      0x34c C:/STM_BLUEPILL/ST32/Build/Object/MCAL/EXTI/src/EXTI_program.o
                0x08003408                EXTI_voidInterrupEnable
                0x08003434                EXTI_voidInterrupDisable
                0x08003464                EXTI_SetSignalLatch
                0x08003580                EXTI_voidSwTrigger
                0x080035d8                EXT0_CallBack
                0x0800360c                EXT1_CallBack
                0x08003640                EXT2_CallBack
                0x08003674                EXT3_CallBack
                0x080036a8                EXT4_CallBack
                0x080036dc                EXTI0_IRQHandler
                0x080036f4                EXTI1_IRQHandler
                0x0800370c                EXTI2_IRQHandler
                0x08003724                EXTI3_IRQHandler
                0x0800373c                EXTI4_IRQHandler
 .text          0x08003754      0x108 C:/STM_BLUEPILL/ST32/Build/Object/MCAL/AFIO/src/AFIO_program.o
                0x08003754                AFIO_voidSetEXTIConfiguration
 .text          0x0800385c      0x228 C:/STM_BLUEPILL/ST32/Build/Object/MCAL/SPI/src/SPI_program.o
                0x0800385c                SPI_SendDataDMA
                0x080038b8                SPI_voidInit
                0x08003950                Spi_SendRecieveSync
                0x080039e0                Spi_SendRecieveASync
                0x08003a34                SPI1_IRQHandler
                0x08003a5c                SPI2_IRQHandler
 .text          0x08003a84      0x600 C:/STM_BLUEPILL/ST32/Build/Object/MCAL/UART/src/UART_program.o
                0x08003a84                UART_voidSendNumber
                0x08003b2c                UART_voidInit
                0x08003d90                UART_uint8SendCharSynch
                0x08003e50                UART_uint8ReceiveCharSynch
                0x08003f54                UART_uint8SendStringSynch
                0x08003fa2                UART_uint8RecieveStringSynch
                0x08004002                UART_IsStringEqual
                0x08004048                USART1_IRQHandler
                0x0800405c                USART2_IRQHandler
                0x08004070                USART3_IRQHandler
 .text          0x08004084      0x170 C:/STM_BLUEPILL/ST32/Build/Object/MCAL/FPEC/src/FPEC.o
                0x08004084                FPEC_voidEraseAppArea
                0x080040ae                FPEC_voidFlashPageErase
                0x08004140                FPEC_voidFlashWrite
 .text          0x080041f4       0xd0 C:/STM_BLUEPILL/ST32/Build/Object/MCAL/PwrMD/src/PwrMD.o
                0x080041f4                PWR_EnterSleepMode
                0x08004214                PWR_EnterStopMode
                0x08004254                PWR_EnterStandbyMode
                0x080042a0                PWR_IsWakeupFromStandby
 .text          0x080042c4       0xe8 C:/STM_BLUEPILL/ST32/Build/Object/MCAL/DMA/src/DMA.o
                0x080042c4                DMA_Init
 *(.text*)
                0x080043ac                . = ALIGN (0x4)
                0x080043ac                _etext = .

.glue_7         0x080043ac        0x0
 .glue_7        0x080043ac        0x0 linker stubs

.glue_7t        0x080043ac        0x0
 .glue_7t       0x080043ac        0x0 linker stubs

.vfp11_veneer   0x080043ac        0x0
 .vfp11_veneer  0x080043ac        0x0 linker stubs

.v4_bx          0x080043ac        0x0
 .v4_bx         0x080043ac        0x0 linker stubs

.iplt           0x080043ac        0x0
 .iplt          0x080043ac        0x0 C:/STM_BLUEPILL/ST32/Build/Object/Src/main.o

.rodata         0x080043ac     0xa71c
                0x080043ac                . = ALIGN (0x4)
 *(.rodata)
 .rodata        0x080043ac     0xa710 C:/STM_BLUEPILL/ST32/Build/Object/Src/Image.o
                0x080043ac                IMT_IMAGE
 .rodata        0x0800eabc        0x7 C:/STM_BLUEPILL/ST32/Build/Object/Src/main.o
 *fill*         0x0800eac3        0x1 
 .rodata        0x0800eac4        0x4 C:/STM_BLUEPILL/ST32/Build/Object/Startup/startup_stm32f103.o
                0x0800eac4                MSP_Value
 *(.rodata*)
                0x0800eac8                . = ALIGN (0x4)
                0x0800eac8                _sidata = LOADADDR (.data)

.rel.dyn        0x0800eac8        0x0
 .rel.iplt      0x0800eac8        0x0 C:/STM_BLUEPILL/ST32/Build/Object/Src/main.o

.data           0x20000000        0x0 load address 0x0800eac8
                0x20000000                . = ALIGN (0x4)
                0x20000000                _sdata = .
 *(.data)
 .data          0x20000000        0x0 C:/STM_BLUEPILL/ST32/Build/Object/Src/Image.o
 .data          0x20000000        0x0 C:/STM_BLUEPILL/ST32/Build/Object/Src/main.o
 .data          0x20000000        0x0 C:/STM_BLUEPILL/ST32/Build/Object/Startup/startup_stm32f103.o
 .data          0x20000000        0x0 C:/STM_BLUEPILL/ST32/Build/Object/MCAL/RCC/src/RCC_program.o
 .data          0x20000000        0x0 C:/STM_BLUEPILL/ST32/Build/Object/MCAL/NVIC/src/NVIC_program.o
 .data          0x20000000        0x0 C:/STM_BLUEPILL/ST32/Build/Object/MCAL/SysTick/src/SysTick_program.o
 .data          0x20000000        0x0 C:/STM_BLUEPILL/ST32/Build/Object/MCAL/GPIO/src/GPIO_program.o
 .data          0x20000000        0x0 C:/STM_BLUEPILL/ST32/Build/Object/MCAL/EXTI/src/EXTI_program.o
 .data          0x20000000        0x0 C:/STM_BLUEPILL/ST32/Build/Object/MCAL/AFIO/src/AFIO_program.o
 .data          0x20000000        0x0 C:/STM_BLUEPILL/ST32/Build/Object/MCAL/SPI/src/SPI_program.o
 .data          0x20000000        0x0 C:/STM_BLUEPILL/ST32/Build/Object/MCAL/UART/src/UART_program.o
 .data          0x20000000        0x0 C:/STM_BLUEPILL/ST32/Build/Object/MCAL/FPEC/src/FPEC.o
 .data          0x20000000        0x0 C:/STM_BLUEPILL/ST32/Build/Object/MCAL/PwrMD/src/PwrMD.o
 .data          0x20000000        0x0 C:/STM_BLUEPILL/ST32/Build/Object/MCAL/DMA/src/DMA.o
 *(.data*)
                0x20000000                . = ALIGN (0x4)
                0x20000000                _edata = .

.igot.plt       0x20000000        0x0 load address 0x0800eac8
 .igot.plt      0x20000000        0x0 C:/STM_BLUEPILL/ST32/Build/Object/Src/main.o

.bss            0x20000000       0x38 load address 0x0800eac8
                0x20000000                _sbss = .
 *(.bss)
 .bss           0x20000000        0x0 C:/STM_BLUEPILL/ST32/Build/Object/Src/Image.o
 .bss           0x20000000        0xa C:/STM_BLUEPILL/ST32/Build/Object/Src/main.o
                0x20000000                Arr
 .bss           0x2000000a        0x0 C:/STM_BLUEPILL/ST32/Build/Object/Startup/startup_stm32f103.o
 .bss           0x2000000a        0x0 C:/STM_BLUEPILL/ST32/Build/Object/MCAL/RCC/src/RCC_program.o
 .bss           0x2000000a        0x0 C:/STM_BLUEPILL/ST32/Build/Object/MCAL/NVIC/src/NVIC_program.o
 *fill*         0x2000000a        0x2 
 .bss           0x2000000c        0x4 C:/STM_BLUEPILL/ST32/Build/Object/MCAL/SysTick/src/SysTick_program.o
 .bss           0x20000010        0x0 C:/STM_BLUEPILL/ST32/Build/Object/MCAL/GPIO/src/GPIO_program.o
 .bss           0x20000010       0x14 C:/STM_BLUEPILL/ST32/Build/Object/MCAL/EXTI/src/EXTI_program.o
 .bss           0x20000024        0x0 C:/STM_BLUEPILL/ST32/Build/Object/MCAL/AFIO/src/AFIO_program.o
 .bss           0x20000024        0x8 C:/STM_BLUEPILL/ST32/Build/Object/MCAL/SPI/src/SPI_program.o
 .bss           0x2000002c        0xc C:/STM_BLUEPILL/ST32/Build/Object/MCAL/UART/src/UART_program.o
 .bss           0x20000038        0x0 C:/STM_BLUEPILL/ST32/Build/Object/MCAL/FPEC/src/FPEC.o
 .bss           0x20000038        0x0 C:/STM_BLUEPILL/ST32/Build/Object/MCAL/PwrMD/src/PwrMD.o
 .bss           0x20000038        0x0 C:/STM_BLUEPILL/ST32/Build/Object/MCAL/DMA/src/DMA.o
 *(.bss*)
                0x20000038                . = ALIGN (0x4)
                0x20000038                _ebss = .

._user_heap_stack
                0x20000038      0x600 load address 0x0800eac8
                0x20000038                . = ALIGN (0x8)
                0x20000238                . = (. + _Min_Heap_Size)
 *fill*         0x20000038      0x200 
                0x20000638                . = (. + _Min_Stack_Size)
 *fill*         0x20000238      0x400 
                0x20000638                . = ALIGN (0x8)
LOAD C:/STM_BLUEPILL/ST32/Build/Object/Src/Image.o
LOAD C:/STM_BLUEPILL/ST32/Build/Object/Src/main.o
LOAD C:/STM_BLUEPILL/ST32/Build/Object/Startup/startup_stm32f103.o
LOAD C:/STM_BLUEPILL/ST32/Build/Object/MCAL/RCC/src/RCC_program.o
LOAD C:/STM_BLUEPILL/ST32/Build/Object/MCAL/NVIC/src/NVIC_program.o
LOAD C:/STM_BLUEPILL/ST32/Build/Object/MCAL/SysTick/src/SysTick_program.o
LOAD C:/STM_BLUEPILL/ST32/Build/Object/MCAL/GPIO/src/GPIO_program.o
LOAD C:/STM_BLUEPILL/ST32/Build/Object/MCAL/EXTI/src/EXTI_program.o
LOAD C:/STM_BLUEPILL/ST32/Build/Object/MCAL/AFIO/src/AFIO_program.o
LOAD C:/STM_BLUEPILL/ST32/Build/Object/MCAL/SPI/src/SPI_program.o
LOAD C:/STM_BLUEPILL/ST32/Build/Object/MCAL/UART/src/UART_program.o
LOAD C:/STM_BLUEPILL/ST32/Build/Object/MCAL/FPEC/src/FPEC.o
LOAD C:/STM_BLUEPILL/ST32/Build/Object/MCAL/PwrMD/src/PwrMD.o
LOAD C:/STM_BLUEPILL/ST32/Build/Object/MCAL/DMA/src/DMA.o
OUTPUT(C:/STM_BLUEPILL/ST32/Tools/application.elf elf32-littlearm)
LOAD linker stubs

.debug_info     0x00000000     0x2fbc
 .debug_info    0x00000000       0xab C:/STM_BLUEPILL/ST32/Build/Object/Src/Image.o
 .debug_info    0x000000ab      0x34f C:/STM_BLUEPILL/ST32/Build/Object/Src/main.o
 .debug_info    0x000003fa      0x15e C:/STM_BLUEPILL/ST32/Build/Object/Startup/startup_stm32f103.o
 .debug_info    0x00000558      0x659 C:/STM_BLUEPILL/ST32/Build/Object/MCAL/RCC/src/RCC_program.o
 .debug_info    0x00000bb1      0x2ff C:/STM_BLUEPILL/ST32/Build/Object/MCAL/NVIC/src/NVIC_program.o
 .debug_info    0x00000eb0      0x267 C:/STM_BLUEPILL/ST32/Build/Object/MCAL/SysTick/src/SysTick_program.o
 .debug_info    0x00001117      0x4e0 C:/STM_BLUEPILL/ST32/Build/Object/MCAL/GPIO/src/GPIO_program.o
 .debug_info    0x000015f7      0x4b8 C:/STM_BLUEPILL/ST32/Build/Object/MCAL/EXTI/src/EXTI_program.o
 .debug_info    0x00001aaf      0x1b9 C:/STM_BLUEPILL/ST32/Build/Object/MCAL/AFIO/src/AFIO_program.o
 .debug_info    0x00001c68      0x6dc C:/STM_BLUEPILL/ST32/Build/Object/MCAL/SPI/src/SPI_program.o
 .debug_info    0x00002344      0x71f C:/STM_BLUEPILL/ST32/Build/Object/MCAL/UART/src/UART_program.o
 .debug_info    0x00002a63      0x1d5 C:/STM_BLUEPILL/ST32/Build/Object/MCAL/FPEC/src/FPEC.o
 .debug_info    0x00002c38       0xd7 C:/STM_BLUEPILL/ST32/Build/Object/MCAL/PwrMD/src/PwrMD.o
 .debug_info    0x00002d0f      0x2ad C:/STM_BLUEPILL/ST32/Build/Object/MCAL/DMA/src/DMA.o

.debug_abbrev   0x00000000      0xd1f
 .debug_abbrev  0x00000000       0x56 C:/STM_BLUEPILL/ST32/Build/Object/Src/Image.o
 .debug_abbrev  0x00000056       0x94 C:/STM_BLUEPILL/ST32/Build/Object/Src/main.o
 .debug_abbrev  0x000000ea       0xe9 C:/STM_BLUEPILL/ST32/Build/Object/Startup/startup_stm32f103.o
 .debug_abbrev  0x000001d3       0xf6 C:/STM_BLUEPILL/ST32/Build/Object/MCAL/RCC/src/RCC_program.o
 .debug_abbrev  0x000002c9      0x12b C:/STM_BLUEPILL/ST32/Build/Object/MCAL/NVIC/src/NVIC_program.o
 .debug_abbrev  0x000003f4      0x141 C:/STM_BLUEPILL/ST32/Build/Object/MCAL/SysTick/src/SysTick_program.o
 .debug_abbrev  0x00000535       0xfa C:/STM_BLUEPILL/ST32/Build/Object/MCAL/GPIO/src/GPIO_program.o
 .debug_abbrev  0x0000062f      0x13c C:/STM_BLUEPILL/ST32/Build/Object/MCAL/EXTI/src/EXTI_program.o
 .debug_abbrev  0x0000076b       0xa7 C:/STM_BLUEPILL/ST32/Build/Object/MCAL/AFIO/src/AFIO_program.o
 .debug_abbrev  0x00000812      0x14e C:/STM_BLUEPILL/ST32/Build/Object/MCAL/SPI/src/SPI_program.o
 .debug_abbrev  0x00000960      0x1fa C:/STM_BLUEPILL/ST32/Build/Object/MCAL/UART/src/UART_program.o
 .debug_abbrev  0x00000b5a       0xd8 C:/STM_BLUEPILL/ST32/Build/Object/MCAL/FPEC/src/FPEC.o
 .debug_abbrev  0x00000c32       0x64 C:/STM_BLUEPILL/ST32/Build/Object/MCAL/PwrMD/src/PwrMD.o
 .debug_abbrev  0x00000c96       0x89 C:/STM_BLUEPILL/ST32/Build/Object/MCAL/DMA/src/DMA.o

.debug_aranges  0x00000000      0x1b8
 .debug_aranges
                0x00000000       0x18 C:/STM_BLUEPILL/ST32/Build/Object/Src/Image.o
 .debug_aranges
                0x00000018       0x20 C:/STM_BLUEPILL/ST32/Build/Object/Src/main.o
 .debug_aranges
                0x00000038       0x20 C:/STM_BLUEPILL/ST32/Build/Object/Startup/startup_stm32f103.o
 .debug_aranges
                0x00000058       0x20 C:/STM_BLUEPILL/ST32/Build/Object/MCAL/RCC/src/RCC_program.o
 .debug_aranges
                0x00000078       0x20 C:/STM_BLUEPILL/ST32/Build/Object/MCAL/NVIC/src/NVIC_program.o
 .debug_aranges
                0x00000098       0x20 C:/STM_BLUEPILL/ST32/Build/Object/MCAL/SysTick/src/SysTick_program.o
 .debug_aranges
                0x000000b8       0x20 C:/STM_BLUEPILL/ST32/Build/Object/MCAL/GPIO/src/GPIO_program.o
 .debug_aranges
                0x000000d8       0x20 C:/STM_BLUEPILL/ST32/Build/Object/MCAL/EXTI/src/EXTI_program.o
 .debug_aranges
                0x000000f8       0x20 C:/STM_BLUEPILL/ST32/Build/Object/MCAL/AFIO/src/AFIO_program.o
 .debug_aranges
                0x00000118       0x20 C:/STM_BLUEPILL/ST32/Build/Object/MCAL/SPI/src/SPI_program.o
 .debug_aranges
                0x00000138       0x20 C:/STM_BLUEPILL/ST32/Build/Object/MCAL/UART/src/UART_program.o
 .debug_aranges
                0x00000158       0x20 C:/STM_BLUEPILL/ST32/Build/Object/MCAL/FPEC/src/FPEC.o
 .debug_aranges
                0x00000178       0x20 C:/STM_BLUEPILL/ST32/Build/Object/MCAL/PwrMD/src/PwrMD.o
 .debug_aranges
                0x00000198       0x20 C:/STM_BLUEPILL/ST32/Build/Object/MCAL/DMA/src/DMA.o

.debug_line     0x00000000     0x1398
 .debug_line    0x00000000       0x45 C:/STM_BLUEPILL/ST32/Build/Object/Src/Image.o
 .debug_line    0x00000045       0xed C:/STM_BLUEPILL/ST32/Build/Object/Src/main.o
 .debug_line    0x00000132       0xc6 C:/STM_BLUEPILL/ST32/Build/Object/Startup/startup_stm32f103.o
 .debug_line    0x000001f8      0x169 C:/STM_BLUEPILL/ST32/Build/Object/MCAL/RCC/src/RCC_program.o
 .debug_line    0x00000361      0x181 C:/STM_BLUEPILL/ST32/Build/Object/MCAL/NVIC/src/NVIC_program.o
 .debug_line    0x000004e2      0x139 C:/STM_BLUEPILL/ST32/Build/Object/MCAL/SysTick/src/SysTick_program.o
 .debug_line    0x0000061b      0x282 C:/STM_BLUEPILL/ST32/Build/Object/MCAL/GPIO/src/GPIO_program.o
 .debug_line    0x0000089d      0x1c1 C:/STM_BLUEPILL/ST32/Build/Object/MCAL/EXTI/src/EXTI_program.o
 .debug_line    0x00000a5e      0x139 C:/STM_BLUEPILL/ST32/Build/Object/MCAL/AFIO/src/AFIO_program.o
 .debug_line    0x00000b97      0x1cb C:/STM_BLUEPILL/ST32/Build/Object/MCAL/SPI/src/SPI_program.o
 .debug_line    0x00000d62      0x3a8 C:/STM_BLUEPILL/ST32/Build/Object/MCAL/UART/src/UART_program.o
 .debug_line    0x0000110a      0x158 C:/STM_BLUEPILL/ST32/Build/Object/MCAL/FPEC/src/FPEC.o
 .debug_line    0x00001262       0x9e C:/STM_BLUEPILL/ST32/Build/Object/MCAL/PwrMD/src/PwrMD.o
 .debug_line    0x00001300       0x98 C:/STM_BLUEPILL/ST32/Build/Object/MCAL/DMA/src/DMA.o

.debug_str      0x00000000     0x1d51
 .debug_str     0x00000000       0xfa C:/STM_BLUEPILL/ST32/Build/Object/Src/Image.o
                                0x135 (size before relaxing)
 .debug_str     0x000000fa      0x47c C:/STM_BLUEPILL/ST32/Build/Object/Src/main.o
                                0x591 (size before relaxing)
 .debug_str     0x00000576       0xd0 C:/STM_BLUEPILL/ST32/Build/Object/Startup/startup_stm32f103.o
                                0x155 (size before relaxing)
 .debug_str     0x00000646      0x49d C:/STM_BLUEPILL/ST32/Build/Object/MCAL/RCC/src/RCC_program.o
                                0x816 (size before relaxing)
 .debug_str     0x00000ae3      0x1b9 C:/STM_BLUEPILL/ST32/Build/Object/MCAL/NVIC/src/NVIC_program.o
                                0x2e3 (size before relaxing)
 .debug_str     0x00000c9c      0x196 C:/STM_BLUEPILL/ST32/Build/Object/MCAL/SysTick/src/SysTick_program.o
                                0x2c5 (size before relaxing)
 .debug_str     0x00000e32      0x142 C:/STM_BLUEPILL/ST32/Build/Object/MCAL/GPIO/src/GPIO_program.o
                                0x41d (size before relaxing)
 .debug_str     0x00000f74      0x26f C:/STM_BLUEPILL/ST32/Build/Object/MCAL/EXTI/src/EXTI_program.o
                                0x3de (size before relaxing)
 .debug_str     0x000011e3      0x185 C:/STM_BLUEPILL/ST32/Build/Object/MCAL/AFIO/src/AFIO_program.o
                                0x2a1 (size before relaxing)
 .debug_str     0x00001368      0x525 C:/STM_BLUEPILL/ST32/Build/Object/MCAL/SPI/src/SPI_program.o
                                0x6b3 (size before relaxing)
 .debug_str     0x0000188d      0x32d C:/STM_BLUEPILL/ST32/Build/Object/MCAL/UART/src/UART_program.o
                                0x4dd (size before relaxing)
 .debug_str     0x00001bba       0xb8 C:/STM_BLUEPILL/ST32/Build/Object/MCAL/FPEC/src/FPEC.o
                                0x1e9 (size before relaxing)
 .debug_str     0x00001c72       0x6c C:/STM_BLUEPILL/ST32/Build/Object/MCAL/PwrMD/src/PwrMD.o
                                0x181 (size before relaxing)
 .debug_str     0x00001cde       0x73 C:/STM_BLUEPILL/ST32/Build/Object/MCAL/DMA/src/DMA.o
                                0x412 (size before relaxing)

.comment        0x00000000       0x49
 .comment       0x00000000       0x49 C:/STM_BLUEPILL/ST32/Build/Object/Src/Image.o
                                 0x4a (size before relaxing)
 .comment       0x00000049       0x4a C:/STM_BLUEPILL/ST32/Build/Object/Src/main.o
 .comment       0x00000049       0x4a C:/STM_BLUEPILL/ST32/Build/Object/Startup/startup_stm32f103.o
 .comment       0x00000049       0x4a C:/STM_BLUEPILL/ST32/Build/Object/MCAL/RCC/src/RCC_program.o
 .comment       0x00000049       0x4a C:/STM_BLUEPILL/ST32/Build/Object/MCAL/NVIC/src/NVIC_program.o
 .comment       0x00000049       0x4a C:/STM_BLUEPILL/ST32/Build/Object/MCAL/SysTick/src/SysTick_program.o
 .comment       0x00000049       0x4a C:/STM_BLUEPILL/ST32/Build/Object/MCAL/GPIO/src/GPIO_program.o
 .comment       0x00000049       0x4a C:/STM_BLUEPILL/ST32/Build/Object/MCAL/EXTI/src/EXTI_program.o
 .comment       0x00000049       0x4a C:/STM_BLUEPILL/ST32/Build/Object/MCAL/AFIO/src/AFIO_program.o
 .comment       0x00000049       0x4a C:/STM_BLUEPILL/ST32/Build/Object/MCAL/SPI/src/SPI_program.o
 .comment       0x00000049       0x4a C:/STM_BLUEPILL/ST32/Build/Object/MCAL/UART/src/UART_program.o
 .comment       0x00000049       0x4a C:/STM_BLUEPILL/ST32/Build/Object/MCAL/FPEC/src/FPEC.o
 .comment       0x00000049       0x4a C:/STM_BLUEPILL/ST32/Build/Object/MCAL/PwrMD/src/PwrMD.o
 .comment       0x00000049       0x4a C:/STM_BLUEPILL/ST32/Build/Object/MCAL/DMA/src/DMA.o

.ARM.attributes
                0x00000000       0x2d
 .ARM.attributes
                0x00000000       0x2d C:/STM_BLUEPILL/ST32/Build/Object/Src/Image.o
 .ARM.attributes
                0x0000002d       0x2d C:/STM_BLUEPILL/ST32/Build/Object/Src/main.o
 .ARM.attributes
                0x0000005a       0x2d C:/STM_BLUEPILL/ST32/Build/Object/Startup/startup_stm32f103.o
 .ARM.attributes
                0x00000087       0x2d C:/STM_BLUEPILL/ST32/Build/Object/MCAL/RCC/src/RCC_program.o
 .ARM.attributes
                0x000000b4       0x2d C:/STM_BLUEPILL/ST32/Build/Object/MCAL/NVIC/src/NVIC_program.o
 .ARM.attributes
                0x000000e1       0x2d C:/STM_BLUEPILL/ST32/Build/Object/MCAL/SysTick/src/SysTick_program.o
 .ARM.attributes
                0x0000010e       0x2d C:/STM_BLUEPILL/ST32/Build/Object/MCAL/GPIO/src/GPIO_program.o
 .ARM.attributes
                0x0000013b       0x2d C:/STM_BLUEPILL/ST32/Build/Object/MCAL/EXTI/src/EXTI_program.o
 .ARM.attributes
                0x00000168       0x2d C:/STM_BLUEPILL/ST32/Build/Object/MCAL/AFIO/src/AFIO_program.o
 .ARM.attributes
                0x00000195       0x2d C:/STM_BLUEPILL/ST32/Build/Object/MCAL/SPI/src/SPI_program.o
 .ARM.attributes
                0x000001c2       0x2d C:/STM_BLUEPILL/ST32/Build/Object/MCAL/UART/src/UART_program.o
 .ARM.attributes
                0x000001ef       0x2d C:/STM_BLUEPILL/ST32/Build/Object/MCAL/FPEC/src/FPEC.o
 .ARM.attributes
                0x0000021c       0x2d C:/STM_BLUEPILL/ST32/Build/Object/MCAL/PwrMD/src/PwrMD.o
 .ARM.attributes
                0x00000249       0x2d C:/STM_BLUEPILL/ST32/Build/Object/MCAL/DMA/src/DMA.o

.debug_frame    0x00000000      0xa80
 .debug_frame   0x00000000       0x64 C:/STM_BLUEPILL/ST32/Build/Object/Src/main.o
 .debug_frame   0x00000064       0x74 C:/STM_BLUEPILL/ST32/Build/Object/Startup/startup_stm32f103.o
 .debug_frame   0x000000d8       0xb0 C:/STM_BLUEPILL/ST32/Build/Object/MCAL/RCC/src/RCC_program.o
 .debug_frame   0x00000188      0x100 C:/STM_BLUEPILL/ST32/Build/Object/MCAL/NVIC/src/NVIC_program.o
 .debug_frame   0x00000288      0x120 C:/STM_BLUEPILL/ST32/Build/Object/MCAL/SysTick/src/SysTick_program.o
 .debug_frame   0x000003a8       0xd8 C:/STM_BLUEPILL/ST32/Build/Object/MCAL/GPIO/src/GPIO_program.o
 .debug_frame   0x00000480      0x22c C:/STM_BLUEPILL/ST32/Build/Object/MCAL/EXTI/src/EXTI_program.o
 .debug_frame   0x000006ac       0x38 C:/STM_BLUEPILL/ST32/Build/Object/MCAL/AFIO/src/AFIO_program.o
 .debug_frame   0x000006e4       0xe0 C:/STM_BLUEPILL/ST32/Build/Object/MCAL/SPI/src/SPI_program.o
 .debug_frame   0x000007c4      0x170 C:/STM_BLUEPILL/ST32/Build/Object/MCAL/UART/src/UART_program.o
 .debug_frame   0x00000934       0x84 C:/STM_BLUEPILL/ST32/Build/Object/MCAL/FPEC/src/FPEC.o
 .debug_frame   0x000009b8       0x90 C:/STM_BLUEPILL/ST32/Build/Object/MCAL/PwrMD/src/PwrMD.o
 .debug_frame   0x00000a48       0x38 C:/STM_BLUEPILL/ST32/Build/Object/MCAL/DMA/src/DMA.o
