
Memory Configuration

Name             Origin             Length             Attributes
RAM              0x20000000         0x00005000         xrw
FLASH            0x08000000         0x00010000         xr
*default*        0x00000000         0xffffffff

Linker script and memory map

                0x20005000                _estack = (ORIGIN (RAM) + LENGTH (RAM))
                0x00000200                _Min_Heap_Size = 0x200
                0x00000400                _Min_Stack_Size = 0x400

.isr_vector     0x08000000      0x130
                0x08000000                . = ALIGN (0x4)
 *(.isr_vector)
 .isr_vector    0x08000000      0x130 C:/STM_BLUEPILL/ST32/Build/Object/startup_stm32f103.o
                0x08000000                Vector_Table
                0x08000130                . = ALIGN (0x4)

.text           0x08000130     0x15bc
                0x08000130                . = ALIGN (0x4)
 *(.text)
 .text          0x08000130      0x34c C:/STM_BLUEPILL/ST32/Build/Object/EXTI_program.o
                0x08000130                EXTI_voidInterrupEnable
                0x0800015c                EXTI_voidInterrupDisable
                0x0800018c                EXTI_SetSignalLatch
                0x080002a8                EXTI_voidSwTrigger
                0x08000300                EXT0_CallBack
                0x08000334                EXT1_CallBack
                0x08000368                EXT2_CallBack
                0x0800039c                EXT3_CallBack
                0x080003d0                EXT4_CallBack
                0x08000404                EXTI0_IRQHandler
                0x0800041c                EXTI1_IRQHandler
                0x08000434                EXTI2_IRQHandler
                0x0800044c                EXTI3_IRQHandler
                0x08000464                EXTI4_IRQHandler
 .text          0x0800047c      0x208 C:/STM_BLUEPILL/ST32/Build/Object/RCC_program.o
                0x0800047c                RCC_VidInit
                0x080004cc                RCC_voidEnablePeripheral
                0x08000568                RCC_voidDisablePeripheral
                0x08000608                RCC_voidResetPeripheral
 .text          0x08000684       0x6a C:/STM_BLUEPILL/ST32/Build/Object/main.o
                0x08000684                main
 *fill*         0x080006ee        0x2 
 .text          0x080006f0      0x108 C:/STM_BLUEPILL/ST32/Build/Object/AFIO_program.o
                0x080006f0                AFIO_voidSetEXTIConfiguration
 .text          0x080007f8      0x3e8 C:/STM_BLUEPILL/ST32/Build/Object/GPIO_program.o
                0x080007f8                GPIO_SetPinConfig
                0x080009a8                GPIO_GetPinReading
                0x08000a48                GPIO_GetPortReading
                0x08000ab4                GPIO_SetPinValue
                0x08000b84                GPIO_SetPortValue
 .text          0x08000be0      0x210 C:/STM_BLUEPILL/ST32/Build/Object/NVIC_program.o
                0x08000be0                NVIC_EnableInterrupt
                0x08000c30                NVIC_DisableInterrupt
                0x08000c80                NVIC_SetPendingFlag
                0x08000cd0                NVIC_ClearPendingFlag
                0x08000d20                NVIC_GetActiveInterrupt
                0x08000d8c                NVIC_SetPriority
 .text          0x08000df0      0x620 C:/STM_BLUEPILL/ST32/Build/Object/UART_program.o
                0x08000df0                UART_voidInit
                0x08001024                UART_u8SendCharASynch
                0x08001054                UART_u8SendCharSynch
                0x08001114                UART_u8ReceiveCharAsynch
                0x080011d0                UART_u8ReceiveCharSynch
                0x080012cc                UART_u8SendStringSynch
                0x0800131a                UART_u8RecieveStringSynch
                0x0800137a                UART_IsStringEqual
                0x080013c0                USART1_IRQHandler
                0x080013e8                USART2_IRQHandler
                0x080013fc                USART3_IRQHandler
 .text          0x08001410       0xc0 C:/STM_BLUEPILL/ST32/Build/Object/SPI_program.o
                0x08001410                SPI_voidInit
                0x0800147c                Spi_SendRecieveSync
 .text          0x080014d0      0x16c C:/STM_BLUEPILL/ST32/Build/Object/SysTick_program.o
                0x080014d0                SysTick_voidInit
                0x080014ec                SysTick_voidSetBusyWait
                0x08001528                SysTick_voidSetIntervalSingle
                0x08001580                SysTick_voidSetIntervalPeriodoc
                0x080015d8                SysTick_voidStopTimer
                0x080015f4                SysTick_GetElapsedTime
                0x08001614                SysTick_GetRemaningTime
                0x08001628                SysTick_Handler
 .text          0x0800163c       0xb0 C:/STM_BLUEPILL/ST32/Build/Object/startup_stm32f103.o
                0x08001648                Reset_Handler
                0x080016e0                TIM8_CC_IRQHandler
                0x080016e0                DebugMon_Handler
                0x080016e0                TIM1_CC_IRQHandler
                0x080016e0                HardFault_Handler
                0x080016e0                TIM6_IRQHandler
                0x080016e0                PVD_IRQHandler
                0x080016e0                SDIO_IRQHandler
                0x080016e0                TAMP_STAMP_IRQHandler
                0x080016e0                PendSV_Handler
                0x080016e0                NMI_Handler
                0x080016e0                USB_HP_CAN_TX_IRQHandler
                0x080016e0                I2C2_EV_IRQHandler
                0x080016e0                UsageFault_Handler
                0x080016e0                SPI1_IRQHandler
                0x080016e0                CAN_SCE_IRQHandler
                0x080016e0                TIM8_UP_IRQHandler
                0x080016e0                DMA2_Channel2_IRQHandler
                0x080016e0                DMA1_Channel4_IRQHandler
                0x080016e0                DMA1_Channel7_IRQHandler
                0x080016e0                TIM8_TRG_COM_IRQHandler
                0x080016e0                UART5_IRQHandler
                0x080016e0                ADC3_IRQHandler
                0x080016e0                TIM4_IRQHandler
                0x080016e0                CAN_RX1_IRQHandler
                0x080016e0                DMA2_Channel1_IRQHandler
                0x080016e0                I2C1_EV_IRQHandler
                0x080016e0                DMA1_Channel6_IRQHandler
                0x080016e0                UART4_IRQHandler
                0x080016e0                TIM3_IRQHandler
                0x080016e0                RCC_IRQHandler
                0x080016e0                TIM1_TRG_COM_IRQHandler
                0x080016e0                DMA1_Channel1_IRQHandler
                0x080016e0                Default_Handler
                0x080016e0                EXTI15_10_IRQHandler
                0x080016e0                TIM7_IRQHandler
                0x080016e0                TIM5_IRQHandler
                0x080016e0                EXTI9_5_IRQHandler
                0x080016e0                RTC_WKUP_IRQHandler
                0x080016e0                SPI2_IRQHandler
                0x080016e0                USB_LP_CAN_RX0_IRQHandler
                0x080016e0                MemManage_Handler
                0x080016e0                SVC_Handler
                0x080016e0                ADC_1_2_IRQHandler
                0x080016e0                DMA1_Channel5_IRQHandler
                0x080016e0                DMA1_Channel3_IRQHandler
                0x080016e0                FSMC_IRQHandler
                0x080016e0                TIM1_UP_IRQHandler
                0x080016e0                WWDG_IRQHandler
                0x080016e0                TIM2_IRQHandler
                0x080016e0                TIM1_BRK_IRQHandler
                0x080016e0                RTCAlarm_IRQHandler
                0x080016e0                DMA2_Channel4_5_IRQHandler
                0x080016e0                I2C2_ER_IRQHandler
                0x080016e0                DMA1_Channel2_IRQHandler
                0x080016e0                TIM8_BRK_IRQHandler
                0x080016e0                FLASH_IRQHandler
                0x080016e0                BusFault_Handler
                0x080016e0                SPI3_IRQHandler
                0x080016e0                I2C1_ER_IRQHandler
                0x080016e0                DMA2_Channel3_IRQHandler
 *(.text*)
                0x080016ec                . = ALIGN (0x4)
                0x080016ec                _etext = .

.glue_7         0x080016ec        0x0
 .glue_7        0x080016ec        0x0 linker stubs

.glue_7t        0x080016ec        0x0
 .glue_7t       0x080016ec        0x0 linker stubs

.vfp11_veneer   0x080016ec        0x0
 .vfp11_veneer  0x080016ec        0x0 linker stubs

.v4_bx          0x080016ec        0x0
 .v4_bx         0x080016ec        0x0 linker stubs

.iplt           0x080016ec        0x0
 .iplt          0x080016ec        0x0 C:/STM_BLUEPILL/ST32/Build/Object/EXTI_program.o

.rodata         0x080016ec        0x4
                0x080016ec                . = ALIGN (0x4)
 *(.rodata)
 .rodata        0x080016ec        0x4 C:/STM_BLUEPILL/ST32/Build/Object/startup_stm32f103.o
                0x080016ec                MSP_Value
 *(.rodata*)
                0x080016f0                . = ALIGN (0x4)
                0x080016f0                _sidata = LOADADDR (.data)

.rel.dyn        0x080016f0        0x0
 .rel.iplt      0x080016f0        0x0 C:/STM_BLUEPILL/ST32/Build/Object/EXTI_program.o

.data           0x20000000        0x0 load address 0x080016f0
                0x20000000                . = ALIGN (0x4)
                0x20000000                _sdata = .
 *(.data)
 .data          0x20000000        0x0 C:/STM_BLUEPILL/ST32/Build/Object/EXTI_program.o
 .data          0x20000000        0x0 C:/STM_BLUEPILL/ST32/Build/Object/RCC_program.o
 .data          0x20000000        0x0 C:/STM_BLUEPILL/ST32/Build/Object/main.o
 .data          0x20000000        0x0 C:/STM_BLUEPILL/ST32/Build/Object/AFIO_program.o
 .data          0x20000000        0x0 C:/STM_BLUEPILL/ST32/Build/Object/GPIO_program.o
 .data          0x20000000        0x0 C:/STM_BLUEPILL/ST32/Build/Object/NVIC_program.o
 .data          0x20000000        0x0 C:/STM_BLUEPILL/ST32/Build/Object/UART_program.o
 .data          0x20000000        0x0 C:/STM_BLUEPILL/ST32/Build/Object/SPI_program.o
 .data          0x20000000        0x0 C:/STM_BLUEPILL/ST32/Build/Object/SysTick_program.o
 .data          0x20000000        0x0 C:/STM_BLUEPILL/ST32/Build/Object/startup_stm32f103.o
 *(.data*)
                0x20000000                . = ALIGN (0x4)
                0x20000000                _edata = .

.igot.plt       0x20000000        0x0 load address 0x080016f0
 .igot.plt      0x20000000        0x0 C:/STM_BLUEPILL/ST32/Build/Object/EXTI_program.o

.bss            0x20000000       0x28 load address 0x080016f0
                0x20000000                _sbss = .
 *(.bss)
 .bss           0x20000000       0x14 C:/STM_BLUEPILL/ST32/Build/Object/EXTI_program.o
 .bss           0x20000014        0x0 C:/STM_BLUEPILL/ST32/Build/Object/RCC_program.o
 .bss           0x20000014        0x0 C:/STM_BLUEPILL/ST32/Build/Object/main.o
 .bss           0x20000014        0x0 C:/STM_BLUEPILL/ST32/Build/Object/AFIO_program.o
 .bss           0x20000014        0x0 C:/STM_BLUEPILL/ST32/Build/Object/GPIO_program.o
 .bss           0x20000014        0x0 C:/STM_BLUEPILL/ST32/Build/Object/NVIC_program.o
 .bss           0x20000014       0x10 C:/STM_BLUEPILL/ST32/Build/Object/UART_program.o
                0x20000020                Global_Recieve
 .bss           0x20000024        0x0 C:/STM_BLUEPILL/ST32/Build/Object/SPI_program.o
 .bss           0x20000024        0x4 C:/STM_BLUEPILL/ST32/Build/Object/SysTick_program.o
 .bss           0x20000028        0x0 C:/STM_BLUEPILL/ST32/Build/Object/startup_stm32f103.o
 *(.bss*)
                0x20000028                . = ALIGN (0x4)
                0x20000028                _ebss = .

._user_heap_stack
                0x20000028      0x600 load address 0x080016f0
                0x20000028                . = ALIGN (0x8)
                0x20000228                . = (. + _Min_Heap_Size)
 *fill*         0x20000028      0x200 
                0x20000628                . = (. + _Min_Stack_Size)
 *fill*         0x20000228      0x400 
                0x20000628                . = ALIGN (0x8)
LOAD C:/STM_BLUEPILL/ST32/Build/Object/EXTI_program.o
LOAD C:/STM_BLUEPILL/ST32/Build/Object/RCC_program.o
LOAD C:/STM_BLUEPILL/ST32/Build/Object/main.o
LOAD C:/STM_BLUEPILL/ST32/Build/Object/AFIO_program.o
LOAD C:/STM_BLUEPILL/ST32/Build/Object/GPIO_program.o
LOAD C:/STM_BLUEPILL/ST32/Build/Object/NVIC_program.o
LOAD C:/STM_BLUEPILL/ST32/Build/Object/UART_program.o
LOAD C:/STM_BLUEPILL/ST32/Build/Object/SPI_program.o
LOAD C:/STM_BLUEPILL/ST32/Build/Object/SysTick_program.o
LOAD C:/STM_BLUEPILL/ST32/Build/Object/startup_stm32f103.o
OUTPUT(C:/STM_BLUEPILL/ST32/Tools/app.elf elf32-littlearm)
LOAD linker stubs

.debug_info     0x00000000     0x25aa
 .debug_info    0x00000000      0x4b1 C:/STM_BLUEPILL/ST32/Build/Object/EXTI_program.o
 .debug_info    0x000004b1      0x5ea C:/STM_BLUEPILL/ST32/Build/Object/RCC_program.o
 .debug_info    0x00000a9b      0x2fd C:/STM_BLUEPILL/ST32/Build/Object/main.o
 .debug_info    0x00000d98      0x1b9 C:/STM_BLUEPILL/ST32/Build/Object/AFIO_program.o
 .debug_info    0x00000f51      0x4df C:/STM_BLUEPILL/ST32/Build/Object/GPIO_program.o
 .debug_info    0x00001430      0x2fd C:/STM_BLUEPILL/ST32/Build/Object/NVIC_program.o
 .debug_info    0x0000172d      0x70e C:/STM_BLUEPILL/ST32/Build/Object/UART_program.o
 .debug_info    0x00001e3b      0x3a0 C:/STM_BLUEPILL/ST32/Build/Object/SPI_program.o
 .debug_info    0x000021db      0x271 C:/STM_BLUEPILL/ST32/Build/Object/SysTick_program.o
 .debug_info    0x0000244c      0x15e C:/STM_BLUEPILL/ST32/Build/Object/startup_stm32f103.o

.debug_abbrev   0x00000000      0xb03
 .debug_abbrev  0x00000000      0x14b C:/STM_BLUEPILL/ST32/Build/Object/EXTI_program.o
 .debug_abbrev  0x0000014b      0x105 C:/STM_BLUEPILL/ST32/Build/Object/RCC_program.o
 .debug_abbrev  0x00000250       0x60 C:/STM_BLUEPILL/ST32/Build/Object/main.o
 .debug_abbrev  0x000002b0       0xb6 C:/STM_BLUEPILL/ST32/Build/Object/AFIO_program.o
 .debug_abbrev  0x00000366      0x109 C:/STM_BLUEPILL/ST32/Build/Object/GPIO_program.o
 .debug_abbrev  0x0000046f      0x13a C:/STM_BLUEPILL/ST32/Build/Object/NVIC_program.o
 .debug_abbrev  0x000005a9      0x20a C:/STM_BLUEPILL/ST32/Build/Object/UART_program.o
 .debug_abbrev  0x000007b3      0x10e C:/STM_BLUEPILL/ST32/Build/Object/SPI_program.o
 .debug_abbrev  0x000008c1      0x159 C:/STM_BLUEPILL/ST32/Build/Object/SysTick_program.o
 .debug_abbrev  0x00000a1a       0xe9 C:/STM_BLUEPILL/ST32/Build/Object/startup_stm32f103.o

.debug_aranges  0x00000000      0x140
 .debug_aranges
                0x00000000       0x20 C:/STM_BLUEPILL/ST32/Build/Object/EXTI_program.o
 .debug_aranges
                0x00000020       0x20 C:/STM_BLUEPILL/ST32/Build/Object/RCC_program.o
 .debug_aranges
                0x00000040       0x20 C:/STM_BLUEPILL/ST32/Build/Object/main.o
 .debug_aranges
                0x00000060       0x20 C:/STM_BLUEPILL/ST32/Build/Object/AFIO_program.o
 .debug_aranges
                0x00000080       0x20 C:/STM_BLUEPILL/ST32/Build/Object/GPIO_program.o
 .debug_aranges
                0x000000a0       0x20 C:/STM_BLUEPILL/ST32/Build/Object/NVIC_program.o
 .debug_aranges
                0x000000c0       0x20 C:/STM_BLUEPILL/ST32/Build/Object/UART_program.o
 .debug_aranges
                0x000000e0       0x20 C:/STM_BLUEPILL/ST32/Build/Object/SPI_program.o
 .debug_aranges
                0x00000100       0x20 C:/STM_BLUEPILL/ST32/Build/Object/SysTick_program.o
 .debug_aranges
                0x00000120       0x20 C:/STM_BLUEPILL/ST32/Build/Object/startup_stm32f103.o

.debug_line     0x00000000     0x1179
 .debug_line    0x00000000      0x1f7 C:/STM_BLUEPILL/ST32/Build/Object/EXTI_program.o
 .debug_line    0x000001f7      0x179 C:/STM_BLUEPILL/ST32/Build/Object/RCC_program.o
 .debug_line    0x00000370       0xf1 C:/STM_BLUEPILL/ST32/Build/Object/main.o
 .debug_line    0x00000461      0x16f C:/STM_BLUEPILL/ST32/Build/Object/AFIO_program.o
 .debug_line    0x000005d0      0x2b8 C:/STM_BLUEPILL/ST32/Build/Object/GPIO_program.o
 .debug_line    0x00000888      0x1b7 C:/STM_BLUEPILL/ST32/Build/Object/NVIC_program.o
 .debug_line    0x00000a3f      0x3ed C:/STM_BLUEPILL/ST32/Build/Object/UART_program.o
 .debug_line    0x00000e2c      0x123 C:/STM_BLUEPILL/ST32/Build/Object/SPI_program.o
 .debug_line    0x00000f4f      0x164 C:/STM_BLUEPILL/ST32/Build/Object/SysTick_program.o
 .debug_line    0x000010b3       0xc6 C:/STM_BLUEPILL/ST32/Build/Object/startup_stm32f103.o

.debug_str      0x00000000     0x17e3
 .debug_str     0x00000000      0x397 C:/STM_BLUEPILL/ST32/Build/Object/EXTI_program.o
                                0x3d5 (size before relaxing)
 .debug_str     0x00000397      0x67b C:/STM_BLUEPILL/ST32/Build/Object/RCC_program.o
                                0x79d (size before relaxing)
 .debug_str     0x00000a12      0x1f3 C:/STM_BLUEPILL/ST32/Build/Object/main.o
                                0x56a (size before relaxing)
 .debug_str     0x00000c05      0x191 C:/STM_BLUEPILL/ST32/Build/Object/AFIO_program.o
                                0x2a6 (size before relaxing)
 .debug_str     0x00000d96      0x151 C:/STM_BLUEPILL/ST32/Build/Object/GPIO_program.o
                                0x418 (size before relaxing)
 .debug_str     0x00000ee7      0x1bc C:/STM_BLUEPILL/ST32/Build/Object/NVIC_program.o
                                0x2d6 (size before relaxing)
 .debug_str     0x000010a3      0x32b C:/STM_BLUEPILL/ST32/Build/Object/UART_program.o
                                0x4b1 (size before relaxing)
 .debug_str     0x000013ce      0x1e2 C:/STM_BLUEPILL/ST32/Build/Object/SPI_program.o
                                0x34e (size before relaxing)
 .debug_str     0x000015b0      0x163 C:/STM_BLUEPILL/ST32/Build/Object/SysTick_program.o
                                0x2be (size before relaxing)
 .debug_str     0x00001713       0xd0 C:/STM_BLUEPILL/ST32/Build/Object/startup_stm32f103.o
                                0x155 (size before relaxing)

.comment        0x00000000       0x49
 .comment       0x00000000       0x49 C:/STM_BLUEPILL/ST32/Build/Object/EXTI_program.o
                                 0x4a (size before relaxing)
 .comment       0x00000049       0x4a C:/STM_BLUEPILL/ST32/Build/Object/RCC_program.o
 .comment       0x00000049       0x4a C:/STM_BLUEPILL/ST32/Build/Object/main.o
 .comment       0x00000049       0x4a C:/STM_BLUEPILL/ST32/Build/Object/AFIO_program.o
 .comment       0x00000049       0x4a C:/STM_BLUEPILL/ST32/Build/Object/GPIO_program.o
 .comment       0x00000049       0x4a C:/STM_BLUEPILL/ST32/Build/Object/NVIC_program.o
 .comment       0x00000049       0x4a C:/STM_BLUEPILL/ST32/Build/Object/UART_program.o
 .comment       0x00000049       0x4a C:/STM_BLUEPILL/ST32/Build/Object/SPI_program.o
 .comment       0x00000049       0x4a C:/STM_BLUEPILL/ST32/Build/Object/SysTick_program.o
 .comment       0x00000049       0x4a C:/STM_BLUEPILL/ST32/Build/Object/startup_stm32f103.o

.ARM.attributes
                0x00000000       0x2d
 .ARM.attributes
                0x00000000       0x2d C:/STM_BLUEPILL/ST32/Build/Object/EXTI_program.o
 .ARM.attributes
                0x0000002d       0x2d C:/STM_BLUEPILL/ST32/Build/Object/RCC_program.o
 .ARM.attributes
                0x0000005a       0x2d C:/STM_BLUEPILL/ST32/Build/Object/main.o
 .ARM.attributes
                0x00000087       0x2d C:/STM_BLUEPILL/ST32/Build/Object/AFIO_program.o
 .ARM.attributes
                0x000000b4       0x2d C:/STM_BLUEPILL/ST32/Build/Object/GPIO_program.o
 .ARM.attributes
                0x000000e1       0x2d C:/STM_BLUEPILL/ST32/Build/Object/NVIC_program.o
 .ARM.attributes
                0x0000010e       0x2d C:/STM_BLUEPILL/ST32/Build/Object/UART_program.o
 .ARM.attributes
                0x0000013b       0x2d C:/STM_BLUEPILL/ST32/Build/Object/SPI_program.o
 .ARM.attributes
                0x00000168       0x2d C:/STM_BLUEPILL/ST32/Build/Object/SysTick_program.o
 .ARM.attributes
                0x00000195       0x2d C:/STM_BLUEPILL/ST32/Build/Object/startup_stm32f103.o

.debug_frame    0x00000000      0x8a0
 .debug_frame   0x00000000      0x22c C:/STM_BLUEPILL/ST32/Build/Object/EXTI_program.o
 .debug_frame   0x0000022c       0xb0 C:/STM_BLUEPILL/ST32/Build/Object/RCC_program.o
 .debug_frame   0x000002dc       0x2c C:/STM_BLUEPILL/ST32/Build/Object/main.o
 .debug_frame   0x00000308       0x38 C:/STM_BLUEPILL/ST32/Build/Object/AFIO_program.o
 .debug_frame   0x00000340       0xd8 C:/STM_BLUEPILL/ST32/Build/Object/GPIO_program.o
 .debug_frame   0x00000418      0x100 C:/STM_BLUEPILL/ST32/Build/Object/NVIC_program.o
 .debug_frame   0x00000518      0x19c C:/STM_BLUEPILL/ST32/Build/Object/UART_program.o
 .debug_frame   0x000006b4       0x58 C:/STM_BLUEPILL/ST32/Build/Object/SPI_program.o
 .debug_frame   0x0000070c      0x120 C:/STM_BLUEPILL/ST32/Build/Object/SysTick_program.o
 .debug_frame   0x0000082c       0x74 C:/STM_BLUEPILL/ST32/Build/Object/startup_stm32f103.o
