
Memory Configuration

Name             Origin             Length             Attributes
RAM              0x20000000         0x00005000         xrw
FLASH            0x08001400         0x0000ec00         xr
*default*        0x00000000         0xffffffff

Linker script and memory map

                0x20005000                _estack = (ORIGIN (RAM) + LENGTH (RAM))
                0x00000200                _Min_Heap_Size = 0x200
                0x00000400                _Min_Stack_Size = 0x400

.isr_vector     0x08001400      0x130
                0x08001400                . = ALIGN (0x4)
 *(.isr_vector)
 .isr_vector    0x08001400      0x130 C:/STM_BLUEPILL/ST32/Build/Object/startup_stm32f103.o
                0x08001400                Vector_Table
                0x08001530                . = ALIGN (0x4)

.text           0x08001530     0x16f8
                0x08001530                . = ALIGN (0x4)
 *(.text)
 .text          0x08001530       0xc0 C:/STM_BLUEPILL/ST32/Build/Object/main.o
                0x08001530                main
 .text          0x080015f0       0xb0 C:/STM_BLUEPILL/ST32/Build/Object/startup_stm32f103.o
                0x080015fc                Reset_Handler
                0x08001694                TIM8_CC_IRQHandler
                0x08001694                DebugMon_Handler
                0x08001694                TIM1_CC_IRQHandler
                0x08001694                HardFault_Handler
                0x08001694                TIM6_IRQHandler
                0x08001694                PVD_IRQHandler
                0x08001694                SDIO_IRQHandler
                0x08001694                TAMP_STAMP_IRQHandler
                0x08001694                PendSV_Handler
                0x08001694                NMI_Handler
                0x08001694                USB_HP_CAN_TX_IRQHandler
                0x08001694                I2C2_EV_IRQHandler
                0x08001694                UsageFault_Handler
                0x08001694                CAN_SCE_IRQHandler
                0x08001694                TIM8_UP_IRQHandler
                0x08001694                DMA2_Channel2_IRQHandler
                0x08001694                DMA1_Channel4_IRQHandler
                0x08001694                DMA1_Channel7_IRQHandler
                0x08001694                TIM8_TRG_COM_IRQHandler
                0x08001694                UART5_IRQHandler
                0x08001694                ADC3_IRQHandler
                0x08001694                TIM4_IRQHandler
                0x08001694                CAN_RX1_IRQHandler
                0x08001694                DMA2_Channel1_IRQHandler
                0x08001694                I2C1_EV_IRQHandler
                0x08001694                DMA1_Channel6_IRQHandler
                0x08001694                UART4_IRQHandler
                0x08001694                TIM3_IRQHandler
                0x08001694                RCC_IRQHandler
                0x08001694                TIM1_TRG_COM_IRQHandler
                0x08001694                DMA1_Channel1_IRQHandler
                0x08001694                Default_Handler
                0x08001694                EXTI15_10_IRQHandler
                0x08001694                TIM7_IRQHandler
                0x08001694                TIM5_IRQHandler
                0x08001694                EXTI9_5_IRQHandler
                0x08001694                RTC_WKUP_IRQHandler
                0x08001694                USB_LP_CAN_RX0_IRQHandler
                0x08001694                MemManage_Handler
                0x08001694                SVC_Handler
                0x08001694                ADC_1_2_IRQHandler
                0x08001694                DMA1_Channel5_IRQHandler
                0x08001694                DMA1_Channel3_IRQHandler
                0x08001694                FSMC_IRQHandler
                0x08001694                TIM1_UP_IRQHandler
                0x08001694                WWDG_IRQHandler
                0x08001694                TIM2_IRQHandler
                0x08001694                TIM1_BRK_IRQHandler
                0x08001694                RTCAlarm_IRQHandler
                0x08001694                DMA2_Channel4_5_IRQHandler
                0x08001694                I2C2_ER_IRQHandler
                0x08001694                DMA1_Channel2_IRQHandler
                0x08001694                TIM8_BRK_IRQHandler
                0x08001694                FLASH_IRQHandler
                0x08001694                BusFault_Handler
                0x08001694                SPI3_IRQHandler
                0x08001694                I2C1_ER_IRQHandler
                0x08001694                DMA2_Channel3_IRQHandler
 .text          0x080016a0      0x208 C:/STM_BLUEPILL/ST32/Build/Object/RCC_program.o
                0x080016a0                RCC_VidInit
                0x080016f0                RCC_voidEnablePeripheral
                0x0800178c                RCC_voidDisablePeripheral
                0x0800182c                RCC_voidResetPeripheral
 .text          0x080018a8      0x210 C:/STM_BLUEPILL/ST32/Build/Object/NVIC_program.o
                0x080018a8                NVIC_EnableInterrupt
                0x080018f8                NVIC_DisableInterrupt
                0x08001948                NVIC_SetPendingFlag
                0x08001998                NVIC_ClearPendingFlag
                0x080019e8                NVIC_GetActiveInterrupt
                0x08001a54                NVIC_SetPriority
 .text          0x08001ab8      0x184 C:/STM_BLUEPILL/ST32/Build/Object/SysTick_program.o
                0x08001ab8                SysTick_voidInit
                0x08001ad4                SysTick_voidSetBusyWait
                0x08001b28                SysTick_voidSetIntervalSingle
                0x08001b80                SysTick_voidSetIntervalPeriodoc
                0x08001bd8                SysTick_voidStopTimer
                0x08001bf4                SysTick_GetElapsedTime
                0x08001c14                SysTick_GetRemaningTime
                0x08001c28                SysTick_Handler
 .text          0x08001c3c      0x3e8 C:/STM_BLUEPILL/ST32/Build/Object/GPIO_program.o
                0x08001c3c                GPIO_SetPinConfig
                0x08001dec                GPIO_GetPinReading
                0x08001e8c                GPIO_GetPortReading
                0x08001ef8                GPIO_SetPinValue
                0x08001fc8                GPIO_SetPortValue
 .text          0x08002024      0x34c C:/STM_BLUEPILL/ST32/Build/Object/EXTI_program.o
                0x08002024                EXTI_voidInterrupEnable
                0x08002050                EXTI_voidInterrupDisable
                0x08002080                EXTI_SetSignalLatch
                0x0800219c                EXTI_voidSwTrigger
                0x080021f4                EXT0_CallBack
                0x08002228                EXT1_CallBack
                0x0800225c                EXT2_CallBack
                0x08002290                EXT3_CallBack
                0x080022c4                EXT4_CallBack
                0x080022f8                EXTI0_IRQHandler
                0x08002310                EXTI1_IRQHandler
                0x08002328                EXTI2_IRQHandler
                0x08002340                EXTI3_IRQHandler
                0x08002358                EXTI4_IRQHandler
 .text          0x08002370      0x108 C:/STM_BLUEPILL/ST32/Build/Object/AFIO_program.o
                0x08002370                AFIO_voidSetEXTIConfiguration
 .text          0x08002478      0x1b8 C:/STM_BLUEPILL/ST32/Build/Object/SPI_program.o
                0x08002478                SPI_voidInit
                0x080024fc                Spi_SendRecieveSync
                0x0800258c                Spi_SendRecieveASync
                0x080025e0                SPI1_IRQHandler
                0x08002608                SPI2_IRQHandler
 .text          0x08002630      0x3b8 C:/STM_BLUEPILL/ST32/Build/Object/UART_program.o
                0x08002630                UART_voidInit
                0x080026f4                UART_u8SendCharSynch
                0x080027b4                UART_u8ReceiveCharSynch
                0x080028b8                UART_u8SendStringSynch
                0x08002906                UART_u8RecieveStringSynch
                0x08002966                UART_IsStringEqual
                0x080029ac                USART1_IRQHandler
                0x080029c0                USART2_IRQHandler
                0x080029d4                USART3_IRQHandler
 .text          0x080029e8      0x170 C:/STM_BLUEPILL/ST32/Build/Object/FPEC.o
                0x080029e8                FPEC_voidEraseAppArea
                0x08002a12                FPEC_voidFlashPageErase
                0x08002aa4                FPEC_voidFlashWrite
 .text          0x08002b58       0xd0 C:/STM_BLUEPILL/ST32/Build/Object/PwrMD.o
                0x08002b58                PWR_EnterSleepMode
                0x08002b78                PWR_EnterStopMode
                0x08002bb8                PWR_EnterStandbyMode
                0x08002c04                PWR_IsWakeupFromStandby
 *(.text*)
                0x08002c28                . = ALIGN (0x4)
                0x08002c28                _etext = .

.glue_7         0x08002c28        0x0
 .glue_7        0x08002c28        0x0 linker stubs

.glue_7t        0x08002c28        0x0
 .glue_7t       0x08002c28        0x0 linker stubs

.vfp11_veneer   0x08002c28        0x0
 .vfp11_veneer  0x08002c28        0x0 linker stubs

.v4_bx          0x08002c28        0x0
 .v4_bx         0x08002c28        0x0 linker stubs

.iplt           0x08002c28        0x0
 .iplt          0x08002c28        0x0 C:/STM_BLUEPILL/ST32/Build/Object/main.o

.rodata         0x08002c28       0x40
                0x08002c28                . = ALIGN (0x4)
 *(.rodata)
 .rodata        0x08002c28       0x3c C:/STM_BLUEPILL/ST32/Build/Object/main.o
 .rodata        0x08002c64        0x4 C:/STM_BLUEPILL/ST32/Build/Object/startup_stm32f103.o
                0x08002c64                MSP_Value
 *(.rodata*)
                0x08002c68                . = ALIGN (0x4)
                0x08002c68                _sidata = LOADADDR (.data)

.rel.dyn        0x08002c68        0x0
 .rel.iplt      0x08002c68        0x0 C:/STM_BLUEPILL/ST32/Build/Object/main.o

.data           0x20000000        0x0 load address 0x08002c68
                0x20000000                . = ALIGN (0x4)
                0x20000000                _sdata = .
 *(.data)
 .data          0x20000000        0x0 C:/STM_BLUEPILL/ST32/Build/Object/main.o
 .data          0x20000000        0x0 C:/STM_BLUEPILL/ST32/Build/Object/startup_stm32f103.o
 .data          0x20000000        0x0 C:/STM_BLUEPILL/ST32/Build/Object/RCC_program.o
 .data          0x20000000        0x0 C:/STM_BLUEPILL/ST32/Build/Object/NVIC_program.o
 .data          0x20000000        0x0 C:/STM_BLUEPILL/ST32/Build/Object/SysTick_program.o
 .data          0x20000000        0x0 C:/STM_BLUEPILL/ST32/Build/Object/GPIO_program.o
 .data          0x20000000        0x0 C:/STM_BLUEPILL/ST32/Build/Object/EXTI_program.o
 .data          0x20000000        0x0 C:/STM_BLUEPILL/ST32/Build/Object/AFIO_program.o
 .data          0x20000000        0x0 C:/STM_BLUEPILL/ST32/Build/Object/SPI_program.o
 .data          0x20000000        0x0 C:/STM_BLUEPILL/ST32/Build/Object/UART_program.o
 .data          0x20000000        0x0 C:/STM_BLUEPILL/ST32/Build/Object/FPEC.o
 .data          0x20000000        0x0 C:/STM_BLUEPILL/ST32/Build/Object/PwrMD.o
 *(.data*)
                0x20000000                . = ALIGN (0x4)
                0x20000000                _edata = .

.igot.plt       0x20000000        0x0 load address 0x08002c68
 .igot.plt      0x20000000        0x0 C:/STM_BLUEPILL/ST32/Build/Object/main.o

.bss            0x20000000       0x3c load address 0x08002c68
                0x20000000                _sbss = .
 *(.bss)
 .bss           0x20000000       0x10 C:/STM_BLUEPILL/ST32/Build/Object/main.o
                0x20000000                BACK_TO_BL
                0x20000004                arr
 .bss           0x20000010        0x0 C:/STM_BLUEPILL/ST32/Build/Object/startup_stm32f103.o
 .bss           0x20000010        0x0 C:/STM_BLUEPILL/ST32/Build/Object/RCC_program.o
 .bss           0x20000010        0x0 C:/STM_BLUEPILL/ST32/Build/Object/NVIC_program.o
 .bss           0x20000010        0x4 C:/STM_BLUEPILL/ST32/Build/Object/SysTick_program.o
 .bss           0x20000014        0x0 C:/STM_BLUEPILL/ST32/Build/Object/GPIO_program.o
 .bss           0x20000014       0x14 C:/STM_BLUEPILL/ST32/Build/Object/EXTI_program.o
 .bss           0x20000028        0x0 C:/STM_BLUEPILL/ST32/Build/Object/AFIO_program.o
 .bss           0x20000028        0x8 C:/STM_BLUEPILL/ST32/Build/Object/SPI_program.o
 .bss           0x20000030        0xc C:/STM_BLUEPILL/ST32/Build/Object/UART_program.o
 .bss           0x2000003c        0x0 C:/STM_BLUEPILL/ST32/Build/Object/FPEC.o
 .bss           0x2000003c        0x0 C:/STM_BLUEPILL/ST32/Build/Object/PwrMD.o
 *(.bss*)
                0x2000003c                . = ALIGN (0x4)
                0x2000003c                _ebss = .

._user_heap_stack
                0x2000003c      0x604 load address 0x08002c68
                0x20000040                . = ALIGN (0x8)
 *fill*         0x2000003c        0x4 
                0x20000240                . = (. + _Min_Heap_Size)
 *fill*         0x20000040      0x200 
                0x20000640                . = (. + _Min_Stack_Size)
 *fill*         0x20000240      0x400 
                0x20000640                . = ALIGN (0x8)
LOAD C:/STM_BLUEPILL/ST32/Build/Object/main.o
LOAD C:/STM_BLUEPILL/ST32/Build/Object/startup_stm32f103.o
LOAD C:/STM_BLUEPILL/ST32/Build/Object/RCC_program.o
LOAD C:/STM_BLUEPILL/ST32/Build/Object/NVIC_program.o
LOAD C:/STM_BLUEPILL/ST32/Build/Object/SysTick_program.o
LOAD C:/STM_BLUEPILL/ST32/Build/Object/GPIO_program.o
LOAD C:/STM_BLUEPILL/ST32/Build/Object/EXTI_program.o
LOAD C:/STM_BLUEPILL/ST32/Build/Object/AFIO_program.o
LOAD C:/STM_BLUEPILL/ST32/Build/Object/SPI_program.o
LOAD C:/STM_BLUEPILL/ST32/Build/Object/UART_program.o
LOAD C:/STM_BLUEPILL/ST32/Build/Object/FPEC.o
LOAD C:/STM_BLUEPILL/ST32/Build/Object/PwrMD.o
OUTPUT(C:/STM_BLUEPILL/ST32/Tools/application.elf elf32-littlearm)
LOAD linker stubs

.debug_info     0x00000000     0x28e1
 .debug_info    0x00000000      0x35a C:/STM_BLUEPILL/ST32/Build/Object/main.o
 .debug_info    0x0000035a      0x15e C:/STM_BLUEPILL/ST32/Build/Object/startup_stm32f103.o
 .debug_info    0x000004b8      0x5ea C:/STM_BLUEPILL/ST32/Build/Object/RCC_program.o
 .debug_info    0x00000aa2      0x2fd C:/STM_BLUEPILL/ST32/Build/Object/NVIC_program.o
 .debug_info    0x00000d9f      0x267 C:/STM_BLUEPILL/ST32/Build/Object/SysTick_program.o
 .debug_info    0x00001006      0x4df C:/STM_BLUEPILL/ST32/Build/Object/GPIO_program.o
 .debug_info    0x000014e5      0x4b7 C:/STM_BLUEPILL/ST32/Build/Object/EXTI_program.o
 .debug_info    0x0000199c      0x1b9 C:/STM_BLUEPILL/ST32/Build/Object/AFIO_program.o
 .debug_info    0x00001b55      0x4f3 C:/STM_BLUEPILL/ST32/Build/Object/SPI_program.o
 .debug_info    0x00002048      0x5ef C:/STM_BLUEPILL/ST32/Build/Object/UART_program.o
 .debug_info    0x00002637      0x1d4 C:/STM_BLUEPILL/ST32/Build/Object/FPEC.o
 .debug_info    0x0000280b       0xd6 C:/STM_BLUEPILL/ST32/Build/Object/PwrMD.o

.debug_abbrev   0x00000000      0xcb8
 .debug_abbrev  0x00000000       0xcd C:/STM_BLUEPILL/ST32/Build/Object/main.o
 .debug_abbrev  0x000000cd       0xe9 C:/STM_BLUEPILL/ST32/Build/Object/startup_stm32f103.o
 .debug_abbrev  0x000001b6      0x105 C:/STM_BLUEPILL/ST32/Build/Object/RCC_program.o
 .debug_abbrev  0x000002bb      0x13a C:/STM_BLUEPILL/ST32/Build/Object/NVIC_program.o
 .debug_abbrev  0x000003f5      0x150 C:/STM_BLUEPILL/ST32/Build/Object/SysTick_program.o
 .debug_abbrev  0x00000545      0x109 C:/STM_BLUEPILL/ST32/Build/Object/GPIO_program.o
 .debug_abbrev  0x0000064e      0x14b C:/STM_BLUEPILL/ST32/Build/Object/EXTI_program.o
 .debug_abbrev  0x00000799       0xb6 C:/STM_BLUEPILL/ST32/Build/Object/AFIO_program.o
 .debug_abbrev  0x0000084f      0x138 C:/STM_BLUEPILL/ST32/Build/Object/SPI_program.o
 .debug_abbrev  0x00000987      0x1e6 C:/STM_BLUEPILL/ST32/Build/Object/UART_program.o
 .debug_abbrev  0x00000b6d       0xe7 C:/STM_BLUEPILL/ST32/Build/Object/FPEC.o
 .debug_abbrev  0x00000c54       0x64 C:/STM_BLUEPILL/ST32/Build/Object/PwrMD.o

.debug_aranges  0x00000000      0x180
 .debug_aranges
                0x00000000       0x20 C:/STM_BLUEPILL/ST32/Build/Object/main.o
 .debug_aranges
                0x00000020       0x20 C:/STM_BLUEPILL/ST32/Build/Object/startup_stm32f103.o
 .debug_aranges
                0x00000040       0x20 C:/STM_BLUEPILL/ST32/Build/Object/RCC_program.o
 .debug_aranges
                0x00000060       0x20 C:/STM_BLUEPILL/ST32/Build/Object/NVIC_program.o
 .debug_aranges
                0x00000080       0x20 C:/STM_BLUEPILL/ST32/Build/Object/SysTick_program.o
 .debug_aranges
                0x000000a0       0x20 C:/STM_BLUEPILL/ST32/Build/Object/GPIO_program.o
 .debug_aranges
                0x000000c0       0x20 C:/STM_BLUEPILL/ST32/Build/Object/EXTI_program.o
 .debug_aranges
                0x000000e0       0x20 C:/STM_BLUEPILL/ST32/Build/Object/AFIO_program.o
 .debug_aranges
                0x00000100       0x20 C:/STM_BLUEPILL/ST32/Build/Object/SPI_program.o
 .debug_aranges
                0x00000120       0x20 C:/STM_BLUEPILL/ST32/Build/Object/UART_program.o
 .debug_aranges
                0x00000140       0x20 C:/STM_BLUEPILL/ST32/Build/Object/FPEC.o
 .debug_aranges
                0x00000160       0x20 C:/STM_BLUEPILL/ST32/Build/Object/PwrMD.o

.debug_line     0x00000000     0x12cf
 .debug_line    0x00000000      0x123 C:/STM_BLUEPILL/ST32/Build/Object/main.o
 .debug_line    0x00000123       0xc6 C:/STM_BLUEPILL/ST32/Build/Object/startup_stm32f103.o
 .debug_line    0x000001e9      0x167 C:/STM_BLUEPILL/ST32/Build/Object/RCC_program.o
 .debug_line    0x00000350      0x1a5 C:/STM_BLUEPILL/ST32/Build/Object/NVIC_program.o
 .debug_line    0x000004f5      0x15d C:/STM_BLUEPILL/ST32/Build/Object/SysTick_program.o
 .debug_line    0x00000652      0x2a6 C:/STM_BLUEPILL/ST32/Build/Object/GPIO_program.o
 .debug_line    0x000008f8      0x1e5 C:/STM_BLUEPILL/ST32/Build/Object/EXTI_program.o
 .debug_line    0x00000add      0x15d C:/STM_BLUEPILL/ST32/Build/Object/AFIO_program.o
 .debug_line    0x00000c3a      0x1a7 C:/STM_BLUEPILL/ST32/Build/Object/SPI_program.o
 .debug_line    0x00000de1      0x2c2 C:/STM_BLUEPILL/ST32/Build/Object/UART_program.o
 .debug_line    0x000010a3      0x17c C:/STM_BLUEPILL/ST32/Build/Object/FPEC.o
 .debug_line    0x0000121f       0xb0 C:/STM_BLUEPILL/ST32/Build/Object/PwrMD.o

.debug_str      0x00000000     0x195a
 .debug_str     0x00000000      0x545 C:/STM_BLUEPILL/ST32/Build/Object/main.o
                                0x580 (size before relaxing)
 .debug_str     0x00000545       0xd0 C:/STM_BLUEPILL/ST32/Build/Object/startup_stm32f103.o
                                0x155 (size before relaxing)
 .debug_str     0x00000615      0x42b C:/STM_BLUEPILL/ST32/Build/Object/RCC_program.o
                                0x79d (size before relaxing)
 .debug_str     0x00000a40      0x1bc C:/STM_BLUEPILL/ST32/Build/Object/NVIC_program.o
                                0x2d6 (size before relaxing)
 .debug_str     0x00000bfc      0x1a5 C:/STM_BLUEPILL/ST32/Build/Object/SysTick_program.o
                                0x2cd (size before relaxing)
 .debug_str     0x00000da1      0x151 C:/STM_BLUEPILL/ST32/Build/Object/GPIO_program.o
                                0x418 (size before relaxing)
 .debug_str     0x00000ef2      0x27e C:/STM_BLUEPILL/ST32/Build/Object/EXTI_program.o
                                0x3e0 (size before relaxing)
 .debug_str     0x00001170      0x191 C:/STM_BLUEPILL/ST32/Build/Object/AFIO_program.o
                                0x2a6 (size before relaxing)
 .debug_str     0x00001301      0x29c C:/STM_BLUEPILL/ST32/Build/Object/SPI_program.o
                                0x404 (size before relaxing)
 .debug_str     0x0000159d      0x27e C:/STM_BLUEPILL/ST32/Build/Object/UART_program.o
                                0x414 (size before relaxing)
 .debug_str     0x0000181b       0xc1 C:/STM_BLUEPILL/ST32/Build/Object/FPEC.o
                                0x1db (size before relaxing)
 .debug_str     0x000018dc       0x7e C:/STM_BLUEPILL/ST32/Build/Object/PwrMD.o
                                0x186 (size before relaxing)

.comment        0x00000000       0x49
 .comment       0x00000000       0x49 C:/STM_BLUEPILL/ST32/Build/Object/main.o
                                 0x4a (size before relaxing)
 .comment       0x00000049       0x4a C:/STM_BLUEPILL/ST32/Build/Object/startup_stm32f103.o
 .comment       0x00000049       0x4a C:/STM_BLUEPILL/ST32/Build/Object/RCC_program.o
 .comment       0x00000049       0x4a C:/STM_BLUEPILL/ST32/Build/Object/NVIC_program.o
 .comment       0x00000049       0x4a C:/STM_BLUEPILL/ST32/Build/Object/SysTick_program.o
 .comment       0x00000049       0x4a C:/STM_BLUEPILL/ST32/Build/Object/GPIO_program.o
 .comment       0x00000049       0x4a C:/STM_BLUEPILL/ST32/Build/Object/EXTI_program.o
 .comment       0x00000049       0x4a C:/STM_BLUEPILL/ST32/Build/Object/AFIO_program.o
 .comment       0x00000049       0x4a C:/STM_BLUEPILL/ST32/Build/Object/SPI_program.o
 .comment       0x00000049       0x4a C:/STM_BLUEPILL/ST32/Build/Object/UART_program.o
 .comment       0x00000049       0x4a C:/STM_BLUEPILL/ST32/Build/Object/FPEC.o
 .comment       0x00000049       0x4a C:/STM_BLUEPILL/ST32/Build/Object/PwrMD.o

.ARM.attributes
                0x00000000       0x2d
 .ARM.attributes
                0x00000000       0x2d C:/STM_BLUEPILL/ST32/Build/Object/main.o
 .ARM.attributes
                0x0000002d       0x2d C:/STM_BLUEPILL/ST32/Build/Object/startup_stm32f103.o
 .ARM.attributes
                0x0000005a       0x2d C:/STM_BLUEPILL/ST32/Build/Object/RCC_program.o
 .ARM.attributes
                0x00000087       0x2d C:/STM_BLUEPILL/ST32/Build/Object/NVIC_program.o
 .ARM.attributes
                0x000000b4       0x2d C:/STM_BLUEPILL/ST32/Build/Object/SysTick_program.o
 .ARM.attributes
                0x000000e1       0x2d C:/STM_BLUEPILL/ST32/Build/Object/GPIO_program.o
 .ARM.attributes
                0x0000010e       0x2d C:/STM_BLUEPILL/ST32/Build/Object/EXTI_program.o
 .ARM.attributes
                0x0000013b       0x2d C:/STM_BLUEPILL/ST32/Build/Object/AFIO_program.o
 .ARM.attributes
                0x00000168       0x2d C:/STM_BLUEPILL/ST32/Build/Object/SPI_program.o
 .ARM.attributes
                0x00000195       0x2d C:/STM_BLUEPILL/ST32/Build/Object/UART_program.o
 .ARM.attributes
                0x000001c2       0x2d C:/STM_BLUEPILL/ST32/Build/Object/FPEC.o
 .ARM.attributes
                0x000001ef       0x2d C:/STM_BLUEPILL/ST32/Build/Object/PwrMD.o

.debug_frame    0x00000000      0x9c4
 .debug_frame   0x00000000       0x2c C:/STM_BLUEPILL/ST32/Build/Object/main.o
 .debug_frame   0x0000002c       0x74 C:/STM_BLUEPILL/ST32/Build/Object/startup_stm32f103.o
 .debug_frame   0x000000a0       0xb0 C:/STM_BLUEPILL/ST32/Build/Object/RCC_program.o
 .debug_frame   0x00000150      0x100 C:/STM_BLUEPILL/ST32/Build/Object/NVIC_program.o
 .debug_frame   0x00000250      0x120 C:/STM_BLUEPILL/ST32/Build/Object/SysTick_program.o
 .debug_frame   0x00000370       0xd8 C:/STM_BLUEPILL/ST32/Build/Object/GPIO_program.o
 .debug_frame   0x00000448      0x22c C:/STM_BLUEPILL/ST32/Build/Object/EXTI_program.o
 .debug_frame   0x00000674       0x38 C:/STM_BLUEPILL/ST32/Build/Object/AFIO_program.o
 .debug_frame   0x000006ac       0xb8 C:/STM_BLUEPILL/ST32/Build/Object/SPI_program.o
 .debug_frame   0x00000764      0x14c C:/STM_BLUEPILL/ST32/Build/Object/UART_program.o
 .debug_frame   0x000008b0       0x84 C:/STM_BLUEPILL/ST32/Build/Object/FPEC.o
 .debug_frame   0x00000934       0x90 C:/STM_BLUEPILL/ST32/Build/Object/PwrMD.o
