
Memory Configuration

Name             Origin             Length             Attributes
RAM              0x20000000         0x00005000         xrw
FLASH            0x08001400         0x0000ec00         xr
*default*        0x00000000         0xffffffff

Linker script and memory map

                0x20005000                _estack = (ORIGIN (RAM) + LENGTH (RAM))
                0x00000200                _Min_Heap_Size = 0x200
                0x00000400                _Min_Stack_Size = 0x400

.isr_vector     0x08001400      0x130
                0x08001400                . = ALIGN (0x4)
 *(.isr_vector)
 .isr_vector    0x08001400      0x130 C:/STM_BLUEPILL/ST32/Build/Object/startup_stm32f103.o
                0x08001400                Vector_Table
                0x08001530                . = ALIGN (0x4)

.text           0x08001530     0x15b0
                0x08001530                . = ALIGN (0x4)
 *(.text)
 .text          0x08001530       0x50 C:/STM_BLUEPILL/ST32/Build/Object/main.o
                0x08001530                main
 .text          0x08001580       0xb0 C:/STM_BLUEPILL/ST32/Build/Object/startup_stm32f103.o
                0x0800158c                Reset_Handler
                0x08001624                TIM8_CC_IRQHandler
                0x08001624                DebugMon_Handler
                0x08001624                TIM1_CC_IRQHandler
                0x08001624                HardFault_Handler
                0x08001624                TIM6_IRQHandler
                0x08001624                PVD_IRQHandler
                0x08001624                SDIO_IRQHandler
                0x08001624                TAMP_STAMP_IRQHandler
                0x08001624                PendSV_Handler
                0x08001624                NMI_Handler
                0x08001624                USB_HP_CAN_TX_IRQHandler
                0x08001624                I2C2_EV_IRQHandler
                0x08001624                UsageFault_Handler
                0x08001624                CAN_SCE_IRQHandler
                0x08001624                TIM8_UP_IRQHandler
                0x08001624                DMA2_Channel2_IRQHandler
                0x08001624                DMA1_Channel4_IRQHandler
                0x08001624                DMA1_Channel7_IRQHandler
                0x08001624                TIM8_TRG_COM_IRQHandler
                0x08001624                UART5_IRQHandler
                0x08001624                ADC3_IRQHandler
                0x08001624                TIM4_IRQHandler
                0x08001624                CAN_RX1_IRQHandler
                0x08001624                DMA2_Channel1_IRQHandler
                0x08001624                I2C1_EV_IRQHandler
                0x08001624                DMA1_Channel6_IRQHandler
                0x08001624                UART4_IRQHandler
                0x08001624                TIM3_IRQHandler
                0x08001624                RCC_IRQHandler
                0x08001624                TIM1_TRG_COM_IRQHandler
                0x08001624                DMA1_Channel1_IRQHandler
                0x08001624                Default_Handler
                0x08001624                EXTI15_10_IRQHandler
                0x08001624                TIM7_IRQHandler
                0x08001624                TIM5_IRQHandler
                0x08001624                EXTI9_5_IRQHandler
                0x08001624                RTC_WKUP_IRQHandler
                0x08001624                USB_LP_CAN_RX0_IRQHandler
                0x08001624                MemManage_Handler
                0x08001624                SVC_Handler
                0x08001624                ADC_1_2_IRQHandler
                0x08001624                DMA1_Channel5_IRQHandler
                0x08001624                DMA1_Channel3_IRQHandler
                0x08001624                FSMC_IRQHandler
                0x08001624                TIM1_UP_IRQHandler
                0x08001624                WWDG_IRQHandler
                0x08001624                TIM2_IRQHandler
                0x08001624                TIM1_BRK_IRQHandler
                0x08001624                RTCAlarm_IRQHandler
                0x08001624                DMA2_Channel4_5_IRQHandler
                0x08001624                I2C2_ER_IRQHandler
                0x08001624                DMA1_Channel2_IRQHandler
                0x08001624                TIM8_BRK_IRQHandler
                0x08001624                FLASH_IRQHandler
                0x08001624                BusFault_Handler
                0x08001624                SPI3_IRQHandler
                0x08001624                I2C1_ER_IRQHandler
                0x08001624                DMA2_Channel3_IRQHandler
 .text          0x08001630      0x208 C:/STM_BLUEPILL/ST32/Build/Object/RCC_program.o
                0x08001630                RCC_VidInit
                0x08001680                RCC_voidEnablePeripheral
                0x0800171c                RCC_voidDisablePeripheral
                0x080017bc                RCC_voidResetPeripheral
 .text          0x08001838      0x210 C:/STM_BLUEPILL/ST32/Build/Object/NVIC_program.o
                0x08001838                NVIC_EnableInterrupt
                0x08001888                NVIC_DisableInterrupt
                0x080018d8                NVIC_SetPendingFlag
                0x08001928                NVIC_ClearPendingFlag
                0x08001978                NVIC_GetActiveInterrupt
                0x080019e4                NVIC_SetPriority
 .text          0x08001a48      0x184 C:/STM_BLUEPILL/ST32/Build/Object/SysTick_program.o
                0x08001a48                SysTick_voidInit
                0x08001a64                SysTick_voidSetBusyWait
                0x08001ab8                SysTick_voidSetIntervalSingle
                0x08001b10                SysTick_voidSetIntervalPeriodoc
                0x08001b68                SysTick_voidStopTimer
                0x08001b84                SysTick_GetElapsedTime
                0x08001ba4                SysTick_GetRemaningTime
                0x08001bb8                SysTick_Handler
 .text          0x08001bcc      0x3e8 C:/STM_BLUEPILL/ST32/Build/Object/GPIO_program.o
                0x08001bcc                GPIO_SetPinConfig
                0x08001d7c                GPIO_GetPinReading
                0x08001e1c                GPIO_GetPortReading
                0x08001e88                GPIO_SetPinValue
                0x08001f58                GPIO_SetPortValue
 .text          0x08001fb4      0x34c C:/STM_BLUEPILL/ST32/Build/Object/EXTI_program.o
                0x08001fb4                EXTI_voidInterrupEnable
                0x08001fe0                EXTI_voidInterrupDisable
                0x08002010                EXTI_SetSignalLatch
                0x0800212c                EXTI_voidSwTrigger
                0x08002184                EXT0_CallBack
                0x080021b8                EXT1_CallBack
                0x080021ec                EXT2_CallBack
                0x08002220                EXT3_CallBack
                0x08002254                EXT4_CallBack
                0x08002288                EXTI0_IRQHandler
                0x080022a0                EXTI1_IRQHandler
                0x080022b8                EXTI2_IRQHandler
                0x080022d0                EXTI3_IRQHandler
                0x080022e8                EXTI4_IRQHandler
 .text          0x08002300      0x108 C:/STM_BLUEPILL/ST32/Build/Object/AFIO_program.o
                0x08002300                AFIO_voidSetEXTIConfiguration
 .text          0x08002408      0x1b8 C:/STM_BLUEPILL/ST32/Build/Object/SPI_program.o
                0x08002408                SPI_voidInit
                0x0800248c                Spi_SendRecieveSync
                0x0800251c                Spi_SendRecieveASync
                0x08002570                SPI1_IRQHandler
                0x08002598                SPI2_IRQHandler
 .text          0x080025c0      0x520 C:/STM_BLUEPILL/ST32/Build/Object/UART_program.o
                0x080025c0                UART_voidInit
                0x080027f4                UART_u8SendCharSynch
                0x080028b4                UART_u8ReceiveCharSynch
                0x080029b0                UART_u8SendStringSynch
                0x080029fe                UART_u8RecieveStringSynch
                0x08002a5e                UART_IsStringEqual
                0x08002aa4                USART1_IRQHandler
                0x08002ab8                USART2_IRQHandler
                0x08002acc                USART3_IRQHandler
 *(.text*)
                0x08002ae0                . = ALIGN (0x4)
                0x08002ae0                _etext = .

.glue_7         0x08002ae0        0x0
 .glue_7        0x08002ae0        0x0 linker stubs

.glue_7t        0x08002ae0        0x0
 .glue_7t       0x08002ae0        0x0 linker stubs

.vfp11_veneer   0x08002ae0        0x0
 .vfp11_veneer  0x08002ae0        0x0 linker stubs

.v4_bx          0x08002ae0        0x0
 .v4_bx         0x08002ae0        0x0 linker stubs

.iplt           0x08002ae0        0x0
 .iplt          0x08002ae0        0x0 C:/STM_BLUEPILL/ST32/Build/Object/main.o

.rodata         0x08002ae0        0x4
                0x08002ae0                . = ALIGN (0x4)
 *(.rodata)
 .rodata        0x08002ae0        0x4 C:/STM_BLUEPILL/ST32/Build/Object/startup_stm32f103.o
                0x08002ae0                MSP_Value
 *(.rodata*)
                0x08002ae4                . = ALIGN (0x4)
                0x08002ae4                _sidata = LOADADDR (.data)

.rel.dyn        0x08002ae4        0x0
 .rel.iplt      0x08002ae4        0x0 C:/STM_BLUEPILL/ST32/Build/Object/main.o

.data           0x20000000        0x4 load address 0x08002ae4
                0x20000000                . = ALIGN (0x4)
                0x20000000                _sdata = .
 *(.data)
 .data          0x20000000        0x4 C:/STM_BLUEPILL/ST32/Build/Object/main.o
                0x20000000                asd
 .data          0x20000004        0x0 C:/STM_BLUEPILL/ST32/Build/Object/startup_stm32f103.o
 .data          0x20000004        0x0 C:/STM_BLUEPILL/ST32/Build/Object/RCC_program.o
 .data          0x20000004        0x0 C:/STM_BLUEPILL/ST32/Build/Object/NVIC_program.o
 .data          0x20000004        0x0 C:/STM_BLUEPILL/ST32/Build/Object/SysTick_program.o
 .data          0x20000004        0x0 C:/STM_BLUEPILL/ST32/Build/Object/GPIO_program.o
 .data          0x20000004        0x0 C:/STM_BLUEPILL/ST32/Build/Object/EXTI_program.o
 .data          0x20000004        0x0 C:/STM_BLUEPILL/ST32/Build/Object/AFIO_program.o
 .data          0x20000004        0x0 C:/STM_BLUEPILL/ST32/Build/Object/SPI_program.o
 .data          0x20000004        0x0 C:/STM_BLUEPILL/ST32/Build/Object/UART_program.o
 *(.data*)
                0x20000004                . = ALIGN (0x4)
                0x20000004                _edata = .

.igot.plt       0x20000004        0x0 load address 0x08002ae8
 .igot.plt      0x20000004        0x0 C:/STM_BLUEPILL/ST32/Build/Object/main.o

.bss            0x20000004       0x2c load address 0x08002ae8
                0x20000004                _sbss = .
 *(.bss)
 .bss           0x20000004        0x0 C:/STM_BLUEPILL/ST32/Build/Object/main.o
 .bss           0x20000004        0x0 C:/STM_BLUEPILL/ST32/Build/Object/startup_stm32f103.o
 .bss           0x20000004        0x0 C:/STM_BLUEPILL/ST32/Build/Object/RCC_program.o
 .bss           0x20000004        0x0 C:/STM_BLUEPILL/ST32/Build/Object/NVIC_program.o
 .bss           0x20000004        0x4 C:/STM_BLUEPILL/ST32/Build/Object/SysTick_program.o
 .bss           0x20000008        0x0 C:/STM_BLUEPILL/ST32/Build/Object/GPIO_program.o
 .bss           0x20000008       0x14 C:/STM_BLUEPILL/ST32/Build/Object/EXTI_program.o
 .bss           0x2000001c        0x0 C:/STM_BLUEPILL/ST32/Build/Object/AFIO_program.o
 .bss           0x2000001c        0x8 C:/STM_BLUEPILL/ST32/Build/Object/SPI_program.o
 .bss           0x20000024        0xc C:/STM_BLUEPILL/ST32/Build/Object/UART_program.o
 *(.bss*)
                0x20000030                . = ALIGN (0x4)
                0x20000030                _ebss = .

._user_heap_stack
                0x20000030      0x600 load address 0x08002ae8
                0x20000030                . = ALIGN (0x8)
                0x20000230                . = (. + _Min_Heap_Size)
 *fill*         0x20000030      0x200 
                0x20000630                . = (. + _Min_Stack_Size)
 *fill*         0x20000230      0x400 
                0x20000630                . = ALIGN (0x8)
LOAD C:/STM_BLUEPILL/ST32/Build/Object/main.o
LOAD C:/STM_BLUEPILL/ST32/Build/Object/startup_stm32f103.o
LOAD C:/STM_BLUEPILL/ST32/Build/Object/RCC_program.o
LOAD C:/STM_BLUEPILL/ST32/Build/Object/NVIC_program.o
LOAD C:/STM_BLUEPILL/ST32/Build/Object/SysTick_program.o
LOAD C:/STM_BLUEPILL/ST32/Build/Object/GPIO_program.o
LOAD C:/STM_BLUEPILL/ST32/Build/Object/EXTI_program.o
LOAD C:/STM_BLUEPILL/ST32/Build/Object/AFIO_program.o
LOAD C:/STM_BLUEPILL/ST32/Build/Object/SPI_program.o
LOAD C:/STM_BLUEPILL/ST32/Build/Object/UART_program.o
OUTPUT(C:/STM_BLUEPILL/ST32/Tools/app.elf elf32-littlearm)
LOAD linker stubs

.debug_info     0x00000000     0x260e
 .debug_info    0x00000000      0x2ee C:/STM_BLUEPILL/ST32/Build/Object/main.o
 .debug_info    0x000002ee      0x15e C:/STM_BLUEPILL/ST32/Build/Object/startup_stm32f103.o
 .debug_info    0x0000044c      0x5ea C:/STM_BLUEPILL/ST32/Build/Object/RCC_program.o
 .debug_info    0x00000a36      0x2fd C:/STM_BLUEPILL/ST32/Build/Object/NVIC_program.o
 .debug_info    0x00000d33      0x261 C:/STM_BLUEPILL/ST32/Build/Object/SysTick_program.o
 .debug_info    0x00000f94      0x4df C:/STM_BLUEPILL/ST32/Build/Object/GPIO_program.o
 .debug_info    0x00001473      0x4b1 C:/STM_BLUEPILL/ST32/Build/Object/EXTI_program.o
 .debug_info    0x00001924      0x1b9 C:/STM_BLUEPILL/ST32/Build/Object/AFIO_program.o
 .debug_info    0x00001add      0x4ed C:/STM_BLUEPILL/ST32/Build/Object/SPI_program.o
 .debug_info    0x00001fca      0x644 C:/STM_BLUEPILL/ST32/Build/Object/UART_program.o

.debug_abbrev   0x00000000      0xb13
 .debug_abbrev  0x00000000       0x73 C:/STM_BLUEPILL/ST32/Build/Object/main.o
 .debug_abbrev  0x00000073       0xe9 C:/STM_BLUEPILL/ST32/Build/Object/startup_stm32f103.o
 .debug_abbrev  0x0000015c      0x105 C:/STM_BLUEPILL/ST32/Build/Object/RCC_program.o
 .debug_abbrev  0x00000261      0x13a C:/STM_BLUEPILL/ST32/Build/Object/NVIC_program.o
 .debug_abbrev  0x0000039b      0x150 C:/STM_BLUEPILL/ST32/Build/Object/SysTick_program.o
 .debug_abbrev  0x000004eb      0x109 C:/STM_BLUEPILL/ST32/Build/Object/GPIO_program.o
 .debug_abbrev  0x000005f4      0x14b C:/STM_BLUEPILL/ST32/Build/Object/EXTI_program.o
 .debug_abbrev  0x0000073f       0xb6 C:/STM_BLUEPILL/ST32/Build/Object/AFIO_program.o
 .debug_abbrev  0x000007f5      0x138 C:/STM_BLUEPILL/ST32/Build/Object/SPI_program.o
 .debug_abbrev  0x0000092d      0x1e6 C:/STM_BLUEPILL/ST32/Build/Object/UART_program.o

.debug_aranges  0x00000000      0x140
 .debug_aranges
                0x00000000       0x20 C:/STM_BLUEPILL/ST32/Build/Object/main.o
 .debug_aranges
                0x00000020       0x20 C:/STM_BLUEPILL/ST32/Build/Object/startup_stm32f103.o
 .debug_aranges
                0x00000040       0x20 C:/STM_BLUEPILL/ST32/Build/Object/RCC_program.o
 .debug_aranges
                0x00000060       0x20 C:/STM_BLUEPILL/ST32/Build/Object/NVIC_program.o
 .debug_aranges
                0x00000080       0x20 C:/STM_BLUEPILL/ST32/Build/Object/SysTick_program.o
 .debug_aranges
                0x000000a0       0x20 C:/STM_BLUEPILL/ST32/Build/Object/GPIO_program.o
 .debug_aranges
                0x000000c0       0x20 C:/STM_BLUEPILL/ST32/Build/Object/EXTI_program.o
 .debug_aranges
                0x000000e0       0x20 C:/STM_BLUEPILL/ST32/Build/Object/AFIO_program.o
 .debug_aranges
                0x00000100       0x20 C:/STM_BLUEPILL/ST32/Build/Object/SPI_program.o
 .debug_aranges
                0x00000120       0x20 C:/STM_BLUEPILL/ST32/Build/Object/UART_program.o

.debug_line     0x00000000     0x10fc
 .debug_line    0x00000000       0xc7 C:/STM_BLUEPILL/ST32/Build/Object/main.o
 .debug_line    0x000000c7       0xc6 C:/STM_BLUEPILL/ST32/Build/Object/startup_stm32f103.o
 .debug_line    0x0000018d      0x167 C:/STM_BLUEPILL/ST32/Build/Object/RCC_program.o
 .debug_line    0x000002f4      0x1a5 C:/STM_BLUEPILL/ST32/Build/Object/NVIC_program.o
 .debug_line    0x00000499      0x15d C:/STM_BLUEPILL/ST32/Build/Object/SysTick_program.o
 .debug_line    0x000005f6      0x2a6 C:/STM_BLUEPILL/ST32/Build/Object/GPIO_program.o
 .debug_line    0x0000089c      0x1e5 C:/STM_BLUEPILL/ST32/Build/Object/EXTI_program.o
 .debug_line    0x00000a81      0x15d C:/STM_BLUEPILL/ST32/Build/Object/AFIO_program.o
 .debug_line    0x00000bde      0x1a7 C:/STM_BLUEPILL/ST32/Build/Object/SPI_program.o
 .debug_line    0x00000d85      0x377 C:/STM_BLUEPILL/ST32/Build/Object/UART_program.o

.debug_str      0x00000000     0x1842
 .debug_str     0x00000000      0x50e C:/STM_BLUEPILL/ST32/Build/Object/main.o
                                0x549 (size before relaxing)
 .debug_str     0x0000050e       0xd0 C:/STM_BLUEPILL/ST32/Build/Object/startup_stm32f103.o
                                0x155 (size before relaxing)
 .debug_str     0x000005de      0x42b C:/STM_BLUEPILL/ST32/Build/Object/RCC_program.o
                                0x79d (size before relaxing)
 .debug_str     0x00000a09      0x1bc C:/STM_BLUEPILL/ST32/Build/Object/NVIC_program.o
                                0x2d6 (size before relaxing)
 .debug_str     0x00000bc5      0x19a C:/STM_BLUEPILL/ST32/Build/Object/SysTick_program.o
                                0x2c2 (size before relaxing)
 .debug_str     0x00000d5f      0x151 C:/STM_BLUEPILL/ST32/Build/Object/GPIO_program.o
                                0x418 (size before relaxing)
 .debug_str     0x00000eb0      0x27e C:/STM_BLUEPILL/ST32/Build/Object/EXTI_program.o
                                0x3d5 (size before relaxing)
 .debug_str     0x0000112e      0x191 C:/STM_BLUEPILL/ST32/Build/Object/AFIO_program.o
                                0x2a6 (size before relaxing)
 .debug_str     0x000012bf      0x29c C:/STM_BLUEPILL/ST32/Build/Object/SPI_program.o
                                0x3f9 (size before relaxing)
 .debug_str     0x0000155b      0x2e7 C:/STM_BLUEPILL/ST32/Build/Object/UART_program.o
                                0x468 (size before relaxing)

.comment        0x00000000       0x49
 .comment       0x00000000       0x49 C:/STM_BLUEPILL/ST32/Build/Object/main.o
                                 0x4a (size before relaxing)
 .comment       0x00000049       0x4a C:/STM_BLUEPILL/ST32/Build/Object/startup_stm32f103.o
 .comment       0x00000049       0x4a C:/STM_BLUEPILL/ST32/Build/Object/RCC_program.o
 .comment       0x00000049       0x4a C:/STM_BLUEPILL/ST32/Build/Object/NVIC_program.o
 .comment       0x00000049       0x4a C:/STM_BLUEPILL/ST32/Build/Object/SysTick_program.o
 .comment       0x00000049       0x4a C:/STM_BLUEPILL/ST32/Build/Object/GPIO_program.o
 .comment       0x00000049       0x4a C:/STM_BLUEPILL/ST32/Build/Object/EXTI_program.o
 .comment       0x00000049       0x4a C:/STM_BLUEPILL/ST32/Build/Object/AFIO_program.o
 .comment       0x00000049       0x4a C:/STM_BLUEPILL/ST32/Build/Object/SPI_program.o
 .comment       0x00000049       0x4a C:/STM_BLUEPILL/ST32/Build/Object/UART_program.o

.ARM.attributes
                0x00000000       0x2d
 .ARM.attributes
                0x00000000       0x2d C:/STM_BLUEPILL/ST32/Build/Object/main.o
 .ARM.attributes
                0x0000002d       0x2d C:/STM_BLUEPILL/ST32/Build/Object/startup_stm32f103.o
 .ARM.attributes
                0x0000005a       0x2d C:/STM_BLUEPILL/ST32/Build/Object/RCC_program.o
 .ARM.attributes
                0x00000087       0x2d C:/STM_BLUEPILL/ST32/Build/Object/NVIC_program.o
 .ARM.attributes
                0x000000b4       0x2d C:/STM_BLUEPILL/ST32/Build/Object/SysTick_program.o
 .ARM.attributes
                0x000000e1       0x2d C:/STM_BLUEPILL/ST32/Build/Object/GPIO_program.o
 .ARM.attributes
                0x0000010e       0x2d C:/STM_BLUEPILL/ST32/Build/Object/EXTI_program.o
 .ARM.attributes
                0x0000013b       0x2d C:/STM_BLUEPILL/ST32/Build/Object/AFIO_program.o
 .ARM.attributes
                0x00000168       0x2d C:/STM_BLUEPILL/ST32/Build/Object/SPI_program.o
 .ARM.attributes
                0x00000195       0x2d C:/STM_BLUEPILL/ST32/Build/Object/UART_program.o

.debug_frame    0x00000000      0x8b0
 .debug_frame   0x00000000       0x2c C:/STM_BLUEPILL/ST32/Build/Object/main.o
 .debug_frame   0x0000002c       0x74 C:/STM_BLUEPILL/ST32/Build/Object/startup_stm32f103.o
 .debug_frame   0x000000a0       0xb0 C:/STM_BLUEPILL/ST32/Build/Object/RCC_program.o
 .debug_frame   0x00000150      0x100 C:/STM_BLUEPILL/ST32/Build/Object/NVIC_program.o
 .debug_frame   0x00000250      0x120 C:/STM_BLUEPILL/ST32/Build/Object/SysTick_program.o
 .debug_frame   0x00000370       0xd8 C:/STM_BLUEPILL/ST32/Build/Object/GPIO_program.o
 .debug_frame   0x00000448      0x22c C:/STM_BLUEPILL/ST32/Build/Object/EXTI_program.o
 .debug_frame   0x00000674       0x38 C:/STM_BLUEPILL/ST32/Build/Object/AFIO_program.o
 .debug_frame   0x000006ac       0xb8 C:/STM_BLUEPILL/ST32/Build/Object/SPI_program.o
 .debug_frame   0x00000764      0x14c C:/STM_BLUEPILL/ST32/Build/Object/UART_program.o
