
Memory Configuration

Name             Origin             Length             Attributes
RAM              0x20000000         0x00005000         xrw
FLASH            0x08001400         0x0000ec00         xr
*default*        0x00000000         0xffffffff

Linker script and memory map

                0x20005000                _estack = (ORIGIN (RAM) + LENGTH (RAM))
                0x00000200                _Min_Heap_Size = 0x200
                0x00000400                _Min_Stack_Size = 0x400

.isr_vector     0x08001400      0x130
                0x08001400                . = ALIGN (0x4)
 *(.isr_vector)
 .isr_vector    0x08001400      0x130 C:/STM_BLUEPILL/ST32/Build/Object/startup_stm32f103.o
                0x08001400                Vector_Table
                0x08001530                . = ALIGN (0x4)

.text           0x08001530     0x1464
                0x08001530                . = ALIGN (0x4)
 *(.text)
 .text          0x08001530       0x74 C:/STM_BLUEPILL/ST32/Build/Object/main.o
                0x08001530                main
 .text          0x080015a4       0xb0 C:/STM_BLUEPILL/ST32/Build/Object/startup_stm32f103.o
                0x080015b0                Reset_Handler
                0x08001648                TIM8_CC_IRQHandler
                0x08001648                DebugMon_Handler
                0x08001648                TIM1_CC_IRQHandler
                0x08001648                HardFault_Handler
                0x08001648                TIM6_IRQHandler
                0x08001648                PVD_IRQHandler
                0x08001648                SDIO_IRQHandler
                0x08001648                TAMP_STAMP_IRQHandler
                0x08001648                PendSV_Handler
                0x08001648                NMI_Handler
                0x08001648                USB_HP_CAN_TX_IRQHandler
                0x08001648                I2C2_EV_IRQHandler
                0x08001648                UsageFault_Handler
                0x08001648                CAN_SCE_IRQHandler
                0x08001648                TIM8_UP_IRQHandler
                0x08001648                DMA2_Channel2_IRQHandler
                0x08001648                DMA1_Channel4_IRQHandler
                0x08001648                DMA1_Channel7_IRQHandler
                0x08001648                TIM8_TRG_COM_IRQHandler
                0x08001648                UART5_IRQHandler
                0x08001648                ADC3_IRQHandler
                0x08001648                TIM4_IRQHandler
                0x08001648                CAN_RX1_IRQHandler
                0x08001648                DMA2_Channel1_IRQHandler
                0x08001648                I2C1_EV_IRQHandler
                0x08001648                DMA1_Channel6_IRQHandler
                0x08001648                UART4_IRQHandler
                0x08001648                TIM3_IRQHandler
                0x08001648                RCC_IRQHandler
                0x08001648                TIM1_TRG_COM_IRQHandler
                0x08001648                DMA1_Channel1_IRQHandler
                0x08001648                Default_Handler
                0x08001648                EXTI15_10_IRQHandler
                0x08001648                TIM7_IRQHandler
                0x08001648                TIM5_IRQHandler
                0x08001648                EXTI9_5_IRQHandler
                0x08001648                RTC_WKUP_IRQHandler
                0x08001648                USB_LP_CAN_RX0_IRQHandler
                0x08001648                MemManage_Handler
                0x08001648                SVC_Handler
                0x08001648                ADC_1_2_IRQHandler
                0x08001648                DMA1_Channel5_IRQHandler
                0x08001648                DMA1_Channel3_IRQHandler
                0x08001648                FSMC_IRQHandler
                0x08001648                TIM1_UP_IRQHandler
                0x08001648                WWDG_IRQHandler
                0x08001648                TIM2_IRQHandler
                0x08001648                TIM1_BRK_IRQHandler
                0x08001648                RTCAlarm_IRQHandler
                0x08001648                DMA2_Channel4_5_IRQHandler
                0x08001648                I2C2_ER_IRQHandler
                0x08001648                DMA1_Channel2_IRQHandler
                0x08001648                TIM8_BRK_IRQHandler
                0x08001648                FLASH_IRQHandler
                0x08001648                BusFault_Handler
                0x08001648                SPI3_IRQHandler
                0x08001648                I2C1_ER_IRQHandler
                0x08001648                DMA2_Channel3_IRQHandler
 .text          0x08001654      0x208 C:/STM_BLUEPILL/ST32/Build/Object/RCC_program.o
                0x08001654                RCC_VidInit
                0x080016a4                RCC_voidEnablePeripheral
                0x08001740                RCC_voidDisablePeripheral
                0x080017e0                RCC_voidResetPeripheral
 .text          0x0800185c      0x210 C:/STM_BLUEPILL/ST32/Build/Object/NVIC_program.o
                0x0800185c                NVIC_EnableInterrupt
                0x080018ac                NVIC_DisableInterrupt
                0x080018fc                NVIC_SetPendingFlag
                0x0800194c                NVIC_ClearPendingFlag
                0x0800199c                NVIC_GetActiveInterrupt
                0x08001a08                NVIC_SetPriority
 .text          0x08001a6c      0x184 C:/STM_BLUEPILL/ST32/Build/Object/SysTick_program.o
                0x08001a6c                SysTick_voidInit
                0x08001a88                SysTick_voidSetBusyWait
                0x08001adc                SysTick_voidSetIntervalSingle
                0x08001b34                SysTick_voidSetIntervalPeriodoc
                0x08001b8c                SysTick_voidStopTimer
                0x08001ba8                SysTick_GetElapsedTime
                0x08001bc8                SysTick_GetRemaningTime
                0x08001bdc                SysTick_Handler
 .text          0x08001bf0      0x3e8 C:/STM_BLUEPILL/ST32/Build/Object/GPIO_program.o
                0x08001bf0                GPIO_SetPinConfig
                0x08001da0                GPIO_GetPinReading
                0x08001e40                GPIO_GetPortReading
                0x08001eac                GPIO_SetPinValue
                0x08001f7c                GPIO_SetPortValue
 .text          0x08001fd8      0x34c C:/STM_BLUEPILL/ST32/Build/Object/EXTI_program.o
                0x08001fd8                EXTI_voidInterrupEnable
                0x08002004                EXTI_voidInterrupDisable
                0x08002034                EXTI_SetSignalLatch
                0x08002150                EXTI_voidSwTrigger
                0x080021a8                EXT0_CallBack
                0x080021dc                EXT1_CallBack
                0x08002210                EXT2_CallBack
                0x08002244                EXT3_CallBack
                0x08002278                EXT4_CallBack
                0x080022ac                EXTI0_IRQHandler
                0x080022c4                EXTI1_IRQHandler
                0x080022dc                EXTI2_IRQHandler
                0x080022f4                EXTI3_IRQHandler
                0x0800230c                EXTI4_IRQHandler
 .text          0x08002324      0x108 C:/STM_BLUEPILL/ST32/Build/Object/AFIO_program.o
                0x08002324                AFIO_voidSetEXTIConfiguration
 .text          0x0800242c      0x1b8 C:/STM_BLUEPILL/ST32/Build/Object/SPI_program.o
                0x0800242c                SPI_voidInit
                0x080024b0                Spi_SendRecieveSync
                0x08002540                Spi_SendRecieveASync
                0x08002594                SPI1_IRQHandler
                0x080025bc                SPI2_IRQHandler
 .text          0x080025e4      0x3b0 C:/STM_BLUEPILL/ST32/Build/Object/UART_program.o
                0x080025e4                UART_voidInit
                0x080026a8                UART_u8SendCharSynch
                0x08002768                UART_u8ReceiveCharSynch
                0x08002864                UART_u8SendStringSynch
                0x080028b2                UART_u8RecieveStringSynch
                0x08002912                UART_IsStringEqual
                0x08002958                USART1_IRQHandler
                0x0800296c                USART2_IRQHandler
                0x08002980                USART3_IRQHandler
 *(.text*)
                0x08002994                . = ALIGN (0x4)
                0x08002994                _etext = .

.glue_7         0x08002994        0x0
 .glue_7        0x08002994        0x0 linker stubs

.glue_7t        0x08002994        0x0
 .glue_7t       0x08002994        0x0 linker stubs

.vfp11_veneer   0x08002994        0x0
 .vfp11_veneer  0x08002994        0x0 linker stubs

.v4_bx          0x08002994        0x0
 .v4_bx         0x08002994        0x0 linker stubs

.iplt           0x08002994        0x0
 .iplt          0x08002994        0x0 C:/STM_BLUEPILL/ST32/Build/Object/main.o

.rodata         0x08002994        0xc
                0x08002994                . = ALIGN (0x4)
 *(.rodata)
 .rodata        0x08002994        0x7 C:/STM_BLUEPILL/ST32/Build/Object/main.o
 *fill*         0x0800299b        0x1 
 .rodata        0x0800299c        0x4 C:/STM_BLUEPILL/ST32/Build/Object/startup_stm32f103.o
                0x0800299c                MSP_Value
 *(.rodata*)
                0x080029a0                . = ALIGN (0x4)
                0x080029a0                _sidata = LOADADDR (.data)

.rel.dyn        0x080029a0        0x0
 .rel.iplt      0x080029a0        0x0 C:/STM_BLUEPILL/ST32/Build/Object/main.o

.data           0x20000000        0x4 load address 0x080029a0
                0x20000000                . = ALIGN (0x4)
                0x20000000                _sdata = .
 *(.data)
 .data          0x20000000        0x4 C:/STM_BLUEPILL/ST32/Build/Object/main.o
                0x20000000                asd
 .data          0x20000004        0x0 C:/STM_BLUEPILL/ST32/Build/Object/startup_stm32f103.o
 .data          0x20000004        0x0 C:/STM_BLUEPILL/ST32/Build/Object/RCC_program.o
 .data          0x20000004        0x0 C:/STM_BLUEPILL/ST32/Build/Object/NVIC_program.o
 .data          0x20000004        0x0 C:/STM_BLUEPILL/ST32/Build/Object/SysTick_program.o
 .data          0x20000004        0x0 C:/STM_BLUEPILL/ST32/Build/Object/GPIO_program.o
 .data          0x20000004        0x0 C:/STM_BLUEPILL/ST32/Build/Object/EXTI_program.o
 .data          0x20000004        0x0 C:/STM_BLUEPILL/ST32/Build/Object/AFIO_program.o
 .data          0x20000004        0x0 C:/STM_BLUEPILL/ST32/Build/Object/SPI_program.o
 .data          0x20000004        0x0 C:/STM_BLUEPILL/ST32/Build/Object/UART_program.o
 *(.data*)
                0x20000004                . = ALIGN (0x4)
                0x20000004                _edata = .

.igot.plt       0x20000004        0x0 load address 0x080029a4
 .igot.plt      0x20000004        0x0 C:/STM_BLUEPILL/ST32/Build/Object/main.o

.bss            0x20000004       0x2c load address 0x080029a4
                0x20000004                _sbss = .
 *(.bss)
 .bss           0x20000004        0x0 C:/STM_BLUEPILL/ST32/Build/Object/main.o
 .bss           0x20000004        0x0 C:/STM_BLUEPILL/ST32/Build/Object/startup_stm32f103.o
 .bss           0x20000004        0x0 C:/STM_BLUEPILL/ST32/Build/Object/RCC_program.o
 .bss           0x20000004        0x0 C:/STM_BLUEPILL/ST32/Build/Object/NVIC_program.o
 .bss           0x20000004        0x4 C:/STM_BLUEPILL/ST32/Build/Object/SysTick_program.o
 .bss           0x20000008        0x0 C:/STM_BLUEPILL/ST32/Build/Object/GPIO_program.o
 .bss           0x20000008       0x14 C:/STM_BLUEPILL/ST32/Build/Object/EXTI_program.o
 .bss           0x2000001c        0x0 C:/STM_BLUEPILL/ST32/Build/Object/AFIO_program.o
 .bss           0x2000001c        0x8 C:/STM_BLUEPILL/ST32/Build/Object/SPI_program.o
 .bss           0x20000024        0xc C:/STM_BLUEPILL/ST32/Build/Object/UART_program.o
 *(.bss*)
                0x20000030                . = ALIGN (0x4)
                0x20000030                _ebss = .

._user_heap_stack
                0x20000030      0x600 load address 0x080029a4
                0x20000030                . = ALIGN (0x8)
                0x20000230                . = (. + _Min_Heap_Size)
 *fill*         0x20000030      0x200 
                0x20000630                . = (. + _Min_Stack_Size)
 *fill*         0x20000230      0x400 
                0x20000630                . = ALIGN (0x8)
LOAD C:/STM_BLUEPILL/ST32/Build/Object/main.o
LOAD C:/STM_BLUEPILL/ST32/Build/Object/startup_stm32f103.o
LOAD C:/STM_BLUEPILL/ST32/Build/Object/RCC_program.o
LOAD C:/STM_BLUEPILL/ST32/Build/Object/NVIC_program.o
LOAD C:/STM_BLUEPILL/ST32/Build/Object/SysTick_program.o
LOAD C:/STM_BLUEPILL/ST32/Build/Object/GPIO_program.o
LOAD C:/STM_BLUEPILL/ST32/Build/Object/EXTI_program.o
LOAD C:/STM_BLUEPILL/ST32/Build/Object/AFIO_program.o
LOAD C:/STM_BLUEPILL/ST32/Build/Object/SPI_program.o
LOAD C:/STM_BLUEPILL/ST32/Build/Object/UART_program.o
OUTPUT(C:/STM_BLUEPILL/ST32/Tools/app.elf elf32-littlearm)
LOAD linker stubs

.debug_info     0x00000000     0x2626
 .debug_info    0x00000000      0x342 C:/STM_BLUEPILL/ST32/Build/Object/main.o
 .debug_info    0x00000342      0x15e C:/STM_BLUEPILL/ST32/Build/Object/startup_stm32f103.o
 .debug_info    0x000004a0      0x5ea C:/STM_BLUEPILL/ST32/Build/Object/RCC_program.o
 .debug_info    0x00000a8a      0x2fd C:/STM_BLUEPILL/ST32/Build/Object/NVIC_program.o
 .debug_info    0x00000d87      0x261 C:/STM_BLUEPILL/ST32/Build/Object/SysTick_program.o
 .debug_info    0x00000fe8      0x4df C:/STM_BLUEPILL/ST32/Build/Object/GPIO_program.o
 .debug_info    0x000014c7      0x4b1 C:/STM_BLUEPILL/ST32/Build/Object/EXTI_program.o
 .debug_info    0x00001978      0x1b9 C:/STM_BLUEPILL/ST32/Build/Object/AFIO_program.o
 .debug_info    0x00001b31      0x4ed C:/STM_BLUEPILL/ST32/Build/Object/SPI_program.o
 .debug_info    0x0000201e      0x608 C:/STM_BLUEPILL/ST32/Build/Object/UART_program.o

.debug_abbrev   0x00000000      0xb38
 .debug_abbrev  0x00000000       0x98 C:/STM_BLUEPILL/ST32/Build/Object/main.o
 .debug_abbrev  0x00000098       0xe9 C:/STM_BLUEPILL/ST32/Build/Object/startup_stm32f103.o
 .debug_abbrev  0x00000181      0x105 C:/STM_BLUEPILL/ST32/Build/Object/RCC_program.o
 .debug_abbrev  0x00000286      0x13a C:/STM_BLUEPILL/ST32/Build/Object/NVIC_program.o
 .debug_abbrev  0x000003c0      0x150 C:/STM_BLUEPILL/ST32/Build/Object/SysTick_program.o
 .debug_abbrev  0x00000510      0x109 C:/STM_BLUEPILL/ST32/Build/Object/GPIO_program.o
 .debug_abbrev  0x00000619      0x14b C:/STM_BLUEPILL/ST32/Build/Object/EXTI_program.o
 .debug_abbrev  0x00000764       0xb6 C:/STM_BLUEPILL/ST32/Build/Object/AFIO_program.o
 .debug_abbrev  0x0000081a      0x138 C:/STM_BLUEPILL/ST32/Build/Object/SPI_program.o
 .debug_abbrev  0x00000952      0x1e6 C:/STM_BLUEPILL/ST32/Build/Object/UART_program.o

.debug_aranges  0x00000000      0x140
 .debug_aranges
                0x00000000       0x20 C:/STM_BLUEPILL/ST32/Build/Object/main.o
 .debug_aranges
                0x00000020       0x20 C:/STM_BLUEPILL/ST32/Build/Object/startup_stm32f103.o
 .debug_aranges
                0x00000040       0x20 C:/STM_BLUEPILL/ST32/Build/Object/RCC_program.o
 .debug_aranges
                0x00000060       0x20 C:/STM_BLUEPILL/ST32/Build/Object/NVIC_program.o
 .debug_aranges
                0x00000080       0x20 C:/STM_BLUEPILL/ST32/Build/Object/SysTick_program.o
 .debug_aranges
                0x000000a0       0x20 C:/STM_BLUEPILL/ST32/Build/Object/GPIO_program.o
 .debug_aranges
                0x000000c0       0x20 C:/STM_BLUEPILL/ST32/Build/Object/EXTI_program.o
 .debug_aranges
                0x000000e0       0x20 C:/STM_BLUEPILL/ST32/Build/Object/AFIO_program.o
 .debug_aranges
                0x00000100       0x20 C:/STM_BLUEPILL/ST32/Build/Object/SPI_program.o
 .debug_aranges
                0x00000120       0x20 C:/STM_BLUEPILL/ST32/Build/Object/UART_program.o

.debug_line     0x00000000     0x109a
 .debug_line    0x00000000      0x11d C:/STM_BLUEPILL/ST32/Build/Object/main.o
 .debug_line    0x0000011d       0xc6 C:/STM_BLUEPILL/ST32/Build/Object/startup_stm32f103.o
 .debug_line    0x000001e3      0x167 C:/STM_BLUEPILL/ST32/Build/Object/RCC_program.o
 .debug_line    0x0000034a      0x1a5 C:/STM_BLUEPILL/ST32/Build/Object/NVIC_program.o
 .debug_line    0x000004ef      0x15d C:/STM_BLUEPILL/ST32/Build/Object/SysTick_program.o
 .debug_line    0x0000064c      0x2a6 C:/STM_BLUEPILL/ST32/Build/Object/GPIO_program.o
 .debug_line    0x000008f2      0x1e5 C:/STM_BLUEPILL/ST32/Build/Object/EXTI_program.o
 .debug_line    0x00000ad7      0x15d C:/STM_BLUEPILL/ST32/Build/Object/AFIO_program.o
 .debug_line    0x00000c34      0x1a7 C:/STM_BLUEPILL/ST32/Build/Object/SPI_program.o
 .debug_line    0x00000ddb      0x2bf C:/STM_BLUEPILL/ST32/Build/Object/UART_program.o

.debug_str      0x00000000     0x17fa
 .debug_str     0x00000000      0x52f C:/STM_BLUEPILL/ST32/Build/Object/main.o
                                0x56a (size before relaxing)
 .debug_str     0x0000052f       0xd0 C:/STM_BLUEPILL/ST32/Build/Object/startup_stm32f103.o
                                0x155 (size before relaxing)
 .debug_str     0x000005ff      0x42b C:/STM_BLUEPILL/ST32/Build/Object/RCC_program.o
                                0x79d (size before relaxing)
 .debug_str     0x00000a2a      0x1bc C:/STM_BLUEPILL/ST32/Build/Object/NVIC_program.o
                                0x2d6 (size before relaxing)
 .debug_str     0x00000be6      0x19a C:/STM_BLUEPILL/ST32/Build/Object/SysTick_program.o
                                0x2c2 (size before relaxing)
 .debug_str     0x00000d80      0x151 C:/STM_BLUEPILL/ST32/Build/Object/GPIO_program.o
                                0x418 (size before relaxing)
 .debug_str     0x00000ed1      0x27e C:/STM_BLUEPILL/ST32/Build/Object/EXTI_program.o
                                0x3d5 (size before relaxing)
 .debug_str     0x0000114f      0x191 C:/STM_BLUEPILL/ST32/Build/Object/AFIO_program.o
                                0x2a6 (size before relaxing)
 .debug_str     0x000012e0      0x29c C:/STM_BLUEPILL/ST32/Build/Object/SPI_program.o
                                0x3f9 (size before relaxing)
 .debug_str     0x0000157c      0x27e C:/STM_BLUEPILL/ST32/Build/Object/UART_program.o
                                0x420 (size before relaxing)

.comment        0x00000000       0x49
 .comment       0x00000000       0x49 C:/STM_BLUEPILL/ST32/Build/Object/main.o
                                 0x4a (size before relaxing)
 .comment       0x00000049       0x4a C:/STM_BLUEPILL/ST32/Build/Object/startup_stm32f103.o
 .comment       0x00000049       0x4a C:/STM_BLUEPILL/ST32/Build/Object/RCC_program.o
 .comment       0x00000049       0x4a C:/STM_BLUEPILL/ST32/Build/Object/NVIC_program.o
 .comment       0x00000049       0x4a C:/STM_BLUEPILL/ST32/Build/Object/SysTick_program.o
 .comment       0x00000049       0x4a C:/STM_BLUEPILL/ST32/Build/Object/GPIO_program.o
 .comment       0x00000049       0x4a C:/STM_BLUEPILL/ST32/Build/Object/EXTI_program.o
 .comment       0x00000049       0x4a C:/STM_BLUEPILL/ST32/Build/Object/AFIO_program.o
 .comment       0x00000049       0x4a C:/STM_BLUEPILL/ST32/Build/Object/SPI_program.o
 .comment       0x00000049       0x4a C:/STM_BLUEPILL/ST32/Build/Object/UART_program.o

.ARM.attributes
                0x00000000       0x2d
 .ARM.attributes
                0x00000000       0x2d C:/STM_BLUEPILL/ST32/Build/Object/main.o
 .ARM.attributes
                0x0000002d       0x2d C:/STM_BLUEPILL/ST32/Build/Object/startup_stm32f103.o
 .ARM.attributes
                0x0000005a       0x2d C:/STM_BLUEPILL/ST32/Build/Object/RCC_program.o
 .ARM.attributes
                0x00000087       0x2d C:/STM_BLUEPILL/ST32/Build/Object/NVIC_program.o
 .ARM.attributes
                0x000000b4       0x2d C:/STM_BLUEPILL/ST32/Build/Object/SysTick_program.o
 .ARM.attributes
                0x000000e1       0x2d C:/STM_BLUEPILL/ST32/Build/Object/GPIO_program.o
 .ARM.attributes
                0x0000010e       0x2d C:/STM_BLUEPILL/ST32/Build/Object/EXTI_program.o
 .ARM.attributes
                0x0000013b       0x2d C:/STM_BLUEPILL/ST32/Build/Object/AFIO_program.o
 .ARM.attributes
                0x00000168       0x2d C:/STM_BLUEPILL/ST32/Build/Object/SPI_program.o
 .ARM.attributes
                0x00000195       0x2d C:/STM_BLUEPILL/ST32/Build/Object/UART_program.o

.debug_frame    0x00000000      0x8b4
 .debug_frame   0x00000000       0x30 C:/STM_BLUEPILL/ST32/Build/Object/main.o
 .debug_frame   0x00000030       0x74 C:/STM_BLUEPILL/ST32/Build/Object/startup_stm32f103.o
 .debug_frame   0x000000a4       0xb0 C:/STM_BLUEPILL/ST32/Build/Object/RCC_program.o
 .debug_frame   0x00000154      0x100 C:/STM_BLUEPILL/ST32/Build/Object/NVIC_program.o
 .debug_frame   0x00000254      0x120 C:/STM_BLUEPILL/ST32/Build/Object/SysTick_program.o
 .debug_frame   0x00000374       0xd8 C:/STM_BLUEPILL/ST32/Build/Object/GPIO_program.o
 .debug_frame   0x0000044c      0x22c C:/STM_BLUEPILL/ST32/Build/Object/EXTI_program.o
 .debug_frame   0x00000678       0x38 C:/STM_BLUEPILL/ST32/Build/Object/AFIO_program.o
 .debug_frame   0x000006b0       0xb8 C:/STM_BLUEPILL/ST32/Build/Object/SPI_program.o
 .debug_frame   0x00000768      0x14c C:/STM_BLUEPILL/ST32/Build/Object/UART_program.o
