
Memory Configuration

Name             Origin             Length             Attributes
RAM              0x20000000         0x00005000         xrw
FLASH            0x08000000         0x00010000         xr
*default*        0x00000000         0xffffffff

Linker script and memory map

                0x20005000                _estack = (ORIGIN (RAM) + LENGTH (RAM))
                0x00000200                _Min_Heap_Size = 0x200
                0x00000400                _Min_Stack_Size = 0x400

.isr_vector     0x08000000      0x130
                0x08000000                . = ALIGN (0x4)
 *(.isr_vector)
 .isr_vector    0x08000000      0x130 C:/STM_BLUEPILL/ST32/Build/Object/startup_stm32f103.o
                0x08000000                Vector_Table
                0x08000130                . = ALIGN (0x4)

.text           0x08000130     0x1630
                0x08000130                . = ALIGN (0x4)
 *(.text)
 .text          0x08000130       0xc4 C:/STM_BLUEPILL/ST32/Build/Object/main.o
                0x08000130                main
 .text          0x080001f4       0xb0 C:/STM_BLUEPILL/ST32/Build/Object/startup_stm32f103.o
                0x08000200                Reset_Handler
                0x08000298                TIM8_CC_IRQHandler
                0x08000298                DebugMon_Handler
                0x08000298                TIM1_CC_IRQHandler
                0x08000298                HardFault_Handler
                0x08000298                TIM6_IRQHandler
                0x08000298                PVD_IRQHandler
                0x08000298                SDIO_IRQHandler
                0x08000298                TAMP_STAMP_IRQHandler
                0x08000298                PendSV_Handler
                0x08000298                NMI_Handler
                0x08000298                USB_HP_CAN_TX_IRQHandler
                0x08000298                I2C2_EV_IRQHandler
                0x08000298                UsageFault_Handler
                0x08000298                SPI1_IRQHandler
                0x08000298                CAN_SCE_IRQHandler
                0x08000298                TIM8_UP_IRQHandler
                0x08000298                DMA2_Channel2_IRQHandler
                0x08000298                DMA1_Channel4_IRQHandler
                0x08000298                DMA1_Channel7_IRQHandler
                0x08000298                TIM8_TRG_COM_IRQHandler
                0x08000298                UART5_IRQHandler
                0x08000298                ADC3_IRQHandler
                0x08000298                TIM4_IRQHandler
                0x08000298                CAN_RX1_IRQHandler
                0x08000298                DMA2_Channel1_IRQHandler
                0x08000298                I2C1_EV_IRQHandler
                0x08000298                DMA1_Channel6_IRQHandler
                0x08000298                UART4_IRQHandler
                0x08000298                TIM3_IRQHandler
                0x08000298                RCC_IRQHandler
                0x08000298                TIM1_TRG_COM_IRQHandler
                0x08000298                DMA1_Channel1_IRQHandler
                0x08000298                Default_Handler
                0x08000298                EXTI15_10_IRQHandler
                0x08000298                TIM7_IRQHandler
                0x08000298                TIM5_IRQHandler
                0x08000298                EXTI9_5_IRQHandler
                0x08000298                RTC_WKUP_IRQHandler
                0x08000298                SPI2_IRQHandler
                0x08000298                USB_LP_CAN_RX0_IRQHandler
                0x08000298                MemManage_Handler
                0x08000298                SVC_Handler
                0x08000298                ADC_1_2_IRQHandler
                0x08000298                DMA1_Channel5_IRQHandler
                0x08000298                DMA1_Channel3_IRQHandler
                0x08000298                FSMC_IRQHandler
                0x08000298                TIM1_UP_IRQHandler
                0x08000298                WWDG_IRQHandler
                0x08000298                TIM2_IRQHandler
                0x08000298                TIM1_BRK_IRQHandler
                0x08000298                RTCAlarm_IRQHandler
                0x08000298                DMA2_Channel4_5_IRQHandler
                0x08000298                I2C2_ER_IRQHandler
                0x08000298                DMA1_Channel2_IRQHandler
                0x08000298                TIM8_BRK_IRQHandler
                0x08000298                FLASH_IRQHandler
                0x08000298                BusFault_Handler
                0x08000298                SPI3_IRQHandler
                0x08000298                I2C1_ER_IRQHandler
                0x08000298                DMA2_Channel3_IRQHandler
 .text          0x080002a4      0x208 C:/STM_BLUEPILL/ST32/Build/Object/RCC_program.o
                0x080002a4                RCC_VidInit
                0x080002f4                RCC_voidEnablePeripheral
                0x08000390                RCC_voidDisablePeripheral
                0x08000430                RCC_voidResetPeripheral
 .text          0x080004ac      0x210 C:/STM_BLUEPILL/ST32/Build/Object/NVIC_program.o
                0x080004ac                NVIC_EnableInterrupt
                0x080004fc                NVIC_DisableInterrupt
                0x0800054c                NVIC_SetPendingFlag
                0x0800059c                NVIC_ClearPendingFlag
                0x080005ec                NVIC_GetActiveInterrupt
                0x08000658                NVIC_SetPriority
 .text          0x080006bc      0x188 C:/STM_BLUEPILL/ST32/Build/Object/SysTick_program.o
                0x080006bc                SysTick_voidInit
                0x080006d8                SysTick_voidSetBusyWait
                0x08000730                SysTick_voidSetIntervalSingle
                0x08000788                SysTick_voidSetIntervalPeriodoc
                0x080007e0                SysTick_voidStopTimer
                0x080007fc                SysTick_GetElapsedTime
                0x0800081c                SysTick_GetRemaningTime
                0x08000830                SysTick_Handler
 .text          0x08000844      0x3e8 C:/STM_BLUEPILL/ST32/Build/Object/GPIO_program.o
                0x08000844                GPIO_SetPinConfig
                0x080009f4                GPIO_GetPinReading
                0x08000a94                GPIO_GetPortReading
                0x08000b00                GPIO_SetPinValue
                0x08000bd0                GPIO_SetPortValue
 .text          0x08000c2c      0x34c C:/STM_BLUEPILL/ST32/Build/Object/EXTI_program.o
                0x08000c2c                EXTI_voidInterrupEnable
                0x08000c58                EXTI_voidInterrupDisable
                0x08000c88                EXTI_SetSignalLatch
                0x08000da4                EXTI_voidSwTrigger
                0x08000dfc                EXT0_CallBack
                0x08000e30                EXT1_CallBack
                0x08000e64                EXT2_CallBack
                0x08000e98                EXT3_CallBack
                0x08000ecc                EXT4_CallBack
                0x08000f00                EXTI0_IRQHandler
                0x08000f18                EXTI1_IRQHandler
                0x08000f30                EXTI2_IRQHandler
                0x08000f48                EXTI3_IRQHandler
                0x08000f60                EXTI4_IRQHandler
 .text          0x08000f78      0x108 C:/STM_BLUEPILL/ST32/Build/Object/AFIO_program.o
                0x08000f78                AFIO_voidSetEXTIConfiguration
 .text          0x08001080       0xc0 C:/STM_BLUEPILL/ST32/Build/Object/SPI_program.o
                0x08001080                SPI_voidInit
                0x080010ec                Spi_SendRecieveSync
 .text          0x08001140      0x620 C:/STM_BLUEPILL/ST32/Build/Object/UART_program.o
                0x08001140                UART_voidInit
                0x08001374                UART_u8SendCharASynch
                0x080013a4                UART_u8SendCharSynch
                0x08001464                UART_u8ReceiveCharAsynch
                0x08001520                UART_u8ReceiveCharSynch
                0x0800161c                UART_u8SendStringSynch
                0x0800166a                UART_u8RecieveStringSynch
                0x080016ca                UART_IsStringEqual
                0x08001710                USART1_IRQHandler
                0x08001738                USART2_IRQHandler
                0x0800174c                USART3_IRQHandler
 *(.text*)
                0x08001760                . = ALIGN (0x4)
                0x08001760                _etext = .

.glue_7         0x08001760        0x0
 .glue_7        0x08001760        0x0 linker stubs

.glue_7t        0x08001760        0x0
 .glue_7t       0x08001760        0x0 linker stubs

.vfp11_veneer   0x08001760        0x0
 .vfp11_veneer  0x08001760        0x0 linker stubs

.v4_bx          0x08001760        0x0
 .v4_bx         0x08001760        0x0 linker stubs

.iplt           0x08001760        0x0
 .iplt          0x08001760        0x0 C:/STM_BLUEPILL/ST32/Build/Object/main.o

.rodata         0x08001760        0x8
                0x08001760                . = ALIGN (0x4)
 *(.rodata)
 .rodata        0x08001760        0x2 C:/STM_BLUEPILL/ST32/Build/Object/main.o
 *fill*         0x08001762        0x2 
 .rodata        0x08001764        0x4 C:/STM_BLUEPILL/ST32/Build/Object/startup_stm32f103.o
                0x08001764                MSP_Value
 *(.rodata*)
                0x08001768                . = ALIGN (0x4)
                0x08001768                _sidata = LOADADDR (.data)

.rel.dyn        0x08001768        0x0
 .rel.iplt      0x08001768        0x0 C:/STM_BLUEPILL/ST32/Build/Object/main.o

.data           0x20000000        0x0 load address 0x08001768
                0x20000000                . = ALIGN (0x4)
                0x20000000                _sdata = .
 *(.data)
 .data          0x20000000        0x0 C:/STM_BLUEPILL/ST32/Build/Object/main.o
 .data          0x20000000        0x0 C:/STM_BLUEPILL/ST32/Build/Object/startup_stm32f103.o
 .data          0x20000000        0x0 C:/STM_BLUEPILL/ST32/Build/Object/RCC_program.o
 .data          0x20000000        0x0 C:/STM_BLUEPILL/ST32/Build/Object/NVIC_program.o
 .data          0x20000000        0x0 C:/STM_BLUEPILL/ST32/Build/Object/SysTick_program.o
 .data          0x20000000        0x0 C:/STM_BLUEPILL/ST32/Build/Object/GPIO_program.o
 .data          0x20000000        0x0 C:/STM_BLUEPILL/ST32/Build/Object/EXTI_program.o
 .data          0x20000000        0x0 C:/STM_BLUEPILL/ST32/Build/Object/AFIO_program.o
 .data          0x20000000        0x0 C:/STM_BLUEPILL/ST32/Build/Object/SPI_program.o
 .data          0x20000000        0x0 C:/STM_BLUEPILL/ST32/Build/Object/UART_program.o
 *(.data*)
                0x20000000                . = ALIGN (0x4)
                0x20000000                _edata = .

.igot.plt       0x20000000        0x0 load address 0x08001768
 .igot.plt      0x20000000        0x0 C:/STM_BLUEPILL/ST32/Build/Object/main.o

.bss            0x20000000       0x28 load address 0x08001768
                0x20000000                _sbss = .
 *(.bss)
 .bss           0x20000000        0x0 C:/STM_BLUEPILL/ST32/Build/Object/main.o
 .bss           0x20000000        0x0 C:/STM_BLUEPILL/ST32/Build/Object/startup_stm32f103.o
 .bss           0x20000000        0x0 C:/STM_BLUEPILL/ST32/Build/Object/RCC_program.o
 .bss           0x20000000        0x0 C:/STM_BLUEPILL/ST32/Build/Object/NVIC_program.o
 .bss           0x20000000        0x4 C:/STM_BLUEPILL/ST32/Build/Object/SysTick_program.o
 .bss           0x20000004        0x0 C:/STM_BLUEPILL/ST32/Build/Object/GPIO_program.o
 .bss           0x20000004       0x14 C:/STM_BLUEPILL/ST32/Build/Object/EXTI_program.o
 .bss           0x20000018        0x0 C:/STM_BLUEPILL/ST32/Build/Object/AFIO_program.o
 .bss           0x20000018        0x0 C:/STM_BLUEPILL/ST32/Build/Object/SPI_program.o
 .bss           0x20000018       0x10 C:/STM_BLUEPILL/ST32/Build/Object/UART_program.o
                0x20000024                Global_Recieve
 *(.bss*)
                0x20000028                . = ALIGN (0x4)
                0x20000028                _ebss = .

._user_heap_stack
                0x20000028      0x600 load address 0x08001768
                0x20000028                . = ALIGN (0x8)
                0x20000228                . = (. + _Min_Heap_Size)
 *fill*         0x20000028      0x200 
                0x20000628                . = (. + _Min_Stack_Size)
 *fill*         0x20000228      0x400 
                0x20000628                . = ALIGN (0x8)
LOAD C:/STM_BLUEPILL/ST32/Build/Object/main.o
LOAD C:/STM_BLUEPILL/ST32/Build/Object/startup_stm32f103.o
LOAD C:/STM_BLUEPILL/ST32/Build/Object/RCC_program.o
LOAD C:/STM_BLUEPILL/ST32/Build/Object/NVIC_program.o
LOAD C:/STM_BLUEPILL/ST32/Build/Object/SysTick_program.o
LOAD C:/STM_BLUEPILL/ST32/Build/Object/GPIO_program.o
LOAD C:/STM_BLUEPILL/ST32/Build/Object/EXTI_program.o
LOAD C:/STM_BLUEPILL/ST32/Build/Object/AFIO_program.o
LOAD C:/STM_BLUEPILL/ST32/Build/Object/SPI_program.o
LOAD C:/STM_BLUEPILL/ST32/Build/Object/UART_program.o
OUTPUT(C:/STM_BLUEPILL/ST32/Tools/app.elf elf32-littlearm)
LOAD linker stubs

.debug_info     0x00000000     0x259a
 .debug_info    0x00000000      0x2fd C:/STM_BLUEPILL/ST32/Build/Object/main.o
 .debug_info    0x000002fd      0x15e C:/STM_BLUEPILL/ST32/Build/Object/startup_stm32f103.o
 .debug_info    0x0000045b      0x5ea C:/STM_BLUEPILL/ST32/Build/Object/RCC_program.o
 .debug_info    0x00000a45      0x2fd C:/STM_BLUEPILL/ST32/Build/Object/NVIC_program.o
 .debug_info    0x00000d42      0x261 C:/STM_BLUEPILL/ST32/Build/Object/SysTick_program.o
 .debug_info    0x00000fa3      0x4df C:/STM_BLUEPILL/ST32/Build/Object/GPIO_program.o
 .debug_info    0x00001482      0x4b1 C:/STM_BLUEPILL/ST32/Build/Object/EXTI_program.o
 .debug_info    0x00001933      0x1b9 C:/STM_BLUEPILL/ST32/Build/Object/AFIO_program.o
 .debug_info    0x00001aec      0x3a0 C:/STM_BLUEPILL/ST32/Build/Object/SPI_program.o
 .debug_info    0x00001e8c      0x70e C:/STM_BLUEPILL/ST32/Build/Object/UART_program.o

.debug_abbrev   0x00000000      0xafa
 .debug_abbrev  0x00000000       0x60 C:/STM_BLUEPILL/ST32/Build/Object/main.o
 .debug_abbrev  0x00000060       0xe9 C:/STM_BLUEPILL/ST32/Build/Object/startup_stm32f103.o
 .debug_abbrev  0x00000149      0x105 C:/STM_BLUEPILL/ST32/Build/Object/RCC_program.o
 .debug_abbrev  0x0000024e      0x13a C:/STM_BLUEPILL/ST32/Build/Object/NVIC_program.o
 .debug_abbrev  0x00000388      0x150 C:/STM_BLUEPILL/ST32/Build/Object/SysTick_program.o
 .debug_abbrev  0x000004d8      0x109 C:/STM_BLUEPILL/ST32/Build/Object/GPIO_program.o
 .debug_abbrev  0x000005e1      0x14b C:/STM_BLUEPILL/ST32/Build/Object/EXTI_program.o
 .debug_abbrev  0x0000072c       0xb6 C:/STM_BLUEPILL/ST32/Build/Object/AFIO_program.o
 .debug_abbrev  0x000007e2      0x10e C:/STM_BLUEPILL/ST32/Build/Object/SPI_program.o
 .debug_abbrev  0x000008f0      0x20a C:/STM_BLUEPILL/ST32/Build/Object/UART_program.o

.debug_aranges  0x00000000      0x140
 .debug_aranges
                0x00000000       0x20 C:/STM_BLUEPILL/ST32/Build/Object/main.o
 .debug_aranges
                0x00000020       0x20 C:/STM_BLUEPILL/ST32/Build/Object/startup_stm32f103.o
 .debug_aranges
                0x00000040       0x20 C:/STM_BLUEPILL/ST32/Build/Object/RCC_program.o
 .debug_aranges
                0x00000060       0x20 C:/STM_BLUEPILL/ST32/Build/Object/NVIC_program.o
 .debug_aranges
                0x00000080       0x20 C:/STM_BLUEPILL/ST32/Build/Object/SysTick_program.o
 .debug_aranges
                0x000000a0       0x20 C:/STM_BLUEPILL/ST32/Build/Object/GPIO_program.o
 .debug_aranges
                0x000000c0       0x20 C:/STM_BLUEPILL/ST32/Build/Object/EXTI_program.o
 .debug_aranges
                0x000000e0       0x20 C:/STM_BLUEPILL/ST32/Build/Object/AFIO_program.o
 .debug_aranges
                0x00000100       0x20 C:/STM_BLUEPILL/ST32/Build/Object/SPI_program.o
 .debug_aranges
                0x00000120       0x20 C:/STM_BLUEPILL/ST32/Build/Object/UART_program.o

.debug_line     0x00000000     0x1125
 .debug_line    0x00000000      0x11b C:/STM_BLUEPILL/ST32/Build/Object/main.o
 .debug_line    0x0000011b       0xc6 C:/STM_BLUEPILL/ST32/Build/Object/startup_stm32f103.o
 .debug_line    0x000001e1      0x167 C:/STM_BLUEPILL/ST32/Build/Object/RCC_program.o
 .debug_line    0x00000348      0x1a5 C:/STM_BLUEPILL/ST32/Build/Object/NVIC_program.o
 .debug_line    0x000004ed      0x164 C:/STM_BLUEPILL/ST32/Build/Object/SysTick_program.o
 .debug_line    0x00000651      0x2a6 C:/STM_BLUEPILL/ST32/Build/Object/GPIO_program.o
 .debug_line    0x000008f7      0x1e5 C:/STM_BLUEPILL/ST32/Build/Object/EXTI_program.o
 .debug_line    0x00000adc      0x15d C:/STM_BLUEPILL/ST32/Build/Object/AFIO_program.o
 .debug_line    0x00000c39      0x111 C:/STM_BLUEPILL/ST32/Build/Object/SPI_program.o
 .debug_line    0x00000d4a      0x3db C:/STM_BLUEPILL/ST32/Build/Object/UART_program.o

.debug_str      0x00000000     0x17ed
 .debug_str     0x00000000      0x52f C:/STM_BLUEPILL/ST32/Build/Object/main.o
                                0x56a (size before relaxing)
 .debug_str     0x0000052f       0xd0 C:/STM_BLUEPILL/ST32/Build/Object/startup_stm32f103.o
                                0x155 (size before relaxing)
 .debug_str     0x000005ff      0x42b C:/STM_BLUEPILL/ST32/Build/Object/RCC_program.o
                                0x79d (size before relaxing)
 .debug_str     0x00000a2a      0x1bc C:/STM_BLUEPILL/ST32/Build/Object/NVIC_program.o
                                0x2d6 (size before relaxing)
 .debug_str     0x00000be6      0x19a C:/STM_BLUEPILL/ST32/Build/Object/SysTick_program.o
                                0x2c2 (size before relaxing)
 .debug_str     0x00000d80      0x151 C:/STM_BLUEPILL/ST32/Build/Object/GPIO_program.o
                                0x418 (size before relaxing)
 .debug_str     0x00000ed1      0x27e C:/STM_BLUEPILL/ST32/Build/Object/EXTI_program.o
                                0x3d5 (size before relaxing)
 .debug_str     0x0000114f      0x191 C:/STM_BLUEPILL/ST32/Build/Object/AFIO_program.o
                                0x2a6 (size before relaxing)
 .debug_str     0x000012e0      0x1f1 C:/STM_BLUEPILL/ST32/Build/Object/SPI_program.o
                                0x34e (size before relaxing)
 .debug_str     0x000014d1      0x31c C:/STM_BLUEPILL/ST32/Build/Object/UART_program.o
                                0x4b1 (size before relaxing)

.comment        0x00000000       0x49
 .comment       0x00000000       0x49 C:/STM_BLUEPILL/ST32/Build/Object/main.o
                                 0x4a (size before relaxing)
 .comment       0x00000049       0x4a C:/STM_BLUEPILL/ST32/Build/Object/startup_stm32f103.o
 .comment       0x00000049       0x4a C:/STM_BLUEPILL/ST32/Build/Object/RCC_program.o
 .comment       0x00000049       0x4a C:/STM_BLUEPILL/ST32/Build/Object/NVIC_program.o
 .comment       0x00000049       0x4a C:/STM_BLUEPILL/ST32/Build/Object/SysTick_program.o
 .comment       0x00000049       0x4a C:/STM_BLUEPILL/ST32/Build/Object/GPIO_program.o
 .comment       0x00000049       0x4a C:/STM_BLUEPILL/ST32/Build/Object/EXTI_program.o
 .comment       0x00000049       0x4a C:/STM_BLUEPILL/ST32/Build/Object/AFIO_program.o
 .comment       0x00000049       0x4a C:/STM_BLUEPILL/ST32/Build/Object/SPI_program.o
 .comment       0x00000049       0x4a C:/STM_BLUEPILL/ST32/Build/Object/UART_program.o

.ARM.attributes
                0x00000000       0x2d
 .ARM.attributes
                0x00000000       0x2d C:/STM_BLUEPILL/ST32/Build/Object/main.o
 .ARM.attributes
                0x0000002d       0x2d C:/STM_BLUEPILL/ST32/Build/Object/startup_stm32f103.o
 .ARM.attributes
                0x0000005a       0x2d C:/STM_BLUEPILL/ST32/Build/Object/RCC_program.o
 .ARM.attributes
                0x00000087       0x2d C:/STM_BLUEPILL/ST32/Build/Object/NVIC_program.o
 .ARM.attributes
                0x000000b4       0x2d C:/STM_BLUEPILL/ST32/Build/Object/SysTick_program.o
 .ARM.attributes
                0x000000e1       0x2d C:/STM_BLUEPILL/ST32/Build/Object/GPIO_program.o
 .ARM.attributes
                0x0000010e       0x2d C:/STM_BLUEPILL/ST32/Build/Object/EXTI_program.o
 .ARM.attributes
                0x0000013b       0x2d C:/STM_BLUEPILL/ST32/Build/Object/AFIO_program.o
 .ARM.attributes
                0x00000168       0x2d C:/STM_BLUEPILL/ST32/Build/Object/SPI_program.o
 .ARM.attributes
                0x00000195       0x2d C:/STM_BLUEPILL/ST32/Build/Object/UART_program.o

.debug_frame    0x00000000      0x8a0
 .debug_frame   0x00000000       0x2c C:/STM_BLUEPILL/ST32/Build/Object/main.o
 .debug_frame   0x0000002c       0x74 C:/STM_BLUEPILL/ST32/Build/Object/startup_stm32f103.o
 .debug_frame   0x000000a0       0xb0 C:/STM_BLUEPILL/ST32/Build/Object/RCC_program.o
 .debug_frame   0x00000150      0x100 C:/STM_BLUEPILL/ST32/Build/Object/NVIC_program.o
 .debug_frame   0x00000250      0x120 C:/STM_BLUEPILL/ST32/Build/Object/SysTick_program.o
 .debug_frame   0x00000370       0xd8 C:/STM_BLUEPILL/ST32/Build/Object/GPIO_program.o
 .debug_frame   0x00000448      0x22c C:/STM_BLUEPILL/ST32/Build/Object/EXTI_program.o
 .debug_frame   0x00000674       0x38 C:/STM_BLUEPILL/ST32/Build/Object/AFIO_program.o
 .debug_frame   0x000006ac       0x58 C:/STM_BLUEPILL/ST32/Build/Object/SPI_program.o
 .debug_frame   0x00000704      0x19c C:/STM_BLUEPILL/ST32/Build/Object/UART_program.o
