
Memory Configuration

Name             Origin             Length             Attributes
RAM              0x20000000         0x00005000         xrw
FLASH            0x08000000         0x0000ec00         xr
*default*        0x00000000         0xffffffff

Linker script and memory map

                0x20005000                _estack = (ORIGIN (RAM) + LENGTH (RAM))
                0x00000200                _Min_Heap_Size = 0x200
                0x00000400                _Min_Stack_Size = 0x400

.isr_vector     0x08000000      0x130
                0x08000000                . = ALIGN (0x4)
 *(.isr_vector)
 .isr_vector    0x08000000      0x130 C:/STM_BLUEPILL/ST32/Build/Object/startup_stm32f103.o
                0x08000000                Vector_Table
                0x08000130                . = ALIGN (0x4)

.text           0x08000130     0x15fc
                0x08000130                . = ALIGN (0x4)
 *(.text)
 .text          0x08000130       0x94 C:/STM_BLUEPILL/ST32/Build/Object/main.o
                0x08000130                main
 .text          0x080001c4       0xb0 C:/STM_BLUEPILL/ST32/Build/Object/startup_stm32f103.o
                0x080001d0                Reset_Handler
                0x08000268                TIM8_CC_IRQHandler
                0x08000268                DebugMon_Handler
                0x08000268                TIM1_CC_IRQHandler
                0x08000268                HardFault_Handler
                0x08000268                TIM6_IRQHandler
                0x08000268                PVD_IRQHandler
                0x08000268                SDIO_IRQHandler
                0x08000268                TAMP_STAMP_IRQHandler
                0x08000268                PendSV_Handler
                0x08000268                NMI_Handler
                0x08000268                USB_HP_CAN_TX_IRQHandler
                0x08000268                I2C2_EV_IRQHandler
                0x08000268                UsageFault_Handler
                0x08000268                CAN_SCE_IRQHandler
                0x08000268                TIM8_UP_IRQHandler
                0x08000268                DMA2_Channel2_IRQHandler
                0x08000268                DMA1_Channel4_IRQHandler
                0x08000268                DMA1_Channel7_IRQHandler
                0x08000268                TIM8_TRG_COM_IRQHandler
                0x08000268                UART5_IRQHandler
                0x08000268                ADC3_IRQHandler
                0x08000268                TIM4_IRQHandler
                0x08000268                CAN_RX1_IRQHandler
                0x08000268                DMA2_Channel1_IRQHandler
                0x08000268                I2C1_EV_IRQHandler
                0x08000268                DMA1_Channel6_IRQHandler
                0x08000268                UART4_IRQHandler
                0x08000268                TIM3_IRQHandler
                0x08000268                RCC_IRQHandler
                0x08000268                TIM1_TRG_COM_IRQHandler
                0x08000268                DMA1_Channel1_IRQHandler
                0x08000268                Default_Handler
                0x08000268                EXTI15_10_IRQHandler
                0x08000268                TIM7_IRQHandler
                0x08000268                TIM5_IRQHandler
                0x08000268                EXTI9_5_IRQHandler
                0x08000268                RTC_WKUP_IRQHandler
                0x08000268                USB_LP_CAN_RX0_IRQHandler
                0x08000268                MemManage_Handler
                0x08000268                SVC_Handler
                0x08000268                ADC_1_2_IRQHandler
                0x08000268                DMA1_Channel5_IRQHandler
                0x08000268                DMA1_Channel3_IRQHandler
                0x08000268                FSMC_IRQHandler
                0x08000268                TIM1_UP_IRQHandler
                0x08000268                WWDG_IRQHandler
                0x08000268                TIM2_IRQHandler
                0x08000268                TIM1_BRK_IRQHandler
                0x08000268                RTCAlarm_IRQHandler
                0x08000268                DMA2_Channel4_5_IRQHandler
                0x08000268                I2C2_ER_IRQHandler
                0x08000268                DMA1_Channel2_IRQHandler
                0x08000268                TIM8_BRK_IRQHandler
                0x08000268                FLASH_IRQHandler
                0x08000268                BusFault_Handler
                0x08000268                SPI3_IRQHandler
                0x08000268                I2C1_ER_IRQHandler
                0x08000268                DMA2_Channel3_IRQHandler
 .text          0x08000274      0x208 C:/STM_BLUEPILL/ST32/Build/Object/RCC_program.o
                0x08000274                RCC_VidInit
                0x080002c4                RCC_voidEnablePeripheral
                0x08000360                RCC_voidDisablePeripheral
                0x08000400                RCC_voidResetPeripheral
 .text          0x0800047c      0x210 C:/STM_BLUEPILL/ST32/Build/Object/NVIC_program.o
                0x0800047c                NVIC_EnableInterrupt
                0x080004cc                NVIC_DisableInterrupt
                0x0800051c                NVIC_SetPendingFlag
                0x0800056c                NVIC_ClearPendingFlag
                0x080005bc                NVIC_GetActiveInterrupt
                0x08000628                NVIC_SetPriority
 .text          0x0800068c      0x184 C:/STM_BLUEPILL/ST32/Build/Object/SysTick_program.o
                0x0800068c                SysTick_voidInit
                0x080006a8                SysTick_voidSetBusyWait
                0x080006fc                SysTick_voidSetIntervalSingle
                0x08000754                SysTick_voidSetIntervalPeriodoc
                0x080007ac                SysTick_voidStopTimer
                0x080007c8                SysTick_GetElapsedTime
                0x080007e8                SysTick_GetRemaningTime
                0x080007fc                SysTick_Handler
 .text          0x08000810      0x3e8 C:/STM_BLUEPILL/ST32/Build/Object/GPIO_program.o
                0x08000810                GPIO_SetPinConfig
                0x080009c0                GPIO_GetPinReading
                0x08000a60                GPIO_GetPortReading
                0x08000acc                GPIO_SetPinValue
                0x08000b9c                GPIO_SetPortValue
 .text          0x08000bf8      0x34c C:/STM_BLUEPILL/ST32/Build/Object/EXTI_program.o
                0x08000bf8                EXTI_voidInterrupEnable
                0x08000c24                EXTI_voidInterrupDisable
                0x08000c54                EXTI_SetSignalLatch
                0x08000d70                EXTI_voidSwTrigger
                0x08000dc8                EXT0_CallBack
                0x08000dfc                EXT1_CallBack
                0x08000e30                EXT2_CallBack
                0x08000e64                EXT3_CallBack
                0x08000e98                EXT4_CallBack
                0x08000ecc                EXTI0_IRQHandler
                0x08000ee4                EXTI1_IRQHandler
                0x08000efc                EXTI2_IRQHandler
                0x08000f14                EXTI3_IRQHandler
                0x08000f2c                EXTI4_IRQHandler
 .text          0x08000f44      0x108 C:/STM_BLUEPILL/ST32/Build/Object/AFIO_program.o
                0x08000f44                AFIO_voidSetEXTIConfiguration
 .text          0x0800104c      0x1b8 C:/STM_BLUEPILL/ST32/Build/Object/SPI_program.o
                0x0800104c                SPI_voidInit
                0x080010d0                Spi_SendRecieveSync
                0x08001160                Spi_SendRecieveASync
                0x080011b4                SPI1_IRQHandler
                0x080011dc                SPI2_IRQHandler
 .text          0x08001204      0x3b8 C:/STM_BLUEPILL/ST32/Build/Object/UART_program.o
                0x08001204                UART_voidInit
                0x080012c8                UART_u8SendCharSynch
                0x08001388                UART_u8ReceiveCharSynch
                0x0800148c                UART_u8SendStringSynch
                0x080014da                UART_u8RecieveStringSynch
                0x0800153a                UART_IsStringEqual
                0x08001580                USART1_IRQHandler
                0x08001594                USART2_IRQHandler
                0x080015a8                USART3_IRQHandler
 .text          0x080015bc      0x170 C:/STM_BLUEPILL/ST32/Build/Object/FPEC.o
                0x080015bc                FPEC_voidEraseAppArea
                0x080015e6                FPEC_voidFlashPageErase
                0x08001678                FPEC_voidFlashWrite
 *(.text*)
                0x0800172c                . = ALIGN (0x4)
                0x0800172c                _etext = .

.glue_7         0x0800172c        0x0
 .glue_7        0x0800172c        0x0 linker stubs

.glue_7t        0x0800172c        0x0
 .glue_7t       0x0800172c        0x0 linker stubs

.vfp11_veneer   0x0800172c        0x0
 .vfp11_veneer  0x0800172c        0x0 linker stubs

.v4_bx          0x0800172c        0x0
 .v4_bx         0x0800172c        0x0 linker stubs

.iplt           0x0800172c        0x0
 .iplt          0x0800172c        0x0 C:/STM_BLUEPILL/ST32/Build/Object/main.o

.rodata         0x0800172c       0x2c
                0x0800172c                . = ALIGN (0x4)
 *(.rodata)
 .rodata        0x0800172c       0x26 C:/STM_BLUEPILL/ST32/Build/Object/main.o
 *fill*         0x08001752        0x2 
 .rodata        0x08001754        0x4 C:/STM_BLUEPILL/ST32/Build/Object/startup_stm32f103.o
                0x08001754                MSP_Value
 *(.rodata*)
                0x08001758                . = ALIGN (0x4)
                0x08001758                _sidata = LOADADDR (.data)

.rel.dyn        0x08001758        0x0
 .rel.iplt      0x08001758        0x0 C:/STM_BLUEPILL/ST32/Build/Object/main.o

.data           0x20000000        0x0 load address 0x08001758
                0x20000000                . = ALIGN (0x4)
                0x20000000                _sdata = .
 *(.data)
 .data          0x20000000        0x0 C:/STM_BLUEPILL/ST32/Build/Object/main.o
 .data          0x20000000        0x0 C:/STM_BLUEPILL/ST32/Build/Object/startup_stm32f103.o
 .data          0x20000000        0x0 C:/STM_BLUEPILL/ST32/Build/Object/RCC_program.o
 .data          0x20000000        0x0 C:/STM_BLUEPILL/ST32/Build/Object/NVIC_program.o
 .data          0x20000000        0x0 C:/STM_BLUEPILL/ST32/Build/Object/SysTick_program.o
 .data          0x20000000        0x0 C:/STM_BLUEPILL/ST32/Build/Object/GPIO_program.o
 .data          0x20000000        0x0 C:/STM_BLUEPILL/ST32/Build/Object/EXTI_program.o
 .data          0x20000000        0x0 C:/STM_BLUEPILL/ST32/Build/Object/AFIO_program.o
 .data          0x20000000        0x0 C:/STM_BLUEPILL/ST32/Build/Object/SPI_program.o
 .data          0x20000000        0x0 C:/STM_BLUEPILL/ST32/Build/Object/UART_program.o
 .data          0x20000000        0x0 C:/STM_BLUEPILL/ST32/Build/Object/FPEC.o
 *(.data*)
                0x20000000                . = ALIGN (0x4)
                0x20000000                _edata = .

.igot.plt       0x20000000        0x0 load address 0x08001758
 .igot.plt      0x20000000        0x0 C:/STM_BLUEPILL/ST32/Build/Object/main.o

.bss            0x20000000       0x2c load address 0x08001758
                0x20000000                _sbss = .
 *(.bss)
 .bss           0x20000000        0x0 C:/STM_BLUEPILL/ST32/Build/Object/main.o
 .bss           0x20000000        0x0 C:/STM_BLUEPILL/ST32/Build/Object/startup_stm32f103.o
 .bss           0x20000000        0x0 C:/STM_BLUEPILL/ST32/Build/Object/RCC_program.o
 .bss           0x20000000        0x0 C:/STM_BLUEPILL/ST32/Build/Object/NVIC_program.o
 .bss           0x20000000        0x4 C:/STM_BLUEPILL/ST32/Build/Object/SysTick_program.o
 .bss           0x20000004        0x0 C:/STM_BLUEPILL/ST32/Build/Object/GPIO_program.o
 .bss           0x20000004       0x14 C:/STM_BLUEPILL/ST32/Build/Object/EXTI_program.o
 .bss           0x20000018        0x0 C:/STM_BLUEPILL/ST32/Build/Object/AFIO_program.o
 .bss           0x20000018        0x8 C:/STM_BLUEPILL/ST32/Build/Object/SPI_program.o
 .bss           0x20000020        0xc C:/STM_BLUEPILL/ST32/Build/Object/UART_program.o
 .bss           0x2000002c        0x0 C:/STM_BLUEPILL/ST32/Build/Object/FPEC.o
 *(.bss*)
                0x2000002c                . = ALIGN (0x4)
                0x2000002c                _ebss = .

._user_heap_stack
                0x2000002c      0x604 load address 0x08001758
                0x20000030                . = ALIGN (0x8)
 *fill*         0x2000002c        0x4 
                0x20000230                . = (. + _Min_Heap_Size)
 *fill*         0x20000030      0x200 
                0x20000630                . = (. + _Min_Stack_Size)
 *fill*         0x20000230      0x400 
                0x20000630                . = ALIGN (0x8)
LOAD C:/STM_BLUEPILL/ST32/Build/Object/main.o
LOAD C:/STM_BLUEPILL/ST32/Build/Object/startup_stm32f103.o
LOAD C:/STM_BLUEPILL/ST32/Build/Object/RCC_program.o
LOAD C:/STM_BLUEPILL/ST32/Build/Object/NVIC_program.o
LOAD C:/STM_BLUEPILL/ST32/Build/Object/SysTick_program.o
LOAD C:/STM_BLUEPILL/ST32/Build/Object/GPIO_program.o
LOAD C:/STM_BLUEPILL/ST32/Build/Object/EXTI_program.o
LOAD C:/STM_BLUEPILL/ST32/Build/Object/AFIO_program.o
LOAD C:/STM_BLUEPILL/ST32/Build/Object/SPI_program.o
LOAD C:/STM_BLUEPILL/ST32/Build/Object/UART_program.o
LOAD C:/STM_BLUEPILL/ST32/Build/Object/FPEC.o
OUTPUT(C:/STM_BLUEPILL/ST32/Tools/application.elf elf32-littlearm)
LOAD linker stubs

.debug_info     0x00000000     0x27c6
 .debug_info    0x00000000      0x315 C:/STM_BLUEPILL/ST32/Build/Object/main.o
 .debug_info    0x00000315      0x15e C:/STM_BLUEPILL/ST32/Build/Object/startup_stm32f103.o
 .debug_info    0x00000473      0x5ea C:/STM_BLUEPILL/ST32/Build/Object/RCC_program.o
 .debug_info    0x00000a5d      0x2fd C:/STM_BLUEPILL/ST32/Build/Object/NVIC_program.o
 .debug_info    0x00000d5a      0x267 C:/STM_BLUEPILL/ST32/Build/Object/SysTick_program.o
 .debug_info    0x00000fc1      0x4df C:/STM_BLUEPILL/ST32/Build/Object/GPIO_program.o
 .debug_info    0x000014a0      0x4b7 C:/STM_BLUEPILL/ST32/Build/Object/EXTI_program.o
 .debug_info    0x00001957      0x1b9 C:/STM_BLUEPILL/ST32/Build/Object/AFIO_program.o
 .debug_info    0x00001b10      0x4f3 C:/STM_BLUEPILL/ST32/Build/Object/SPI_program.o
 .debug_info    0x00002003      0x5ef C:/STM_BLUEPILL/ST32/Build/Object/UART_program.o
 .debug_info    0x000025f2      0x1d4 C:/STM_BLUEPILL/ST32/Build/Object/FPEC.o

.debug_abbrev   0x00000000      0xbf6
 .debug_abbrev  0x00000000       0x6f C:/STM_BLUEPILL/ST32/Build/Object/main.o
 .debug_abbrev  0x0000006f       0xe9 C:/STM_BLUEPILL/ST32/Build/Object/startup_stm32f103.o
 .debug_abbrev  0x00000158      0x105 C:/STM_BLUEPILL/ST32/Build/Object/RCC_program.o
 .debug_abbrev  0x0000025d      0x13a C:/STM_BLUEPILL/ST32/Build/Object/NVIC_program.o
 .debug_abbrev  0x00000397      0x150 C:/STM_BLUEPILL/ST32/Build/Object/SysTick_program.o
 .debug_abbrev  0x000004e7      0x109 C:/STM_BLUEPILL/ST32/Build/Object/GPIO_program.o
 .debug_abbrev  0x000005f0      0x14b C:/STM_BLUEPILL/ST32/Build/Object/EXTI_program.o
 .debug_abbrev  0x0000073b       0xb6 C:/STM_BLUEPILL/ST32/Build/Object/AFIO_program.o
 .debug_abbrev  0x000007f1      0x138 C:/STM_BLUEPILL/ST32/Build/Object/SPI_program.o
 .debug_abbrev  0x00000929      0x1e6 C:/STM_BLUEPILL/ST32/Build/Object/UART_program.o
 .debug_abbrev  0x00000b0f       0xe7 C:/STM_BLUEPILL/ST32/Build/Object/FPEC.o

.debug_aranges  0x00000000      0x160
 .debug_aranges
                0x00000000       0x20 C:/STM_BLUEPILL/ST32/Build/Object/main.o
 .debug_aranges
                0x00000020       0x20 C:/STM_BLUEPILL/ST32/Build/Object/startup_stm32f103.o
 .debug_aranges
                0x00000040       0x20 C:/STM_BLUEPILL/ST32/Build/Object/RCC_program.o
 .debug_aranges
                0x00000060       0x20 C:/STM_BLUEPILL/ST32/Build/Object/NVIC_program.o
 .debug_aranges
                0x00000080       0x20 C:/STM_BLUEPILL/ST32/Build/Object/SysTick_program.o
 .debug_aranges
                0x000000a0       0x20 C:/STM_BLUEPILL/ST32/Build/Object/GPIO_program.o
 .debug_aranges
                0x000000c0       0x20 C:/STM_BLUEPILL/ST32/Build/Object/EXTI_program.o
 .debug_aranges
                0x000000e0       0x20 C:/STM_BLUEPILL/ST32/Build/Object/AFIO_program.o
 .debug_aranges
                0x00000100       0x20 C:/STM_BLUEPILL/ST32/Build/Object/SPI_program.o
 .debug_aranges
                0x00000120       0x20 C:/STM_BLUEPILL/ST32/Build/Object/UART_program.o
 .debug_aranges
                0x00000140       0x20 C:/STM_BLUEPILL/ST32/Build/Object/FPEC.o

.debug_line     0x00000000     0x12cf
 .debug_line    0x00000000      0x1d3 C:/STM_BLUEPILL/ST32/Build/Object/main.o
 .debug_line    0x000001d3       0xc6 C:/STM_BLUEPILL/ST32/Build/Object/startup_stm32f103.o
 .debug_line    0x00000299      0x167 C:/STM_BLUEPILL/ST32/Build/Object/RCC_program.o
 .debug_line    0x00000400      0x1a5 C:/STM_BLUEPILL/ST32/Build/Object/NVIC_program.o
 .debug_line    0x000005a5      0x15d C:/STM_BLUEPILL/ST32/Build/Object/SysTick_program.o
 .debug_line    0x00000702      0x2a6 C:/STM_BLUEPILL/ST32/Build/Object/GPIO_program.o
 .debug_line    0x000009a8      0x1e5 C:/STM_BLUEPILL/ST32/Build/Object/EXTI_program.o
 .debug_line    0x00000b8d      0x15d C:/STM_BLUEPILL/ST32/Build/Object/AFIO_program.o
 .debug_line    0x00000cea      0x1a7 C:/STM_BLUEPILL/ST32/Build/Object/SPI_program.o
 .debug_line    0x00000e91      0x2c2 C:/STM_BLUEPILL/ST32/Build/Object/UART_program.o
 .debug_line    0x00001153      0x17c C:/STM_BLUEPILL/ST32/Build/Object/FPEC.o

.debug_str      0x00000000     0x18c8
 .debug_str     0x00000000      0x53a C:/STM_BLUEPILL/ST32/Build/Object/main.o
                                0x57e (size before relaxing)
 .debug_str     0x0000053a       0xc7 C:/STM_BLUEPILL/ST32/Build/Object/startup_stm32f103.o
                                0x155 (size before relaxing)
 .debug_str     0x00000601      0x42b C:/STM_BLUEPILL/ST32/Build/Object/RCC_program.o
                                0x79d (size before relaxing)
 .debug_str     0x00000a2c      0x1bc C:/STM_BLUEPILL/ST32/Build/Object/NVIC_program.o
                                0x2d6 (size before relaxing)
 .debug_str     0x00000be8      0x1a5 C:/STM_BLUEPILL/ST32/Build/Object/SysTick_program.o
                                0x2cd (size before relaxing)
 .debug_str     0x00000d8d      0x151 C:/STM_BLUEPILL/ST32/Build/Object/GPIO_program.o
                                0x418 (size before relaxing)
 .debug_str     0x00000ede      0x27e C:/STM_BLUEPILL/ST32/Build/Object/EXTI_program.o
                                0x3e0 (size before relaxing)
 .debug_str     0x0000115c      0x191 C:/STM_BLUEPILL/ST32/Build/Object/AFIO_program.o
                                0x2a6 (size before relaxing)
 .debug_str     0x000012ed      0x29c C:/STM_BLUEPILL/ST32/Build/Object/SPI_program.o
                                0x404 (size before relaxing)
 .debug_str     0x00001589      0x27e C:/STM_BLUEPILL/ST32/Build/Object/UART_program.o
                                0x414 (size before relaxing)
 .debug_str     0x00001807       0xc1 C:/STM_BLUEPILL/ST32/Build/Object/FPEC.o
                                0x1db (size before relaxing)

.comment        0x00000000       0x49
 .comment       0x00000000       0x49 C:/STM_BLUEPILL/ST32/Build/Object/main.o
                                 0x4a (size before relaxing)
 .comment       0x00000049       0x4a C:/STM_BLUEPILL/ST32/Build/Object/startup_stm32f103.o
 .comment       0x00000049       0x4a C:/STM_BLUEPILL/ST32/Build/Object/RCC_program.o
 .comment       0x00000049       0x4a C:/STM_BLUEPILL/ST32/Build/Object/NVIC_program.o
 .comment       0x00000049       0x4a C:/STM_BLUEPILL/ST32/Build/Object/SysTick_program.o
 .comment       0x00000049       0x4a C:/STM_BLUEPILL/ST32/Build/Object/GPIO_program.o
 .comment       0x00000049       0x4a C:/STM_BLUEPILL/ST32/Build/Object/EXTI_program.o
 .comment       0x00000049       0x4a C:/STM_BLUEPILL/ST32/Build/Object/AFIO_program.o
 .comment       0x00000049       0x4a C:/STM_BLUEPILL/ST32/Build/Object/SPI_program.o
 .comment       0x00000049       0x4a C:/STM_BLUEPILL/ST32/Build/Object/UART_program.o
 .comment       0x00000049       0x4a C:/STM_BLUEPILL/ST32/Build/Object/FPEC.o

.ARM.attributes
                0x00000000       0x2d
 .ARM.attributes
                0x00000000       0x2d C:/STM_BLUEPILL/ST32/Build/Object/main.o
 .ARM.attributes
                0x0000002d       0x2d C:/STM_BLUEPILL/ST32/Build/Object/startup_stm32f103.o
 .ARM.attributes
                0x0000005a       0x2d C:/STM_BLUEPILL/ST32/Build/Object/RCC_program.o
 .ARM.attributes
                0x00000087       0x2d C:/STM_BLUEPILL/ST32/Build/Object/NVIC_program.o
 .ARM.attributes
                0x000000b4       0x2d C:/STM_BLUEPILL/ST32/Build/Object/SysTick_program.o
 .ARM.attributes
                0x000000e1       0x2d C:/STM_BLUEPILL/ST32/Build/Object/GPIO_program.o
 .ARM.attributes
                0x0000010e       0x2d C:/STM_BLUEPILL/ST32/Build/Object/EXTI_program.o
 .ARM.attributes
                0x0000013b       0x2d C:/STM_BLUEPILL/ST32/Build/Object/AFIO_program.o
 .ARM.attributes
                0x00000168       0x2d C:/STM_BLUEPILL/ST32/Build/Object/SPI_program.o
 .ARM.attributes
                0x00000195       0x2d C:/STM_BLUEPILL/ST32/Build/Object/UART_program.o
 .ARM.attributes
                0x000001c2       0x2d C:/STM_BLUEPILL/ST32/Build/Object/FPEC.o

.debug_frame    0x00000000      0x934
 .debug_frame   0x00000000       0x2c C:/STM_BLUEPILL/ST32/Build/Object/main.o
 .debug_frame   0x0000002c       0x74 C:/STM_BLUEPILL/ST32/Build/Object/startup_stm32f103.o
 .debug_frame   0x000000a0       0xb0 C:/STM_BLUEPILL/ST32/Build/Object/RCC_program.o
 .debug_frame   0x00000150      0x100 C:/STM_BLUEPILL/ST32/Build/Object/NVIC_program.o
 .debug_frame   0x00000250      0x120 C:/STM_BLUEPILL/ST32/Build/Object/SysTick_program.o
 .debug_frame   0x00000370       0xd8 C:/STM_BLUEPILL/ST32/Build/Object/GPIO_program.o
 .debug_frame   0x00000448      0x22c C:/STM_BLUEPILL/ST32/Build/Object/EXTI_program.o
 .debug_frame   0x00000674       0x38 C:/STM_BLUEPILL/ST32/Build/Object/AFIO_program.o
 .debug_frame   0x000006ac       0xb8 C:/STM_BLUEPILL/ST32/Build/Object/SPI_program.o
 .debug_frame   0x00000764      0x14c C:/STM_BLUEPILL/ST32/Build/Object/UART_program.o
 .debug_frame   0x000008b0       0x84 C:/STM_BLUEPILL/ST32/Build/Object/FPEC.o
