
Memory Configuration

Name             Origin             Length             Attributes
RAM              0x20000000         0x00005000         xrw
FLASH            0x08000000         0x00010000         xr
*default*        0x00000000         0xffffffff

Linker script and memory map

                0x20005000                _estack = (ORIGIN (RAM) + LENGTH (RAM))
                0x00000200                _Min_Heap_Size = 0x200
                0x00000400                _Min_Stack_Size = 0x400

.isr_vector     0x08000000      0x130
                0x08000000                . = ALIGN (0x4)
 *(.isr_vector)
 .isr_vector    0x08000000      0x130 C:/STM_BLUEPILL/ST32/Build/Object/startup_stm32f103.o
                0x08000000                Vector_Table
                0x08000130                . = ALIGN (0x4)

.text           0x08000130     0x15ac
                0x08000130                . = ALIGN (0x4)
 *(.text)
 .text          0x08000130       0x44 C:/STM_BLUEPILL/ST32/Build/Object/main.o
                0x08000130                main
 .text          0x08000174       0xb0 C:/STM_BLUEPILL/ST32/Build/Object/startup_stm32f103.o
                0x08000180                Reset_Handler
                0x08000218                TIM8_CC_IRQHandler
                0x08000218                DebugMon_Handler
                0x08000218                TIM1_CC_IRQHandler
                0x08000218                HardFault_Handler
                0x08000218                TIM6_IRQHandler
                0x08000218                PVD_IRQHandler
                0x08000218                SDIO_IRQHandler
                0x08000218                TAMP_STAMP_IRQHandler
                0x08000218                PendSV_Handler
                0x08000218                NMI_Handler
                0x08000218                USB_HP_CAN_TX_IRQHandler
                0x08000218                I2C2_EV_IRQHandler
                0x08000218                UsageFault_Handler
                0x08000218                SPI1_IRQHandler
                0x08000218                CAN_SCE_IRQHandler
                0x08000218                TIM8_UP_IRQHandler
                0x08000218                DMA2_Channel2_IRQHandler
                0x08000218                DMA1_Channel4_IRQHandler
                0x08000218                DMA1_Channel7_IRQHandler
                0x08000218                TIM8_TRG_COM_IRQHandler
                0x08000218                UART5_IRQHandler
                0x08000218                ADC3_IRQHandler
                0x08000218                TIM4_IRQHandler
                0x08000218                CAN_RX1_IRQHandler
                0x08000218                DMA2_Channel1_IRQHandler
                0x08000218                I2C1_EV_IRQHandler
                0x08000218                DMA1_Channel6_IRQHandler
                0x08000218                UART4_IRQHandler
                0x08000218                TIM3_IRQHandler
                0x08000218                RCC_IRQHandler
                0x08000218                TIM1_TRG_COM_IRQHandler
                0x08000218                DMA1_Channel1_IRQHandler
                0x08000218                Default_Handler
                0x08000218                EXTI15_10_IRQHandler
                0x08000218                TIM7_IRQHandler
                0x08000218                TIM5_IRQHandler
                0x08000218                EXTI9_5_IRQHandler
                0x08000218                RTC_WKUP_IRQHandler
                0x08000218                SPI2_IRQHandler
                0x08000218                USB_LP_CAN_RX0_IRQHandler
                0x08000218                MemManage_Handler
                0x08000218                SVC_Handler
                0x08000218                ADC_1_2_IRQHandler
                0x08000218                DMA1_Channel5_IRQHandler
                0x08000218                DMA1_Channel3_IRQHandler
                0x08000218                FSMC_IRQHandler
                0x08000218                TIM1_UP_IRQHandler
                0x08000218                WWDG_IRQHandler
                0x08000218                TIM2_IRQHandler
                0x08000218                TIM1_BRK_IRQHandler
                0x08000218                RTCAlarm_IRQHandler
                0x08000218                DMA2_Channel4_5_IRQHandler
                0x08000218                I2C2_ER_IRQHandler
                0x08000218                DMA1_Channel2_IRQHandler
                0x08000218                TIM8_BRK_IRQHandler
                0x08000218                FLASH_IRQHandler
                0x08000218                BusFault_Handler
                0x08000218                SPI3_IRQHandler
                0x08000218                I2C1_ER_IRQHandler
                0x08000218                DMA2_Channel3_IRQHandler
 .text          0x08000224      0x208 C:/STM_BLUEPILL/ST32/Build/Object/RCC_program.o
                0x08000224                RCC_VidInit
                0x08000274                RCC_voidEnablePeripheral
                0x08000310                RCC_voidDisablePeripheral
                0x080003b0                RCC_voidResetPeripheral
 .text          0x0800042c      0x210 C:/STM_BLUEPILL/ST32/Build/Object/NVIC_program.o
                0x0800042c                NVIC_EnableInterrupt
                0x0800047c                NVIC_DisableInterrupt
                0x080004cc                NVIC_SetPendingFlag
                0x0800051c                NVIC_ClearPendingFlag
                0x0800056c                NVIC_GetActiveInterrupt
                0x080005d8                NVIC_SetPriority
 .text          0x0800063c      0x184 C:/STM_BLUEPILL/ST32/Build/Object/SysTick_program.o
                0x0800063c                SysTick_voidInit
                0x08000658                SysTick_voidSetBusyWait
                0x080006ac                SysTick_voidSetIntervalSingle
                0x08000704                SysTick_voidSetIntervalPeriodoc
                0x0800075c                SysTick_voidStopTimer
                0x08000778                SysTick_GetElapsedTime
                0x08000798                SysTick_GetRemaningTime
                0x080007ac                SysTick_Handler
 .text          0x080007c0      0x3e8 C:/STM_BLUEPILL/ST32/Build/Object/GPIO_program.o
                0x080007c0                GPIO_SetPinConfig
                0x08000970                GPIO_GetPinReading
                0x08000a10                GPIO_GetPortReading
                0x08000a7c                GPIO_SetPinValue
                0x08000b4c                GPIO_SetPortValue
 .text          0x08000ba8      0x34c C:/STM_BLUEPILL/ST32/Build/Object/EXTI_program.o
                0x08000ba8                EXTI_voidInterrupEnable
                0x08000bd4                EXTI_voidInterrupDisable
                0x08000c04                EXTI_SetSignalLatch
                0x08000d20                EXTI_voidSwTrigger
                0x08000d78                EXT0_CallBack
                0x08000dac                EXT1_CallBack
                0x08000de0                EXT2_CallBack
                0x08000e14                EXT3_CallBack
                0x08000e48                EXT4_CallBack
                0x08000e7c                EXTI0_IRQHandler
                0x08000e94                EXTI1_IRQHandler
                0x08000eac                EXTI2_IRQHandler
                0x08000ec4                EXTI3_IRQHandler
                0x08000edc                EXTI4_IRQHandler
 .text          0x08000ef4      0x108 C:/STM_BLUEPILL/ST32/Build/Object/AFIO_program.o
                0x08000ef4                AFIO_voidSetEXTIConfiguration
 .text          0x08000ffc       0xc0 C:/STM_BLUEPILL/ST32/Build/Object/SPI_program.o
                0x08000ffc                SPI_voidInit
                0x08001068                Spi_SendRecieveSync
 .text          0x080010bc      0x620 C:/STM_BLUEPILL/ST32/Build/Object/UART_program.o
                0x080010bc                UART_voidInit
                0x080012f0                UART_u8SendCharASynch
                0x08001320                UART_u8SendCharSynch
                0x080013e0                UART_u8ReceiveCharAsynch
                0x0800149c                UART_u8ReceiveCharSynch
                0x08001598                UART_u8SendStringSynch
                0x080015e6                UART_u8RecieveStringSynch
                0x08001646                UART_IsStringEqual
                0x0800168c                USART1_IRQHandler
                0x080016b4                USART2_IRQHandler
                0x080016c8                USART3_IRQHandler
 *(.text*)
                0x080016dc                . = ALIGN (0x4)
                0x080016dc                _etext = .

.glue_7         0x080016dc        0x0
 .glue_7        0x080016dc        0x0 linker stubs

.glue_7t        0x080016dc        0x0
 .glue_7t       0x080016dc        0x0 linker stubs

.vfp11_veneer   0x080016dc        0x0
 .vfp11_veneer  0x080016dc        0x0 linker stubs

.v4_bx          0x080016dc        0x0
 .v4_bx         0x080016dc        0x0 linker stubs

.iplt           0x080016dc        0x0
 .iplt          0x080016dc        0x0 C:/STM_BLUEPILL/ST32/Build/Object/main.o

.rodata         0x080016dc        0x4
                0x080016dc                . = ALIGN (0x4)
 *(.rodata)
 .rodata        0x080016dc        0x4 C:/STM_BLUEPILL/ST32/Build/Object/startup_stm32f103.o
                0x080016dc                MSP_Value
 *(.rodata*)
                0x080016e0                . = ALIGN (0x4)
                0x080016e0                _sidata = LOADADDR (.data)

.rel.dyn        0x080016e0        0x0
 .rel.iplt      0x080016e0        0x0 C:/STM_BLUEPILL/ST32/Build/Object/main.o

.data           0x20000000        0x0 load address 0x080016e0
                0x20000000                . = ALIGN (0x4)
                0x20000000                _sdata = .
 *(.data)
 .data          0x20000000        0x0 C:/STM_BLUEPILL/ST32/Build/Object/main.o
 .data          0x20000000        0x0 C:/STM_BLUEPILL/ST32/Build/Object/startup_stm32f103.o
 .data          0x20000000        0x0 C:/STM_BLUEPILL/ST32/Build/Object/RCC_program.o
 .data          0x20000000        0x0 C:/STM_BLUEPILL/ST32/Build/Object/NVIC_program.o
 .data          0x20000000        0x0 C:/STM_BLUEPILL/ST32/Build/Object/SysTick_program.o
 .data          0x20000000        0x0 C:/STM_BLUEPILL/ST32/Build/Object/GPIO_program.o
 .data          0x20000000        0x0 C:/STM_BLUEPILL/ST32/Build/Object/EXTI_program.o
 .data          0x20000000        0x0 C:/STM_BLUEPILL/ST32/Build/Object/AFIO_program.o
 .data          0x20000000        0x0 C:/STM_BLUEPILL/ST32/Build/Object/SPI_program.o
 .data          0x20000000        0x0 C:/STM_BLUEPILL/ST32/Build/Object/UART_program.o
 *(.data*)
                0x20000000                . = ALIGN (0x4)
                0x20000000                _edata = .

.igot.plt       0x20000000        0x0 load address 0x080016e0
 .igot.plt      0x20000000        0x0 C:/STM_BLUEPILL/ST32/Build/Object/main.o

.bss            0x20000000       0x2c load address 0x080016e0
                0x20000000                _sbss = .
 *(.bss)
 .bss           0x20000000        0x0 C:/STM_BLUEPILL/ST32/Build/Object/main.o
 .bss           0x20000000        0x0 C:/STM_BLUEPILL/ST32/Build/Object/startup_stm32f103.o
 .bss           0x20000000        0x0 C:/STM_BLUEPILL/ST32/Build/Object/RCC_program.o
 .bss           0x20000000        0x0 C:/STM_BLUEPILL/ST32/Build/Object/NVIC_program.o
 .bss           0x20000000        0x8 C:/STM_BLUEPILL/ST32/Build/Object/SysTick_program.o
                0x20000004                test
 .bss           0x20000008        0x0 C:/STM_BLUEPILL/ST32/Build/Object/GPIO_program.o
 .bss           0x20000008       0x14 C:/STM_BLUEPILL/ST32/Build/Object/EXTI_program.o
 .bss           0x2000001c        0x0 C:/STM_BLUEPILL/ST32/Build/Object/AFIO_program.o
 .bss           0x2000001c        0x0 C:/STM_BLUEPILL/ST32/Build/Object/SPI_program.o
 .bss           0x2000001c       0x10 C:/STM_BLUEPILL/ST32/Build/Object/UART_program.o
                0x20000028                Global_Recieve
 *(.bss*)
                0x2000002c                . = ALIGN (0x4)
                0x2000002c                _ebss = .

._user_heap_stack
                0x2000002c      0x604 load address 0x080016e0
                0x20000030                . = ALIGN (0x8)
 *fill*         0x2000002c        0x4 
                0x20000230                . = (. + _Min_Heap_Size)
 *fill*         0x20000030      0x200 
                0x20000630                . = (. + _Min_Stack_Size)
 *fill*         0x20000230      0x400 
                0x20000630                . = ALIGN (0x8)
LOAD C:/STM_BLUEPILL/ST32/Build/Object/main.o
LOAD C:/STM_BLUEPILL/ST32/Build/Object/startup_stm32f103.o
LOAD C:/STM_BLUEPILL/ST32/Build/Object/RCC_program.o
LOAD C:/STM_BLUEPILL/ST32/Build/Object/NVIC_program.o
LOAD C:/STM_BLUEPILL/ST32/Build/Object/SysTick_program.o
LOAD C:/STM_BLUEPILL/ST32/Build/Object/GPIO_program.o
LOAD C:/STM_BLUEPILL/ST32/Build/Object/EXTI_program.o
LOAD C:/STM_BLUEPILL/ST32/Build/Object/AFIO_program.o
LOAD C:/STM_BLUEPILL/ST32/Build/Object/SPI_program.o
LOAD C:/STM_BLUEPILL/ST32/Build/Object/UART_program.o
OUTPUT(C:/STM_BLUEPILL/ST32/Tools/app.elf elf32-littlearm)
LOAD linker stubs

.debug_info     0x00000000     0x2592
 .debug_info    0x00000000      0x2dc C:/STM_BLUEPILL/ST32/Build/Object/main.o
 .debug_info    0x000002dc      0x15e C:/STM_BLUEPILL/ST32/Build/Object/startup_stm32f103.o
 .debug_info    0x0000043a      0x5ea C:/STM_BLUEPILL/ST32/Build/Object/RCC_program.o
 .debug_info    0x00000a24      0x2fd C:/STM_BLUEPILL/ST32/Build/Object/NVIC_program.o
 .debug_info    0x00000d21      0x27a C:/STM_BLUEPILL/ST32/Build/Object/SysTick_program.o
 .debug_info    0x00000f9b      0x4df C:/STM_BLUEPILL/ST32/Build/Object/GPIO_program.o
 .debug_info    0x0000147a      0x4b1 C:/STM_BLUEPILL/ST32/Build/Object/EXTI_program.o
 .debug_info    0x0000192b      0x1b9 C:/STM_BLUEPILL/ST32/Build/Object/AFIO_program.o
 .debug_info    0x00001ae4      0x3a0 C:/STM_BLUEPILL/ST32/Build/Object/SPI_program.o
 .debug_info    0x00001e84      0x70e C:/STM_BLUEPILL/ST32/Build/Object/UART_program.o

.debug_abbrev   0x00000000      0xb18
 .debug_abbrev  0x00000000       0x60 C:/STM_BLUEPILL/ST32/Build/Object/main.o
 .debug_abbrev  0x00000060       0xe9 C:/STM_BLUEPILL/ST32/Build/Object/startup_stm32f103.o
 .debug_abbrev  0x00000149      0x105 C:/STM_BLUEPILL/ST32/Build/Object/RCC_program.o
 .debug_abbrev  0x0000024e      0x13a C:/STM_BLUEPILL/ST32/Build/Object/NVIC_program.o
 .debug_abbrev  0x00000388      0x16e C:/STM_BLUEPILL/ST32/Build/Object/SysTick_program.o
 .debug_abbrev  0x000004f6      0x109 C:/STM_BLUEPILL/ST32/Build/Object/GPIO_program.o
 .debug_abbrev  0x000005ff      0x14b C:/STM_BLUEPILL/ST32/Build/Object/EXTI_program.o
 .debug_abbrev  0x0000074a       0xb6 C:/STM_BLUEPILL/ST32/Build/Object/AFIO_program.o
 .debug_abbrev  0x00000800      0x10e C:/STM_BLUEPILL/ST32/Build/Object/SPI_program.o
 .debug_abbrev  0x0000090e      0x20a C:/STM_BLUEPILL/ST32/Build/Object/UART_program.o

.debug_aranges  0x00000000      0x140
 .debug_aranges
                0x00000000       0x20 C:/STM_BLUEPILL/ST32/Build/Object/main.o
 .debug_aranges
                0x00000020       0x20 C:/STM_BLUEPILL/ST32/Build/Object/startup_stm32f103.o
 .debug_aranges
                0x00000040       0x20 C:/STM_BLUEPILL/ST32/Build/Object/RCC_program.o
 .debug_aranges
                0x00000060       0x20 C:/STM_BLUEPILL/ST32/Build/Object/NVIC_program.o
 .debug_aranges
                0x00000080       0x20 C:/STM_BLUEPILL/ST32/Build/Object/SysTick_program.o
 .debug_aranges
                0x000000a0       0x20 C:/STM_BLUEPILL/ST32/Build/Object/GPIO_program.o
 .debug_aranges
                0x000000c0       0x20 C:/STM_BLUEPILL/ST32/Build/Object/EXTI_program.o
 .debug_aranges
                0x000000e0       0x20 C:/STM_BLUEPILL/ST32/Build/Object/AFIO_program.o
 .debug_aranges
                0x00000100       0x20 C:/STM_BLUEPILL/ST32/Build/Object/SPI_program.o
 .debug_aranges
                0x00000120       0x20 C:/STM_BLUEPILL/ST32/Build/Object/UART_program.o

.debug_line     0x00000000     0x10cd
 .debug_line    0x00000000       0xca C:/STM_BLUEPILL/ST32/Build/Object/main.o
 .debug_line    0x000000ca       0xc6 C:/STM_BLUEPILL/ST32/Build/Object/startup_stm32f103.o
 .debug_line    0x00000190      0x167 C:/STM_BLUEPILL/ST32/Build/Object/RCC_program.o
 .debug_line    0x000002f7      0x1a5 C:/STM_BLUEPILL/ST32/Build/Object/NVIC_program.o
 .debug_line    0x0000049c      0x15d C:/STM_BLUEPILL/ST32/Build/Object/SysTick_program.o
 .debug_line    0x000005f9      0x2a6 C:/STM_BLUEPILL/ST32/Build/Object/GPIO_program.o
 .debug_line    0x0000089f      0x1e5 C:/STM_BLUEPILL/ST32/Build/Object/EXTI_program.o
 .debug_line    0x00000a84      0x15d C:/STM_BLUEPILL/ST32/Build/Object/AFIO_program.o
 .debug_line    0x00000be1      0x111 C:/STM_BLUEPILL/ST32/Build/Object/SPI_program.o
 .debug_line    0x00000cf2      0x3db C:/STM_BLUEPILL/ST32/Build/Object/UART_program.o

.debug_str      0x00000000     0x17f2
 .debug_str     0x00000000      0x50e C:/STM_BLUEPILL/ST32/Build/Object/main.o
                                0x549 (size before relaxing)
 .debug_str     0x0000050e       0xd0 C:/STM_BLUEPILL/ST32/Build/Object/startup_stm32f103.o
                                0x155 (size before relaxing)
 .debug_str     0x000005de      0x42b C:/STM_BLUEPILL/ST32/Build/Object/RCC_program.o
                                0x79d (size before relaxing)
 .debug_str     0x00000a09      0x1bc C:/STM_BLUEPILL/ST32/Build/Object/NVIC_program.o
                                0x2d6 (size before relaxing)
 .debug_str     0x00000bc5      0x19f C:/STM_BLUEPILL/ST32/Build/Object/SysTick_program.o
                                0x2c7 (size before relaxing)
 .debug_str     0x00000d64      0x151 C:/STM_BLUEPILL/ST32/Build/Object/GPIO_program.o
                                0x418 (size before relaxing)
 .debug_str     0x00000eb5      0x27e C:/STM_BLUEPILL/ST32/Build/Object/EXTI_program.o
                                0x3d5 (size before relaxing)
 .debug_str     0x00001133      0x191 C:/STM_BLUEPILL/ST32/Build/Object/AFIO_program.o
                                0x2a6 (size before relaxing)
 .debug_str     0x000012c4      0x1f1 C:/STM_BLUEPILL/ST32/Build/Object/SPI_program.o
                                0x34e (size before relaxing)
 .debug_str     0x000014b5      0x33d C:/STM_BLUEPILL/ST32/Build/Object/UART_program.o
                                0x4b1 (size before relaxing)

.comment        0x00000000       0x49
 .comment       0x00000000       0x49 C:/STM_BLUEPILL/ST32/Build/Object/main.o
                                 0x4a (size before relaxing)
 .comment       0x00000049       0x4a C:/STM_BLUEPILL/ST32/Build/Object/startup_stm32f103.o
 .comment       0x00000049       0x4a C:/STM_BLUEPILL/ST32/Build/Object/RCC_program.o
 .comment       0x00000049       0x4a C:/STM_BLUEPILL/ST32/Build/Object/NVIC_program.o
 .comment       0x00000049       0x4a C:/STM_BLUEPILL/ST32/Build/Object/SysTick_program.o
 .comment       0x00000049       0x4a C:/STM_BLUEPILL/ST32/Build/Object/GPIO_program.o
 .comment       0x00000049       0x4a C:/STM_BLUEPILL/ST32/Build/Object/EXTI_program.o
 .comment       0x00000049       0x4a C:/STM_BLUEPILL/ST32/Build/Object/AFIO_program.o
 .comment       0x00000049       0x4a C:/STM_BLUEPILL/ST32/Build/Object/SPI_program.o
 .comment       0x00000049       0x4a C:/STM_BLUEPILL/ST32/Build/Object/UART_program.o

.ARM.attributes
                0x00000000       0x2d
 .ARM.attributes
                0x00000000       0x2d C:/STM_BLUEPILL/ST32/Build/Object/main.o
 .ARM.attributes
                0x0000002d       0x2d C:/STM_BLUEPILL/ST32/Build/Object/startup_stm32f103.o
 .ARM.attributes
                0x0000005a       0x2d C:/STM_BLUEPILL/ST32/Build/Object/RCC_program.o
 .ARM.attributes
                0x00000087       0x2d C:/STM_BLUEPILL/ST32/Build/Object/NVIC_program.o
 .ARM.attributes
                0x000000b4       0x2d C:/STM_BLUEPILL/ST32/Build/Object/SysTick_program.o
 .ARM.attributes
                0x000000e1       0x2d C:/STM_BLUEPILL/ST32/Build/Object/GPIO_program.o
 .ARM.attributes
                0x0000010e       0x2d C:/STM_BLUEPILL/ST32/Build/Object/EXTI_program.o
 .ARM.attributes
                0x0000013b       0x2d C:/STM_BLUEPILL/ST32/Build/Object/AFIO_program.o
 .ARM.attributes
                0x00000168       0x2d C:/STM_BLUEPILL/ST32/Build/Object/SPI_program.o
 .ARM.attributes
                0x00000195       0x2d C:/STM_BLUEPILL/ST32/Build/Object/UART_program.o

.debug_frame    0x00000000      0x8a0
 .debug_frame   0x00000000       0x2c C:/STM_BLUEPILL/ST32/Build/Object/main.o
 .debug_frame   0x0000002c       0x74 C:/STM_BLUEPILL/ST32/Build/Object/startup_stm32f103.o
 .debug_frame   0x000000a0       0xb0 C:/STM_BLUEPILL/ST32/Build/Object/RCC_program.o
 .debug_frame   0x00000150      0x100 C:/STM_BLUEPILL/ST32/Build/Object/NVIC_program.o
 .debug_frame   0x00000250      0x120 C:/STM_BLUEPILL/ST32/Build/Object/SysTick_program.o
 .debug_frame   0x00000370       0xd8 C:/STM_BLUEPILL/ST32/Build/Object/GPIO_program.o
 .debug_frame   0x00000448      0x22c C:/STM_BLUEPILL/ST32/Build/Object/EXTI_program.o
 .debug_frame   0x00000674       0x38 C:/STM_BLUEPILL/ST32/Build/Object/AFIO_program.o
 .debug_frame   0x000006ac       0x58 C:/STM_BLUEPILL/ST32/Build/Object/SPI_program.o
 .debug_frame   0x00000704      0x19c C:/STM_BLUEPILL/ST32/Build/Object/UART_program.o
