
Memory Configuration

Name             Origin             Length             Attributes
RAM              0x20000000         0x00005000         xrw
FLASH            0x08001400         0x0000ec00         xr
*default*        0x00000000         0xffffffff

Linker script and memory map

                0x20005000                _estack = (ORIGIN (RAM) + LENGTH (RAM))
                0x00000200                _Min_Heap_Size = 0x200
                0x00000400                _Min_Stack_Size = 0x400

.isr_vector     0x08001400      0x130
                0x08001400                . = ALIGN (0x4)
 *(.isr_vector)
 .isr_vector    0x08001400      0x130 C:/STM_BLUEPILL/ST32/Build/Object/Startup/startup_stm32f103.o
                0x08001400                Vector_Table
                0x08001530                . = ALIGN (0x4)

.text           0x08001530     0x18b0
                0x08001530                . = ALIGN (0x4)
 *(.text)
 .text          0x08001530        0x0 C:/STM_BLUEPILL/ST32/Build/Object/Src/Image.o
 .text          0x08001530       0x78 C:/STM_BLUEPILL/ST32/Build/Object/Src/main.o
                0x08001530                main
                0x0800156c                RCC_APP_Init
                0x08001598                Peripheral_APP_Init
 .text          0x080015a8       0xb0 C:/STM_BLUEPILL/ST32/Build/Object/Startup/startup_stm32f103.o
                0x080015b4                Reset_Handler
                0x0800164c                TIM8_CC_IRQHandler
                0x0800164c                DebugMon_Handler
                0x0800164c                TIM1_CC_IRQHandler
                0x0800164c                HardFault_Handler
                0x0800164c                TIM6_IRQHandler
                0x0800164c                PVD_IRQHandler
                0x0800164c                SDIO_IRQHandler
                0x0800164c                TAMP_STAMP_IRQHandler
                0x0800164c                PendSV_Handler
                0x0800164c                NMI_Handler
                0x0800164c                USB_HP_CAN_TX_IRQHandler
                0x0800164c                I2C2_EV_IRQHandler
                0x0800164c                UsageFault_Handler
                0x0800164c                CAN_SCE_IRQHandler
                0x0800164c                TIM8_UP_IRQHandler
                0x0800164c                DMA2_Channel2_IRQHandler
                0x0800164c                DMA1_Channel4_IRQHandler
                0x0800164c                DMA1_Channel7_IRQHandler
                0x0800164c                TIM8_TRG_COM_IRQHandler
                0x0800164c                UART5_IRQHandler
                0x0800164c                ADC3_IRQHandler
                0x0800164c                TIM4_IRQHandler
                0x0800164c                CAN_RX1_IRQHandler
                0x0800164c                DMA2_Channel1_IRQHandler
                0x0800164c                I2C1_EV_IRQHandler
                0x0800164c                DMA1_Channel6_IRQHandler
                0x0800164c                UART4_IRQHandler
                0x0800164c                TIM3_IRQHandler
                0x0800164c                RCC_IRQHandler
                0x0800164c                TIM1_TRG_COM_IRQHandler
                0x0800164c                DMA1_Channel1_IRQHandler
                0x0800164c                Default_Handler
                0x0800164c                EXTI15_10_IRQHandler
                0x0800164c                TIM7_IRQHandler
                0x0800164c                TIM5_IRQHandler
                0x0800164c                EXTI9_5_IRQHandler
                0x0800164c                RTC_WKUP_IRQHandler
                0x0800164c                USB_LP_CAN_RX0_IRQHandler
                0x0800164c                MemManage_Handler
                0x0800164c                SVC_Handler
                0x0800164c                ADC_1_2_IRQHandler
                0x0800164c                DMA1_Channel5_IRQHandler
                0x0800164c                DMA1_Channel3_IRQHandler
                0x0800164c                FSMC_IRQHandler
                0x0800164c                TIM1_UP_IRQHandler
                0x0800164c                WWDG_IRQHandler
                0x0800164c                TIM2_IRQHandler
                0x0800164c                TIM1_BRK_IRQHandler
                0x0800164c                RTCAlarm_IRQHandler
                0x0800164c                DMA2_Channel4_5_IRQHandler
                0x0800164c                I2C2_ER_IRQHandler
                0x0800164c                DMA1_Channel2_IRQHandler
                0x0800164c                TIM8_BRK_IRQHandler
                0x0800164c                FLASH_IRQHandler
                0x0800164c                BusFault_Handler
                0x0800164c                SPI3_IRQHandler
                0x0800164c                I2C1_ER_IRQHandler
                0x0800164c                DMA2_Channel3_IRQHandler
 .text          0x08001658      0x208 C:/STM_BLUEPILL/ST32/Build/Object/MCAL/RCC/src/RCC_program.o
                0x08001658                RCC_VidInit
                0x080016a8                RCC_voidEnablePeripheral
                0x08001744                RCC_voidDisablePeripheral
                0x080017e4                RCC_voidResetPeripheral
 .text          0x08001860      0x210 C:/STM_BLUEPILL/ST32/Build/Object/MCAL/NVIC/src/NVIC_program.o
                0x08001860                NVIC_EnableInterrupt
                0x080018b0                NVIC_DisableInterrupt
                0x08001900                NVIC_SetPendingFlag
                0x08001950                NVIC_ClearPendingFlag
                0x080019a0                NVIC_GetActiveInterrupt
                0x08001a0c                NVIC_SetPriority
 .text          0x08001a70      0x184 C:/STM_BLUEPILL/ST32/Build/Object/MCAL/SysTick/src/SysTick_program.o
                0x08001a70                SysTick_voidInit
                0x08001a8c                SysTick_voidSetBusyWait
                0x08001ae0                SysTick_voidSetIntervalSingle
                0x08001b38                SysTick_voidSetIntervalPeriodoc
                0x08001b90                SysTick_voidStopTimer
                0x08001bac                SysTick_GetElapsedTime
                0x08001bcc                SysTick_GetRemaningTime
                0x08001be0                SysTick_Handler
 .text          0x08001bf4      0x3e8 C:/STM_BLUEPILL/ST32/Build/Object/MCAL/GPIO/src/GPIO_program.o
                0x08001bf4                GPIO_SetPinConfig
                0x08001da4                GPIO_GetPinReading
                0x08001e44                GPIO_GetPortReading
                0x08001eb0                GPIO_SetPinValue
                0x08001f80                GPIO_SetPortValue
 .text          0x08001fdc      0x34c C:/STM_BLUEPILL/ST32/Build/Object/MCAL/EXTI/src/EXTI_program.o
                0x08001fdc                EXTI_voidInterrupEnable
                0x08002008                EXTI_voidInterrupDisable
                0x08002038                EXTI_SetSignalLatch
                0x08002154                EXTI_voidSwTrigger
                0x080021ac                EXT0_CallBack
                0x080021e0                EXT1_CallBack
                0x08002214                EXT2_CallBack
                0x08002248                EXT3_CallBack
                0x0800227c                EXT4_CallBack
                0x080022b0                EXTI0_IRQHandler
                0x080022c8                EXTI1_IRQHandler
                0x080022e0                EXTI2_IRQHandler
                0x080022f8                EXTI3_IRQHandler
                0x08002310                EXTI4_IRQHandler
 .text          0x08002328      0x108 C:/STM_BLUEPILL/ST32/Build/Object/MCAL/AFIO/src/AFIO_program.o
                0x08002328                AFIO_voidSetEXTIConfiguration
 .text          0x08002430      0x228 C:/STM_BLUEPILL/ST32/Build/Object/MCAL/SPI/src/SPI_program.o
                0x08002430                SPI_SendDataDMA
                0x0800248c                SPI_voidInit
                0x08002524                Spi_SendRecieveSync
                0x080025b4                Spi_SendRecieveASync
                0x08002608                SPI1_IRQHandler
                0x08002630                SPI2_IRQHandler
 .text          0x08002658      0x460 C:/STM_BLUEPILL/ST32/Build/Object/MCAL/UART/src/UART_program.o
                0x08002658                UART_voidSendNumber
                0x08002700                UART_voidInit
                0x080027c4                UART_u8SendCharSynch
                0x08002884                UART_u8ReceiveCharSynch
                0x08002988                UART_u8SendStringSynch
                0x080029d6                UART_u8RecieveStringSynch
                0x08002a36                UART_IsStringEqual
                0x08002a7c                USART1_IRQHandler
                0x08002a90                USART2_IRQHandler
                0x08002aa4                USART3_IRQHandler
 .text          0x08002ab8      0x170 C:/STM_BLUEPILL/ST32/Build/Object/MCAL/FPEC/src/FPEC.o
                0x08002ab8                FPEC_voidEraseAppArea
                0x08002ae2                FPEC_voidFlashPageErase
                0x08002b74                FPEC_voidFlashWrite
 .text          0x08002c28       0xd0 C:/STM_BLUEPILL/ST32/Build/Object/MCAL/PwrMD/src/PwrMD.o
                0x08002c28                PWR_EnterSleepMode
                0x08002c48                PWR_EnterStopMode
                0x08002c88                PWR_EnterStandbyMode
                0x08002cd4                PWR_IsWakeupFromStandby
 .text          0x08002cf8       0xe8 C:/STM_BLUEPILL/ST32/Build/Object/MCAL/DMA/src/DMA.o
                0x08002cf8                DMA_Init
 *(.text*)
                0x08002de0                . = ALIGN (0x4)
                0x08002de0                _etext = .

.glue_7         0x08002de0        0x0
 .glue_7        0x08002de0        0x0 linker stubs

.glue_7t        0x08002de0        0x0
 .glue_7t       0x08002de0        0x0 linker stubs

.vfp11_veneer   0x08002de0        0x0
 .vfp11_veneer  0x08002de0        0x0 linker stubs

.v4_bx          0x08002de0        0x0
 .v4_bx         0x08002de0        0x0 linker stubs

.iplt           0x08002de0        0x0
 .iplt          0x08002de0        0x0 C:/STM_BLUEPILL/ST32/Build/Object/Src/main.o

.rodata         0x08002de0     0xa714
                0x08002de0                . = ALIGN (0x4)
 *(.rodata)
 .rodata        0x08002de0     0xa710 C:/STM_BLUEPILL/ST32/Build/Object/Src/Image.o
                0x08002de0                IMT_IMAGE
 .rodata        0x0800d4f0        0x4 C:/STM_BLUEPILL/ST32/Build/Object/Startup/startup_stm32f103.o
                0x0800d4f0                MSP_Value
 *(.rodata*)
                0x0800d4f4                . = ALIGN (0x4)
                0x0800d4f4                _sidata = LOADADDR (.data)

.rel.dyn        0x0800d4f4        0x0
 .rel.iplt      0x0800d4f4        0x0 C:/STM_BLUEPILL/ST32/Build/Object/Src/main.o

.data           0x20000000        0x0 load address 0x0800d4f4
                0x20000000                . = ALIGN (0x4)
                0x20000000                _sdata = .
 *(.data)
 .data          0x20000000        0x0 C:/STM_BLUEPILL/ST32/Build/Object/Src/Image.o
 .data          0x20000000        0x0 C:/STM_BLUEPILL/ST32/Build/Object/Src/main.o
 .data          0x20000000        0x0 C:/STM_BLUEPILL/ST32/Build/Object/Startup/startup_stm32f103.o
 .data          0x20000000        0x0 C:/STM_BLUEPILL/ST32/Build/Object/MCAL/RCC/src/RCC_program.o
 .data          0x20000000        0x0 C:/STM_BLUEPILL/ST32/Build/Object/MCAL/NVIC/src/NVIC_program.o
 .data          0x20000000        0x0 C:/STM_BLUEPILL/ST32/Build/Object/MCAL/SysTick/src/SysTick_program.o
 .data          0x20000000        0x0 C:/STM_BLUEPILL/ST32/Build/Object/MCAL/GPIO/src/GPIO_program.o
 .data          0x20000000        0x0 C:/STM_BLUEPILL/ST32/Build/Object/MCAL/EXTI/src/EXTI_program.o
 .data          0x20000000        0x0 C:/STM_BLUEPILL/ST32/Build/Object/MCAL/AFIO/src/AFIO_program.o
 .data          0x20000000        0x0 C:/STM_BLUEPILL/ST32/Build/Object/MCAL/SPI/src/SPI_program.o
 .data          0x20000000        0x0 C:/STM_BLUEPILL/ST32/Build/Object/MCAL/UART/src/UART_program.o
 .data          0x20000000        0x0 C:/STM_BLUEPILL/ST32/Build/Object/MCAL/FPEC/src/FPEC.o
 .data          0x20000000        0x0 C:/STM_BLUEPILL/ST32/Build/Object/MCAL/PwrMD/src/PwrMD.o
 .data          0x20000000        0x0 C:/STM_BLUEPILL/ST32/Build/Object/MCAL/DMA/src/DMA.o
 *(.data*)
                0x20000000                . = ALIGN (0x4)
                0x20000000                _edata = .

.igot.plt       0x20000000        0x0 load address 0x0800d4f4
 .igot.plt      0x20000000        0x0 C:/STM_BLUEPILL/ST32/Build/Object/Src/main.o

.bss            0x20000000       0x2c load address 0x0800d4f4
                0x20000000                _sbss = .
 *(.bss)
 .bss           0x20000000        0x0 C:/STM_BLUEPILL/ST32/Build/Object/Src/Image.o
 .bss           0x20000000        0x0 C:/STM_BLUEPILL/ST32/Build/Object/Src/main.o
 .bss           0x20000000        0x0 C:/STM_BLUEPILL/ST32/Build/Object/Startup/startup_stm32f103.o
 .bss           0x20000000        0x0 C:/STM_BLUEPILL/ST32/Build/Object/MCAL/RCC/src/RCC_program.o
 .bss           0x20000000        0x0 C:/STM_BLUEPILL/ST32/Build/Object/MCAL/NVIC/src/NVIC_program.o
 .bss           0x20000000        0x4 C:/STM_BLUEPILL/ST32/Build/Object/MCAL/SysTick/src/SysTick_program.o
 .bss           0x20000004        0x0 C:/STM_BLUEPILL/ST32/Build/Object/MCAL/GPIO/src/GPIO_program.o
 .bss           0x20000004       0x14 C:/STM_BLUEPILL/ST32/Build/Object/MCAL/EXTI/src/EXTI_program.o
 .bss           0x20000018        0x0 C:/STM_BLUEPILL/ST32/Build/Object/MCAL/AFIO/src/AFIO_program.o
 .bss           0x20000018        0x8 C:/STM_BLUEPILL/ST32/Build/Object/MCAL/SPI/src/SPI_program.o
 .bss           0x20000020        0xc C:/STM_BLUEPILL/ST32/Build/Object/MCAL/UART/src/UART_program.o
 .bss           0x2000002c        0x0 C:/STM_BLUEPILL/ST32/Build/Object/MCAL/FPEC/src/FPEC.o
 .bss           0x2000002c        0x0 C:/STM_BLUEPILL/ST32/Build/Object/MCAL/PwrMD/src/PwrMD.o
 .bss           0x2000002c        0x0 C:/STM_BLUEPILL/ST32/Build/Object/MCAL/DMA/src/DMA.o
 *(.bss*)
                0x2000002c                . = ALIGN (0x4)
                0x2000002c                _ebss = .

._user_heap_stack
                0x2000002c      0x604 load address 0x0800d4f4
                0x20000030                . = ALIGN (0x8)
 *fill*         0x2000002c        0x4 
                0x20000230                . = (. + _Min_Heap_Size)
 *fill*         0x20000030      0x200 
                0x20000630                . = (. + _Min_Stack_Size)
 *fill*         0x20000230      0x400 
                0x20000630                . = ALIGN (0x8)
LOAD C:/STM_BLUEPILL/ST32/Build/Object/Src/Image.o
LOAD C:/STM_BLUEPILL/ST32/Build/Object/Src/main.o
LOAD C:/STM_BLUEPILL/ST32/Build/Object/Startup/startup_stm32f103.o
LOAD C:/STM_BLUEPILL/ST32/Build/Object/MCAL/RCC/src/RCC_program.o
LOAD C:/STM_BLUEPILL/ST32/Build/Object/MCAL/NVIC/src/NVIC_program.o
LOAD C:/STM_BLUEPILL/ST32/Build/Object/MCAL/SysTick/src/SysTick_program.o
LOAD C:/STM_BLUEPILL/ST32/Build/Object/MCAL/GPIO/src/GPIO_program.o
LOAD C:/STM_BLUEPILL/ST32/Build/Object/MCAL/EXTI/src/EXTI_program.o
LOAD C:/STM_BLUEPILL/ST32/Build/Object/MCAL/AFIO/src/AFIO_program.o
LOAD C:/STM_BLUEPILL/ST32/Build/Object/MCAL/SPI/src/SPI_program.o
LOAD C:/STM_BLUEPILL/ST32/Build/Object/MCAL/UART/src/UART_program.o
LOAD C:/STM_BLUEPILL/ST32/Build/Object/MCAL/FPEC/src/FPEC.o
LOAD C:/STM_BLUEPILL/ST32/Build/Object/MCAL/PwrMD/src/PwrMD.o
LOAD C:/STM_BLUEPILL/ST32/Build/Object/MCAL/DMA/src/DMA.o
OUTPUT(C:/STM_BLUEPILL/ST32/Tools/application.elf elf32-littlearm)
LOAD linker stubs

.debug_info     0x00000000     0x2d97
 .debug_info    0x00000000       0xab C:/STM_BLUEPILL/ST32/Build/Object/Src/Image.o
 .debug_info    0x000000ab      0x23a C:/STM_BLUEPILL/ST32/Build/Object/Src/main.o
 .debug_info    0x000002e5      0x15e C:/STM_BLUEPILL/ST32/Build/Object/Startup/startup_stm32f103.o
 .debug_info    0x00000443      0x5ea C:/STM_BLUEPILL/ST32/Build/Object/MCAL/RCC/src/RCC_program.o
 .debug_info    0x00000a2d      0x2fd C:/STM_BLUEPILL/ST32/Build/Object/MCAL/NVIC/src/NVIC_program.o
 .debug_info    0x00000d2a      0x267 C:/STM_BLUEPILL/ST32/Build/Object/MCAL/SysTick/src/SysTick_program.o
 .debug_info    0x00000f91      0x4df C:/STM_BLUEPILL/ST32/Build/Object/MCAL/GPIO/src/GPIO_program.o
 .debug_info    0x00001470      0x4b7 C:/STM_BLUEPILL/ST32/Build/Object/MCAL/EXTI/src/EXTI_program.o
 .debug_info    0x00001927      0x1b9 C:/STM_BLUEPILL/ST32/Build/Object/MCAL/AFIO/src/AFIO_program.o
 .debug_info    0x00001ae0      0x6db C:/STM_BLUEPILL/ST32/Build/Object/MCAL/SPI/src/SPI_program.o
 .debug_info    0x000021bb      0x685 C:/STM_BLUEPILL/ST32/Build/Object/MCAL/UART/src/UART_program.o
 .debug_info    0x00002840      0x1d4 C:/STM_BLUEPILL/ST32/Build/Object/MCAL/FPEC/src/FPEC.o
 .debug_info    0x00002a14       0xd6 C:/STM_BLUEPILL/ST32/Build/Object/MCAL/PwrMD/src/PwrMD.o
 .debug_info    0x00002aea      0x2ad C:/STM_BLUEPILL/ST32/Build/Object/MCAL/DMA/src/DMA.o

.debug_abbrev   0x00000000      0xda4
 .debug_abbrev  0x00000000       0x56 C:/STM_BLUEPILL/ST32/Build/Object/Src/Image.o
 .debug_abbrev  0x00000056       0x9f C:/STM_BLUEPILL/ST32/Build/Object/Src/main.o
 .debug_abbrev  0x000000f5       0xe9 C:/STM_BLUEPILL/ST32/Build/Object/Startup/startup_stm32f103.o
 .debug_abbrev  0x000001de      0x105 C:/STM_BLUEPILL/ST32/Build/Object/MCAL/RCC/src/RCC_program.o
 .debug_abbrev  0x000002e3      0x13a C:/STM_BLUEPILL/ST32/Build/Object/MCAL/NVIC/src/NVIC_program.o
 .debug_abbrev  0x0000041d      0x150 C:/STM_BLUEPILL/ST32/Build/Object/MCAL/SysTick/src/SysTick_program.o
 .debug_abbrev  0x0000056d      0x109 C:/STM_BLUEPILL/ST32/Build/Object/MCAL/GPIO/src/GPIO_program.o
 .debug_abbrev  0x00000676      0x14b C:/STM_BLUEPILL/ST32/Build/Object/MCAL/EXTI/src/EXTI_program.o
 .debug_abbrev  0x000007c1       0xb6 C:/STM_BLUEPILL/ST32/Build/Object/MCAL/AFIO/src/AFIO_program.o
 .debug_abbrev  0x00000877      0x15d C:/STM_BLUEPILL/ST32/Build/Object/MCAL/SPI/src/SPI_program.o
 .debug_abbrev  0x000009d4      0x1ed C:/STM_BLUEPILL/ST32/Build/Object/MCAL/UART/src/UART_program.o
 .debug_abbrev  0x00000bc1       0xe7 C:/STM_BLUEPILL/ST32/Build/Object/MCAL/FPEC/src/FPEC.o
 .debug_abbrev  0x00000ca8       0x64 C:/STM_BLUEPILL/ST32/Build/Object/MCAL/PwrMD/src/PwrMD.o
 .debug_abbrev  0x00000d0c       0x98 C:/STM_BLUEPILL/ST32/Build/Object/MCAL/DMA/src/DMA.o

.debug_aranges  0x00000000      0x1b8
 .debug_aranges
                0x00000000       0x18 C:/STM_BLUEPILL/ST32/Build/Object/Src/Image.o
 .debug_aranges
                0x00000018       0x20 C:/STM_BLUEPILL/ST32/Build/Object/Src/main.o
 .debug_aranges
                0x00000038       0x20 C:/STM_BLUEPILL/ST32/Build/Object/Startup/startup_stm32f103.o
 .debug_aranges
                0x00000058       0x20 C:/STM_BLUEPILL/ST32/Build/Object/MCAL/RCC/src/RCC_program.o
 .debug_aranges
                0x00000078       0x20 C:/STM_BLUEPILL/ST32/Build/Object/MCAL/NVIC/src/NVIC_program.o
 .debug_aranges
                0x00000098       0x20 C:/STM_BLUEPILL/ST32/Build/Object/MCAL/SysTick/src/SysTick_program.o
 .debug_aranges
                0x000000b8       0x20 C:/STM_BLUEPILL/ST32/Build/Object/MCAL/GPIO/src/GPIO_program.o
 .debug_aranges
                0x000000d8       0x20 C:/STM_BLUEPILL/ST32/Build/Object/MCAL/EXTI/src/EXTI_program.o
 .debug_aranges
                0x000000f8       0x20 C:/STM_BLUEPILL/ST32/Build/Object/MCAL/AFIO/src/AFIO_program.o
 .debug_aranges
                0x00000118       0x20 C:/STM_BLUEPILL/ST32/Build/Object/MCAL/SPI/src/SPI_program.o
 .debug_aranges
                0x00000138       0x20 C:/STM_BLUEPILL/ST32/Build/Object/MCAL/UART/src/UART_program.o
 .debug_aranges
                0x00000158       0x20 C:/STM_BLUEPILL/ST32/Build/Object/MCAL/FPEC/src/FPEC.o
 .debug_aranges
                0x00000178       0x20 C:/STM_BLUEPILL/ST32/Build/Object/MCAL/PwrMD/src/PwrMD.o
 .debug_aranges
                0x00000198       0x20 C:/STM_BLUEPILL/ST32/Build/Object/MCAL/DMA/src/DMA.o

.debug_line     0x00000000     0x1271
 .debug_line    0x00000000       0x45 C:/STM_BLUEPILL/ST32/Build/Object/Src/Image.o
 .debug_line    0x00000045       0xa8 C:/STM_BLUEPILL/ST32/Build/Object/Src/main.o
 .debug_line    0x000000ed       0xc6 C:/STM_BLUEPILL/ST32/Build/Object/Startup/startup_stm32f103.o
 .debug_line    0x000001b3      0x143 C:/STM_BLUEPILL/ST32/Build/Object/MCAL/RCC/src/RCC_program.o
 .debug_line    0x000002f6      0x181 C:/STM_BLUEPILL/ST32/Build/Object/MCAL/NVIC/src/NVIC_program.o
 .debug_line    0x00000477      0x139 C:/STM_BLUEPILL/ST32/Build/Object/MCAL/SysTick/src/SysTick_program.o
 .debug_line    0x000005b0      0x282 C:/STM_BLUEPILL/ST32/Build/Object/MCAL/GPIO/src/GPIO_program.o
 .debug_line    0x00000832      0x1c1 C:/STM_BLUEPILL/ST32/Build/Object/MCAL/EXTI/src/EXTI_program.o
 .debug_line    0x000009f3      0x139 C:/STM_BLUEPILL/ST32/Build/Object/MCAL/AFIO/src/AFIO_program.o
 .debug_line    0x00000b2c      0x1cb C:/STM_BLUEPILL/ST32/Build/Object/MCAL/SPI/src/SPI_program.o
 .debug_line    0x00000cf7      0x2ec C:/STM_BLUEPILL/ST32/Build/Object/MCAL/UART/src/UART_program.o
 .debug_line    0x00000fe3      0x158 C:/STM_BLUEPILL/ST32/Build/Object/MCAL/FPEC/src/FPEC.o
 .debug_line    0x0000113b       0x9e C:/STM_BLUEPILL/ST32/Build/Object/MCAL/PwrMD/src/PwrMD.o
 .debug_line    0x000011d9       0x98 C:/STM_BLUEPILL/ST32/Build/Object/MCAL/DMA/src/DMA.o

.debug_str      0x00000000     0x1c08
 .debug_str     0x00000000       0xf3 C:/STM_BLUEPILL/ST32/Build/Object/Src/Image.o
                                0x12e (size before relaxing)
 .debug_str     0x000000f3      0x296 C:/STM_BLUEPILL/ST32/Build/Object/Src/main.o
                                0x3ab (size before relaxing)
 .debug_str     0x00000389       0xd0 C:/STM_BLUEPILL/ST32/Build/Object/Startup/startup_stm32f103.o
                                0x155 (size before relaxing)
 .debug_str     0x00000459      0x419 C:/STM_BLUEPILL/ST32/Build/Object/MCAL/RCC/src/RCC_program.o
                                0x78b (size before relaxing)
 .debug_str     0x00000872      0x1aa C:/STM_BLUEPILL/ST32/Build/Object/MCAL/NVIC/src/NVIC_program.o
                                0x2c4 (size before relaxing)
 .debug_str     0x00000a1c      0x193 C:/STM_BLUEPILL/ST32/Build/Object/MCAL/SysTick/src/SysTick_program.o
                                0x2bb (size before relaxing)
 .debug_str     0x00000baf      0x2fe C:/STM_BLUEPILL/ST32/Build/Object/MCAL/GPIO/src/GPIO_program.o
                                0x406 (size before relaxing)
 .debug_str     0x00000ead      0x26c C:/STM_BLUEPILL/ST32/Build/Object/MCAL/EXTI/src/EXTI_program.o
                                0x3ce (size before relaxing)
 .debug_str     0x00001119      0x17f C:/STM_BLUEPILL/ST32/Build/Object/MCAL/AFIO/src/AFIO_program.o
                                0x294 (size before relaxing)
 .debug_str     0x00001298      0x522 C:/STM_BLUEPILL/ST32/Build/Object/MCAL/SPI/src/SPI_program.o
                                0x69c (size before relaxing)
 .debug_str     0x000017ba      0x2c0 C:/STM_BLUEPILL/ST32/Build/Object/MCAL/UART/src/UART_program.o
                                0x442 (size before relaxing)
 .debug_str     0x00001a7a       0xaf C:/STM_BLUEPILL/ST32/Build/Object/MCAL/FPEC/src/FPEC.o
                                0x1c9 (size before relaxing)
 .debug_str     0x00001b29       0x6c C:/STM_BLUEPILL/ST32/Build/Object/MCAL/PwrMD/src/PwrMD.o
                                0x174 (size before relaxing)
 .debug_str     0x00001b95       0x73 C:/STM_BLUEPILL/ST32/Build/Object/MCAL/DMA/src/DMA.o
                                0x40b (size before relaxing)

.comment        0x00000000       0x49
 .comment       0x00000000       0x49 C:/STM_BLUEPILL/ST32/Build/Object/Src/Image.o
                                 0x4a (size before relaxing)
 .comment       0x00000049       0x4a C:/STM_BLUEPILL/ST32/Build/Object/Src/main.o
 .comment       0x00000049       0x4a C:/STM_BLUEPILL/ST32/Build/Object/Startup/startup_stm32f103.o
 .comment       0x00000049       0x4a C:/STM_BLUEPILL/ST32/Build/Object/MCAL/RCC/src/RCC_program.o
 .comment       0x00000049       0x4a C:/STM_BLUEPILL/ST32/Build/Object/MCAL/NVIC/src/NVIC_program.o
 .comment       0x00000049       0x4a C:/STM_BLUEPILL/ST32/Build/Object/MCAL/SysTick/src/SysTick_program.o
 .comment       0x00000049       0x4a C:/STM_BLUEPILL/ST32/Build/Object/MCAL/GPIO/src/GPIO_program.o
 .comment       0x00000049       0x4a C:/STM_BLUEPILL/ST32/Build/Object/MCAL/EXTI/src/EXTI_program.o
 .comment       0x00000049       0x4a C:/STM_BLUEPILL/ST32/Build/Object/MCAL/AFIO/src/AFIO_program.o
 .comment       0x00000049       0x4a C:/STM_BLUEPILL/ST32/Build/Object/MCAL/SPI/src/SPI_program.o
 .comment       0x00000049       0x4a C:/STM_BLUEPILL/ST32/Build/Object/MCAL/UART/src/UART_program.o
 .comment       0x00000049       0x4a C:/STM_BLUEPILL/ST32/Build/Object/MCAL/FPEC/src/FPEC.o
 .comment       0x00000049       0x4a C:/STM_BLUEPILL/ST32/Build/Object/MCAL/PwrMD/src/PwrMD.o
 .comment       0x00000049       0x4a C:/STM_BLUEPILL/ST32/Build/Object/MCAL/DMA/src/DMA.o

.ARM.attributes
                0x00000000       0x2d
 .ARM.attributes
                0x00000000       0x2d C:/STM_BLUEPILL/ST32/Build/Object/Src/Image.o
 .ARM.attributes
                0x0000002d       0x2d C:/STM_BLUEPILL/ST32/Build/Object/Src/main.o
 .ARM.attributes
                0x0000005a       0x2d C:/STM_BLUEPILL/ST32/Build/Object/Startup/startup_stm32f103.o
 .ARM.attributes
                0x00000087       0x2d C:/STM_BLUEPILL/ST32/Build/Object/MCAL/RCC/src/RCC_program.o
 .ARM.attributes
                0x000000b4       0x2d C:/STM_BLUEPILL/ST32/Build/Object/MCAL/NVIC/src/NVIC_program.o
 .ARM.attributes
                0x000000e1       0x2d C:/STM_BLUEPILL/ST32/Build/Object/MCAL/SysTick/src/SysTick_program.o
 .ARM.attributes
                0x0000010e       0x2d C:/STM_BLUEPILL/ST32/Build/Object/MCAL/GPIO/src/GPIO_program.o
 .ARM.attributes
                0x0000013b       0x2d C:/STM_BLUEPILL/ST32/Build/Object/MCAL/EXTI/src/EXTI_program.o
 .ARM.attributes
                0x00000168       0x2d C:/STM_BLUEPILL/ST32/Build/Object/MCAL/AFIO/src/AFIO_program.o
 .ARM.attributes
                0x00000195       0x2d C:/STM_BLUEPILL/ST32/Build/Object/MCAL/SPI/src/SPI_program.o
 .ARM.attributes
                0x000001c2       0x2d C:/STM_BLUEPILL/ST32/Build/Object/MCAL/UART/src/UART_program.o
 .ARM.attributes
                0x000001ef       0x2d C:/STM_BLUEPILL/ST32/Build/Object/MCAL/FPEC/src/FPEC.o
 .ARM.attributes
                0x0000021c       0x2d C:/STM_BLUEPILL/ST32/Build/Object/MCAL/PwrMD/src/PwrMD.o
 .ARM.attributes
                0x00000249       0x2d C:/STM_BLUEPILL/ST32/Build/Object/MCAL/DMA/src/DMA.o

.debug_frame    0x00000000      0xa84
 .debug_frame   0x00000000       0x68 C:/STM_BLUEPILL/ST32/Build/Object/Src/main.o
 .debug_frame   0x00000068       0x74 C:/STM_BLUEPILL/ST32/Build/Object/Startup/startup_stm32f103.o
 .debug_frame   0x000000dc       0xb0 C:/STM_BLUEPILL/ST32/Build/Object/MCAL/RCC/src/RCC_program.o
 .debug_frame   0x0000018c      0x100 C:/STM_BLUEPILL/ST32/Build/Object/MCAL/NVIC/src/NVIC_program.o
 .debug_frame   0x0000028c      0x120 C:/STM_BLUEPILL/ST32/Build/Object/MCAL/SysTick/src/SysTick_program.o
 .debug_frame   0x000003ac       0xd8 C:/STM_BLUEPILL/ST32/Build/Object/MCAL/GPIO/src/GPIO_program.o
 .debug_frame   0x00000484      0x22c C:/STM_BLUEPILL/ST32/Build/Object/MCAL/EXTI/src/EXTI_program.o
 .debug_frame   0x000006b0       0x38 C:/STM_BLUEPILL/ST32/Build/Object/MCAL/AFIO/src/AFIO_program.o
 .debug_frame   0x000006e8       0xe0 C:/STM_BLUEPILL/ST32/Build/Object/MCAL/SPI/src/SPI_program.o
 .debug_frame   0x000007c8      0x170 C:/STM_BLUEPILL/ST32/Build/Object/MCAL/UART/src/UART_program.o
 .debug_frame   0x00000938       0x84 C:/STM_BLUEPILL/ST32/Build/Object/MCAL/FPEC/src/FPEC.o
 .debug_frame   0x000009bc       0x90 C:/STM_BLUEPILL/ST32/Build/Object/MCAL/PwrMD/src/PwrMD.o
 .debug_frame   0x00000a4c       0x38 C:/STM_BLUEPILL/ST32/Build/Object/MCAL/DMA/src/DMA.o
