
Memory Configuration

Name             Origin             Length             Attributes
RAM              0x20000000         0x00005000         xrw
FLASH            0x08001400         0x0000ec00         xr
*default*        0x00000000         0xffffffff

Linker script and memory map

                0x20005000                _estack = (ORIGIN (RAM) + LENGTH (RAM))
                0x00000200                _Min_Heap_Size = 0x200
                0x00000400                _Min_Stack_Size = 0x400

.isr_vector     0x08001400      0x130
                0x08001400                . = ALIGN (0x4)
 *(.isr_vector)
 .isr_vector    0x08001400      0x130 C:/STM_BLUEPILL/ST32/Build/Object/startup_stm32f103.o
                0x08001400                Vector_Table
                0x08001530                . = ALIGN (0x4)

.text           0x08001530     0x15ac
                0x08001530                . = ALIGN (0x4)
 *(.text)
 .text          0x08001530       0x50 C:/STM_BLUEPILL/ST32/Build/Object/main.o
                0x08001530                main
 .text          0x08001580       0xac C:/STM_BLUEPILL/ST32/Build/Object/startup_stm32f103.o
                0x0800158c                Reset_Handler
                0x08001620                TIM8_CC_IRQHandler
                0x08001620                DebugMon_Handler
                0x08001620                TIM1_CC_IRQHandler
                0x08001620                HardFault_Handler
                0x08001620                TIM6_IRQHandler
                0x08001620                PVD_IRQHandler
                0x08001620                SDIO_IRQHandler
                0x08001620                TAMP_STAMP_IRQHandler
                0x08001620                PendSV_Handler
                0x08001620                NMI_Handler
                0x08001620                USB_HP_CAN_TX_IRQHandler
                0x08001620                I2C2_EV_IRQHandler
                0x08001620                UsageFault_Handler
                0x08001620                CAN_SCE_IRQHandler
                0x08001620                TIM8_UP_IRQHandler
                0x08001620                DMA2_Channel2_IRQHandler
                0x08001620                DMA1_Channel4_IRQHandler
                0x08001620                DMA1_Channel7_IRQHandler
                0x08001620                TIM8_TRG_COM_IRQHandler
                0x08001620                UART5_IRQHandler
                0x08001620                ADC3_IRQHandler
                0x08001620                TIM4_IRQHandler
                0x08001620                CAN_RX1_IRQHandler
                0x08001620                DMA2_Channel1_IRQHandler
                0x08001620                I2C1_EV_IRQHandler
                0x08001620                DMA1_Channel6_IRQHandler
                0x08001620                UART4_IRQHandler
                0x08001620                TIM3_IRQHandler
                0x08001620                RCC_IRQHandler
                0x08001620                TIM1_TRG_COM_IRQHandler
                0x08001620                DMA1_Channel1_IRQHandler
                0x08001620                Default_Handler
                0x08001620                EXTI15_10_IRQHandler
                0x08001620                TIM7_IRQHandler
                0x08001620                TIM5_IRQHandler
                0x08001620                EXTI9_5_IRQHandler
                0x08001620                RTC_WKUP_IRQHandler
                0x08001620                USB_LP_CAN_RX0_IRQHandler
                0x08001620                MemManage_Handler
                0x08001620                SVC_Handler
                0x08001620                ADC_1_2_IRQHandler
                0x08001620                DMA1_Channel5_IRQHandler
                0x08001620                DMA1_Channel3_IRQHandler
                0x08001620                FSMC_IRQHandler
                0x08001620                TIM1_UP_IRQHandler
                0x08001620                WWDG_IRQHandler
                0x08001620                TIM2_IRQHandler
                0x08001620                TIM1_BRK_IRQHandler
                0x08001620                RTCAlarm_IRQHandler
                0x08001620                DMA2_Channel4_5_IRQHandler
                0x08001620                I2C2_ER_IRQHandler
                0x08001620                DMA1_Channel2_IRQHandler
                0x08001620                TIM8_BRK_IRQHandler
                0x08001620                FLASH_IRQHandler
                0x08001620                BusFault_Handler
                0x08001620                SPI3_IRQHandler
                0x08001620                I2C1_ER_IRQHandler
                0x08001620                DMA2_Channel3_IRQHandler
 .text          0x0800162c      0x208 C:/STM_BLUEPILL/ST32/Build/Object/RCC_program.o
                0x0800162c                RCC_VidInit
                0x0800167c                RCC_voidEnablePeripheral
                0x08001718                RCC_voidDisablePeripheral
                0x080017b8                RCC_voidResetPeripheral
 .text          0x08001834      0x210 C:/STM_BLUEPILL/ST32/Build/Object/NVIC_program.o
                0x08001834                NVIC_EnableInterrupt
                0x08001884                NVIC_DisableInterrupt
                0x080018d4                NVIC_SetPendingFlag
                0x08001924                NVIC_ClearPendingFlag
                0x08001974                NVIC_GetActiveInterrupt
                0x080019e0                NVIC_SetPriority
 .text          0x08001a44      0x184 C:/STM_BLUEPILL/ST32/Build/Object/SysTick_program.o
                0x08001a44                SysTick_voidInit
                0x08001a60                SysTick_voidSetBusyWait
                0x08001ab4                SysTick_voidSetIntervalSingle
                0x08001b0c                SysTick_voidSetIntervalPeriodoc
                0x08001b64                SysTick_voidStopTimer
                0x08001b80                SysTick_GetElapsedTime
                0x08001ba0                SysTick_GetRemaningTime
                0x08001bb4                SysTick_Handler
 .text          0x08001bc8      0x3e8 C:/STM_BLUEPILL/ST32/Build/Object/GPIO_program.o
                0x08001bc8                GPIO_SetPinConfig
                0x08001d78                GPIO_GetPinReading
                0x08001e18                GPIO_GetPortReading
                0x08001e84                GPIO_SetPinValue
                0x08001f54                GPIO_SetPortValue
 .text          0x08001fb0      0x34c C:/STM_BLUEPILL/ST32/Build/Object/EXTI_program.o
                0x08001fb0                EXTI_voidInterrupEnable
                0x08001fdc                EXTI_voidInterrupDisable
                0x0800200c                EXTI_SetSignalLatch
                0x08002128                EXTI_voidSwTrigger
                0x08002180                EXT0_CallBack
                0x080021b4                EXT1_CallBack
                0x080021e8                EXT2_CallBack
                0x0800221c                EXT3_CallBack
                0x08002250                EXT4_CallBack
                0x08002284                EXTI0_IRQHandler
                0x0800229c                EXTI1_IRQHandler
                0x080022b4                EXTI2_IRQHandler
                0x080022cc                EXTI3_IRQHandler
                0x080022e4                EXTI4_IRQHandler
 .text          0x080022fc      0x108 C:/STM_BLUEPILL/ST32/Build/Object/AFIO_program.o
                0x080022fc                AFIO_voidSetEXTIConfiguration
 .text          0x08002404      0x1b8 C:/STM_BLUEPILL/ST32/Build/Object/SPI_program.o
                0x08002404                SPI_voidInit
                0x08002488                Spi_SendRecieveSync
                0x08002518                Spi_SendRecieveASync
                0x0800256c                SPI1_IRQHandler
                0x08002594                SPI2_IRQHandler
 .text          0x080025bc      0x520 C:/STM_BLUEPILL/ST32/Build/Object/UART_program.o
                0x080025bc                UART_voidInit
                0x080027f0                UART_u8SendCharSynch
                0x080028b0                UART_u8ReceiveCharSynch
                0x080029ac                UART_u8SendStringSynch
                0x080029fa                UART_u8RecieveStringSynch
                0x08002a5a                UART_IsStringEqual
                0x08002aa0                USART1_IRQHandler
                0x08002ab4                USART2_IRQHandler
                0x08002ac8                USART3_IRQHandler
 *(.text*)
                0x08002adc                . = ALIGN (0x4)
                0x08002adc                _etext = .

.glue_7         0x08002adc        0x0
 .glue_7        0x08002adc        0x0 linker stubs

.glue_7t        0x08002adc        0x0
 .glue_7t       0x08002adc        0x0 linker stubs

.vfp11_veneer   0x08002adc        0x0
 .vfp11_veneer  0x08002adc        0x0 linker stubs

.v4_bx          0x08002adc        0x0
 .v4_bx         0x08002adc        0x0 linker stubs

.iplt           0x08002adc        0x0
 .iplt          0x08002adc        0x0 C:/STM_BLUEPILL/ST32/Build/Object/main.o

.rodata         0x08002adc       0x10
                0x08002adc                . = ALIGN (0x4)
 *(.rodata)
 .rodata        0x08002adc        0x9 C:/STM_BLUEPILL/ST32/Build/Object/main.o
 *fill*         0x08002ae5        0x3 
 .rodata        0x08002ae8        0x4 C:/STM_BLUEPILL/ST32/Build/Object/startup_stm32f103.o
                0x08002ae8                MSP_Value
 *(.rodata*)
                0x08002aec                . = ALIGN (0x4)
                0x08002aec                _sidata = LOADADDR (.data)

.rel.dyn        0x08002aec        0x0
 .rel.iplt      0x08002aec        0x0 C:/STM_BLUEPILL/ST32/Build/Object/main.o

.data           0x20000000        0x0 load address 0x08002aec
                0x20000000                . = ALIGN (0x4)
                0x20000000                _sdata = .
 *(.data)
 .data          0x20000000        0x0 C:/STM_BLUEPILL/ST32/Build/Object/main.o
 .data          0x20000000        0x0 C:/STM_BLUEPILL/ST32/Build/Object/startup_stm32f103.o
 .data          0x20000000        0x0 C:/STM_BLUEPILL/ST32/Build/Object/RCC_program.o
 .data          0x20000000        0x0 C:/STM_BLUEPILL/ST32/Build/Object/NVIC_program.o
 .data          0x20000000        0x0 C:/STM_BLUEPILL/ST32/Build/Object/SysTick_program.o
 .data          0x20000000        0x0 C:/STM_BLUEPILL/ST32/Build/Object/GPIO_program.o
 .data          0x20000000        0x0 C:/STM_BLUEPILL/ST32/Build/Object/EXTI_program.o
 .data          0x20000000        0x0 C:/STM_BLUEPILL/ST32/Build/Object/AFIO_program.o
 .data          0x20000000        0x0 C:/STM_BLUEPILL/ST32/Build/Object/SPI_program.o
 .data          0x20000000        0x0 C:/STM_BLUEPILL/ST32/Build/Object/UART_program.o
 *(.data*)
                0x20000000                . = ALIGN (0x4)
                0x20000000                _edata = .

.igot.plt       0x20000000        0x0 load address 0x08002aec
 .igot.plt      0x20000000        0x0 C:/STM_BLUEPILL/ST32/Build/Object/main.o

.bss            0x20000000       0x2c load address 0x08002aec
                0x20000000                _sbss = .
 *(.bss)
 .bss           0x20000000        0x0 C:/STM_BLUEPILL/ST32/Build/Object/main.o
 .bss           0x20000000        0x0 C:/STM_BLUEPILL/ST32/Build/Object/startup_stm32f103.o
 .bss           0x20000000        0x0 C:/STM_BLUEPILL/ST32/Build/Object/RCC_program.o
 .bss           0x20000000        0x0 C:/STM_BLUEPILL/ST32/Build/Object/NVIC_program.o
 .bss           0x20000000        0x4 C:/STM_BLUEPILL/ST32/Build/Object/SysTick_program.o
 .bss           0x20000004        0x0 C:/STM_BLUEPILL/ST32/Build/Object/GPIO_program.o
 .bss           0x20000004       0x14 C:/STM_BLUEPILL/ST32/Build/Object/EXTI_program.o
 .bss           0x20000018        0x0 C:/STM_BLUEPILL/ST32/Build/Object/AFIO_program.o
 .bss           0x20000018        0x8 C:/STM_BLUEPILL/ST32/Build/Object/SPI_program.o
 .bss           0x20000020        0xc C:/STM_BLUEPILL/ST32/Build/Object/UART_program.o
 *(.bss*)
                0x2000002c                . = ALIGN (0x4)
                0x2000002c                _ebss = .

._user_heap_stack
                0x2000002c      0x604 load address 0x08002aec
                0x20000030                . = ALIGN (0x8)
 *fill*         0x2000002c        0x4 
                0x20000230                . = (. + _Min_Heap_Size)
 *fill*         0x20000030      0x200 
                0x20000630                . = (. + _Min_Stack_Size)
 *fill*         0x20000230      0x400 
                0x20000630                . = ALIGN (0x8)
LOAD C:/STM_BLUEPILL/ST32/Build/Object/main.o
LOAD C:/STM_BLUEPILL/ST32/Build/Object/startup_stm32f103.o
LOAD C:/STM_BLUEPILL/ST32/Build/Object/RCC_program.o
LOAD C:/STM_BLUEPILL/ST32/Build/Object/NVIC_program.o
LOAD C:/STM_BLUEPILL/ST32/Build/Object/SysTick_program.o
LOAD C:/STM_BLUEPILL/ST32/Build/Object/GPIO_program.o
LOAD C:/STM_BLUEPILL/ST32/Build/Object/EXTI_program.o
LOAD C:/STM_BLUEPILL/ST32/Build/Object/AFIO_program.o
LOAD C:/STM_BLUEPILL/ST32/Build/Object/SPI_program.o
LOAD C:/STM_BLUEPILL/ST32/Build/Object/UART_program.o
OUTPUT(C:/STM_BLUEPILL/ST32/Tools/app.elf elf32-littlearm)
LOAD linker stubs

.debug_info     0x00000000     0x261d
 .debug_info    0x00000000      0x2fd C:/STM_BLUEPILL/ST32/Build/Object/main.o
 .debug_info    0x000002fd      0x15e C:/STM_BLUEPILL/ST32/Build/Object/startup_stm32f103.o
 .debug_info    0x0000045b      0x5ea C:/STM_BLUEPILL/ST32/Build/Object/RCC_program.o
 .debug_info    0x00000a45      0x2fd C:/STM_BLUEPILL/ST32/Build/Object/NVIC_program.o
 .debug_info    0x00000d42      0x261 C:/STM_BLUEPILL/ST32/Build/Object/SysTick_program.o
 .debug_info    0x00000fa3      0x4df C:/STM_BLUEPILL/ST32/Build/Object/GPIO_program.o
 .debug_info    0x00001482      0x4b1 C:/STM_BLUEPILL/ST32/Build/Object/EXTI_program.o
 .debug_info    0x00001933      0x1b9 C:/STM_BLUEPILL/ST32/Build/Object/AFIO_program.o
 .debug_info    0x00001aec      0x4ed C:/STM_BLUEPILL/ST32/Build/Object/SPI_program.o
 .debug_info    0x00001fd9      0x644 C:/STM_BLUEPILL/ST32/Build/Object/UART_program.o

.debug_abbrev   0x00000000      0xb00
 .debug_abbrev  0x00000000       0x60 C:/STM_BLUEPILL/ST32/Build/Object/main.o
 .debug_abbrev  0x00000060       0xe9 C:/STM_BLUEPILL/ST32/Build/Object/startup_stm32f103.o
 .debug_abbrev  0x00000149      0x105 C:/STM_BLUEPILL/ST32/Build/Object/RCC_program.o
 .debug_abbrev  0x0000024e      0x13a C:/STM_BLUEPILL/ST32/Build/Object/NVIC_program.o
 .debug_abbrev  0x00000388      0x150 C:/STM_BLUEPILL/ST32/Build/Object/SysTick_program.o
 .debug_abbrev  0x000004d8      0x109 C:/STM_BLUEPILL/ST32/Build/Object/GPIO_program.o
 .debug_abbrev  0x000005e1      0x14b C:/STM_BLUEPILL/ST32/Build/Object/EXTI_program.o
 .debug_abbrev  0x0000072c       0xb6 C:/STM_BLUEPILL/ST32/Build/Object/AFIO_program.o
 .debug_abbrev  0x000007e2      0x138 C:/STM_BLUEPILL/ST32/Build/Object/SPI_program.o
 .debug_abbrev  0x0000091a      0x1e6 C:/STM_BLUEPILL/ST32/Build/Object/UART_program.o

.debug_aranges  0x00000000      0x140
 .debug_aranges
                0x00000000       0x20 C:/STM_BLUEPILL/ST32/Build/Object/main.o
 .debug_aranges
                0x00000020       0x20 C:/STM_BLUEPILL/ST32/Build/Object/startup_stm32f103.o
 .debug_aranges
                0x00000040       0x20 C:/STM_BLUEPILL/ST32/Build/Object/RCC_program.o
 .debug_aranges
                0x00000060       0x20 C:/STM_BLUEPILL/ST32/Build/Object/NVIC_program.o
 .debug_aranges
                0x00000080       0x20 C:/STM_BLUEPILL/ST32/Build/Object/SysTick_program.o
 .debug_aranges
                0x000000a0       0x20 C:/STM_BLUEPILL/ST32/Build/Object/GPIO_program.o
 .debug_aranges
                0x000000c0       0x20 C:/STM_BLUEPILL/ST32/Build/Object/EXTI_program.o
 .debug_aranges
                0x000000e0       0x20 C:/STM_BLUEPILL/ST32/Build/Object/AFIO_program.o
 .debug_aranges
                0x00000100       0x20 C:/STM_BLUEPILL/ST32/Build/Object/SPI_program.o
 .debug_aranges
                0x00000120       0x20 C:/STM_BLUEPILL/ST32/Build/Object/UART_program.o

.debug_line     0x00000000     0x113e
 .debug_line    0x00000000      0x103 C:/STM_BLUEPILL/ST32/Build/Object/main.o
 .debug_line    0x00000103       0xcc C:/STM_BLUEPILL/ST32/Build/Object/startup_stm32f103.o
 .debug_line    0x000001cf      0x167 C:/STM_BLUEPILL/ST32/Build/Object/RCC_program.o
 .debug_line    0x00000336      0x1a5 C:/STM_BLUEPILL/ST32/Build/Object/NVIC_program.o
 .debug_line    0x000004db      0x15d C:/STM_BLUEPILL/ST32/Build/Object/SysTick_program.o
 .debug_line    0x00000638      0x2a6 C:/STM_BLUEPILL/ST32/Build/Object/GPIO_program.o
 .debug_line    0x000008de      0x1e5 C:/STM_BLUEPILL/ST32/Build/Object/EXTI_program.o
 .debug_line    0x00000ac3      0x15d C:/STM_BLUEPILL/ST32/Build/Object/AFIO_program.o
 .debug_line    0x00000c20      0x1a7 C:/STM_BLUEPILL/ST32/Build/Object/SPI_program.o
 .debug_line    0x00000dc7      0x377 C:/STM_BLUEPILL/ST32/Build/Object/UART_program.o

.debug_str      0x00000000     0x1842
 .debug_str     0x00000000      0x52f C:/STM_BLUEPILL/ST32/Build/Object/main.o
                                0x56a (size before relaxing)
 .debug_str     0x0000052f       0xd0 C:/STM_BLUEPILL/ST32/Build/Object/startup_stm32f103.o
                                0x155 (size before relaxing)
 .debug_str     0x000005ff      0x42b C:/STM_BLUEPILL/ST32/Build/Object/RCC_program.o
                                0x79d (size before relaxing)
 .debug_str     0x00000a2a      0x1bc C:/STM_BLUEPILL/ST32/Build/Object/NVIC_program.o
                                0x2d6 (size before relaxing)
 .debug_str     0x00000be6      0x19a C:/STM_BLUEPILL/ST32/Build/Object/SysTick_program.o
                                0x2c2 (size before relaxing)
 .debug_str     0x00000d80      0x151 C:/STM_BLUEPILL/ST32/Build/Object/GPIO_program.o
                                0x418 (size before relaxing)
 .debug_str     0x00000ed1      0x27e C:/STM_BLUEPILL/ST32/Build/Object/EXTI_program.o
                                0x3d5 (size before relaxing)
 .debug_str     0x0000114f      0x191 C:/STM_BLUEPILL/ST32/Build/Object/AFIO_program.o
                                0x2a6 (size before relaxing)
 .debug_str     0x000012e0      0x29c C:/STM_BLUEPILL/ST32/Build/Object/SPI_program.o
                                0x3f9 (size before relaxing)
 .debug_str     0x0000157c      0x2c6 C:/STM_BLUEPILL/ST32/Build/Object/UART_program.o
                                0x468 (size before relaxing)

.comment        0x00000000       0x49
 .comment       0x00000000       0x49 C:/STM_BLUEPILL/ST32/Build/Object/main.o
                                 0x4a (size before relaxing)
 .comment       0x00000049       0x4a C:/STM_BLUEPILL/ST32/Build/Object/startup_stm32f103.o
 .comment       0x00000049       0x4a C:/STM_BLUEPILL/ST32/Build/Object/RCC_program.o
 .comment       0x00000049       0x4a C:/STM_BLUEPILL/ST32/Build/Object/NVIC_program.o
 .comment       0x00000049       0x4a C:/STM_BLUEPILL/ST32/Build/Object/SysTick_program.o
 .comment       0x00000049       0x4a C:/STM_BLUEPILL/ST32/Build/Object/GPIO_program.o
 .comment       0x00000049       0x4a C:/STM_BLUEPILL/ST32/Build/Object/EXTI_program.o
 .comment       0x00000049       0x4a C:/STM_BLUEPILL/ST32/Build/Object/AFIO_program.o
 .comment       0x00000049       0x4a C:/STM_BLUEPILL/ST32/Build/Object/SPI_program.o
 .comment       0x00000049       0x4a C:/STM_BLUEPILL/ST32/Build/Object/UART_program.o

.ARM.attributes
                0x00000000       0x2d
 .ARM.attributes
                0x00000000       0x2d C:/STM_BLUEPILL/ST32/Build/Object/main.o
 .ARM.attributes
                0x0000002d       0x2d C:/STM_BLUEPILL/ST32/Build/Object/startup_stm32f103.o
 .ARM.attributes
                0x0000005a       0x2d C:/STM_BLUEPILL/ST32/Build/Object/RCC_program.o
 .ARM.attributes
                0x00000087       0x2d C:/STM_BLUEPILL/ST32/Build/Object/NVIC_program.o
 .ARM.attributes
                0x000000b4       0x2d C:/STM_BLUEPILL/ST32/Build/Object/SysTick_program.o
 .ARM.attributes
                0x000000e1       0x2d C:/STM_BLUEPILL/ST32/Build/Object/GPIO_program.o
 .ARM.attributes
                0x0000010e       0x2d C:/STM_BLUEPILL/ST32/Build/Object/EXTI_program.o
 .ARM.attributes
                0x0000013b       0x2d C:/STM_BLUEPILL/ST32/Build/Object/AFIO_program.o
 .ARM.attributes
                0x00000168       0x2d C:/STM_BLUEPILL/ST32/Build/Object/SPI_program.o
 .ARM.attributes
                0x00000195       0x2d C:/STM_BLUEPILL/ST32/Build/Object/UART_program.o

.debug_frame    0x00000000      0x8ac
 .debug_frame   0x00000000       0x2c C:/STM_BLUEPILL/ST32/Build/Object/main.o
 .debug_frame   0x0000002c       0x70 C:/STM_BLUEPILL/ST32/Build/Object/startup_stm32f103.o
 .debug_frame   0x0000009c       0xb0 C:/STM_BLUEPILL/ST32/Build/Object/RCC_program.o
 .debug_frame   0x0000014c      0x100 C:/STM_BLUEPILL/ST32/Build/Object/NVIC_program.o
 .debug_frame   0x0000024c      0x120 C:/STM_BLUEPILL/ST32/Build/Object/SysTick_program.o
 .debug_frame   0x0000036c       0xd8 C:/STM_BLUEPILL/ST32/Build/Object/GPIO_program.o
 .debug_frame   0x00000444      0x22c C:/STM_BLUEPILL/ST32/Build/Object/EXTI_program.o
 .debug_frame   0x00000670       0x38 C:/STM_BLUEPILL/ST32/Build/Object/AFIO_program.o
 .debug_frame   0x000006a8       0xb8 C:/STM_BLUEPILL/ST32/Build/Object/SPI_program.o
 .debug_frame   0x00000760      0x14c C:/STM_BLUEPILL/ST32/Build/Object/UART_program.o
