Archive member included to satisfy reference by file (symbol)

C:/ST/STM32CubeIDE_1.12.0/STM32CubeIDE/plugins/com.st.stm32cube.ide.mcu.externaltools.gnu-tools-for-stm32.11.3.rel1.win32_1.1.1.202309131626/tools/bin/../lib/gcc/arm-none-eabi/11.3.1/../../../../arm-none-eabi/lib/thumb/v7-m/nofp\libc_nano.a(libc_a-exit.o)
                              C:/ST/STM32CubeIDE_1.12.0/STM32CubeIDE/plugins/com.st.stm32cube.ide.mcu.externaltools.gnu-tools-for-stm32.11.3.rel1.win32_1.1.1.202309131626/tools/bin/../lib/gcc/arm-none-eabi/11.3.1/../../../../arm-none-eabi/lib/thumb/v7-m/nofp/crt0.o (exit)
C:/ST/STM32CubeIDE_1.12.0/STM32CubeIDE/plugins/com.st.stm32cube.ide.mcu.externaltools.gnu-tools-for-stm32.11.3.rel1.win32_1.1.1.202309131626/tools/bin/../lib/gcc/arm-none-eabi/11.3.1/../../../../arm-none-eabi/lib/thumb/v7-m/nofp\libc_nano.a(libc_a-findfp.o)
                              C:/ST/STM32CubeIDE_1.12.0/STM32CubeIDE/plugins/com.st.stm32cube.ide.mcu.externaltools.gnu-tools-for-stm32.11.3.rel1.win32_1.1.1.202309131626/tools/bin/../lib/gcc/arm-none-eabi/11.3.1/../../../../arm-none-eabi/lib/thumb/v7-m/nofp\libc_nano.a(libc_a-exit.o) (__stdio_exit_handler)
C:/ST/STM32CubeIDE_1.12.0/STM32CubeIDE/plugins/com.st.stm32cube.ide.mcu.externaltools.gnu-tools-for-stm32.11.3.rel1.win32_1.1.1.202309131626/tools/bin/../lib/gcc/arm-none-eabi/11.3.1/../../../../arm-none-eabi/lib/thumb/v7-m/nofp\libc_nano.a(libc_a-fwalk.o)
                              C:/ST/STM32CubeIDE_1.12.0/STM32CubeIDE/plugins/com.st.stm32cube.ide.mcu.externaltools.gnu-tools-for-stm32.11.3.rel1.win32_1.1.1.202309131626/tools/bin/../lib/gcc/arm-none-eabi/11.3.1/../../../../arm-none-eabi/lib/thumb/v7-m/nofp\libc_nano.a(libc_a-findfp.o) (_fwalk_sglue)
C:/ST/STM32CubeIDE_1.12.0/STM32CubeIDE/plugins/com.st.stm32cube.ide.mcu.externaltools.gnu-tools-for-stm32.11.3.rel1.win32_1.1.1.202309131626/tools/bin/../lib/gcc/arm-none-eabi/11.3.1/../../../../arm-none-eabi/lib/thumb/v7-m/nofp\libc_nano.a(libc_a-stdio.o)
                              C:/ST/STM32CubeIDE_1.12.0/STM32CubeIDE/plugins/com.st.stm32cube.ide.mcu.externaltools.gnu-tools-for-stm32.11.3.rel1.win32_1.1.1.202309131626/tools/bin/../lib/gcc/arm-none-eabi/11.3.1/../../../../arm-none-eabi/lib/thumb/v7-m/nofp\libc_nano.a(libc_a-findfp.o) (__sread)
C:/ST/STM32CubeIDE_1.12.0/STM32CubeIDE/plugins/com.st.stm32cube.ide.mcu.externaltools.gnu-tools-for-stm32.11.3.rel1.win32_1.1.1.202309131626/tools/bin/../lib/gcc/arm-none-eabi/11.3.1/../../../../arm-none-eabi/lib/thumb/v7-m/nofp\libc_nano.a(libc_a-memset.o)
                              C:/ST/STM32CubeIDE_1.12.0/STM32CubeIDE/plugins/com.st.stm32cube.ide.mcu.externaltools.gnu-tools-for-stm32.11.3.rel1.win32_1.1.1.202309131626/tools/bin/../lib/gcc/arm-none-eabi/11.3.1/../../../../arm-none-eabi/lib/thumb/v7-m/nofp/crt0.o (memset)
C:/ST/STM32CubeIDE_1.12.0/STM32CubeIDE/plugins/com.st.stm32cube.ide.mcu.externaltools.gnu-tools-for-stm32.11.3.rel1.win32_1.1.1.202309131626/tools/bin/../lib/gcc/arm-none-eabi/11.3.1/../../../../arm-none-eabi/lib/thumb/v7-m/nofp\libc_nano.a(libc_a-closer.o)
                              C:/ST/STM32CubeIDE_1.12.0/STM32CubeIDE/plugins/com.st.stm32cube.ide.mcu.externaltools.gnu-tools-for-stm32.11.3.rel1.win32_1.1.1.202309131626/tools/bin/../lib/gcc/arm-none-eabi/11.3.1/../../../../arm-none-eabi/lib/thumb/v7-m/nofp\libc_nano.a(libc_a-stdio.o) (_close_r)
C:/ST/STM32CubeIDE_1.12.0/STM32CubeIDE/plugins/com.st.stm32cube.ide.mcu.externaltools.gnu-tools-for-stm32.11.3.rel1.win32_1.1.1.202309131626/tools/bin/../lib/gcc/arm-none-eabi/11.3.1/../../../../arm-none-eabi/lib/thumb/v7-m/nofp\libc_nano.a(libc_a-reent.o)
                              C:/ST/STM32CubeIDE_1.12.0/STM32CubeIDE/plugins/com.st.stm32cube.ide.mcu.externaltools.gnu-tools-for-stm32.11.3.rel1.win32_1.1.1.202309131626/tools/bin/../lib/gcc/arm-none-eabi/11.3.1/../../../../arm-none-eabi/lib/thumb/v7-m/nofp\libc_nano.a(libc_a-closer.o) (errno)
C:/ST/STM32CubeIDE_1.12.0/STM32CubeIDE/plugins/com.st.stm32cube.ide.mcu.externaltools.gnu-tools-for-stm32.11.3.rel1.win32_1.1.1.202309131626/tools/bin/../lib/gcc/arm-none-eabi/11.3.1/../../../../arm-none-eabi/lib/thumb/v7-m/nofp\libc_nano.a(libc_a-impure.o)
                              C:/ST/STM32CubeIDE_1.12.0/STM32CubeIDE/plugins/com.st.stm32cube.ide.mcu.externaltools.gnu-tools-for-stm32.11.3.rel1.win32_1.1.1.202309131626/tools/bin/../lib/gcc/arm-none-eabi/11.3.1/../../../../arm-none-eabi/lib/thumb/v7-m/nofp\libc_nano.a(libc_a-reent.o) (_impure_ptr)
C:/ST/STM32CubeIDE_1.12.0/STM32CubeIDE/plugins/com.st.stm32cube.ide.mcu.externaltools.gnu-tools-for-stm32.11.3.rel1.win32_1.1.1.202309131626/tools/bin/../lib/gcc/arm-none-eabi/11.3.1/../../../../arm-none-eabi/lib/thumb/v7-m/nofp\libc_nano.a(libc_a-lseekr.o)
[...]
Memory Configuration

Name             Origin             Length             Attributes
RAM              0x0000000020000000 0x0000000000005000 xrw
FLASH            0x0000000008000000 0x0000000000010000 xr
*default*        0x0000000000000000 0xffffffffffffffff

Linker script and memory map

LOAD C:/ST/STM32CubeIDE_1.12.0/STM32CubeIDE/plugins/com.st.stm32cube.ide.mcu.externaltools.gnu-tools-for-stm32.11.3.rel1.win32_1.1.1.202309131626/tools/bin/../lib/gcc/arm-none-eabi/11.3.1/thumb/v7-m/nofp/crti.o
LOAD C:/ST/STM32CubeIDE_1.12.0/STM32CubeIDE/plugins/com.st.stm32cube.ide.mcu.externaltools.gnu-tools-for-stm32.11.3.rel1.win32_1.1.1.202309131626/tools/bin/../lib/gcc/arm-none-eabi/11.3.1/thumb/v7-m/nofp/crtbegin.o
LOAD C:/ST/STM32CubeIDE_1.12.0/STM32CubeIDE/plugins/com.st.stm32cube.ide.mcu.externaltools.gnu-tools-for-stm32.11.3.rel1.win32_1.1.1.202309131626/tools/bin/../lib/gcc/arm-none-eabi/11.3.1/../../../../arm-none-eabi/lib/thumb/v7-m/nofp/crt0.o
LOAD ./MCAL/AFIO/src/AFIO_program.o
LOAD ./MCAL/EXTI/src/EXTI_program.o
LOAD ./MCAL/GPIO/src/GPIO_program.o
LOAD ./MCAL/NVIC/src/NVIC_program.o
LOAD ./MCAL/RCC/src/RCC_program.o
LOAD ./MCAL/SysTick/src/SysTick_program.o
LOAD ./Src/main.o
LOAD ./Src/syscalls.o
LOAD ./Src/sysmem.o
LOAD ./Startup/startup_stm32f103c8tx.o
START GROUP
LOAD C:/ST/STM32CubeIDE_1.12.0/STM32CubeIDE/plugins/com.st.stm32cube.ide.mcu.externaltools.gnu-tools-for-stm32.11.3.rel1.win32_1.1.1.202309131626/tools/bin/../lib/gcc/arm-none-eabi/11.3.1/../../../../arm-none-eabi/lib/thumb/v7-m/nofp\libc_nano.a
LOAD C:/ST/STM32CubeIDE_1.12.0/STM32CubeIDE/plugins/com.st.stm32cube.ide.mcu.externaltools.gnu-tools-for-stm32.11.3.rel1.win32_1.1.1.202309131626/tools/bin/../lib/gcc/arm-none-eabi/11.3.1/../../../../arm-none-eabi/lib/thumb/v7-m/nofp\libm.a
END GROUP
START GROUP
LOAD C:/ST/STM32CubeIDE_1.12.0/STM32CubeIDE/plugins/com.st.stm32cube.ide.mcu.externaltools.gnu-tools-for-stm32.11.3.rel1.win32_1.1.1.202309131626/tools/bin/../lib/gcc/arm-none-eabi/11.3.1/thumb/v7-m/nofp\libgcc.a
LOAD C:/ST/STM32CubeIDE_1.12.0/STM32CubeIDE/plugins/com.st.stm32cube.ide.mcu.externaltools.gnu-tools-for-stm32.11.3.rel1.win32_1.1.1.202309131626/tools/bin/../lib/gcc/arm-none-eabi/11.3.1/../../../../arm-none-eabi/lib/thumb/v7-m/nofp\libc_nano.a
END GROUP
START GROUP
LOAD C:/ST/STM32CubeIDE_1.12.0/STM32CubeIDE/plugins/com.st.stm32cube.ide.mcu.externaltools.gnu-tools-for-stm32.11.3.rel1.win32_1.1.1.202309131626/tools/bin/../lib/gcc/arm-none-eabi/11.3.1/thumb/v7-m/nofp\libgcc.a
LOAD C:/ST/STM32CubeIDE_1.12.0/STM32CubeIDE/plugins/com.st.stm32cube.ide.mcu.externaltools.gnu-tools-for-stm32.11.3.rel1.win32_1.1.1.202309131626/tools/bin/../lib/gcc/arm-none-eabi/11.3.1/../../../../arm-none-eabi/lib/thumb/v7-m/nofp\libc_nano.a
LOAD C:/ST/STM32CubeIDE_1.12.0/STM32CubeIDE/plugins/com.st.stm32cube.ide.mcu.externaltools.gnu-tools-for-stm32.11.3.rel1.win32_1.1.1.202309131626/tools/bin/../lib/gcc/arm-none-eabi/11.3.1/../../../../arm-none-eabi/lib/thumb/v7-m/nofp\libnosys.a
END GROUP
START GROUP
LOAD C:/ST/STM32CubeIDE_1.12.0/STM32CubeIDE/plugins/com.st.stm32cube.ide.mcu.externaltools.gnu-tools-for-stm32.11.3.rel1.win32_1.1.1.202309131626/tools/bin/../lib/gcc/arm-none-eabi/11.3.1/thumb/v7-m/nofp\libgcc.a
LOAD C:/ST/STM32CubeIDE_1.12.0/STM32CubeIDE/plugins/com.st.stm32cube.ide.mcu.externaltools.gnu-tools-for-stm32.11.3.rel1.win32_1.1.1.202309131626/tools/bin/../lib/gcc/arm-none-eabi/11.3.1/../../../../arm-none-eabi/lib/thumb/v7-m/nofp\libc_nano.a
LOAD C:/ST/STM32CubeIDE_1.12.0/STM32CubeIDE/plugins/com.st.stm32cube.ide.mcu.externaltools.gnu-tools-for-stm32.11.3.rel1.win32_1.1.1.202309131626/tools/bin/../lib/gcc/arm-none-eabi/11.3.1/../../../../arm-none-eabi/lib/thumb/v7-m/nofp\libnosys.a
END GROUP
LOAD C:/ST/STM32CubeIDE_1.12.0/STM32CubeIDE/plugins/com.st.stm32cube.ide.mcu.externaltools.gnu-tools-for-stm32.11.3.rel1.win32_1.1.1.202309131626/tools/bin/../lib/gcc/arm-none-eabi/11.3.1/thumb/v7-m/nofp/crtend.o
LOAD C:/ST/STM32CubeIDE_1.12.0/STM32CubeIDE/plugins/com.st.stm32cube.ide.mcu.externaltools.gnu-tools-for-stm32.11.3.rel1.win32_1.1.1.202309131626/tools/bin/../lib/gcc/arm-none-eabi/11.3.1/thumb/v7-m/nofp/crtn.o
                0x0000000020005000                _estack = (ORIGIN (RAM) + LENGTH (RAM))
                0x0000000000000200                _Min_Heap_Size = 0x200
                0x0000000000000400                _Min_Stack_Size = 0x400

.isr_vector     0x0000000008000000      0x130
                0x0000000008000000                . = ALIGN (0x4)
 *(.isr_vector)
 .isr_vector    0x0000000008000000      0x130 ./Startup/startup_stm32f103c8tx.o
                0x0000000008000000                g_pfnVectors
                0x0000000008000130                . = ALIGN (0x4)

.text           0x0000000008000130      0x48c
                0x0000000008000130                . = ALIGN (0x4)
 *(.text)
 .text          0x0000000008000130       0x40 C:/ST/STM32CubeIDE_1.12.0/STM32CubeIDE/plugins/com.st.stm32cube.ide.mcu.externaltools.gnu-tools-for-stm32.11.3.rel1.win32_1.1.1.202309131626/tools/bin/../lib/gcc/arm-none-eabi/11.3.1/thumb/v7-m/nofp/crtbegin.o
 *(.text*)
 .text.EXTI_voidClearBending
                0x0000000008000170       0x2c ./MCAL/EXTI/src/EXTI_program.o
 .text.EXTI0_IRQHandler
                0x000000000800019c       0x18 ./MCAL/EXTI/src/EXTI_program.o
                0x000000000800019c                EXTI0_IRQHandler
 .text.EXTI1_IRQHandler
                0x00000000080001b4       0x18 ./MCAL/EXTI/src/EXTI_program.o
                0x00000000080001b4                EXTI1_IRQHandler
 .text.EXTI2_IRQHandler
                0x00000000080001cc       0x18 ./MCAL/EXTI/src/EXTI_program.o
                0x00000000080001cc                EXTI2_IRQHandler
 .text.EXTI3_IRQHandler
                0x00000000080001e4       0x18 ./MCAL/EXTI/src/EXTI_program.o
                0x00000000080001e4                EXTI3_IRQHandler
 .text.EXTI4_IRQHandler
                0x00000000080001fc       0x18 ./MCAL/EXTI/src/EXTI_program.o
                0x00000000080001fc                EXTI4_IRQHandler
 .text.GPIO_SetPinConfig
                0x0000000008000214      0x1b0 ./MCAL/GPIO/src/GPIO_program.o
                0x0000000008000214                GPIO_SetPinConfig
 .text.RCC_VidInit
                0x00000000080003c4       0x50 ./MCAL/RCC/src/RCC_program.o
                0x00000000080003c4                RCC_VidInit
 .text.RCC_voidEnablePeripheral
                0x0000000008000414       0x9c ./MCAL/RCC/src/RCC_program.o
                0x0000000008000414                RCC_voidEnablePeripheral
 .text.SysTick_Handler
                0x00000000080004b0       0x14 ./MCAL/SysTick/src/SysTick_program.o
                0x00000000080004b0                SysTick_Handler
 .text.main     0x00000000080004c4       0x44 ./Src/main.o
                0x00000000080004c4                main
 .text.Reset_Handler
                0x0000000008000508       0x50 ./Startup/startup_stm32f103c8tx.o
                0x0000000008000508                Reset_Handler
 .text.Default_Handler
                0x0000000008000558        0x2 ./Startup/startup_stm32f103c8tx.o
                0x0000000008000558                TIM8_TRG_COM_IRQHandler
                0x0000000008000558                TIM8_CC_IRQHandler
                0x0000000008000558                DebugMon_Handler
                0x0000000008000558                TIM1_CC_IRQHandler
                0x0000000008000558                HardFault_Handler
                0x0000000008000558                TIM6_IRQHandler
                0x0000000008000558                PVD_IRQHandler
                0x0000000008000558                SDIO_IRQHandler
                0x0000000008000558                PendSV_Handler
                0x0000000008000558                NMI_Handler
                0x0000000008000558                USB_HP_CAN_TX_IRQHandler
                0x0000000008000558                I2C2_EV_IRQHandler
                0x0000000008000558                UsageFault_Handler
                0x0000000008000558                ADC1_2_IRQHandler
                0x0000000008000558                SPI1_IRQHandler
                0x0000000008000558                CAN_SCE_IRQHandler
                0x0000000008000558                TAMPER_IRQHandler
                0x0000000008000558                TIM8_UP_IRQHandler
                0x0000000008000558                DMA2_Channel2_IRQHandler
                0x0000000008000558                DMA1_Channel4_IRQHandler
                0x0000000008000558                USART3_IRQHandler
                0x0000000008000558                RTC_IRQHandler
                0x0000000008000558                DMA1_Channel7_IRQHandler
                0x0000000008000558                UART5_IRQHandler
                0x0000000008000558                ADC3_IRQHandler
                0x0000000008000558                TIM4_IRQHandler
                0x0000000008000558                CAN_RX1_IRQHandler
                0x0000000008000558                DMA2_Channel1_IRQHandler
                0x0000000008000558                I2C1_EV_IRQHandler
                0x0000000008000558                DMA1_Channel6_IRQHandler
                0x0000000008000558                UART4_IRQHandler
                0x0000000008000558                TIM3_IRQHandler
                0x0000000008000558                RCC_IRQHandler
                0x0000000008000558                TIM1_TRG_COM_IRQHandler
                0x0000000008000558                DMA1_Channel1_IRQHandler
                0x0000000008000558                Default_Handler
                0x0000000008000558                EXTI15_10_IRQHandler
                0x0000000008000558                TIM7_IRQHandler
                0x0000000008000558                TIM5_IRQHandler
                0x0000000008000558                EXTI9_5_IRQHandler
                0x0000000008000558                SPI2_IRQHandler
                0x0000000008000558                USB_LP_CAN_RX0_IRQHandler
                0x0000000008000558                MemManage_Handler
                0x0000000008000558                SVC_Handler
                0x0000000008000558                DMA1_Channel5_IRQHandler
                0x0000000008000558                DMA1_Channel3_IRQHandler
                0x0000000008000558                FSMC_IRQHandler
                0x0000000008000558                TIM1_UP_IRQHandler
                0x0000000008000558                WWDG_IRQHandler
                0x0000000008000558                TIM2_IRQHandler
                0x0000000008000558                TIM1_BRK_IRQHandler
                0x0000000008000558                RTCAlarm_IRQHandler
                0x0000000008000558                DMA2_Channel4_5_IRQHandler
                0x0000000008000558                USART2_IRQHandler
                0x0000000008000558                I2C2_ER_IRQHandler
                0x0000000008000558                DMA1_Channel2_IRQHandler
                0x0000000008000558                TIM8_BRK_IRQHandler
                0x0000000008000558                FLASH_IRQHandler
                0x0000000008000558                BusFault_Handler
                0x0000000008000558                USART1_IRQHandler
                0x0000000008000558                SPI3_IRQHandler
                0x0000000008000558                I2C1_ER_IRQHandler
                0x0000000008000558                DMA2_Channel3_IRQHandler
 *fill*         0x000000000800055a        0x2 
 .text.__libc_init_array
                0x000000000800055c       0x48 C:/ST/STM32CubeIDE_1.12.0/STM32CubeIDE/plugins/com.st.stm32cube.ide.mcu.externaltools.gnu-tools-for-stm32.11.3.rel1.win32_1.1.1.202309131626/tools/bin/../lib/gcc/arm-none-eabi/11.3.1/../../../../arm-none-eabi/lib/thumb/v7-m/nofp\libc_nano.a(libc_a-init.o)
                0x000000000800055c                __libc_init_array
 *(.glue_7)
 .glue_7        0x00000000080005a4        0x0 linker stubs
 *(.glue_7t)
 .glue_7t       0x00000000080005a4        0x0 linker stubs
 *(.eh_frame)
 .eh_frame      0x00000000080005a4        0x0 C:/ST/STM32CubeIDE_1.12.0/STM32CubeIDE/plugins/com.st.stm32cube.ide.mcu.externaltools.gnu-tools-for-stm32.11.3.rel1.win32_1.1.1.202309131626/tools/bin/../lib/gcc/arm-none-eabi/11.3.1/thumb/v7-m/nofp/crtbegin.o
 *(.init)
 .init          0x00000000080005a4        0x4 C:/ST/STM32CubeIDE_1.12.0/STM32CubeIDE/plugins/com.st.stm32cube.ide.mcu.externaltools.gnu-tools-for-stm32.11.3.rel1.win32_1.1.1.202309131626/tools/bin/../lib/gcc/arm-none-eabi/11.3.1/thumb/v7-m/nofp/crti.o
                0x00000000080005a4                _init
 .init          0x00000000080005a8        0x8 C:/ST/STM32CubeIDE_1.12.0/STM32CubeIDE/plugins/com.st.stm32cube.ide.mcu.externaltools.gnu-tools-for-stm32.11.3.rel1.win32_1.1.1.202309131626/tools/bin/../lib/gcc/arm-none-eabi/11.3.1/thumb/v7-m/nofp/crtn.o
 *(.fini)
 .fini          0x00000000080005b0        0x4 C:/ST/STM32CubeIDE_1.12.0/STM32CubeIDE/plugins/com.st.stm32cube.ide.mcu.externaltools.gnu-tools-for-stm32.11.3.rel1.win32_1.1.1.202309131626/tools/bin/../lib/gcc/arm-none-eabi/11.3.1/thumb/v7-m/nofp/crti.o
                0x00000000080005b0                _fini
 .fini          0x00000000080005b4        0x8 C:/ST/STM32CubeIDE_1.12.0/STM32CubeIDE/plugins/com.st.stm32cube.ide.mcu.externaltools.gnu-tools-for-stm32.11.3.rel1.win32_1.1.1.202309131626/tools/bin/../lib/gcc/arm-none-eabi/11.3.1/thumb/v7-m/nofp/crtn.o
                0x00000000080005bc                . = ALIGN (0x4)
                0x00000000080005bc                _etext = .

.vfp11_veneer   0x00000000080005bc        0x0
 .vfp11_veneer  0x00000000080005bc        0x0 linker stubs

.v4_bx          0x00000000080005bc        0x0
 .v4_bx         0x00000000080005bc        0x0 linker stubs

.iplt           0x00000000080005bc        0x0
 .iplt          0x00000000080005bc        0x0 C:/ST/STM32CubeIDE_1.12.0/STM32CubeIDE/plugins/com.st.stm32cube.ide.mcu.externaltools.gnu-tools-for-stm32.11.3.rel1.win32_1.1.1.202309131626/tools/bin/../lib/gcc/arm-none-eabi/11.3.1/thumb/v7-m/nofp/crtbegin.o

.rel.dyn        0x00000000080005bc        0x0
 .rel.iplt      0x00000000080005bc        0x0 C:/ST/STM32CubeIDE_1.12.0/STM32CubeIDE/plugins/com.st.stm32cube.ide.mcu.externaltools.gnu-tools-for-stm32.11.3.rel1.win32_1.1.1.202309131626/tools/bin/../lib/gcc/arm-none-eabi/11.3.1/thumb/v7-m/nofp/crtbegin.o

.rodata         0x00000000080005bc        0x0
                0x00000000080005bc                . = ALIGN (0x4)
 *(.rodata)
 *(.rodata*)
                0x00000000080005bc                . = ALIGN (0x4)

.ARM.extab      0x00000000080005bc        0x0
                0x00000000080005bc                . = ALIGN (0x4)
 *(.ARM.extab* .gnu.linkonce.armextab.*)
                0x00000000080005bc                . = ALIGN (0x4)

.ARM            0x00000000080005bc        0x0
                0x00000000080005bc                . = ALIGN (0x4)
                0x00000000080005bc                __exidx_start = .
 *(.ARM.exidx*)
                0x00000000080005bc                __exidx_end = .
                0x00000000080005bc                . = ALIGN (0x4)

.preinit_array  0x00000000080005bc        0x0
                0x00000000080005bc                . = ALIGN (0x4)
                0x00000000080005bc                PROVIDE (__preinit_array_start = .)
 *(.preinit_array*)
                0x00000000080005bc                PROVIDE (__preinit_array_end = .)
                0x00000000080005bc                . = ALIGN (0x4)

.init_array     0x00000000080005bc        0x4
                0x00000000080005bc                . = ALIGN (0x4)
                0x00000000080005bc                PROVIDE (__init_array_start = .)
 *(SORT_BY_NAME(.init_array.*))
 *(.init_array*)
 .init_array    0x00000000080005bc        0x4 C:/ST/STM32CubeIDE_1.12.0/STM32CubeIDE/plugins/com.st.stm32cube.ide.mcu.externaltools.gnu-tools-for-stm32.11.3.rel1.win32_1.1.1.202309131626/tools/bin/../lib/gcc/arm-none-eabi/11.3.1/thumb/v7-m/nofp/crtbegin.o
                0x00000000080005c0                PROVIDE (__init_array_end = .)
                0x00000000080005c0                . = ALIGN (0x4)

.fini_array     0x00000000080005c0        0x4
                0x00000000080005c0                . = ALIGN (0x4)
                [!provide]                        PROVIDE (__fini_array_start = .)
 *(SORT_BY_NAME(.fini_array.*))
 *(.fini_array*)
 .fini_array    0x00000000080005c0        0x4 C:/ST/STM32CubeIDE_1.12.0/STM32CubeIDE/plugins/com.st.stm32cube.ide.mcu.externaltools.gnu-tools-for-stm32.11.3.rel1.win32_1.1.1.202309131626/tools/bin/../lib/gcc/arm-none-eabi/11.3.1/thumb/v7-m/nofp/crtbegin.o
                [!provide]                        PROVIDE (__fini_array_end = .)
                0x00000000080005c4                . = ALIGN (0x4)
                0x00000000080005c4                _sidata = LOADADDR (.data)

.data           0x0000000020000000        0x0 load address 0x00000000080005c4
                0x0000000020000000                . = ALIGN (0x4)
                0x0000000020000000                _sdata = .
 *(.data)
 *(.data*)
 *(.RamFunc)
 *(.RamFunc*)
                0x0000000020000000                . = ALIGN (0x4)
                0x0000000020000000                _edata = .

.igot.plt       0x0000000020000000        0x0 load address 0x00000000080005c4
 .igot.plt      0x0000000020000000        0x0 C:/ST/STM32CubeIDE_1.12.0/STM32CubeIDE/plugins/com.st.stm32cube.ide.mcu.externaltools.gnu-tools-for-stm32.11.3.rel1.win32_1.1.1.202309131626/tools/bin/../lib/gcc/arm-none-eabi/11.3.1/thumb/v7-m/nofp/crtbegin.o
                0x0000000020000000                . = ALIGN (0x4)

.bss            0x0000000020000000       0x34 load address 0x00000000080005c4
                0x0000000020000000                _sbss = .
                0x0000000020000000                __bss_start__ = _sbss
 *(.bss)
 .bss           0x0000000020000000       0x1c C:/ST/STM32CubeIDE_1.12.0/STM32CubeIDE/plugins/com.st.stm32cube.ide.mcu.externaltools.gnu-tools-for-stm32.11.3.rel1.win32_1.1.1.202309131626/tools/bin/../lib/gcc/arm-none-eabi/11.3.1/thumb/v7-m/nofp/crtbegin.o
 *(.bss*)
 .bss.Local0_PvFunction
                0x000000002000001c        0x4 ./MCAL/EXTI/src/EXTI_program.o
 .bss.Local1_PvFunction
                0x0000000020000020        0x4 ./MCAL/EXTI/src/EXTI_program.o
 .bss.Local2_PvFunction
                0x0000000020000024        0x4 ./MCAL/EXTI/src/EXTI_program.o
 .bss.Local3_PvFunction
                0x0000000020000028        0x4 ./MCAL/EXTI/src/EXTI_program.o
 .bss.Local4_PvFunction
                0x000000002000002c        0x4 ./MCAL/EXTI/src/EXTI_program.o
 .bss.Local_PvFunction
                0x0000000020000030        0x4 ./MCAL/SysTick/src/SysTick_program.o
 *(COMMON)
                0x0000000020000034                . = ALIGN (0x4)
                0x0000000020000034                _ebss = .
                0x0000000020000034                __bss_end__ = _ebss

._user_heap_stack
                0x0000000020000034      0x604 load address 0x00000000080005c4
                0x0000000020000038                . = ALIGN (0x8)
 *fill*         0x0000000020000034        0x4 
                [!provide]                        PROVIDE (end = .)
                0x0000000020000038                PROVIDE (_end = .)
                0x0000000020000238                . = (. + _Min_Heap_Size)
 *fill*         0x0000000020000038      0x200 
                0x0000000020000638                . = (. + _Min_Stack_Size)
 *fill*         0x0000000020000238      0x400 
                0x0000000020000638                . = ALIGN (0x8)

/DISCARD/
 libc.a(*)
 libm.a(*)
 libgcc.a(*)

.ARM.attributes
                0x0000000000000000       0x29
 *(.ARM.attributes)
 .ARM.attributes
                0x0000000000000000       0x1d C:/ST/STM32CubeIDE_1.12.0/STM32CubeIDE/plugins/com.st.stm32cube.ide.mcu.externaltools.gnu-tools-for-stm32.11.3.rel1.win32_1.1.1.202309131626/tools/bin/../lib/gcc/arm-none-eabi/11.3.1/thumb/v7-m/nofp/crti.o
 .ARM.attributes
                0x000000000000001d       0x2d C:/ST/STM32CubeIDE_1.12.0/STM32CubeIDE/plugins/com.st.stm32cube.ide.mcu.externaltools.gnu-tools-for-stm32.11.3.rel1.win32_1.1.1.202309131626/tools/bin/../lib/gcc/arm-none-eabi/11.3.1/thumb/v7-m/nofp/crtbegin.o
 .ARM.attributes
                0x000000000000004a       0x2d ./MCAL/EXTI/src/EXTI_program.o
 .ARM.attributes
                0x0000000000000077       0x2d ./MCAL/GPIO/src/GPIO_program.o
 .ARM.attributes
                0x00000000000000a4       0x2d ./MCAL/RCC/src/RCC_program.o
 .ARM.attributes
                0x00000000000000d1       0x2d ./MCAL/SysTick/src/SysTick_program.o
 .ARM.attributes
                0x00000000000000fe       0x2d ./Src/main.o
 .ARM.attributes
                0x000000000000012b       0x21 ./Startup/startup_stm32f103c8tx.o
 .ARM.attributes
                0x000000000000014c       0x2d C:/ST/STM32CubeIDE_1.12.0/STM32CubeIDE/plugins/com.st.stm32cube.ide.mcu.externaltools.gnu-tools-for-stm32.11.3.rel1.win32_1.1.1.202309131626/tools/bin/../lib/gcc/arm-none-eabi/11.3.1/../../../../arm-none-eabi/lib/thumb/v7-m/nofp\libc_nano.a(libc_a-init.o)
 .ARM.attributes
                0x0000000000000179       0x1d C:/ST/STM32CubeIDE_1.12.0/STM32CubeIDE/plugins/com.st.stm32cube.ide.mcu.externaltools.gnu-tools-for-stm32.11.3.rel1.win32_1.1.1.202309131626/tools/bin/../lib/gcc/arm-none-eabi/11.3.1/thumb/v7-m/nofp/crtn.o
OUTPUT(ST32.elf elf32-littlearm)
LOAD linker stubs
LOAD C:/ST/STM32CubeIDE_1.12.0/STM32CubeIDE/plugins/com.st.stm32cube.ide.mcu.externaltools.gnu-tools-for-stm32.11.3.rel1.win32_1.1.1.202309131626/tools/bin/../lib/gcc/arm-none-eabi/11.3.1/../../../../arm-none-eabi/lib/thumb/v7-m/nofp\libc.a
LOAD C:/ST/STM32CubeIDE_1.12.0/STM32CubeIDE/plugins/com.st.stm32cube.ide.mcu.externaltools.gnu-tools-for-stm32.11.3.rel1.win32_1.1.1.202309131626/tools/bin/../lib/gcc/arm-none-eabi/11.3.1/../../../../arm-none-eabi/lib/thumb/v7-m/nofp\libm.a
LOAD C:/ST/STM32CubeIDE_1.12.0/STM32CubeIDE/plugins/com.st.stm32cube.ide.mcu.externaltools.gnu-tools-for-stm32.11.3.rel1.win32_1.1.1.202309131626/tools/bin/../lib/gcc/arm-none-eabi/11.3.1/thumb/v7-m/nofp\libgcc.a

.comment        0x0000000000000000       0x43
 .comment       0x0000000000000000       0x43 C:/ST/STM32CubeIDE_1.12.0/STM32CubeIDE/plugins/com.st.stm32cube.ide.mcu.externaltools.gnu-tools-for-stm32.11.3.rel1.win32_1.1.1.202309131626/tools/bin/../lib/gcc/arm-none-eabi/11.3.1/thumb/v7-m/nofp/crtbegin.o
                                         0x44 (size before relaxing)
 .comment       0x0000000000000043       0x44 ./MCAL/EXTI/src/EXTI_program.o
 .comment       0x0000000000000043       0x44 ./MCAL/GPIO/src/GPIO_program.o
 .comment       0x0000000000000043       0x44 ./MCAL/RCC/src/RCC_program.o
 .comment       0x0000000000000043       0x44 ./MCAL/SysTick/src/SysTick_program.o
 .comment       0x0000000000000043       0x44 ./Src/main.o

.debug_info     0x0000000000000000     0x145b
 .debug_info    0x0000000000000000      0x471 ./MCAL/EXTI/src/EXTI_program.o
 .debug_info    0x0000000000000471      0x44a ./MCAL/GPIO/src/GPIO_program.o
 .debug_info    0x00000000000008bb      0x580 ./MCAL/RCC/src/RCC_program.o
 .debug_info    0x0000000000000e3b      0x24d ./MCAL/SysTick/src/SysTick_program.o
 .debug_info    0x0000000000001088      0x3b0 ./Src/main.o
 .debug_info    0x0000000000001438       0x23 ./Startup/startup_stm32f103c8tx.o

.debug_abbrev   0x0000000000000000      0x599
 .debug_abbrev  0x0000000000000000      0x158 ./MCAL/EXTI/src/EXTI_program.o
 .debug_abbrev  0x0000000000000158      0x11c ./MCAL/GPIO/src/GPIO_program.o
 .debug_abbrev  0x0000000000000274      0x10f ./MCAL/RCC/src/RCC_program.o
 .debug_abbrev  0x0000000000000383      0x15f ./MCAL/SysTick/src/SysTick_program.o
 .debug_abbrev  0x00000000000004e2       0xa5 ./Src/main.o
 .debug_abbrev  0x0000000000000587       0x12 ./Startup/startup_stm32f103c8tx.o

.debug_aranges  0x0000000000000000      0x1a8
 .debug_aranges
                0x0000000000000000       0x90 ./MCAL/EXTI/src/EXTI_program.o
 .debug_aranges
                0x0000000000000090       0x40 ./MCAL/GPIO/src/GPIO_program.o
 .debug_aranges
                0x00000000000000d0       0x38 ./MCAL/RCC/src/RCC_program.o
 .debug_aranges
                0x0000000000000108       0x58 ./MCAL/SysTick/src/SysTick_program.o
 .debug_aranges
                0x0000000000000160       0x20 ./Src/main.o
 .debug_aranges
                0x0000000000000180       0x28 ./Startup/startup_stm32f103c8tx.o

.debug_rnglists
                0x0000000000000000      0x126
 .debug_rnglists
                0x0000000000000000       0x68 ./MCAL/EXTI/src/EXTI_program.o
 .debug_rnglists
                0x0000000000000068       0x2e ./MCAL/GPIO/src/GPIO_program.o
 .debug_rnglists
                0x0000000000000096       0x27 ./MCAL/RCC/src/RCC_program.o
 .debug_rnglists
                0x00000000000000bd       0x3d ./MCAL/SysTick/src/SysTick_program.o
 .debug_rnglists
                0x00000000000000fa       0x13 ./Src/main.o
 .debug_rnglists
                0x000000000000010d       0x19 ./Startup/startup_stm32f103c8tx.o

.debug_macro    0x0000000000000000      0x7af
 .debug_macro   0x0000000000000000       0x49 ./MCAL/EXTI/src/EXTI_program.o
 .debug_macro   0x0000000000000049       0x16 ./MCAL/EXTI/src/EXTI_program.o
 .debug_macro   0x000000000000005f       0x10 ./MCAL/EXTI/src/EXTI_program.o
 .debug_macro   0x000000000000006f       0x49 ./MCAL/GPIO/src/GPIO_program.o
 .debug_macro   0x00000000000000b8       0x16 ./MCAL/GPIO/src/GPIO_program.o
 .debug_macro   0x00000000000000ce       0x82 ./MCAL/GPIO/src/GPIO_program.o
 .debug_macro   0x0000000000000150       0x54 ./MCAL/RCC/src/RCC_program.o
 .debug_macro   0x00000000000001a4       0x16 ./MCAL/RCC/src/RCC_program.o
 .debug_macro   0x00000000000001ba       0x11 ./MCAL/RCC/src/RCC_program.o
 .debug_macro   0x00000000000001cb       0x4c ./MCAL/RCC/src/RCC_program.o
 .debug_macro   0x0000000000000217       0x49 ./MCAL/SysTick/src/SysTick_program.o
 .debug_macro   0x0000000000000260       0x28 ./MCAL/SysTick/src/SysTick_program.o
 .debug_macro   0x0000000000000288       0x10 ./MCAL/SysTick/src/SysTick_program.o
 .debug_macro   0x0000000000000298       0xca ./Src/main.o
 .debug_macro   0x0000000000000362       0x22 ./Src/main.o
 .debug_macro   0x0000000000000384       0x8e ./Src/main.o
 .debug_macro   0x0000000000000412       0x51 ./Src/main.o
 .debug_macro   0x0000000000000463      0x103 ./Src/main.o
 .debug_macro   0x0000000000000566       0x6a ./Src/main.o
 .debug_macro   0x00000000000005d0      0x1df ./Src/main.o

.debug_line     0x0000000000000000      0xf81
 .debug_line    0x0000000000000000      0x2f7 ./MCAL/EXTI/src/EXTI_program.o
 .debug_line    0x00000000000002f7      0x2f9 ./MCAL/GPIO/src/GPIO_program.o
 .debug_line    0x00000000000005f0      0x1a9 ./MCAL/RCC/src/RCC_program.o
 .debug_line    0x0000000000000799      0x1f8 ./MCAL/SysTick/src/SysTick_program.o
 .debug_line    0x0000000000000991      0x575 ./Src/main.o
 .debug_line    0x0000000000000f06       0x7b ./Startup/startup_stm32f103c8tx.o

.debug_str      0x0000000000000000     0x5289
 .debug_str     0x0000000000000000     0x3163 ./MCAL/EXTI/src/EXTI_program.o
                                       0x31e1 (size before relaxing)
 .debug_str     0x0000000000003163      0x77d ./MCAL/GPIO/src/GPIO_program.o
                                       0x360a (size before relaxing)
 .debug_str     0x00000000000038e0      0x906 ./MCAL/RCC/src/RCC_program.o
                                       0x37b1 (size before relaxing)
 .debug_str     0x00000000000041e6      0x27e ./MCAL/SysTick/src/SysTick_program.o
                                       0x3167 (size before relaxing)
 .debug_str     0x0000000000004464      0xdf6 ./Src/main.o
                                       0x456d (size before relaxing)
 .debug_str     0x000000000000525a       0x2f ./Startup/startup_stm32f103c8tx.o
                                         0x4a (size before relaxing)

.debug_frame    0x0000000000000000      0x52c
 .debug_frame   0x0000000000000000      0x22c ./MCAL/EXTI/src/EXTI_program.o
 .debug_frame   0x000000000000022c       0xd8 ./MCAL/GPIO/src/GPIO_program.o
 .debug_frame   0x0000000000000304       0xb0 ./MCAL/RCC/src/RCC_program.o
 .debug_frame   0x00000000000003b4      0x120 ./MCAL/SysTick/src/SysTick_program.o
 .debug_frame   0x00000000000004d4       0x2c ./Src/main.o
 .debug_frame   0x0000000000000500       0x2c C:/ST/STM32CubeIDE_1.12.0/STM32CubeIDE/plugins/com.st.stm32cube.ide.mcu.externaltools.gnu-tools-for-stm32.11.3.rel1.win32_1.1.1.202309131626/tools/bin/../lib/gcc/arm-none-eabi/11.3.1/../../../../arm-none-eabi/lib/thumb/v7-m/nofp\libc_nano.a(libc_a-init.o)

.debug_line_str
                0x0000000000000000       0x3e
 .debug_line_str
                0x0000000000000000       0x3e ./Startup/startup_stm32f103c8tx.o
                                         0x56 (size before relaxing)
