Archive member included to satisfy reference by file (symbol)

C:/ST/STM32CubeIDE_1.12.0/STM32CubeIDE/plugins/com.st.stm32cube.ide.mcu.externaltools.gnu-tools-for-stm32.11.3.rel1.win32_1.1.1.202309131626/tools/bin/../lib/gcc/arm-none-eabi/11.3.1/../../../../arm-none-eabi/lib/thumb/v7-m/nofp\libc_nano.a(libc_a-exit.o)
                              C:/ST/STM32CubeIDE_1.12.0/STM32CubeIDE/plugins/com.st.stm32cube.ide.mcu.externaltools.gnu-tools-for-stm32.11.3.rel1.win32_1.1.1.202309131626/tools/bin/../lib/gcc/arm-none-eabi/11.3.1/../../../../arm-none-eabi/lib/thumb/v7-m/nofp/crt0.o (exit)
C:/ST/STM32CubeIDE_1.12.0/STM32CubeIDE/plugins/com.st.stm32cube.ide.mcu.externaltools.gnu-tools-for-stm32.11.3.rel1.win32_1.1.1.202309131626/tools/bin/../lib/gcc/arm-none-eabi/11.3.1/../../../../arm-none-eabi/lib/thumb/v7-m/nofp\libc_nano.a(libc_a-findfp.o)
                              C:/ST/STM32CubeIDE_1.12.0/STM32CubeIDE/plugins/com.st.stm32cube.ide.mcu.externaltools.gnu-tools-for-stm32.11.3.rel1.win32_1.1.1.202309131626/tools/bin/../lib/gcc/arm-none-eabi/11.3.1/../../../../arm-none-eabi/lib/thumb/v7-m/nofp\libc_nano.a(libc_a-exit.o) (__stdio_exit_handler)
C:/ST/STM32CubeIDE_1.12.0/STM32CubeIDE/plugins/com.st.stm32cube.ide.mcu.externaltools.gnu-tools-for-stm32.11.3.rel1.win32_1.1.1.202309131626/tools/bin/../lib/gcc/arm-none-eabi/11.3.1/../../../../arm-none-eabi/lib/thumb/v7-m/nofp\libc_nano.a(libc_a-fwalk.o)
                              C:/ST/STM32CubeIDE_1.12.0/STM32CubeIDE/plugins/com.st.stm32cube.ide.mcu.externaltools.gnu-tools-for-stm32.11.3.rel1.win32_1.1.1.202309131626/tools/bin/../lib/gcc/arm-none-eabi/11.3.1/../../../../arm-none-eabi/lib/thumb/v7-m/nofp\libc_nano.a(libc_a-findfp.o) (_fwalk_sglue)
C:/ST/STM32CubeIDE_1.12.0/STM32CubeIDE/plugins/com.st.stm32cube.ide.mcu.externaltools.gnu-tools-for-stm32.11.3.rel1.win32_1.1.1.202309131626/tools/bin/../lib/gcc/arm-none-eabi/11.3.1/../../../../arm-none-eabi/lib/thumb/v7-m/nofp\libc_nano.a(libc_a-stdio.o)
                              C:/ST/STM32CubeIDE_1.12.0/STM32CubeIDE/plugins/com.st.stm32cube.ide.mcu.externaltools.gnu-tools-for-stm32.11.3.rel1.win32_1.1.1.202309131626/tools/bin/../lib/gcc/arm-none-eabi/11.3.1/../../../../arm-none-eabi/lib/thumb/v7-m/nofp\libc_nano.a(libc_a-findfp.o) (__sread)
C:/ST/STM32CubeIDE_1.12.0/STM32CubeIDE/plugins/com.st.stm32cube.ide.mcu.externaltools.gnu-tools-for-stm32.11.3.rel1.win32_1.1.1.202309131626/tools/bin/../lib/gcc/arm-none-eabi/11.3.1/../../../../arm-none-eabi/lib/thumb/v7-m/nofp\libc_nano.a(libc_a-memset.o)
                              C:/ST/STM32CubeIDE_1.12.0/STM32CubeIDE/plugins/com.st.stm32cube.ide.mcu.externaltools.gnu-tools-for-stm32.11.3.rel1.win32_1.1.1.202309131626/tools/bin/../lib/gcc/arm-none-eabi/11.3.1/../../../../arm-none-eabi/lib/thumb/v7-m/nofp/crt0.o (memset)
C:/ST/STM32CubeIDE_1.12.0/STM32CubeIDE/plugins/com.st.stm32cube.ide.mcu.externaltools.gnu-tools-for-stm32.11.3.rel1.win32_1.1.1.202309131626/tools/bin/../lib/gcc/arm-none-eabi/11.3.1/../../../../arm-none-eabi/lib/thumb/v7-m/nofp\libc_nano.a(libc_a-closer.o)
                              C:/ST/STM32CubeIDE_1.12.0/STM32CubeIDE/plugins/com.st.stm32cube.ide.mcu.externaltools.gnu-tools-for-stm32.11.3.rel1.win32_1.1.1.202309131626/tools/bin/../lib/gcc/arm-none-eabi/11.3.1/../../../../arm-none-eabi/lib/thumb/v7-m/nofp\libc_nano.a(libc_a-stdio.o) (_close_r)
C:/ST/STM32CubeIDE_1.12.0/STM32CubeIDE/plugins/com.st.stm32cube.ide.mcu.externaltools.gnu-tools-for-stm32.11.3.rel1.win32_1.1.1.202309131626/tools/bin/../lib/gcc/arm-none-eabi/11.3.1/../../../../arm-none-eabi/lib/thumb/v7-m/nofp\libc_nano.a(libc_a-reent.o)
                              C:/ST/STM32CubeIDE_1.12.0/STM32CubeIDE/plugins/com.st.stm32cube.ide.mcu.externaltools.gnu-tools-for-stm32.11.3.rel1.win32_1.1.1.202309131626/tools/bin/../lib/gcc/arm-none-eabi/11.3.1/../../../../arm-none-eabi/lib/thumb/v7-m/nofp\libc_nano.a(libc_a-closer.o) (errno)
C:/ST/STM32CubeIDE_1.12.0/STM32CubeIDE/plugins/com.st.stm32cube.ide.mcu.externaltools.gnu-tools-for-stm32.11.3.rel1.win32_1.1.1.202309131626/tools/bin/../lib/gcc/arm-none-eabi/11.3.1/../../../../arm-none-eabi/lib/thumb/v7-m/nofp\libc_nano.a(libc_a-impure.o)
                              C:/ST/STM32CubeIDE_1.12.0/STM32CubeIDE/plugins/com.st.stm32cube.ide.mcu.externaltools.gnu-tools-for-stm32.11.3.rel1.win32_1.1.1.202309131626/tools/bin/../lib/gcc/arm-none-eabi/11.3.1/../../../../arm-none-eabi/lib/thumb/v7-m/nofp\libc_nano.a(libc_a-reent.o) (_impure_ptr)
C:/ST/STM32CubeIDE_1.12.0/STM32CubeIDE/plugins/com.st.stm32cube.ide.mcu.externaltools.gnu-tools-for-stm32.11.3.rel1.win32_1.1.1.202309131626/tools/bin/../lib/gcc/arm-none-eabi/11.3.1/../../../../arm-none-eabi/lib/thumb/v7-m/nofp\libc_nano.a(libc_a-lseekr.o)
[...]
Memory Configuration

Name             Origin             Length             Attributes
RAM              0x0000000020000000 0x0000000000005000 xrw
FLASH            0x0000000008000000 0x0000000000010000 xr
*default*        0x0000000000000000 0xffffffffffffffff

Linker script and memory map

LOAD C:/ST/STM32CubeIDE_1.12.0/STM32CubeIDE/plugins/com.st.stm32cube.ide.mcu.externaltools.gnu-tools-for-stm32.11.3.rel1.win32_1.1.1.202309131626/tools/bin/../lib/gcc/arm-none-eabi/11.3.1/thumb/v7-m/nofp/crti.o
LOAD C:/ST/STM32CubeIDE_1.12.0/STM32CubeIDE/plugins/com.st.stm32cube.ide.mcu.externaltools.gnu-tools-for-stm32.11.3.rel1.win32_1.1.1.202309131626/tools/bin/../lib/gcc/arm-none-eabi/11.3.1/thumb/v7-m/nofp/crtbegin.o
LOAD C:/ST/STM32CubeIDE_1.12.0/STM32CubeIDE/plugins/com.st.stm32cube.ide.mcu.externaltools.gnu-tools-for-stm32.11.3.rel1.win32_1.1.1.202309131626/tools/bin/../lib/gcc/arm-none-eabi/11.3.1/../../../../arm-none-eabi/lib/thumb/v7-m/nofp/crt0.o
LOAD ./HAL/ESP/src/ESP_program.o
LOAD ./MCAL/AFIO/src/AFIO_program.o
LOAD ./MCAL/EXTI/src/EXTI_program.o
LOAD ./MCAL/GPIO/src/GPIO_program.o
LOAD ./MCAL/NVIC/src/NVIC_program.o
LOAD ./MCAL/RCC/src/RCC_program.o
LOAD ./MCAL/SPI/src/SPI_program.o
LOAD ./MCAL/SysTick/src/SysTick_program.o
LOAD ./MCAL/UART/src/UART_program.o
LOAD ./Src/main.o
LOAD ./Src/syscalls.o
LOAD ./Src/sysmem.o
LOAD ./Startup/startup_stm32f103c8tx.o
START GROUP
LOAD C:/ST/STM32CubeIDE_1.12.0/STM32CubeIDE/plugins/com.st.stm32cube.ide.mcu.externaltools.gnu-tools-for-stm32.11.3.rel1.win32_1.1.1.202309131626/tools/bin/../lib/gcc/arm-none-eabi/11.3.1/../../../../arm-none-eabi/lib/thumb/v7-m/nofp\libc_nano.a
LOAD C:/ST/STM32CubeIDE_1.12.0/STM32CubeIDE/plugins/com.st.stm32cube.ide.mcu.externaltools.gnu-tools-for-stm32.11.3.rel1.win32_1.1.1.202309131626/tools/bin/../lib/gcc/arm-none-eabi/11.3.1/../../../../arm-none-eabi/lib/thumb/v7-m/nofp\libm.a
END GROUP
START GROUP
LOAD C:/ST/STM32CubeIDE_1.12.0/STM32CubeIDE/plugins/com.st.stm32cube.ide.mcu.externaltools.gnu-tools-for-stm32.11.3.rel1.win32_1.1.1.202309131626/tools/bin/../lib/gcc/arm-none-eabi/11.3.1/thumb/v7-m/nofp\libgcc.a
LOAD C:/ST/STM32CubeIDE_1.12.0/STM32CubeIDE/plugins/com.st.stm32cube.ide.mcu.externaltools.gnu-tools-for-stm32.11.3.rel1.win32_1.1.1.202309131626/tools/bin/../lib/gcc/arm-none-eabi/11.3.1/../../../../arm-none-eabi/lib/thumb/v7-m/nofp\libc_nano.a
END GROUP
START GROUP
LOAD C:/ST/STM32CubeIDE_1.12.0/STM32CubeIDE/plugins/com.st.stm32cube.ide.mcu.externaltools.gnu-tools-for-stm32.11.3.rel1.win32_1.1.1.202309131626/tools/bin/../lib/gcc/arm-none-eabi/11.3.1/thumb/v7-m/nofp\libgcc.a
LOAD C:/ST/STM32CubeIDE_1.12.0/STM32CubeIDE/plugins/com.st.stm32cube.ide.mcu.externaltools.gnu-tools-for-stm32.11.3.rel1.win32_1.1.1.202309131626/tools/bin/../lib/gcc/arm-none-eabi/11.3.1/../../../../arm-none-eabi/lib/thumb/v7-m/nofp\libc_nano.a
LOAD C:/ST/STM32CubeIDE_1.12.0/STM32CubeIDE/plugins/com.st.stm32cube.ide.mcu.externaltools.gnu-tools-for-stm32.11.3.rel1.win32_1.1.1.202309131626/tools/bin/../lib/gcc/arm-none-eabi/11.3.1/../../../../arm-none-eabi/lib/thumb/v7-m/nofp\libnosys.a
END GROUP
START GROUP
LOAD C:/ST/STM32CubeIDE_1.12.0/STM32CubeIDE/plugins/com.st.stm32cube.ide.mcu.externaltools.gnu-tools-for-stm32.11.3.rel1.win32_1.1.1.202309131626/tools/bin/../lib/gcc/arm-none-eabi/11.3.1/thumb/v7-m/nofp\libgcc.a
LOAD C:/ST/STM32CubeIDE_1.12.0/STM32CubeIDE/plugins/com.st.stm32cube.ide.mcu.externaltools.gnu-tools-for-stm32.11.3.rel1.win32_1.1.1.202309131626/tools/bin/../lib/gcc/arm-none-eabi/11.3.1/../../../../arm-none-eabi/lib/thumb/v7-m/nofp\libc_nano.a
LOAD C:/ST/STM32CubeIDE_1.12.0/STM32CubeIDE/plugins/com.st.stm32cube.ide.mcu.externaltools.gnu-tools-for-stm32.11.3.rel1.win32_1.1.1.202309131626/tools/bin/../lib/gcc/arm-none-eabi/11.3.1/../../../../arm-none-eabi/lib/thumb/v7-m/nofp\libnosys.a
END GROUP
LOAD C:/ST/STM32CubeIDE_1.12.0/STM32CubeIDE/plugins/com.st.stm32cube.ide.mcu.externaltools.gnu-tools-for-stm32.11.3.rel1.win32_1.1.1.202309131626/tools/bin/../lib/gcc/arm-none-eabi/11.3.1/thumb/v7-m/nofp/crtend.o
LOAD C:/ST/STM32CubeIDE_1.12.0/STM32CubeIDE/plugins/com.st.stm32cube.ide.mcu.externaltools.gnu-tools-for-stm32.11.3.rel1.win32_1.1.1.202309131626/tools/bin/../lib/gcc/arm-none-eabi/11.3.1/thumb/v7-m/nofp/crtn.o
                0x0000000020005000                _estack = (ORIGIN (RAM) + LENGTH (RAM))
                0x0000000000000200                _Min_Heap_Size = 0x200
                0x0000000000000400                _Min_Stack_Size = 0x400

.isr_vector     0x0000000008000000      0x130
                0x0000000008000000                . = ALIGN (0x4)
 *(.isr_vector)
 .isr_vector    0x0000000008000000      0x130 ./Startup/startup_stm32f103c8tx.o
                0x0000000008000000                g_pfnVectors
                0x0000000008000130                . = ALIGN (0x4)

.text           0x0000000008000130      0x928
                0x0000000008000130                . = ALIGN (0x4)
 *(.text)
 .text          0x0000000008000130       0x40 C:/ST/STM32CubeIDE_1.12.0/STM32CubeIDE/plugins/com.st.stm32cube.ide.mcu.externaltools.gnu-tools-for-stm32.11.3.rel1.win32_1.1.1.202309131626/tools/bin/../lib/gcc/arm-none-eabi/11.3.1/thumb/v7-m/nofp/crtbegin.o
 *(.text*)
 .text.a7a      0x0000000008000170       0x1c ./HAL/ESP/src/ESP_program.o
                0x0000000008000170                a7a
 .text.ESP_ValidateCmd2
                0x000000000800018c       0x44 ./HAL/ESP/src/ESP_program.o
 .text.ESP_voidInit
                0x00000000080001d0       0x98 ./HAL/ESP/src/ESP_program.o
                0x00000000080001d0                ESP_voidInit
 .text.EXTI_voidClearBending
                0x0000000008000268       0x2c ./MCAL/EXTI/src/EXTI_program.o
 .text.EXTI0_IRQHandler
                0x0000000008000294       0x18 ./MCAL/EXTI/src/EXTI_program.o
                0x0000000008000294                EXTI0_IRQHandler
 .text.EXTI1_IRQHandler
                0x00000000080002ac       0x18 ./MCAL/EXTI/src/EXTI_program.o
                0x00000000080002ac                EXTI1_IRQHandler
 .text.EXTI2_IRQHandler
                0x00000000080002c4       0x18 ./MCAL/EXTI/src/EXTI_program.o
                0x00000000080002c4                EXTI2_IRQHandler
 .text.EXTI3_IRQHandler
                0x00000000080002dc       0x18 ./MCAL/EXTI/src/EXTI_program.o
                0x00000000080002dc                EXTI3_IRQHandler
 .text.EXTI4_IRQHandler
                0x00000000080002f4       0x18 ./MCAL/EXTI/src/EXTI_program.o
                0x00000000080002f4                EXTI4_IRQHandler
 .text.GPIO_SetPinConfig
                0x000000000800030c      0x1b0 ./MCAL/GPIO/src/GPIO_program.o
                0x000000000800030c                GPIO_SetPinConfig
 .text.RCC_VidInit
                0x00000000080004bc       0x50 ./MCAL/RCC/src/RCC_program.o
                0x00000000080004bc                RCC_VidInit
 .text.RCC_voidEnablePeripheral
                0x000000000800050c       0x9c ./MCAL/RCC/src/RCC_program.o
                0x000000000800050c                RCC_voidEnablePeripheral
 .text.SysTick_Handler
                0x00000000080005a8       0x14 ./MCAL/SysTick/src/SysTick_program.o
                0x00000000080005a8                SysTick_Handler
 .text.UART_voidInit
                0x00000000080005bc      0x184 ./MCAL/UART/src/UART_program.o
                0x00000000080005bc                UART_voidInit
 .text.UART_u8SendCharSynch
                0x0000000008000740       0xc0 ./MCAL/UART/src/UART_program.o
                0x0000000008000740                UART_u8SendCharSynch
 .text.UART_u8ReceiveCharAsynch
                0x0000000008000800       0xbc ./MCAL/UART/src/UART_program.o
                0x0000000008000800                UART_u8ReceiveCharAsynch
 .text.UART_u8SendStringSynch
                0x00000000080008bc       0x4e ./MCAL/UART/src/UART_program.o
                0x00000000080008bc                UART_u8SendStringSynch
 *fill*         0x000000000800090a        0x2 
 .text.USART1_IRQHandler
                0x000000000800090c       0x28 ./MCAL/UART/src/UART_program.o
                0x000000000800090c                USART1_IRQHandler
 .text.USART2_IRQHandler
                0x0000000008000934       0x14 ./MCAL/UART/src/UART_program.o
                0x0000000008000934                USART2_IRQHandler
 .text.USART3_IRQHandler
                0x0000000008000948       0x14 ./MCAL/UART/src/UART_program.o
                0x0000000008000948                USART3_IRQHandler
 .text.main     0x000000000800095c       0x48 ./Src/main.o
                0x000000000800095c                main
 .text.Reset_Handler
                0x00000000080009a4       0x50 ./Startup/startup_stm32f103c8tx.o
                0x00000000080009a4                Reset_Handler
 .text.Default_Handler
                0x00000000080009f4        0x2 ./Startup/startup_stm32f103c8tx.o
                0x00000000080009f4                TIM8_TRG_COM_IRQHandler
                0x00000000080009f4                TIM8_CC_IRQHandler
                0x00000000080009f4                DebugMon_Handler
                0x00000000080009f4                TIM1_CC_IRQHandler
                0x00000000080009f4                HardFault_Handler
                0x00000000080009f4                TIM6_IRQHandler
                0x00000000080009f4                PVD_IRQHandler
                0x00000000080009f4                SDIO_IRQHandler
                0x00000000080009f4                PendSV_Handler
                0x00000000080009f4                NMI_Handler
                0x00000000080009f4                USB_HP_CAN_TX_IRQHandler
                0x00000000080009f4                I2C2_EV_IRQHandler
                0x00000000080009f4                UsageFault_Handler
                0x00000000080009f4                ADC1_2_IRQHandler
                0x00000000080009f4                SPI1_IRQHandler
                0x00000000080009f4                CAN_SCE_IRQHandler
                0x00000000080009f4                TAMPER_IRQHandler
                0x00000000080009f4                TIM8_UP_IRQHandler
                0x00000000080009f4                DMA2_Channel2_IRQHandler
                0x00000000080009f4                DMA1_Channel4_IRQHandler
                0x00000000080009f4                RTC_IRQHandler
                0x00000000080009f4                DMA1_Channel7_IRQHandler
                0x00000000080009f4                UART5_IRQHandler
                0x00000000080009f4                ADC3_IRQHandler
                0x00000000080009f4                TIM4_IRQHandler
                0x00000000080009f4                CAN_RX1_IRQHandler
                0x00000000080009f4                DMA2_Channel1_IRQHandler
                0x00000000080009f4                I2C1_EV_IRQHandler
                0x00000000080009f4                DMA1_Channel6_IRQHandler
                0x00000000080009f4                UART4_IRQHandler
                0x00000000080009f4                TIM3_IRQHandler
                0x00000000080009f4                RCC_IRQHandler
                0x00000000080009f4                TIM1_TRG_COM_IRQHandler
                0x00000000080009f4                DMA1_Channel1_IRQHandler
                0x00000000080009f4                Default_Handler
                0x00000000080009f4                EXTI15_10_IRQHandler
                0x00000000080009f4                TIM7_IRQHandler
                0x00000000080009f4                TIM5_IRQHandler
                0x00000000080009f4                EXTI9_5_IRQHandler
                0x00000000080009f4                SPI2_IRQHandler
                0x00000000080009f4                USB_LP_CAN_RX0_IRQHandler
                0x00000000080009f4                MemManage_Handler
                0x00000000080009f4                SVC_Handler
                0x00000000080009f4                DMA1_Channel5_IRQHandler
                0x00000000080009f4                DMA1_Channel3_IRQHandler
                0x00000000080009f4                FSMC_IRQHandler
                0x00000000080009f4                TIM1_UP_IRQHandler
                0x00000000080009f4                WWDG_IRQHandler
                0x00000000080009f4                TIM2_IRQHandler
                0x00000000080009f4                TIM1_BRK_IRQHandler
                0x00000000080009f4                RTCAlarm_IRQHandler
                0x00000000080009f4                DMA2_Channel4_5_IRQHandler
                0x00000000080009f4                I2C2_ER_IRQHandler
                0x00000000080009f4                DMA1_Channel2_IRQHandler
                0x00000000080009f4                TIM8_BRK_IRQHandler
                0x00000000080009f4                FLASH_IRQHandler
                0x00000000080009f4                BusFault_Handler
                0x00000000080009f4                SPI3_IRQHandler
                0x00000000080009f4                I2C1_ER_IRQHandler
                0x00000000080009f4                DMA2_Channel3_IRQHandler
 *fill*         0x00000000080009f6        0x2 
 .text.__libc_init_array
                0x00000000080009f8       0x48 C:/ST/STM32CubeIDE_1.12.0/STM32CubeIDE/plugins/com.st.stm32cube.ide.mcu.externaltools.gnu-tools-for-stm32.11.3.rel1.win32_1.1.1.202309131626/tools/bin/../lib/gcc/arm-none-eabi/11.3.1/../../../../arm-none-eabi/lib/thumb/v7-m/nofp\libc_nano.a(libc_a-init.o)
                0x00000000080009f8                __libc_init_array
 *(.glue_7)
 .glue_7        0x0000000008000a40        0x0 linker stubs
 *(.glue_7t)
 .glue_7t       0x0000000008000a40        0x0 linker stubs
 *(.eh_frame)
 .eh_frame      0x0000000008000a40        0x0 C:/ST/STM32CubeIDE_1.12.0/STM32CubeIDE/plugins/com.st.stm32cube.ide.mcu.externaltools.gnu-tools-for-stm32.11.3.rel1.win32_1.1.1.202309131626/tools/bin/../lib/gcc/arm-none-eabi/11.3.1/thumb/v7-m/nofp/crtbegin.o
 *(.init)
 .init          0x0000000008000a40        0x4 C:/ST/STM32CubeIDE_1.12.0/STM32CubeIDE/plugins/com.st.stm32cube.ide.mcu.externaltools.gnu-tools-for-stm32.11.3.rel1.win32_1.1.1.202309131626/tools/bin/../lib/gcc/arm-none-eabi/11.3.1/thumb/v7-m/nofp/crti.o
                0x0000000008000a40                _init
 .init          0x0000000008000a44        0x8 C:/ST/STM32CubeIDE_1.12.0/STM32CubeIDE/plugins/com.st.stm32cube.ide.mcu.externaltools.gnu-tools-for-stm32.11.3.rel1.win32_1.1.1.202309131626/tools/bin/../lib/gcc/arm-none-eabi/11.3.1/thumb/v7-m/nofp/crtn.o
 *(.fini)
 .fini          0x0000000008000a4c        0x4 C:/ST/STM32CubeIDE_1.12.0/STM32CubeIDE/plugins/com.st.stm32cube.ide.mcu.externaltools.gnu-tools-for-stm32.11.3.rel1.win32_1.1.1.202309131626/tools/bin/../lib/gcc/arm-none-eabi/11.3.1/thumb/v7-m/nofp/crti.o
                0x0000000008000a4c                _fini
 .fini          0x0000000008000a50        0x8 C:/ST/STM32CubeIDE_1.12.0/STM32CubeIDE/plugins/com.st.stm32cube.ide.mcu.externaltools.gnu-tools-for-stm32.11.3.rel1.win32_1.1.1.202309131626/tools/bin/../lib/gcc/arm-none-eabi/11.3.1/thumb/v7-m/nofp/crtn.o
                0x0000000008000a58                . = ALIGN (0x4)
                0x0000000008000a58                _etext = .

.vfp11_veneer   0x0000000008000a58        0x0
 .vfp11_veneer  0x0000000008000a58        0x0 linker stubs

.v4_bx          0x0000000008000a58        0x0
 .v4_bx         0x0000000008000a58        0x0 linker stubs

.iplt           0x0000000008000a58        0x0
 .iplt          0x0000000008000a58        0x0 C:/ST/STM32CubeIDE_1.12.0/STM32CubeIDE/plugins/com.st.stm32cube.ide.mcu.externaltools.gnu-tools-for-stm32.11.3.rel1.win32_1.1.1.202309131626/tools/bin/../lib/gcc/arm-none-eabi/11.3.1/thumb/v7-m/nofp/crtbegin.o

.rodata         0x0000000008000a58       0x84
                0x0000000008000a58                . = ALIGN (0x4)
 *(.rodata)
 .rodata        0x0000000008000a58       0x82 ./HAL/ESP/src/ESP_program.o
 *(.rodata*)
                0x0000000008000adc                . = ALIGN (0x4)
 *fill*         0x0000000008000ada        0x2 

.rel.dyn        0x0000000008000adc        0x0
 .rel.iplt      0x0000000008000adc        0x0 C:/ST/STM32CubeIDE_1.12.0/STM32CubeIDE/plugins/com.st.stm32cube.ide.mcu.externaltools.gnu-tools-for-stm32.11.3.rel1.win32_1.1.1.202309131626/tools/bin/../lib/gcc/arm-none-eabi/11.3.1/thumb/v7-m/nofp/crtbegin.o

.ARM.extab      0x0000000008000adc        0x0
                0x0000000008000adc                . = ALIGN (0x4)
 *(.ARM.extab* .gnu.linkonce.armextab.*)
                0x0000000008000adc                . = ALIGN (0x4)

.ARM            0x0000000008000adc        0x0
                0x0000000008000adc                . = ALIGN (0x4)
                0x0000000008000adc                __exidx_start = .
 *(.ARM.exidx*)
                0x0000000008000adc                __exidx_end = .
                0x0000000008000adc                . = ALIGN (0x4)

.preinit_array  0x0000000008000adc        0x0
                0x0000000008000adc                . = ALIGN (0x4)
                0x0000000008000adc                PROVIDE (__preinit_array_start = .)
 *(.preinit_array*)
                0x0000000008000adc                PROVIDE (__preinit_array_end = .)
                0x0000000008000adc                . = ALIGN (0x4)

.init_array     0x0000000008000adc        0x4
                0x0000000008000adc                . = ALIGN (0x4)
                0x0000000008000adc                PROVIDE (__init_array_start = .)
 *(SORT_BY_NAME(.init_array.*))
 *(.init_array*)
 .init_array    0x0000000008000adc        0x4 C:/ST/STM32CubeIDE_1.12.0/STM32CubeIDE/plugins/com.st.stm32cube.ide.mcu.externaltools.gnu-tools-for-stm32.11.3.rel1.win32_1.1.1.202309131626/tools/bin/../lib/gcc/arm-none-eabi/11.3.1/thumb/v7-m/nofp/crtbegin.o
                0x0000000008000ae0                PROVIDE (__init_array_end = .)
                0x0000000008000ae0                . = ALIGN (0x4)

.fini_array     0x0000000008000ae0        0x4
                0x0000000008000ae0                . = ALIGN (0x4)
                [!provide]                        PROVIDE (__fini_array_start = .)
 *(SORT_BY_NAME(.fini_array.*))
 *(.fini_array*)
 .fini_array    0x0000000008000ae0        0x4 C:/ST/STM32CubeIDE_1.12.0/STM32CubeIDE/plugins/com.st.stm32cube.ide.mcu.externaltools.gnu-tools-for-stm32.11.3.rel1.win32_1.1.1.202309131626/tools/bin/../lib/gcc/arm-none-eabi/11.3.1/thumb/v7-m/nofp/crtbegin.o
                [!provide]                        PROVIDE (__fini_array_end = .)
                0x0000000008000ae4                . = ALIGN (0x4)
                0x0000000008000ae4                _sidata = LOADADDR (.data)

.data           0x0000000020000000      0x12c load address 0x0000000008000ae4
                0x0000000020000000                . = ALIGN (0x4)
                0x0000000020000000                _sdata = .
 *(.data)
 *(.data*)
 .data.Globale_esp
                0x0000000020000000      0x12c ./HAL/ESP/src/ESP_program.o
                0x0000000020000000                Globale_esp
 *(.RamFunc)
 *(.RamFunc*)
                0x000000002000012c                . = ALIGN (0x4)
                0x000000002000012c                _edata = .

.igot.plt       0x000000002000012c        0x0 load address 0x0000000008000c10
 .igot.plt      0x000000002000012c        0x0 C:/ST/STM32CubeIDE_1.12.0/STM32CubeIDE/plugins/com.st.stm32cube.ide.mcu.externaltools.gnu-tools-for-stm32.11.3.rel1.win32_1.1.1.202309131626/tools/bin/../lib/gcc/arm-none-eabi/11.3.1/thumb/v7-m/nofp/crtbegin.o
                0x000000002000012c                . = ALIGN (0x4)

.bss            0x000000002000012c       0x48 load address 0x0000000008000c10
                0x000000002000012c                _sbss = .
                0x000000002000012c                __bss_start__ = _sbss
 *(.bss)
 .bss           0x000000002000012c       0x1c C:/ST/STM32CubeIDE_1.12.0/STM32CubeIDE/plugins/com.st.stm32cube.ide.mcu.externaltools.gnu-tools-for-stm32.11.3.rel1.win32_1.1.1.202309131626/tools/bin/../lib/gcc/arm-none-eabi/11.3.1/thumb/v7-m/nofp/crtbegin.o
 *(.bss*)
 .bss.z.0       0x0000000020000148        0x4 ./HAL/ESP/src/ESP_program.o
 .bss.Local0_PvFunction
                0x000000002000014c        0x4 ./MCAL/EXTI/src/EXTI_program.o
 .bss.Local1_PvFunction
                0x0000000020000150        0x4 ./MCAL/EXTI/src/EXTI_program.o
 .bss.Local2_PvFunction
                0x0000000020000154        0x4 ./MCAL/EXTI/src/EXTI_program.o
 .bss.Local3_PvFunction
                0x0000000020000158        0x4 ./MCAL/EXTI/src/EXTI_program.o
 .bss.Local4_PvFunction
                0x000000002000015c        0x4 ./MCAL/EXTI/src/EXTI_program.o
 .bss.Local_PvFunction
                0x0000000020000160        0x4 ./MCAL/SysTick/src/SysTick_program.o
 .bss.UART1_CallBack
                0x0000000020000164        0x4 ./MCAL/UART/src/UART_program.o
 .bss.UART2_CallBack
                0x0000000020000168        0x4 ./MCAL/UART/src/UART_program.o
 .bss.UART3_CallBack
                0x000000002000016c        0x4 ./MCAL/UART/src/UART_program.o
 .bss.Global_Recieve
                0x0000000020000170        0x4 ./MCAL/UART/src/UART_program.o
                0x0000000020000170                Global_Recieve
 *(COMMON)
                0x0000000020000174                . = ALIGN (0x4)
                0x0000000020000174                _ebss = .
                0x0000000020000174                __bss_end__ = _ebss

._user_heap_stack
                0x0000000020000174      0x604 load address 0x0000000008000c10
                0x0000000020000178                . = ALIGN (0x8)
 *fill*         0x0000000020000174        0x4 
                [!provide]                        PROVIDE (end = .)
                0x0000000020000178                PROVIDE (_end = .)
                0x0000000020000378                . = (. + _Min_Heap_Size)
 *fill*         0x0000000020000178      0x200 
                0x0000000020000778                . = (. + _Min_Stack_Size)
 *fill*         0x0000000020000378      0x400 
                0x0000000020000778                . = ALIGN (0x8)

/DISCARD/
 libc.a(*)
 libm.a(*)
 libgcc.a(*)

.ARM.attributes
                0x0000000000000000       0x29
 *(.ARM.attributes)
 .ARM.attributes
                0x0000000000000000       0x1d C:/ST/STM32CubeIDE_1.12.0/STM32CubeIDE/plugins/com.st.stm32cube.ide.mcu.externaltools.gnu-tools-for-stm32.11.3.rel1.win32_1.1.1.202309131626/tools/bin/../lib/gcc/arm-none-eabi/11.3.1/thumb/v7-m/nofp/crti.o
 .ARM.attributes
                0x000000000000001d       0x2d C:/ST/STM32CubeIDE_1.12.0/STM32CubeIDE/plugins/com.st.stm32cube.ide.mcu.externaltools.gnu-tools-for-stm32.11.3.rel1.win32_1.1.1.202309131626/tools/bin/../lib/gcc/arm-none-eabi/11.3.1/thumb/v7-m/nofp/crtbegin.o
 .ARM.attributes
                0x000000000000004a       0x2d ./HAL/ESP/src/ESP_program.o
 .ARM.attributes
                0x0000000000000077       0x2d ./MCAL/EXTI/src/EXTI_program.o
 .ARM.attributes
                0x00000000000000a4       0x2d ./MCAL/GPIO/src/GPIO_program.o
 .ARM.attributes
                0x00000000000000d1       0x2d ./MCAL/RCC/src/RCC_program.o
 .ARM.attributes
                0x00000000000000fe       0x2d ./MCAL/SysTick/src/SysTick_program.o
 .ARM.attributes
                0x000000000000012b       0x2d ./MCAL/UART/src/UART_program.o
 .ARM.attributes
                0x0000000000000158       0x2d ./Src/main.o
 .ARM.attributes
                0x0000000000000185       0x21 ./Startup/startup_stm32f103c8tx.o
 .ARM.attributes
                0x00000000000001a6       0x2d C:/ST/STM32CubeIDE_1.12.0/STM32CubeIDE/plugins/com.st.stm32cube.ide.mcu.externaltools.gnu-tools-for-stm32.11.3.rel1.win32_1.1.1.202309131626/tools/bin/../lib/gcc/arm-none-eabi/11.3.1/../../../../arm-none-eabi/lib/thumb/v7-m/nofp\libc_nano.a(libc_a-init.o)
 .ARM.attributes
                0x00000000000001d3       0x1d C:/ST/STM32CubeIDE_1.12.0/STM32CubeIDE/plugins/com.st.stm32cube.ide.mcu.externaltools.gnu-tools-for-stm32.11.3.rel1.win32_1.1.1.202309131626/tools/bin/../lib/gcc/arm-none-eabi/11.3.1/thumb/v7-m/nofp/crtn.o
OUTPUT(ST32.elf elf32-littlearm)
LOAD linker stubs
LOAD C:/ST/STM32CubeIDE_1.12.0/STM32CubeIDE/plugins/com.st.stm32cube.ide.mcu.externaltools.gnu-tools-for-stm32.11.3.rel1.win32_1.1.1.202309131626/tools/bin/../lib/gcc/arm-none-eabi/11.3.1/../../../../arm-none-eabi/lib/thumb/v7-m/nofp\libc.a
LOAD C:/ST/STM32CubeIDE_1.12.0/STM32CubeIDE/plugins/com.st.stm32cube.ide.mcu.externaltools.gnu-tools-for-stm32.11.3.rel1.win32_1.1.1.202309131626/tools/bin/../lib/gcc/arm-none-eabi/11.3.1/../../../../arm-none-eabi/lib/thumb/v7-m/nofp\libm.a
LOAD C:/ST/STM32CubeIDE_1.12.0/STM32CubeIDE/plugins/com.st.stm32cube.ide.mcu.externaltools.gnu-tools-for-stm32.11.3.rel1.win32_1.1.1.202309131626/tools/bin/../lib/gcc/arm-none-eabi/11.3.1/thumb/v7-m/nofp\libgcc.a

.comment        0x0000000000000000       0x43
 .comment       0x0000000000000000       0x43 C:/ST/STM32CubeIDE_1.12.0/STM32CubeIDE/plugins/com.st.stm32cube.ide.mcu.externaltools.gnu-tools-for-stm32.11.3.rel1.win32_1.1.1.202309131626/tools/bin/../lib/gcc/arm-none-eabi/11.3.1/thumb/v7-m/nofp/crtbegin.o
                                         0x44 (size before relaxing)
 .comment       0x0000000000000043       0x44 ./HAL/ESP/src/ESP_program.o
 .comment       0x0000000000000043       0x44 ./MCAL/EXTI/src/EXTI_program.o
 .comment       0x0000000000000043       0x44 ./MCAL/GPIO/src/GPIO_program.o
 .comment       0x0000000000000043       0x44 ./MCAL/RCC/src/RCC_program.o
 .comment       0x0000000000000043       0x44 ./MCAL/SysTick/src/SysTick_program.o
 .comment       0x0000000000000043       0x44 ./MCAL/UART/src/UART_program.o
 .comment       0x0000000000000043       0x44 ./Src/main.o

.debug_info     0x0000000000000000     0x1e53
 .debug_info    0x0000000000000000      0x349 ./HAL/ESP/src/ESP_program.o
 .debug_info    0x0000000000000349      0x477 ./MCAL/EXTI/src/EXTI_program.o
 .debug_info    0x00000000000007c0      0x44a ./MCAL/GPIO/src/GPIO_program.o
 .debug_info    0x0000000000000c0a      0x580 ./MCAL/RCC/src/RCC_program.o
 .debug_info    0x000000000000118a      0x253 ./MCAL/SysTick/src/SysTick_program.o
 .debug_info    0x00000000000013dd      0x62e ./MCAL/UART/src/UART_program.o
 .debug_info    0x0000000000001a0b      0x425 ./Src/main.o
 .debug_info    0x0000000000001e30       0x23 ./Startup/startup_stm32f103c8tx.o

.debug_abbrev   0x0000000000000000      0x9cc
 .debug_abbrev  0x0000000000000000      0x1cc ./HAL/ESP/src/ESP_program.o
 .debug_abbrev  0x00000000000001cc      0x158 ./MCAL/EXTI/src/EXTI_program.o
 .debug_abbrev  0x0000000000000324      0x11c ./MCAL/GPIO/src/GPIO_program.o
 .debug_abbrev  0x0000000000000440      0x10f ./MCAL/RCC/src/RCC_program.o
 .debug_abbrev  0x000000000000054f      0x15f ./MCAL/SysTick/src/SysTick_program.o
 .debug_abbrev  0x00000000000006ae      0x213 ./MCAL/UART/src/UART_program.o
 .debug_abbrev  0x00000000000008c1       0xf9 ./Src/main.o
 .debug_abbrev  0x00000000000009ba       0x12 ./Startup/startup_stm32f103c8tx.o

.debug_aranges  0x0000000000000000      0x278
 .debug_aranges
                0x0000000000000000       0x58 ./HAL/ESP/src/ESP_program.o
 .debug_aranges
                0x0000000000000058       0x90 ./MCAL/EXTI/src/EXTI_program.o
 .debug_aranges
                0x00000000000000e8       0x40 ./MCAL/GPIO/src/GPIO_program.o
 .debug_aranges
                0x0000000000000128       0x38 ./MCAL/RCC/src/RCC_program.o
 .debug_aranges
                0x0000000000000160       0x58 ./MCAL/SysTick/src/SysTick_program.o
 .debug_aranges
                0x00000000000001b8       0x70 ./MCAL/UART/src/UART_program.o
 .debug_aranges
                0x0000000000000228       0x28 ./Src/main.o
 .debug_aranges
                0x0000000000000250       0x28 ./Startup/startup_stm32f103c8tx.o

.debug_rnglists
                0x0000000000000000      0x1bd
 .debug_rnglists
                0x0000000000000000       0x3e ./HAL/ESP/src/ESP_program.o
 .debug_rnglists
                0x000000000000003e       0x68 ./MCAL/EXTI/src/EXTI_program.o
 .debug_rnglists
                0x00000000000000a6       0x2e ./MCAL/GPIO/src/GPIO_program.o
 .debug_rnglists
                0x00000000000000d4       0x27 ./MCAL/RCC/src/RCC_program.o
 .debug_rnglists
                0x00000000000000fb       0x3d ./MCAL/SysTick/src/SysTick_program.o
 .debug_rnglists
                0x0000000000000138       0x53 ./MCAL/UART/src/UART_program.o
 .debug_rnglists
                0x000000000000018b       0x19 ./Src/main.o
 .debug_rnglists
                0x00000000000001a4       0x19 ./Startup/startup_stm32f103c8tx.o

.debug_macro    0x0000000000000000     0x14ab
 .debug_macro   0x0000000000000000       0x4a ./HAL/ESP/src/ESP_program.o
 .debug_macro   0x000000000000004a      0xaa2 ./HAL/ESP/src/ESP_program.o
 .debug_macro   0x0000000000000aec       0x10 ./HAL/ESP/src/ESP_program.o
 .debug_macro   0x0000000000000afc       0x22 ./HAL/ESP/src/ESP_program.o
 .debug_macro   0x0000000000000b1e       0x10 ./HAL/ESP/src/ESP_program.o
 .debug_macro   0x0000000000000b2e       0x49 ./MCAL/EXTI/src/EXTI_program.o
 .debug_macro   0x0000000000000b77       0x16 ./MCAL/EXTI/src/EXTI_program.o
 .debug_macro   0x0000000000000b8d       0x10 ./MCAL/EXTI/src/EXTI_program.o
 .debug_macro   0x0000000000000b9d       0x49 ./MCAL/GPIO/src/GPIO_program.o
 .debug_macro   0x0000000000000be6       0x16 ./MCAL/GPIO/src/GPIO_program.o
 .debug_macro   0x0000000000000bfc       0x82 ./MCAL/GPIO/src/GPIO_program.o
 .debug_macro   0x0000000000000c7e       0x54 ./MCAL/RCC/src/RCC_program.o
 .debug_macro   0x0000000000000cd2       0x16 ./MCAL/RCC/src/RCC_program.o
 .debug_macro   0x0000000000000ce8       0x11 ./MCAL/RCC/src/RCC_program.o
 .debug_macro   0x0000000000000cf9       0x4c ./MCAL/RCC/src/RCC_program.o
 .debug_macro   0x0000000000000d45       0x49 ./MCAL/SysTick/src/SysTick_program.o
 .debug_macro   0x0000000000000d8e       0x28 ./MCAL/SysTick/src/SysTick_program.o
 .debug_macro   0x0000000000000db6       0x10 ./MCAL/SysTick/src/SysTick_program.o
 .debug_macro   0x0000000000000dc6       0x48 ./MCAL/UART/src/UART_program.o
 .debug_macro   0x0000000000000e0e       0x9a ./MCAL/UART/src/UART_program.o
 .debug_macro   0x0000000000000ea8       0x58 ./MCAL/UART/src/UART_program.o
 .debug_macro   0x0000000000000f00       0x76 ./MCAL/UART/src/UART_program.o
 .debug_macro   0x0000000000000f76       0xe8 ./Src/main.o
 .debug_macro   0x000000000000105e       0x22 ./Src/main.o
 .debug_macro   0x0000000000001080       0x8e ./Src/main.o
 .debug_macro   0x000000000000110e       0x51 ./Src/main.o
 .debug_macro   0x000000000000115f      0x103 ./Src/main.o
 .debug_macro   0x0000000000001262       0x6a ./Src/main.o
 .debug_macro   0x00000000000012cc      0x1df ./Src/main.o

.debug_line     0x0000000000000000     0x16e6
 .debug_line    0x0000000000000000      0x279 ./HAL/ESP/src/ESP_program.o
 .debug_line    0x0000000000000279      0x2f7 ./MCAL/EXTI/src/EXTI_program.o
 .debug_line    0x0000000000000570      0x2f9 ./MCAL/GPIO/src/GPIO_program.o
 .debug_line    0x0000000000000869      0x1a9 ./MCAL/RCC/src/RCC_program.o
 .debug_line    0x0000000000000a12      0x1f8 ./MCAL/SysTick/src/SysTick_program.o
 .debug_line    0x0000000000000c0a      0x44a ./MCAL/UART/src/UART_program.o
 .debug_line    0x0000000000001054      0x617 ./Src/main.o
 .debug_line    0x000000000000166b       0x7b ./Startup/startup_stm32f103c8tx.o

.debug_str      0x0000000000000000     0x5f01
 .debug_str     0x0000000000000000     0x302b ./HAL/ESP/src/ESP_program.o
                                       0x30c1 (size before relaxing)
 .debug_str     0x000000000000302b      0x32e ./MCAL/EXTI/src/EXTI_program.o
                                       0x31ec (size before relaxing)
 .debug_str     0x0000000000003359      0x77d ./MCAL/GPIO/src/GPIO_program.o
                                       0x360a (size before relaxing)
 .debug_str     0x0000000000003ad6      0x8fe ./MCAL/RCC/src/RCC_program.o
                                       0x37b1 (size before relaxing)
 .debug_str     0x00000000000043d4      0x289 ./MCAL/SysTick/src/SysTick_program.o
                                       0x317d (size before relaxing)
 .debug_str     0x000000000000465d      0xa6d ./MCAL/UART/src/UART_program.o
                                       0x39e0 (size before relaxing)
 .debug_str     0x00000000000050ca      0xe08 ./Src/main.o
                                       0x45d5 (size before relaxing)
 .debug_str     0x0000000000005ed2       0x2f ./Startup/startup_stm32f103c8tx.o
                                         0x4a (size before relaxing)

.debug_frame    0x0000000000000000      0x814
 .debug_frame   0x0000000000000000      0x130 ./HAL/ESP/src/ESP_program.o
 .debug_frame   0x0000000000000130      0x22c ./MCAL/EXTI/src/EXTI_program.o
 .debug_frame   0x000000000000035c       0xd8 ./MCAL/GPIO/src/GPIO_program.o
 .debug_frame   0x0000000000000434       0xb0 ./MCAL/RCC/src/RCC_program.o
 .debug_frame   0x00000000000004e4      0x120 ./MCAL/SysTick/src/SysTick_program.o
 .debug_frame   0x0000000000000604      0x19c ./MCAL/UART/src/UART_program.o
 .debug_frame   0x00000000000007a0       0x48 ./Src/main.o
 .debug_frame   0x00000000000007e8       0x2c C:/ST/STM32CubeIDE_1.12.0/STM32CubeIDE/plugins/com.st.stm32cube.ide.mcu.externaltools.gnu-tools-for-stm32.11.3.rel1.win32_1.1.1.202309131626/tools/bin/../lib/gcc/arm-none-eabi/11.3.1/../../../../arm-none-eabi/lib/thumb/v7-m/nofp\libc_nano.a(libc_a-init.o)

.debug_line_str
                0x0000000000000000       0x3e
 .debug_line_str
                0x0000000000000000       0x3e ./Startup/startup_stm32f103c8tx.o
                                         0x56 (size before relaxing)
