
Memory Configuration

Name             Origin             Length             Attributes
RAM              0x20000000         0x00005000         xrw
FLASH            0x08000000         0x00001400         xr
*default*        0x00000000         0xffffffff

Linker script and memory map

                0x20005000                _estack = (ORIGIN (RAM) + LENGTH (RAM))
                0x00000200                _Min_Heap_Size = 0x200
                0x00000400                _Min_Stack_Size = 0x400

.isr_vector     0x08000000      0x130
                0x08000000                . = ALIGN (0x4)
 *(.isr_vector)
 .isr_vector    0x08000000      0x130 C:/STM_BLUEPILL/ST32/BM/Build/Object/Startup/startup_stm32f103.o
                0x08000000                Vector_Table
                0x08000130                . = ALIGN (0x4)

.text           0x08000130      0xd78
                0x08000130                . = ALIGN (0x4)
 *(.text)
 .text          0x08000130      0x114 C:/STM_BLUEPILL/ST32/BM/Build/Object/Src/main.o
                0x08000130                main
 .text          0x08000244       0xb0 C:/STM_BLUEPILL/ST32/BM/Build/Object/Startup/startup_stm32f103.o
                0x08000250                Reset_Handler
                0x080002e8                TIM8_TRG_COM_IRQHandler
                0x080002e8                TIM8_CC_IRQHandler
                0x080002e8                DebugMon_Handler
                0x080002e8                TIM1_CC_IRQHandler
                0x080002e8                HardFault_Handler
                0x080002e8                TIM6_IRQHandler
                0x080002e8                PVD_IRQHandler
                0x080002e8                SDIO_IRQHandler
                0x080002e8                TAMP_STAMP_IRQHandler
                0x080002e8                PendSV_Handler
                0x080002e8                NMI_Handler
                0x080002e8                EXTI3_IRQHandler
                0x080002e8                USB_HP_CAN_TX_IRQHandler
                0x080002e8                EXTI0_IRQHandler
                0x080002e8                I2C2_EV_IRQHandler
                0x080002e8                UsageFault_Handler
                0x080002e8                SPI1_IRQHandler
                0x080002e8                CAN_SCE_IRQHandler
                0x080002e8                TIM8_UP_IRQHandler
                0x080002e8                DMA2_Channel2_IRQHandler
                0x080002e8                DMA1_Channel4_IRQHandler
                0x080002e8                DMA1_Channel7_IRQHandler
                0x080002e8                EXTI2_IRQHandler
                0x080002e8                UART5_IRQHandler
                0x080002e8                ADC3_IRQHandler
                0x080002e8                TIM4_IRQHandler
                0x080002e8                CAN_RX1_IRQHandler
                0x080002e8                DMA2_Channel1_IRQHandler
                0x080002e8                I2C1_EV_IRQHandler
                0x080002e8                DMA1_Channel6_IRQHandler
                0x080002e8                UART4_IRQHandler
                0x080002e8                TIM3_IRQHandler
                0x080002e8                RCC_IRQHandler
                0x080002e8                TIM1_TRG_COM_IRQHandler
                0x080002e8                DMA1_Channel1_IRQHandler
                0x080002e8                Default_Handler
                0x080002e8                EXTI15_10_IRQHandler
                0x080002e8                TIM7_IRQHandler
                0x080002e8                TIM5_IRQHandler
                0x080002e8                EXTI9_5_IRQHandler
                0x080002e8                RTC_WKUP_IRQHandler
                0x080002e8                SPI2_IRQHandler
                0x080002e8                USB_LP_CAN_RX0_IRQHandler
                0x080002e8                MemManage_Handler
                0x080002e8                SVC_Handler
                0x080002e8                ADC_1_2_IRQHandler
                0x080002e8                DMA1_Channel5_IRQHandler
                0x080002e8                EXTI4_IRQHandler
                0x080002e8                DMA1_Channel3_IRQHandler
                0x080002e8                FSMC_IRQHandler
                0x080002e8                TIM1_UP_IRQHandler
                0x080002e8                WWDG_IRQHandler
                0x080002e8                TIM2_IRQHandler
                0x080002e8                TIM1_BRK_IRQHandler
                0x080002e8                EXTI1_IRQHandler
                0x080002e8                RTCAlarm_IRQHandler
                0x080002e8                DMA2_Channel4_5_IRQHandler
                0x080002e8                USART2_IRQHandler
                0x080002e8                I2C2_ER_IRQHandler
                0x080002e8                DMA1_Channel2_IRQHandler
                0x080002e8                TIM8_BRK_IRQHandler
                0x080002e8                FLASH_IRQHandler
                0x080002e8                BusFault_Handler
                0x080002e8                USART1_IRQHandler
                0x080002e8                SPI3_IRQHandler
                0x080002e8                I2C1_ER_IRQHandler
                0x080002e8                DMA2_Channel3_IRQHandler
 .text          0x080002f4      0x208 C:/STM_BLUEPILL/ST32/BM/Build/Object/MCAL/RCC/src/RCC_program.o
                0x080002f4                RCC_VidInit
                0x08000344                RCC_voidEnablePeripheral
                0x080003e0                RCC_voidDisablePeripheral
                0x08000480                RCC_voidResetPeripheral
 .text          0x080004fc      0x1f0 C:/STM_BLUEPILL/ST32/BM/Build/Object/MCAL/SysTick/src/SysTick_program.o
                0x080004fc                SysTick_voidInit
                0x08000518                SysTick_voidSetBusyWait
                0x0800056c                SysTick_voidSetIntervalSingle
                0x080005e8                SysTick_voidSetIntervalPeriodoc
                0x08000648                SysTick_voidStopTimer
                0x08000664                SysTick_GetElapsedTime
                0x08000684                SysTick_GetRemaningTime
                0x08000698                SysTick_Handler
 .text          0x080006ec      0x3e8 C:/STM_BLUEPILL/ST32/BM/Build/Object/MCAL/GPIO/src/GPIO_program.o
                0x080006ec                GPIO_SetPinConfig
                0x0800089c                GPIO_GetPinReading
                0x0800093c                GPIO_GetPortReading
                0x080009a8                GPIO_SetPinValue
                0x08000a78                GPIO_SetPortValue
 .text          0x08000ad4      0x3d4 C:/STM_BLUEPILL/ST32/BM/Build/Object/MCAL/UART/src/UART_program.o
                0x08000ad4                UART_voidInit
                0x08000ba0                UART_u8SendCharSynch
                0x08000c60                UART_voidSendNumber
                0x08000c9e                UART_u8ReceiveCharSynch
                0x08000da0                UART_u8SendStringSynch
                0x08000dee                UART_u8RecieveStringSynch
                0x08000e4e                UART_IsStringEqual
                0x08000e94                USART3_IRQHandler
 *(.text*)
                0x08000ea8                . = ALIGN (0x4)
                0x08000ea8                _etext = .

.glue_7         0x08000ea8        0x0
 .glue_7        0x08000ea8        0x0 linker stubs

.glue_7t        0x08000ea8        0x0
 .glue_7t       0x08000ea8        0x0 linker stubs

.vfp11_veneer   0x08000ea8        0x0
 .vfp11_veneer  0x08000ea8        0x0 linker stubs

.v4_bx          0x08000ea8        0x0
 .v4_bx         0x08000ea8        0x0 linker stubs

.iplt           0x08000ea8        0x0
 .iplt          0x08000ea8        0x0 C:/STM_BLUEPILL/ST32/BM/Build/Object/Src/main.o

.rodata         0x08000ea8        0x8
                0x08000ea8                . = ALIGN (0x4)
 *(.rodata)
 .rodata        0x08000ea8        0x4 C:/STM_BLUEPILL/ST32/BM/Build/Object/Src/main.o
 .rodata        0x08000eac        0x4 C:/STM_BLUEPILL/ST32/BM/Build/Object/Startup/startup_stm32f103.o
                0x08000eac                MSP_Value
 *(.rodata*)
                0x08000eb0                . = ALIGN (0x4)
                0x08000eb0                _sidata = LOADADDR (.data)

.rel.dyn        0x08000eb0        0x0
 .rel.iplt      0x08000eb0        0x0 C:/STM_BLUEPILL/ST32/BM/Build/Object/Src/main.o

.data           0x20000000        0x0 load address 0x08000eb0
                0x20000000                . = ALIGN (0x4)
                0x20000000                _sdata = .
 *(.data)
 .data          0x20000000        0x0 C:/STM_BLUEPILL/ST32/BM/Build/Object/Src/main.o
 .data          0x20000000        0x0 C:/STM_BLUEPILL/ST32/BM/Build/Object/Startup/startup_stm32f103.o
 .data          0x20000000        0x0 C:/STM_BLUEPILL/ST32/BM/Build/Object/MCAL/RCC/src/RCC_program.o
 .data          0x20000000        0x0 C:/STM_BLUEPILL/ST32/BM/Build/Object/MCAL/SysTick/src/SysTick_program.o
 .data          0x20000000        0x0 C:/STM_BLUEPILL/ST32/BM/Build/Object/MCAL/GPIO/src/GPIO_program.o
 .data          0x20000000        0x0 C:/STM_BLUEPILL/ST32/BM/Build/Object/MCAL/UART/src/UART_program.o
 *(.data*)
                0x20000000                . = ALIGN (0x4)
                0x20000000                _edata = .

.igot.plt       0x20000000        0x0 load address 0x08000eb0
 .igot.plt      0x20000000        0x0 C:/STM_BLUEPILL/ST32/BM/Build/Object/Src/main.o

.bss            0x20000000       0x2c load address 0x08000eb0
                0x20000000                _sbss = .
 *(.bss)
 .bss           0x20000000       0x18 C:/STM_BLUEPILL/ST32/BM/Build/Object/Src/main.o
                0x20000000                addr_to_call
                0x20000004                Pin_Reset
                0x20000008                Power_Reset
                0x2000000c                Soft_Reset
                0x20000010                flag
                0x20000014                cause
 .bss           0x20000018        0x0 C:/STM_BLUEPILL/ST32/BM/Build/Object/Startup/startup_stm32f103.o
 .bss           0x20000018        0x0 C:/STM_BLUEPILL/ST32/BM/Build/Object/MCAL/RCC/src/RCC_program.o
 .bss           0x20000018        0x5 C:/STM_BLUEPILL/ST32/BM/Build/Object/MCAL/SysTick/src/SysTick_program.o
 .bss           0x2000001d        0x0 C:/STM_BLUEPILL/ST32/BM/Build/Object/MCAL/GPIO/src/GPIO_program.o
 *fill*         0x2000001d        0x3 
 .bss           0x20000020        0xc C:/STM_BLUEPILL/ST32/BM/Build/Object/MCAL/UART/src/UART_program.o
 *(.bss*)
                0x2000002c                . = ALIGN (0x4)
                0x2000002c                _ebss = .

._user_heap_stack
                0x2000002c      0x604 load address 0x08000eb0
                0x20000030                . = ALIGN (0x8)
 *fill*         0x2000002c        0x4 
                0x20000230                . = (. + _Min_Heap_Size)
 *fill*         0x20000030      0x200 
                0x20000630                . = (. + _Min_Stack_Size)
 *fill*         0x20000230      0x400 
                0x20000630                . = ALIGN (0x8)
LOAD C:/STM_BLUEPILL/ST32/BM/Build/Object/Src/main.o
LOAD C:/STM_BLUEPILL/ST32/BM/Build/Object/Startup/startup_stm32f103.o
LOAD C:/STM_BLUEPILL/ST32/BM/Build/Object/MCAL/RCC/src/RCC_program.o
LOAD C:/STM_BLUEPILL/ST32/BM/Build/Object/MCAL/SysTick/src/SysTick_program.o
LOAD C:/STM_BLUEPILL/ST32/BM/Build/Object/MCAL/GPIO/src/GPIO_program.o
LOAD C:/STM_BLUEPILL/ST32/BM/Build/Object/MCAL/UART/src/UART_program.o
OUTPUT(C:/STM_BLUEPILL/ST32/BM/Tools/BM.elf elf32-littlearm)
LOAD linker stubs

.debug_info     0x00000000     0x1922
 .debug_info    0x00000000      0x449 C:/STM_BLUEPILL/ST32/BM/Build/Object/Src/main.o
 .debug_info    0x00000449      0x15e C:/STM_BLUEPILL/ST32/BM/Build/Object/Startup/startup_stm32f103.o
 .debug_info    0x000005a7      0x5ea C:/STM_BLUEPILL/ST32/BM/Build/Object/MCAL/RCC/src/RCC_program.o
 .debug_info    0x00000b91      0x295 C:/STM_BLUEPILL/ST32/BM/Build/Object/MCAL/SysTick/src/SysTick_program.o
 .debug_info    0x00000e26      0x4df C:/STM_BLUEPILL/ST32/BM/Build/Object/MCAL/GPIO/src/GPIO_program.o
 .debug_info    0x00001305      0x61d C:/STM_BLUEPILL/ST32/BM/Build/Object/MCAL/UART/src/UART_program.o

.debug_abbrev   0x00000000      0x73f
 .debug_abbrev  0x00000000       0xe5 C:/STM_BLUEPILL/ST32/BM/Build/Object/Src/main.o
 .debug_abbrev  0x000000e5       0xe9 C:/STM_BLUEPILL/ST32/BM/Build/Object/Startup/startup_stm32f103.o
 .debug_abbrev  0x000001ce      0x105 C:/STM_BLUEPILL/ST32/BM/Build/Object/MCAL/RCC/src/RCC_program.o
 .debug_abbrev  0x000002d3      0x145 C:/STM_BLUEPILL/ST32/BM/Build/Object/MCAL/SysTick/src/SysTick_program.o
 .debug_abbrev  0x00000418      0x109 C:/STM_BLUEPILL/ST32/BM/Build/Object/MCAL/GPIO/src/GPIO_program.o
 .debug_abbrev  0x00000521      0x21e C:/STM_BLUEPILL/ST32/BM/Build/Object/MCAL/UART/src/UART_program.o

.debug_aranges  0x00000000       0xc0
 .debug_aranges
                0x00000000       0x20 C:/STM_BLUEPILL/ST32/BM/Build/Object/Src/main.o
 .debug_aranges
                0x00000020       0x20 C:/STM_BLUEPILL/ST32/BM/Build/Object/Startup/startup_stm32f103.o
 .debug_aranges
                0x00000040       0x20 C:/STM_BLUEPILL/ST32/BM/Build/Object/MCAL/RCC/src/RCC_program.o
 .debug_aranges
                0x00000060       0x20 C:/STM_BLUEPILL/ST32/BM/Build/Object/MCAL/SysTick/src/SysTick_program.o
 .debug_aranges
                0x00000080       0x20 C:/STM_BLUEPILL/ST32/BM/Build/Object/MCAL/GPIO/src/GPIO_program.o
 .debug_aranges
                0x000000a0       0x20 C:/STM_BLUEPILL/ST32/BM/Build/Object/MCAL/UART/src/UART_program.o

.debug_line     0x00000000      0xa04
 .debug_line    0x00000000      0x133 C:/STM_BLUEPILL/ST32/BM/Build/Object/Src/main.o
 .debug_line    0x00000133       0xc6 C:/STM_BLUEPILL/ST32/BM/Build/Object/Startup/startup_stm32f103.o
 .debug_line    0x000001f9      0x143 C:/STM_BLUEPILL/ST32/BM/Build/Object/MCAL/RCC/src/RCC_program.o
 .debug_line    0x0000033c      0x180 C:/STM_BLUEPILL/ST32/BM/Build/Object/MCAL/SysTick/src/SysTick_program.o
 .debug_line    0x000004bc      0x282 C:/STM_BLUEPILL/ST32/BM/Build/Object/MCAL/GPIO/src/GPIO_program.o
 .debug_line    0x0000073e      0x2c6 C:/STM_BLUEPILL/ST32/BM/Build/Object/MCAL/UART/src/UART_program.o

.debug_str      0x00000000     0x104c
 .debug_str     0x00000000      0x5d6 C:/STM_BLUEPILL/ST32/BM/Build/Object/Src/main.o
                                0x604 (size before relaxing)
 .debug_str     0x000005d6       0xd0 C:/STM_BLUEPILL/ST32/BM/Build/Object/Startup/startup_stm32f103.o
                                0x158 (size before relaxing)
 .debug_str     0x000006a6      0x419 C:/STM_BLUEPILL/ST32/BM/Build/Object/MCAL/RCC/src/RCC_program.o
                                0x78e (size before relaxing)
 .debug_str     0x00000abf      0x1c4 C:/STM_BLUEPILL/ST32/BM/Build/Object/MCAL/SysTick/src/SysTick_program.o
                                0x2e6 (size before relaxing)
 .debug_str     0x00000c83      0x13f C:/STM_BLUEPILL/ST32/BM/Build/Object/MCAL/GPIO/src/GPIO_program.o
                                0x409 (size before relaxing)
 .debug_str     0x00000dc2      0x28a C:/STM_BLUEPILL/ST32/BM/Build/Object/MCAL/UART/src/UART_program.o
                                0x402 (size before relaxing)

.comment        0x00000000       0x49
 .comment       0x00000000       0x49 C:/STM_BLUEPILL/ST32/BM/Build/Object/Src/main.o
                                 0x4a (size before relaxing)
 .comment       0x00000049       0x4a C:/STM_BLUEPILL/ST32/BM/Build/Object/Startup/startup_stm32f103.o
 .comment       0x00000049       0x4a C:/STM_BLUEPILL/ST32/BM/Build/Object/MCAL/RCC/src/RCC_program.o
 .comment       0x00000049       0x4a C:/STM_BLUEPILL/ST32/BM/Build/Object/MCAL/SysTick/src/SysTick_program.o
 .comment       0x00000049       0x4a C:/STM_BLUEPILL/ST32/BM/Build/Object/MCAL/GPIO/src/GPIO_program.o
 .comment       0x00000049       0x4a C:/STM_BLUEPILL/ST32/BM/Build/Object/MCAL/UART/src/UART_program.o

.ARM.attributes
                0x00000000       0x2d
 .ARM.attributes
                0x00000000       0x2d C:/STM_BLUEPILL/ST32/BM/Build/Object/Src/main.o
 .ARM.attributes
                0x0000002d       0x2d C:/STM_BLUEPILL/ST32/BM/Build/Object/Startup/startup_stm32f103.o
 .ARM.attributes
                0x0000005a       0x2d C:/STM_BLUEPILL/ST32/BM/Build/Object/MCAL/RCC/src/RCC_program.o
 .ARM.attributes
                0x00000087       0x2d C:/STM_BLUEPILL/ST32/BM/Build/Object/MCAL/SysTick/src/SysTick_program.o
 .ARM.attributes
                0x000000b4       0x2d C:/STM_BLUEPILL/ST32/BM/Build/Object/MCAL/GPIO/src/GPIO_program.o
 .ARM.attributes
                0x000000e1       0x2d C:/STM_BLUEPILL/ST32/BM/Build/Object/MCAL/UART/src/UART_program.o

.debug_frame    0x00000000      0x480
 .debug_frame   0x00000000       0x2c C:/STM_BLUEPILL/ST32/BM/Build/Object/Src/main.o
 .debug_frame   0x0000002c       0x74 C:/STM_BLUEPILL/ST32/BM/Build/Object/Startup/startup_stm32f103.o
 .debug_frame   0x000000a0       0xb0 C:/STM_BLUEPILL/ST32/BM/Build/Object/MCAL/RCC/src/RCC_program.o
 .debug_frame   0x00000150      0x120 C:/STM_BLUEPILL/ST32/BM/Build/Object/MCAL/SysTick/src/SysTick_program.o
 .debug_frame   0x00000270       0xd8 C:/STM_BLUEPILL/ST32/BM/Build/Object/MCAL/GPIO/src/GPIO_program.o
 .debug_frame   0x00000348      0x138 C:/STM_BLUEPILL/ST32/BM/Build/Object/MCAL/UART/src/UART_program.o
