
Memory Configuration

Name             Origin             Length             Attributes
RAM              0x20000000         0x00005000         xrw
FLASH            0x08002800         0x0000d800         xr
*default*        0x00000000         0xffffffff

Linker script and memory map

                0x20005000                _estack = (ORIGIN (RAM) + LENGTH (RAM))
                0x00000200                _Min_Heap_Size = 0x200
                0x00000400                _Min_Stack_Size = 0x400

.isr_vector     0x08002800      0x130
                0x08002800                . = ALIGN (0x4)
 *(.isr_vector)
 .isr_vector    0x08002800      0x130 C:/STM_BLUEPILL/ST32/APP/Build/Object/Startup/startup_stm32f103.o
                0x08002800                Vector_Table
                0x08002930                . = ALIGN (0x4)

.text           0x08002930     0x21b0
                0x08002930                . = ALIGN (0x4)
 *(.text)
 .text          0x08002930        0x0 C:/STM_BLUEPILL/ST32/APP/Build/Object/Src/Image.o
 .text          0x08002930      0x124 C:/STM_BLUEPILL/ST32/APP/Build/Object/Src/main.o
                0x08002930                RCC_Init
                0x0800296c                Peripheral_APP_Init
                0x080029be                UART1
                0x080029d8                UART2
                0x080029ec                UART3
                0x08002a14                main
 .text          0x08002a54       0xb0 C:/STM_BLUEPILL/ST32/APP/Build/Object/Startup/startup_stm32f103.o
                0x08002a60                Reset_Handler
                0x08002af8                TIM8_CC_IRQHandler
                0x08002af8                DebugMon_Handler
                0x08002af8                TIM1_CC_IRQHandler
                0x08002af8                HardFault_Handler
                0x08002af8                TIM6_IRQHandler
                0x08002af8                PVD_IRQHandler
                0x08002af8                SDIO_IRQHandler
                0x08002af8                TAMP_STAMP_IRQHandler
                0x08002af8                PendSV_Handler
                0x08002af8                NMI_Handler
                0x08002af8                USB_HP_CAN_TX_IRQHandler
                0x08002af8                I2C2_EV_IRQHandler
                0x08002af8                UsageFault_Handler
                0x08002af8                CAN_SCE_IRQHandler
                0x08002af8                TIM8_UP_IRQHandler
                0x08002af8                DMA2_Channel2_IRQHandler
                0x08002af8                DMA1_Channel4_IRQHandler
                0x08002af8                DMA1_Channel7_IRQHandler
                0x08002af8                TIM8_TRG_COM_IRQHandler
                0x08002af8                UART5_IRQHandler
                0x08002af8                ADC3_IRQHandler
                0x08002af8                CAN_RX1_IRQHandler
                0x08002af8                DMA2_Channel1_IRQHandler
                0x08002af8                I2C1_EV_IRQHandler
                0x08002af8                DMA1_Channel6_IRQHandler
                0x08002af8                UART4_IRQHandler
                0x08002af8                RCC_IRQHandler
                0x08002af8                TIM1_TRG_COM_IRQHandler
                0x08002af8                DMA1_Channel1_IRQHandler
                0x08002af8                Default_Handler
                0x08002af8                EXTI15_10_IRQHandler
                0x08002af8                TIM7_IRQHandler
                0x08002af8                TIM5_IRQHandler
                0x08002af8                EXTI9_5_IRQHandler
                0x08002af8                RTC_WKUP_IRQHandler
                0x08002af8                USB_LP_CAN_RX0_IRQHandler
                0x08002af8                MemManage_Handler
                0x08002af8                SVC_Handler
                0x08002af8                ADC_1_2_IRQHandler
                0x08002af8                DMA1_Channel5_IRQHandler
                0x08002af8                DMA1_Channel3_IRQHandler
                0x08002af8                FSMC_IRQHandler
                0x08002af8                WWDG_IRQHandler
                0x08002af8                TIM1_BRK_IRQHandler
                0x08002af8                RTCAlarm_IRQHandler
                0x08002af8                DMA2_Channel4_5_IRQHandler
                0x08002af8                I2C2_ER_IRQHandler
                0x08002af8                DMA1_Channel2_IRQHandler
                0x08002af8                TIM8_BRK_IRQHandler
                0x08002af8                FLASH_IRQHandler
                0x08002af8                BusFault_Handler
                0x08002af8                SPI3_IRQHandler
                0x08002af8                I2C1_ER_IRQHandler
                0x08002af8                DMA2_Channel3_IRQHandler
 .text          0x08002b04      0x27c C:/STM_BLUEPILL/ST32/APP/Build/Object/RTOS/RTOS.o
                0x08002b04                RTOS_voidStart
                0x08002b24                RTOS_voidCreateTask
                0x08002ba8                RTOS_voidSchedular
                0x08002c70                RTOS_voidDeleteTask
                0x08002cfc                RTOS_voidSuspendTask
                0x08002d28                RTOS_voidResumeTask
                0x08002d54                RTOS_voidWaitEvent
 .text          0x08002d80      0x24c C:/STM_BLUEPILL/ST32/APP/Build/Object/MCAL/RCC/src/RCC_program.o
                0x08002d80                RCC_VidInit
                0x08002e14                RCC_voidEnablePeripheral
                0x08002eb0                RCC_voidDisablePeripheral
                0x08002f50                RCC_voidResetPeripheral
 .text          0x08002fcc      0x210 C:/STM_BLUEPILL/ST32/APP/Build/Object/MCAL/NVIC/src/NVIC_program.o
                0x08002fcc                NVIC_EnableInterrupt
                0x0800301c                NVIC_DisableInterrupt
                0x0800306c                NVIC_SetPendingFlag
                0x080030bc                NVIC_ClearPendingFlag
                0x0800310c                NVIC_GetActiveInterrupt
                0x08003178                NVIC_SetPriority
 .text          0x080031dc      0x184 C:/STM_BLUEPILL/ST32/APP/Build/Object/MCAL/SysTick/src/SysTick_program.o
                0x080031dc                SysTick_voidInit
                0x080031f8                SysTick_voidSetBusyWait
                0x0800324c                SysTick_voidSetIntervalSingle
                0x080032a4                SysTick_voidSetIntervalPeriodoc
                0x080032fc                SysTick_voidStopTimer
                0x08003318                SysTick_GetElapsedTime
                0x08003338                SysTick_GetRemaningTime
                0x0800334c                SysTick_Handler
 .text          0x08003360      0x3e8 C:/STM_BLUEPILL/ST32/APP/Build/Object/MCAL/GPIO/src/GPIO_program.o
                0x08003360                GPIO_SetPinConfig
                0x08003510                GPIO_GetPinReading
                0x080035b0                GPIO_GetPortReading
                0x0800361c                GPIO_SetPinValue
                0x080036ec                GPIO_SetPortValue
 .text          0x08003748      0x34c C:/STM_BLUEPILL/ST32/APP/Build/Object/MCAL/EXTI/src/EXTI_program.o
                0x08003748                EXTI_voidInterrupEnable
                0x08003774                EXTI_voidInterrupDisable
                0x080037a4                EXTI_SetSignalLatch
                0x080038c0                EXTI_voidSwTrigger
                0x08003918                EXT0_CallBack
                0x0800394c                EXT1_CallBack
                0x08003980                EXT2_CallBack
                0x080039b4                EXT3_CallBack
                0x080039e8                EXT4_CallBack
                0x08003a1c                EXTI0_IRQHandler
                0x08003a34                EXTI1_IRQHandler
                0x08003a4c                EXTI2_IRQHandler
                0x08003a64                EXTI3_IRQHandler
                0x08003a7c                EXTI4_IRQHandler
 .text          0x08003a94      0x108 C:/STM_BLUEPILL/ST32/APP/Build/Object/MCAL/AFIO/src/AFIO_program.o
                0x08003a94                AFIO_voidSetEXTIConfiguration
 .text          0x08003b9c      0x228 C:/STM_BLUEPILL/ST32/APP/Build/Object/MCAL/SPI/src/SPI_program.o
                0x08003b9c                SPI_SendDataDMA
                0x08003bf8                SPI_voidInit
                0x08003c90                Spi_SendRecieveSync
                0x08003d20                Spi_SendRecieveASync
                0x08003d74                SPI1_IRQHandler
                0x08003d9c                SPI2_IRQHandler
 .text          0x08003dc4      0x608 C:/STM_BLUEPILL/ST32/APP/Build/Object/MCAL/UART/src/UART_program.o
                0x08003dc4                UART_voidSendNumber
                0x08003e74                UART_voidInit
                0x080040d8                UART_uint8SendCharSynch
                0x08004198                UART_uint8ReceiveCharSynch
                0x0800429c                UART_uint8SendStringSynch
                0x080042ea                UART_uint8RecieveStringSynch
                0x0800434a                UART_IsStringEqual
                0x08004390                USART1_IRQHandler
                0x080043a4                USART2_IRQHandler
                0x080043b8                USART3_IRQHandler
 .text          0x080043cc      0x170 C:/STM_BLUEPILL/ST32/APP/Build/Object/MCAL/FPEC/src/FPEC.o
                0x080043cc                FPEC_voidEraseAppArea
                0x080043f6                FPEC_voidFlashPageErase
                0x08004488                FPEC_voidFlashWrite
 .text          0x0800453c       0xd0 C:/STM_BLUEPILL/ST32/APP/Build/Object/MCAL/PwrMD/src/PwrMD.o
                0x0800453c                PWR_EnterSleepMode
                0x0800455c                PWR_EnterStopMode
                0x0800459c                PWR_EnterStandbyMode
                0x080045e8                PWR_IsWakeupFromStandby
 .text          0x0800460c       0xe8 C:/STM_BLUEPILL/ST32/APP/Build/Object/MCAL/DMA/src/DMA.o
                0x0800460c                DMA_Init
 .text          0x080046f4      0x3ec C:/STM_BLUEPILL/ST32/APP/Build/Object/MCAL/TIMERS/src/Timer.o
                0x080046f4                Timer_Init
                0x08004830                Timer_Start
                0x080048bc                Timer_Stop
                0x08004948                Timer_SetCallback
                0x080049b0                TIM1_UP_IRQHandler
                0x080049fc                TIM2_IRQHandler
                0x08004a48                TIM3_IRQHandler
                0x08004a94                TIM4_IRQHandler
 *(.text*)
                0x08004ae0                . = ALIGN (0x4)
                0x08004ae0                _etext = .

.glue_7         0x08004ae0        0x0
 .glue_7        0x08004ae0        0x0 linker stubs

.glue_7t        0x08004ae0        0x0
 .glue_7t       0x08004ae0        0x0 linker stubs

.vfp11_veneer   0x08004ae0        0x0
 .vfp11_veneer  0x08004ae0        0x0 linker stubs

.v4_bx          0x08004ae0        0x0
 .v4_bx         0x08004ae0        0x0 linker stubs

.iplt           0x08004ae0        0x0
 .iplt          0x08004ae0        0x0 C:/STM_BLUEPILL/ST32/APP/Build/Object/Src/main.o

.rodata         0x08004ae0        0xc
                0x08004ae0                . = ALIGN (0x4)
 *(.rodata)
 .rodata        0x08004ae0        0x7 C:/STM_BLUEPILL/ST32/APP/Build/Object/Src/main.o
 *fill*         0x08004ae7        0x1 
 .rodata        0x08004ae8        0x4 C:/STM_BLUEPILL/ST32/APP/Build/Object/Startup/startup_stm32f103.o
                0x08004ae8                MSP_Value
 *(.rodata*)
                0x08004aec                . = ALIGN (0x4)
                0x08004aec                _sidata = LOADADDR (.data)

.rel.dyn        0x08004aec        0x0
 .rel.iplt      0x08004aec        0x0 C:/STM_BLUEPILL/ST32/APP/Build/Object/Src/main.o

.data           0x20000000        0x4 load address 0x08004aec
                0x20000000                . = ALIGN (0x4)
                0x20000000                _sdata = .
 *(.data)
 .data          0x20000000        0x0 C:/STM_BLUEPILL/ST32/APP/Build/Object/Src/Image.o
 .data          0x20000000        0x0 C:/STM_BLUEPILL/ST32/APP/Build/Object/Src/main.o
 .data          0x20000000        0x0 C:/STM_BLUEPILL/ST32/APP/Build/Object/Startup/startup_stm32f103.o
 .data          0x20000000        0x0 C:/STM_BLUEPILL/ST32/APP/Build/Object/RTOS/RTOS.o
 .data          0x20000000        0x0 C:/STM_BLUEPILL/ST32/APP/Build/Object/MCAL/RCC/src/RCC_program.o
 .data          0x20000000        0x0 C:/STM_BLUEPILL/ST32/APP/Build/Object/MCAL/NVIC/src/NVIC_program.o
 .data          0x20000000        0x0 C:/STM_BLUEPILL/ST32/APP/Build/Object/MCAL/SysTick/src/SysTick_program.o
 .data          0x20000000        0x0 C:/STM_BLUEPILL/ST32/APP/Build/Object/MCAL/GPIO/src/GPIO_program.o
 .data          0x20000000        0x0 C:/STM_BLUEPILL/ST32/APP/Build/Object/MCAL/EXTI/src/EXTI_program.o
 .data          0x20000000        0x0 C:/STM_BLUEPILL/ST32/APP/Build/Object/MCAL/AFIO/src/AFIO_program.o
 .data          0x20000000        0x0 C:/STM_BLUEPILL/ST32/APP/Build/Object/MCAL/SPI/src/SPI_program.o
 .data          0x20000000        0x0 C:/STM_BLUEPILL/ST32/APP/Build/Object/MCAL/UART/src/UART_program.o
 .data          0x20000000        0x0 C:/STM_BLUEPILL/ST32/APP/Build/Object/MCAL/FPEC/src/FPEC.o
 .data          0x20000000        0x0 C:/STM_BLUEPILL/ST32/APP/Build/Object/MCAL/PwrMD/src/PwrMD.o
 .data          0x20000000        0x0 C:/STM_BLUEPILL/ST32/APP/Build/Object/MCAL/DMA/src/DMA.o
 .data          0x20000000        0x1 C:/STM_BLUEPILL/ST32/APP/Build/Object/MCAL/TIMERS/src/Timer.o
                0x20000000                nvic_stat
 *(.data*)
                0x20000004                . = ALIGN (0x4)
 *fill*         0x20000001        0x3 
                0x20000004                _edata = .

.igot.plt       0x20000004        0x0 load address 0x08004af0
 .igot.plt      0x20000004        0x0 C:/STM_BLUEPILL/ST32/APP/Build/Object/Src/main.o

.bss            0x20000004       0x74 load address 0x08004af0
                0x20000004                _sbss = .
 *(.bss)
 .bss           0x20000004        0x0 C:/STM_BLUEPILL/ST32/APP/Build/Object/Src/Image.o
 .bss           0x20000004        0x1 C:/STM_BLUEPILL/ST32/APP/Build/Object/Src/main.o
 .bss           0x20000005        0x0 C:/STM_BLUEPILL/ST32/APP/Build/Object/Startup/startup_stm32f103.o
 *fill*         0x20000005        0x3 
 .bss           0x20000008       0x24 C:/STM_BLUEPILL/ST32/APP/Build/Object/RTOS/RTOS.o
                0x20000008                SysTask
 .bss           0x2000002c        0x0 C:/STM_BLUEPILL/ST32/APP/Build/Object/MCAL/RCC/src/RCC_program.o
 .bss           0x2000002c        0x0 C:/STM_BLUEPILL/ST32/APP/Build/Object/MCAL/NVIC/src/NVIC_program.o
 .bss           0x2000002c        0x4 C:/STM_BLUEPILL/ST32/APP/Build/Object/MCAL/SysTick/src/SysTick_program.o
 .bss           0x20000030        0x0 C:/STM_BLUEPILL/ST32/APP/Build/Object/MCAL/GPIO/src/GPIO_program.o
 .bss           0x20000030       0x14 C:/STM_BLUEPILL/ST32/APP/Build/Object/MCAL/EXTI/src/EXTI_program.o
 .bss           0x20000044        0x0 C:/STM_BLUEPILL/ST32/APP/Build/Object/MCAL/AFIO/src/AFIO_program.o
 .bss           0x20000044        0x8 C:/STM_BLUEPILL/ST32/APP/Build/Object/MCAL/SPI/src/SPI_program.o
 .bss           0x2000004c        0xc C:/STM_BLUEPILL/ST32/APP/Build/Object/MCAL/UART/src/UART_program.o
 .bss           0x20000058        0x0 C:/STM_BLUEPILL/ST32/APP/Build/Object/MCAL/FPEC/src/FPEC.o
 .bss           0x20000058        0x0 C:/STM_BLUEPILL/ST32/APP/Build/Object/MCAL/PwrMD/src/PwrMD.o
 .bss           0x20000058        0x0 C:/STM_BLUEPILL/ST32/APP/Build/Object/MCAL/DMA/src/DMA.o
 .bss           0x20000058       0x20 C:/STM_BLUEPILL/ST32/APP/Build/Object/MCAL/TIMERS/src/Timer.o
                0x20000068                tim1_msTicks
                0x2000006c                tim2_msTicks
                0x20000070                tim3_msTicks
                0x20000074                tim4_msTicks
 *(.bss*)
                0x20000078                . = ALIGN (0x4)
                0x20000078                _ebss = .

._user_heap_stack
                0x20000078      0x600 load address 0x08004af0
                0x20000078                . = ALIGN (0x8)
                0x20000278                . = (. + _Min_Heap_Size)
 *fill*         0x20000078      0x200 
                0x20000678                . = (. + _Min_Stack_Size)
 *fill*         0x20000278      0x400 
                0x20000678                . = ALIGN (0x8)
LOAD C:/STM_BLUEPILL/ST32/APP/Build/Object/Src/Image.o
LOAD C:/STM_BLUEPILL/ST32/APP/Build/Object/Src/main.o
LOAD C:/STM_BLUEPILL/ST32/APP/Build/Object/Startup/startup_stm32f103.o
LOAD C:/STM_BLUEPILL/ST32/APP/Build/Object/RTOS/RTOS.o
LOAD C:/STM_BLUEPILL/ST32/APP/Build/Object/MCAL/RCC/src/RCC_program.o
LOAD C:/STM_BLUEPILL/ST32/APP/Build/Object/MCAL/NVIC/src/NVIC_program.o
LOAD C:/STM_BLUEPILL/ST32/APP/Build/Object/MCAL/SysTick/src/SysTick_program.o
LOAD C:/STM_BLUEPILL/ST32/APP/Build/Object/MCAL/GPIO/src/GPIO_program.o
LOAD C:/STM_BLUEPILL/ST32/APP/Build/Object/MCAL/EXTI/src/EXTI_program.o
LOAD C:/STM_BLUEPILL/ST32/APP/Build/Object/MCAL/AFIO/src/AFIO_program.o
LOAD C:/STM_BLUEPILL/ST32/APP/Build/Object/MCAL/SPI/src/SPI_program.o
LOAD C:/STM_BLUEPILL/ST32/APP/Build/Object/MCAL/UART/src/UART_program.o
LOAD C:/STM_BLUEPILL/ST32/APP/Build/Object/MCAL/FPEC/src/FPEC.o
LOAD C:/STM_BLUEPILL/ST32/APP/Build/Object/MCAL/PwrMD/src/PwrMD.o
LOAD C:/STM_BLUEPILL/ST32/APP/Build/Object/MCAL/DMA/src/DMA.o
LOAD C:/STM_BLUEPILL/ST32/APP/Build/Object/MCAL/TIMERS/src/Timer.o
OUTPUT(C:/STM_BLUEPILL/ST32/APP/Tools/application.elf elf32-littlearm)
LOAD linker stubs

.debug_line     0x00000000     0x16af
 .debug_line    0x00000000        0x0 C:/STM_BLUEPILL/ST32/APP/Build/Object/Src/Image.o
 .debug_line    0x00000000      0x104 C:/STM_BLUEPILL/ST32/APP/Build/Object/Src/main.o
 .debug_line    0x00000104       0xc6 C:/STM_BLUEPILL/ST32/APP/Build/Object/Startup/startup_stm32f103.o
 .debug_line    0x000001ca      0x143 C:/STM_BLUEPILL/ST32/APP/Build/Object/RTOS/RTOS.o
 .debug_line    0x0000030d      0x169 C:/STM_BLUEPILL/ST32/APP/Build/Object/MCAL/RCC/src/RCC_program.o
 .debug_line    0x00000476      0x181 C:/STM_BLUEPILL/ST32/APP/Build/Object/MCAL/NVIC/src/NVIC_program.o
 .debug_line    0x000005f7      0x139 C:/STM_BLUEPILL/ST32/APP/Build/Object/MCAL/SysTick/src/SysTick_program.o
 .debug_line    0x00000730      0x282 C:/STM_BLUEPILL/ST32/APP/Build/Object/MCAL/GPIO/src/GPIO_program.o
 .debug_line    0x000009b2      0x1c1 C:/STM_BLUEPILL/ST32/APP/Build/Object/MCAL/EXTI/src/EXTI_program.o
 .debug_line    0x00000b73      0x139 C:/STM_BLUEPILL/ST32/APP/Build/Object/MCAL/AFIO/src/AFIO_program.o
 .debug_line    0x00000cac      0x1cb C:/STM_BLUEPILL/ST32/APP/Build/Object/MCAL/SPI/src/SPI_program.o
 .debug_line    0x00000e77      0x3a8 C:/STM_BLUEPILL/ST32/APP/Build/Object/MCAL/UART/src/UART_program.o
 .debug_line    0x0000121f      0x158 C:/STM_BLUEPILL/ST32/APP/Build/Object/MCAL/FPEC/src/FPEC.o
 .debug_line    0x00001377       0x9e C:/STM_BLUEPILL/ST32/APP/Build/Object/MCAL/PwrMD/src/PwrMD.o
 .debug_line    0x00001415       0x98 C:/STM_BLUEPILL/ST32/APP/Build/Object/MCAL/DMA/src/DMA.o
 .debug_line    0x000014ad      0x202 C:/STM_BLUEPILL/ST32/APP/Build/Object/MCAL/TIMERS/src/Timer.o

.debug_str      0x00000000     0x2009
 .debug_str     0x00000000       0x8b C:/STM_BLUEPILL/ST32/APP/Build/Object/Src/Image.o
 .debug_str     0x0000008b      0x4f7 C:/STM_BLUEPILL/ST32/APP/Build/Object/Src/main.o
                                0x5a1 (size before relaxing)
 .debug_str     0x00000582       0xd0 C:/STM_BLUEPILL/ST32/APP/Build/Object/Startup/startup_stm32f103.o
                                0x159 (size before relaxing)
 .debug_str     0x00000652      0x191 C:/STM_BLUEPILL/ST32/APP/Build/Object/RTOS/RTOS.o
                                0x2c5 (size before relaxing)
 .debug_str     0x000007e3      0x49d C:/STM_BLUEPILL/ST32/APP/Build/Object/MCAL/RCC/src/RCC_program.o
                                0x81a (size before relaxing)
 .debug_str     0x00000c80      0x1b9 C:/STM_BLUEPILL/ST32/APP/Build/Object/MCAL/NVIC/src/NVIC_program.o
                                0x2e7 (size before relaxing)
 .debug_str     0x00000e39      0x190 C:/STM_BLUEPILL/ST32/APP/Build/Object/MCAL/SysTick/src/SysTick_program.o
                                0x2c9 (size before relaxing)
 .debug_str     0x00000fc9      0x142 C:/STM_BLUEPILL/ST32/APP/Build/Object/MCAL/GPIO/src/GPIO_program.o
                                0x421 (size before relaxing)
 .debug_str     0x0000110b      0x26f C:/STM_BLUEPILL/ST32/APP/Build/Object/MCAL/EXTI/src/EXTI_program.o
                                0x3e2 (size before relaxing)
 .debug_str     0x0000137a      0x185 C:/STM_BLUEPILL/ST32/APP/Build/Object/MCAL/AFIO/src/AFIO_program.o
                                0x2a5 (size before relaxing)
 .debug_str     0x000014ff      0x525 C:/STM_BLUEPILL/ST32/APP/Build/Object/MCAL/SPI/src/SPI_program.o
                                0x6b7 (size before relaxing)
 .debug_str     0x00001a24      0x328 C:/STM_BLUEPILL/ST32/APP/Build/Object/MCAL/UART/src/UART_program.o
                                0x4e1 (size before relaxing)
 .debug_str     0x00001d4c       0xb8 C:/STM_BLUEPILL/ST32/APP/Build/Object/MCAL/FPEC/src/FPEC.o
                                0x1ed (size before relaxing)
 .debug_str     0x00001e04       0x6c C:/STM_BLUEPILL/ST32/APP/Build/Object/MCAL/PwrMD/src/PwrMD.o
                                0x185 (size before relaxing)
 .debug_str     0x00001e70       0x73 C:/STM_BLUEPILL/ST32/APP/Build/Object/MCAL/DMA/src/DMA.o
                                0x416 (size before relaxing)
 .debug_str     0x00001ee3      0x126 C:/STM_BLUEPILL/ST32/APP/Build/Object/MCAL/TIMERS/src/Timer.o
                                0x4dd (size before relaxing)

.comment        0x00000000       0x49
 .comment       0x00000000       0x49 C:/STM_BLUEPILL/ST32/APP/Build/Object/Src/Image.o
                                 0x4a (size before relaxing)
 .comment       0x00000049       0x4a C:/STM_BLUEPILL/ST32/APP/Build/Object/Src/main.o
 .comment       0x00000049       0x4a C:/STM_BLUEPILL/ST32/APP/Build/Object/Startup/startup_stm32f103.o
 .comment       0x00000049       0x4a C:/STM_BLUEPILL/ST32/APP/Build/Object/RTOS/RTOS.o
 .comment       0x00000049       0x4a C:/STM_BLUEPILL/ST32/APP/Build/Object/MCAL/RCC/src/RCC_program.o
 .comment       0x00000049       0x4a C:/STM_BLUEPILL/ST32/APP/Build/Object/MCAL/NVIC/src/NVIC_program.o
 .comment       0x00000049       0x4a C:/STM_BLUEPILL/ST32/APP/Build/Object/MCAL/SysTick/src/SysTick_program.o
 .comment       0x00000049       0x4a C:/STM_BLUEPILL/ST32/APP/Build/Object/MCAL/GPIO/src/GPIO_program.o
 .comment       0x00000049       0x4a C:/STM_BLUEPILL/ST32/APP/Build/Object/MCAL/EXTI/src/EXTI_program.o
 .comment       0x00000049       0x4a C:/STM_BLUEPILL/ST32/APP/Build/Object/MCAL/AFIO/src/AFIO_program.o
 .comment       0x00000049       0x4a C:/STM_BLUEPILL/ST32/APP/Build/Object/MCAL/SPI/src/SPI_program.o
 .comment       0x00000049       0x4a C:/STM_BLUEPILL/ST32/APP/Build/Object/MCAL/UART/src/UART_program.o
 .comment       0x00000049       0x4a C:/STM_BLUEPILL/ST32/APP/Build/Object/MCAL/FPEC/src/FPEC.o
 .comment       0x00000049       0x4a C:/STM_BLUEPILL/ST32/APP/Build/Object/MCAL/PwrMD/src/PwrMD.o
 .comment       0x00000049       0x4a C:/STM_BLUEPILL/ST32/APP/Build/Object/MCAL/DMA/src/DMA.o
 .comment       0x00000049       0x4a C:/STM_BLUEPILL/ST32/APP/Build/Object/MCAL/TIMERS/src/Timer.o

.ARM.attributes
                0x00000000       0x2d
 .ARM.attributes
                0x00000000       0x2d C:/STM_BLUEPILL/ST32/APP/Build/Object/Src/Image.o
 .ARM.attributes
                0x0000002d       0x2d C:/STM_BLUEPILL/ST32/APP/Build/Object/Src/main.o
 .ARM.attributes
                0x0000005a       0x2d C:/STM_BLUEPILL/ST32/APP/Build/Object/Startup/startup_stm32f103.o
 .ARM.attributes
                0x00000087       0x2d C:/STM_BLUEPILL/ST32/APP/Build/Object/RTOS/RTOS.o
 .ARM.attributes
                0x000000b4       0x2d C:/STM_BLUEPILL/ST32/APP/Build/Object/MCAL/RCC/src/RCC_program.o
 .ARM.attributes
                0x000000e1       0x2d C:/STM_BLUEPILL/ST32/APP/Build/Object/MCAL/NVIC/src/NVIC_program.o
 .ARM.attributes
                0x0000010e       0x2d C:/STM_BLUEPILL/ST32/APP/Build/Object/MCAL/SysTick/src/SysTick_program.o
 .ARM.attributes
                0x0000013b       0x2d C:/STM_BLUEPILL/ST32/APP/Build/Object/MCAL/GPIO/src/GPIO_program.o
 .ARM.attributes
                0x00000168       0x2d C:/STM_BLUEPILL/ST32/APP/Build/Object/MCAL/EXTI/src/EXTI_program.o
 .ARM.attributes
                0x00000195       0x2d C:/STM_BLUEPILL/ST32/APP/Build/Object/MCAL/AFIO/src/AFIO_program.o
 .ARM.attributes
                0x000001c2       0x2d C:/STM_BLUEPILL/ST32/APP/Build/Object/MCAL/SPI/src/SPI_program.o
 .ARM.attributes
                0x000001ef       0x2d C:/STM_BLUEPILL/ST32/APP/Build/Object/MCAL/UART/src/UART_program.o
 .ARM.attributes
                0x0000021c       0x2d C:/STM_BLUEPILL/ST32/APP/Build/Object/MCAL/FPEC/src/FPEC.o
 .ARM.attributes
                0x00000249       0x2d C:/STM_BLUEPILL/ST32/APP/Build/Object/MCAL/PwrMD/src/PwrMD.o
 .ARM.attributes
                0x00000276       0x2d C:/STM_BLUEPILL/ST32/APP/Build/Object/MCAL/DMA/src/DMA.o
 .ARM.attributes
                0x000002a3       0x2d C:/STM_BLUEPILL/ST32/APP/Build/Object/MCAL/TIMERS/src/Timer.o

.debug_info     0x00000000     0x35af
 .debug_info    0x00000000      0x367 C:/STM_BLUEPILL/ST32/APP/Build/Object/Src/main.o
 .debug_info    0x00000367      0x15e C:/STM_BLUEPILL/ST32/APP/Build/Object/Startup/startup_stm32f103.o
 .debug_info    0x000004c5      0x2a8 C:/STM_BLUEPILL/ST32/APP/Build/Object/RTOS/RTOS.o
 .debug_info    0x0000076d      0x659 C:/STM_BLUEPILL/ST32/APP/Build/Object/MCAL/RCC/src/RCC_program.o
 .debug_info    0x00000dc6      0x2ff C:/STM_BLUEPILL/ST32/APP/Build/Object/MCAL/NVIC/src/NVIC_program.o
 .debug_info    0x000010c5      0x267 C:/STM_BLUEPILL/ST32/APP/Build/Object/MCAL/SysTick/src/SysTick_program.o
 .debug_info    0x0000132c      0x4e0 C:/STM_BLUEPILL/ST32/APP/Build/Object/MCAL/GPIO/src/GPIO_program.o
 .debug_info    0x0000180c      0x4b8 C:/STM_BLUEPILL/ST32/APP/Build/Object/MCAL/EXTI/src/EXTI_program.o
 .debug_info    0x00001cc4      0x1b9 C:/STM_BLUEPILL/ST32/APP/Build/Object/MCAL/AFIO/src/AFIO_program.o
 .debug_info    0x00001e7d      0x6dc C:/STM_BLUEPILL/ST32/APP/Build/Object/MCAL/SPI/src/SPI_program.o
 .debug_info    0x00002559      0x71f C:/STM_BLUEPILL/ST32/APP/Build/Object/MCAL/UART/src/UART_program.o
 .debug_info    0x00002c78      0x1d5 C:/STM_BLUEPILL/ST32/APP/Build/Object/MCAL/FPEC/src/FPEC.o
 .debug_info    0x00002e4d       0xd7 C:/STM_BLUEPILL/ST32/APP/Build/Object/MCAL/PwrMD/src/PwrMD.o
 .debug_info    0x00002f24      0x2ad C:/STM_BLUEPILL/ST32/APP/Build/Object/MCAL/DMA/src/DMA.o
 .debug_info    0x000031d1      0x3de C:/STM_BLUEPILL/ST32/APP/Build/Object/MCAL/TIMERS/src/Timer.o

.debug_abbrev   0x00000000      0xed2
 .debug_abbrev  0x00000000       0x75 C:/STM_BLUEPILL/ST32/APP/Build/Object/Src/main.o
 .debug_abbrev  0x00000075       0xe9 C:/STM_BLUEPILL/ST32/APP/Build/Object/Startup/startup_stm32f103.o
 .debug_abbrev  0x0000015e      0x131 C:/STM_BLUEPILL/ST32/APP/Build/Object/RTOS/RTOS.o
 .debug_abbrev  0x0000028f       0xf6 C:/STM_BLUEPILL/ST32/APP/Build/Object/MCAL/RCC/src/RCC_program.o
 .debug_abbrev  0x00000385      0x12b C:/STM_BLUEPILL/ST32/APP/Build/Object/MCAL/NVIC/src/NVIC_program.o
 .debug_abbrev  0x000004b0      0x141 C:/STM_BLUEPILL/ST32/APP/Build/Object/MCAL/SysTick/src/SysTick_program.o
 .debug_abbrev  0x000005f1       0xfa C:/STM_BLUEPILL/ST32/APP/Build/Object/MCAL/GPIO/src/GPIO_program.o
 .debug_abbrev  0x000006eb      0x13c C:/STM_BLUEPILL/ST32/APP/Build/Object/MCAL/EXTI/src/EXTI_program.o
 .debug_abbrev  0x00000827       0xa7 C:/STM_BLUEPILL/ST32/APP/Build/Object/MCAL/AFIO/src/AFIO_program.o
 .debug_abbrev  0x000008ce      0x14e C:/STM_BLUEPILL/ST32/APP/Build/Object/MCAL/SPI/src/SPI_program.o
 .debug_abbrev  0x00000a1c      0x1fa C:/STM_BLUEPILL/ST32/APP/Build/Object/MCAL/UART/src/UART_program.o
 .debug_abbrev  0x00000c16       0xd8 C:/STM_BLUEPILL/ST32/APP/Build/Object/MCAL/FPEC/src/FPEC.o
 .debug_abbrev  0x00000cee       0x64 C:/STM_BLUEPILL/ST32/APP/Build/Object/MCAL/PwrMD/src/PwrMD.o
 .debug_abbrev  0x00000d52       0x89 C:/STM_BLUEPILL/ST32/APP/Build/Object/MCAL/DMA/src/DMA.o
 .debug_abbrev  0x00000ddb       0xf7 C:/STM_BLUEPILL/ST32/APP/Build/Object/MCAL/TIMERS/src/Timer.o

.debug_aranges  0x00000000      0x1e0
 .debug_aranges
                0x00000000       0x20 C:/STM_BLUEPILL/ST32/APP/Build/Object/Src/main.o
 .debug_aranges
                0x00000020       0x20 C:/STM_BLUEPILL/ST32/APP/Build/Object/Startup/startup_stm32f103.o
 .debug_aranges
                0x00000040       0x20 C:/STM_BLUEPILL/ST32/APP/Build/Object/RTOS/RTOS.o
 .debug_aranges
                0x00000060       0x20 C:/STM_BLUEPILL/ST32/APP/Build/Object/MCAL/RCC/src/RCC_program.o
 .debug_aranges
                0x00000080       0x20 C:/STM_BLUEPILL/ST32/APP/Build/Object/MCAL/NVIC/src/NVIC_program.o
 .debug_aranges
                0x000000a0       0x20 C:/STM_BLUEPILL/ST32/APP/Build/Object/MCAL/SysTick/src/SysTick_program.o
 .debug_aranges
                0x000000c0       0x20 C:/STM_BLUEPILL/ST32/APP/Build/Object/MCAL/GPIO/src/GPIO_program.o
 .debug_aranges
                0x000000e0       0x20 C:/STM_BLUEPILL/ST32/APP/Build/Object/MCAL/EXTI/src/EXTI_program.o
 .debug_aranges
                0x00000100       0x20 C:/STM_BLUEPILL/ST32/APP/Build/Object/MCAL/AFIO/src/AFIO_program.o
 .debug_aranges
                0x00000120       0x20 C:/STM_BLUEPILL/ST32/APP/Build/Object/MCAL/SPI/src/SPI_program.o
 .debug_aranges
                0x00000140       0x20 C:/STM_BLUEPILL/ST32/APP/Build/Object/MCAL/UART/src/UART_program.o
 .debug_aranges
                0x00000160       0x20 C:/STM_BLUEPILL/ST32/APP/Build/Object/MCAL/FPEC/src/FPEC.o
 .debug_aranges
                0x00000180       0x20 C:/STM_BLUEPILL/ST32/APP/Build/Object/MCAL/PwrMD/src/PwrMD.o
 .debug_aranges
                0x000001a0       0x20 C:/STM_BLUEPILL/ST32/APP/Build/Object/MCAL/DMA/src/DMA.o
 .debug_aranges
                0x000001c0       0x20 C:/STM_BLUEPILL/ST32/APP/Build/Object/MCAL/TIMERS/src/Timer.o

.debug_frame    0x00000000      0xd08
 .debug_frame   0x00000000       0xb8 C:/STM_BLUEPILL/ST32/APP/Build/Object/Src/main.o
 .debug_frame   0x000000b8       0x74 C:/STM_BLUEPILL/ST32/APP/Build/Object/Startup/startup_stm32f103.o
 .debug_frame   0x0000012c      0x118 C:/STM_BLUEPILL/ST32/APP/Build/Object/RTOS/RTOS.o
 .debug_frame   0x00000244       0xb0 C:/STM_BLUEPILL/ST32/APP/Build/Object/MCAL/RCC/src/RCC_program.o
 .debug_frame   0x000002f4      0x100 C:/STM_BLUEPILL/ST32/APP/Build/Object/MCAL/NVIC/src/NVIC_program.o
 .debug_frame   0x000003f4      0x120 C:/STM_BLUEPILL/ST32/APP/Build/Object/MCAL/SysTick/src/SysTick_program.o
 .debug_frame   0x00000514       0xd8 C:/STM_BLUEPILL/ST32/APP/Build/Object/MCAL/GPIO/src/GPIO_program.o
 .debug_frame   0x000005ec      0x22c C:/STM_BLUEPILL/ST32/APP/Build/Object/MCAL/EXTI/src/EXTI_program.o
 .debug_frame   0x00000818       0x38 C:/STM_BLUEPILL/ST32/APP/Build/Object/MCAL/AFIO/src/AFIO_program.o
 .debug_frame   0x00000850       0xe0 C:/STM_BLUEPILL/ST32/APP/Build/Object/MCAL/SPI/src/SPI_program.o
 .debug_frame   0x00000930      0x170 C:/STM_BLUEPILL/ST32/APP/Build/Object/MCAL/UART/src/UART_program.o
 .debug_frame   0x00000aa0       0x84 C:/STM_BLUEPILL/ST32/APP/Build/Object/MCAL/FPEC/src/FPEC.o
 .debug_frame   0x00000b24       0x90 C:/STM_BLUEPILL/ST32/APP/Build/Object/MCAL/PwrMD/src/PwrMD.o
 .debug_frame   0x00000bb4       0x38 C:/STM_BLUEPILL/ST32/APP/Build/Object/MCAL/DMA/src/DMA.o
 .debug_frame   0x00000bec      0x11c C:/STM_BLUEPILL/ST32/APP/Build/Object/MCAL/TIMERS/src/Timer.o
