
Memory Configuration

Name             Origin             Length             Attributes
RAM              0x20000000         0x00005000         xrw
FLASH            0x08002800         0x0000d800         xr
*default*        0x00000000         0xffffffff

Linker script and memory map

                0x20005000                _estack = (ORIGIN (RAM) + LENGTH (RAM))
                0x00000200                _Min_Heap_Size = 0x200
                0x00000400                _Min_Stack_Size = 0x400

.isr_vector     0x08002800      0x130
                0x08002800                . = ALIGN (0x4)
 *(.isr_vector)
 .isr_vector    0x08002800      0x130 C:/STM_BLUEPILL/ST32/APP/Build/Object/Startup/startup_stm32f103.o
                0x08002800                Vector_Table
                0x08002930                . = ALIGN (0x4)

.text           0x08002930     0x2514
                0x08002930                . = ALIGN (0x4)
 *(.text)
 .text          0x08002930      0x24c C:/STM_BLUEPILL/ST32/APP/Build/Object/MCAL/RCC/src/RCC_program.o
                0x08002930                RCC_VidInit
                0x080029c4                RCC_voidEnablePeripheral
                0x08002a60                RCC_voidDisablePeripheral
                0x08002b00                RCC_voidResetPeripheral
 .text          0x08002b7c      0x210 C:/STM_BLUEPILL/ST32/APP/Build/Object/MCAL/NVIC/src/NVIC_program.o
                0x08002b7c                NVIC_EnableInterrupt
                0x08002bcc                NVIC_DisableInterrupt
                0x08002c1c                NVIC_SetPendingFlag
                0x08002c6c                NVIC_ClearPendingFlag
                0x08002cbc                NVIC_GetActiveInterrupt
                0x08002d28                NVIC_SetPriority
 .text          0x08002d8c      0x190 C:/STM_BLUEPILL/ST32/APP/Build/Object/MCAL/SysTick/src/SysTick_program.o
                0x08002d8c                SysTick_voidInit
                0x08002da8                SysTick_voidSetBusyWait
                0x08002dfc                SysTick_voidSetIntervalSingle
                0x08002e54                SysTick_voidSetIntervalPeriodoc
                0x08002eb8                SysTick_voidStopTimer
                0x08002ed4                SysTick_GetElapsedTime
                0x08002ef4                SysTick_GetRemaningTime
                0x08002f08                SysTick_Handler
 .text          0x08002f1c      0x3e8 C:/STM_BLUEPILL/ST32/APP/Build/Object/MCAL/GPIO/src/GPIO_program.o
                0x08002f1c                GPIO_SetPinConfig
                0x080030cc                GPIO_GetPinReading
                0x0800316c                GPIO_GetPortReading
                0x080031d8                GPIO_SetPinValue
                0x080032a8                GPIO_SetPortValue
 .text          0x08003304      0x34c C:/STM_BLUEPILL/ST32/APP/Build/Object/MCAL/EXTI/src/EXTI_program.o
                0x08003304                EXTI_voidInterrupEnable
                0x08003330                EXTI_voidInterrupDisable
                0x08003360                EXTI_SetSignalLatch
                0x0800347c                EXTI_voidSwTrigger
                0x080034d4                EXT0_CallBack
                0x08003508                EXT1_CallBack
                0x0800353c                EXT2_CallBack
                0x08003570                EXT3_CallBack
                0x080035a4                EXT4_CallBack
                0x080035d8                EXTI0_IRQHandler
                0x080035f0                EXTI1_IRQHandler
                0x08003608                EXTI2_IRQHandler
                0x08003620                EXTI3_IRQHandler
                0x08003638                EXTI4_IRQHandler
 .text          0x08003650      0x108 C:/STM_BLUEPILL/ST32/APP/Build/Object/MCAL/AFIO/src/AFIO_program.o
                0x08003650                AFIO_voidSetEXTIConfiguration
 .text          0x08003758      0x228 C:/STM_BLUEPILL/ST32/APP/Build/Object/MCAL/SPI/src/SPI_program.o
                0x08003758                SPI_SendDataDMA
                0x080037b4                SPI_voidInit
                0x0800384c                Spi_SendRecieveSync
                0x080038dc                Spi_SendRecieveASync
                0x08003930                SPI1_IRQHandler
                0x08003958                SPI2_IRQHandler
 .text          0x08003980      0x608 C:/STM_BLUEPILL/ST32/APP/Build/Object/MCAL/UART/src/UART_program.o
                0x08003980                UART_voidSendNumber
                0x08003a30                UART_voidInit
                0x08003c94                UART_uint8SendCharSynch
                0x08003d54                UART_uint8ReceiveCharSynch
                0x08003e58                UART_uint8SendStringSynch
                0x08003ea6                UART_uint8RecieveStringSynch
                0x08003f06                UART_IsStringEqual
                0x08003f4c                USART1_IRQHandler
                0x08003f60                USART2_IRQHandler
                0x08003f74                USART3_IRQHandler
 .text          0x08003f88      0x170 C:/STM_BLUEPILL/ST32/APP/Build/Object/MCAL/FPEC/src/FPEC.o
                0x08003f88                FPEC_voidEraseAppArea
                0x08003fb2                FPEC_voidFlashPageErase
                0x08004044                FPEC_voidFlashWrite
 .text          0x080040f8       0xd0 C:/STM_BLUEPILL/ST32/APP/Build/Object/MCAL/PwrMD/src/PwrMD.o
                0x080040f8                PWR_EnterSleepMode
                0x08004118                PWR_EnterStopMode
                0x08004158                PWR_EnterStandbyMode
                0x080041a4                PWR_IsWakeupFromStandby
 .text          0x080041c8       0xe8 C:/STM_BLUEPILL/ST32/APP/Build/Object/MCAL/DMA/src/DMA.o
                0x080041c8                DMA_Init
 .text          0x080042b0       0x6c C:/STM_BLUEPILL/ST32/APP/Build/Object/MCAL/IWDG/src/IWDG.o
                0x080042b0                IWDG_VoidInit
                0x080042fc                IWDG_VoidReload
 .text          0x0800431c      0x3bc C:/STM_BLUEPILL/ST32/APP/Build/Object/MCAL/TIMERS/src/Timer.o
                0x0800431c                Timer_Init
                0x08004458                Timer_Start
                0x080044e4                Timer_Stop
                0x08004570                Timer_SetCallback
                0x080045d8                TIM1_UP_IRQHandler
                0x08004614                TIM2_IRQHandler
                0x08004650                TIM3_IRQHandler
                0x0800468c                TIM4_IRQHandler
 .text          0x080046d8      0x27c C:/STM_BLUEPILL/ST32/APP/Build/Object/HAL/LCD/src/CLCD_program.o
                0x080046d8                Delay_ms
                0x08004718                CLCD_voidSendCommand
                0x08004764                CLCD_voidInit
                0x08004784                CLCD_voidSendData
                0x080047d0                CLCD_voidSendString
                0x08004808                CLCD_voidGoToXY
                0x08004846                CLCD_voidWriteNumber
                0x080048e4                CLCD_voidWriteSpecialChar
 .text          0x08004954      0x280 C:/STM_BLUEPILL/ST32/APP/Build/Object/RTOS/RTOS.o
                0x08004954                RTOS_voidStart
                0x08004970                RTOS_voidCreateTask
                0x080049f4                RTOS_voidSchedular
                0x08004ac4                RTOS_voidDeleteTask
                0x08004b50                RTOS_voidSuspendTask
                0x08004b7c                RTOS_voidResumeTask
                0x08004ba8                RTOS_voidWaitEvent
 .text          0x08004bd4       0xb0 C:/STM_BLUEPILL/ST32/APP/Build/Object/Startup/startup_stm32f103.o
                0x08004be0                Reset_Handler
                0x08004c78                TIM8_CC_IRQHandler
                0x08004c78                DebugMon_Handler
                0x08004c78                TIM1_CC_IRQHandler
                0x08004c78                HardFault_Handler
                0x08004c78                TIM6_IRQHandler
                0x08004c78                PVD_IRQHandler
                0x08004c78                SDIO_IRQHandler
                0x08004c78                TAMP_STAMP_IRQHandler
                0x08004c78                PendSV_Handler
                0x08004c78                NMI_Handler
                0x08004c78                USB_HP_CAN_TX_IRQHandler
                0x08004c78                I2C2_EV_IRQHandler
                0x08004c78                UsageFault_Handler
                0x08004c78                CAN_SCE_IRQHandler
                0x08004c78                TIM8_UP_IRQHandler
                0x08004c78                DMA2_Channel2_IRQHandler
                0x08004c78                DMA1_Channel4_IRQHandler
                0x08004c78                DMA1_Channel7_IRQHandler
                0x08004c78                TIM8_TRG_COM_IRQHandler
                0x08004c78                UART5_IRQHandler
                0x08004c78                ADC3_IRQHandler
                0x08004c78                CAN_RX1_IRQHandler
                0x08004c78                DMA2_Channel1_IRQHandler
                0x08004c78                I2C1_EV_IRQHandler
                0x08004c78                DMA1_Channel6_IRQHandler
                0x08004c78                UART4_IRQHandler
                0x08004c78                RCC_IRQHandler
                0x08004c78                TIM1_TRG_COM_IRQHandler
                0x08004c78                DMA1_Channel1_IRQHandler
                0x08004c78                Default_Handler
                0x08004c78                EXTI15_10_IRQHandler
                0x08004c78                TIM7_IRQHandler
                0x08004c78                TIM5_IRQHandler
                0x08004c78                EXTI9_5_IRQHandler
                0x08004c78                RTC_WKUP_IRQHandler
                0x08004c78                USB_LP_CAN_RX0_IRQHandler
                0x08004c78                MemManage_Handler
                0x08004c78                SVC_Handler
                0x08004c78                ADC_1_2_IRQHandler
                0x08004c78                DMA1_Channel5_IRQHandler
                0x08004c78                DMA1_Channel3_IRQHandler
                0x08004c78                FSMC_IRQHandler
                0x08004c78                WWDG_IRQHandler
                0x08004c78                TIM1_BRK_IRQHandler
                0x08004c78                RTCAlarm_IRQHandler
                0x08004c78                DMA2_Channel4_5_IRQHandler
                0x08004c78                I2C2_ER_IRQHandler
                0x08004c78                DMA1_Channel2_IRQHandler
                0x08004c78                TIM8_BRK_IRQHandler
                0x08004c78                FLASH_IRQHandler
                0x08004c78                BusFault_Handler
                0x08004c78                SPI3_IRQHandler
                0x08004c78                I2C1_ER_IRQHandler
                0x08004c78                DMA2_Channel3_IRQHandler
 .text          0x08004c84      0x1c0 C:/STM_BLUEPILL/ST32/APP/Build/Object/Src/main.o
                0x08004c84                RCC_Init
                0x08004cb8                Peripheral_APP_Init
                0x08004d5e                LCD
                0x08004d88                UART1
                0x08004d9c                IdleTask
                0x08004dc8                TOGGLE_LED
                0x08004df0                main
 *(.text*)
                0x08004e44                . = ALIGN (0x4)
                0x08004e44                _etext = .

.glue_7         0x08004e44        0x0
 .glue_7        0x08004e44        0x0 linker stubs

.glue_7t        0x08004e44        0x0
 .glue_7t       0x08004e44        0x0 linker stubs

.vfp11_veneer   0x08004e44        0x0
 .vfp11_veneer  0x08004e44        0x0 linker stubs

.v4_bx          0x08004e44        0x0
 .v4_bx         0x08004e44        0x0 linker stubs

.iplt           0x08004e44        0x0
 .iplt          0x08004e44        0x0 C:/STM_BLUEPILL/ST32/APP/Build/Object/MCAL/SysTick/src/SysTick_program.o

.rodata         0x08004e44       0x18
                0x08004e44                . = ALIGN (0x4)
 *(.rodata)
 .rodata        0x08004e44        0x4 C:/STM_BLUEPILL/ST32/APP/Build/Object/Startup/startup_stm32f103.o
                0x08004e44                MSP_Value
 .rodata        0x08004e48       0x13 C:/STM_BLUEPILL/ST32/APP/Build/Object/Src/main.o
 *(.rodata*)
                0x08004e5c                . = ALIGN (0x4)
 *fill*         0x08004e5b        0x1 
                0x08004e5c                _sidata = LOADADDR (.data)

.rel.dyn        0x08004e5c        0x0
 .rel.iplt      0x08004e5c        0x0 C:/STM_BLUEPILL/ST32/APP/Build/Object/MCAL/SysTick/src/SysTick_program.o

.data           0x20000000        0x4 load address 0x08004e5c
                0x20000000                . = ALIGN (0x4)
                0x20000000                _sdata = .
 *(.data)
 .data          0x20000000        0x0 C:/STM_BLUEPILL/ST32/APP/Build/Object/MCAL/RCC/src/RCC_program.o
 .data          0x20000000        0x0 C:/STM_BLUEPILL/ST32/APP/Build/Object/MCAL/NVIC/src/NVIC_program.o
 .data          0x20000000        0x0 C:/STM_BLUEPILL/ST32/APP/Build/Object/MCAL/SysTick/src/SysTick_program.o
 .data          0x20000000        0x0 C:/STM_BLUEPILL/ST32/APP/Build/Object/MCAL/GPIO/src/GPIO_program.o
 .data          0x20000000        0x0 C:/STM_BLUEPILL/ST32/APP/Build/Object/MCAL/EXTI/src/EXTI_program.o
 .data          0x20000000        0x0 C:/STM_BLUEPILL/ST32/APP/Build/Object/MCAL/AFIO/src/AFIO_program.o
 .data          0x20000000        0x0 C:/STM_BLUEPILL/ST32/APP/Build/Object/MCAL/SPI/src/SPI_program.o
 .data          0x20000000        0x0 C:/STM_BLUEPILL/ST32/APP/Build/Object/MCAL/UART/src/UART_program.o
 .data          0x20000000        0x0 C:/STM_BLUEPILL/ST32/APP/Build/Object/MCAL/FPEC/src/FPEC.o
 .data          0x20000000        0x0 C:/STM_BLUEPILL/ST32/APP/Build/Object/MCAL/PwrMD/src/PwrMD.o
 .data          0x20000000        0x0 C:/STM_BLUEPILL/ST32/APP/Build/Object/MCAL/DMA/src/DMA.o
 .data          0x20000000        0x0 C:/STM_BLUEPILL/ST32/APP/Build/Object/MCAL/IWDG/src/IWDG.o
 .data          0x20000000        0x1 C:/STM_BLUEPILL/ST32/APP/Build/Object/MCAL/TIMERS/src/Timer.o
                0x20000000                nvic_stat
 .data          0x20000001        0x0 C:/STM_BLUEPILL/ST32/APP/Build/Object/HAL/LCD/src/CLCD_program.o
 .data          0x20000001        0x0 C:/STM_BLUEPILL/ST32/APP/Build/Object/RTOS/RTOS.o
 .data          0x20000001        0x0 C:/STM_BLUEPILL/ST32/APP/Build/Object/Startup/startup_stm32f103.o
 .data          0x20000001        0x0 C:/STM_BLUEPILL/ST32/APP/Build/Object/Src/main.o
 *(.data*)
                0x20000004                . = ALIGN (0x4)
 *fill*         0x20000001        0x3 
                0x20000004                _edata = .

.igot.plt       0x20000004        0x0 load address 0x08004e60
 .igot.plt      0x20000004        0x0 C:/STM_BLUEPILL/ST32/APP/Build/Object/MCAL/SysTick/src/SysTick_program.o

.bss            0x20000004       0x7c load address 0x08004e60
                0x20000004                _sbss = .
 *(.bss)
 .bss           0x20000004        0x0 C:/STM_BLUEPILL/ST32/APP/Build/Object/MCAL/RCC/src/RCC_program.o
 .bss           0x20000004        0x0 C:/STM_BLUEPILL/ST32/APP/Build/Object/MCAL/NVIC/src/NVIC_program.o
 .bss           0x20000004        0x4 C:/STM_BLUEPILL/ST32/APP/Build/Object/MCAL/SysTick/src/SysTick_program.o
 .bss           0x20000008        0x0 C:/STM_BLUEPILL/ST32/APP/Build/Object/MCAL/GPIO/src/GPIO_program.o
 .bss           0x20000008       0x14 C:/STM_BLUEPILL/ST32/APP/Build/Object/MCAL/EXTI/src/EXTI_program.o
 .bss           0x2000001c        0x0 C:/STM_BLUEPILL/ST32/APP/Build/Object/MCAL/AFIO/src/AFIO_program.o
 .bss           0x2000001c        0x8 C:/STM_BLUEPILL/ST32/APP/Build/Object/MCAL/SPI/src/SPI_program.o
 .bss           0x20000024        0xc C:/STM_BLUEPILL/ST32/APP/Build/Object/MCAL/UART/src/UART_program.o
 .bss           0x20000030        0x0 C:/STM_BLUEPILL/ST32/APP/Build/Object/MCAL/FPEC/src/FPEC.o
 .bss           0x20000030        0x0 C:/STM_BLUEPILL/ST32/APP/Build/Object/MCAL/PwrMD/src/PwrMD.o
 .bss           0x20000030        0x0 C:/STM_BLUEPILL/ST32/APP/Build/Object/MCAL/DMA/src/DMA.o
 .bss           0x20000030        0x0 C:/STM_BLUEPILL/ST32/APP/Build/Object/MCAL/IWDG/src/IWDG.o
 .bss           0x20000030       0x14 C:/STM_BLUEPILL/ST32/APP/Build/Object/MCAL/TIMERS/src/Timer.o
                0x20000040                total_ticks
 .bss           0x20000044        0x0 C:/STM_BLUEPILL/ST32/APP/Build/Object/HAL/LCD/src/CLCD_program.o
 .bss           0x20000044       0x34 C:/STM_BLUEPILL/ST32/APP/Build/Object/RTOS/RTOS.o
                0x20000048                SysTask
 .bss           0x20000078        0x0 C:/STM_BLUEPILL/ST32/APP/Build/Object/Startup/startup_stm32f103.o
 .bss           0x20000078        0x5 C:/STM_BLUEPILL/ST32/APP/Build/Object/Src/main.o
                0x20000078                idle_counter
 *(.bss*)
                0x20000080                . = ALIGN (0x4)
 *fill*         0x2000007d        0x3 
                0x20000080                _ebss = .

._user_heap_stack
                0x20000080      0x600 load address 0x08004e60
                0x20000080                . = ALIGN (0x8)
                0x20000280                . = (. + _Min_Heap_Size)
 *fill*         0x20000080      0x200 
                0x20000680                . = (. + _Min_Stack_Size)
 *fill*         0x20000280      0x400 
                0x20000680                . = ALIGN (0x8)
LOAD C:/STM_BLUEPILL/ST32/APP/Build/Object/MCAL/RCC/src/RCC_program.o
LOAD C:/STM_BLUEPILL/ST32/APP/Build/Object/MCAL/NVIC/src/NVIC_program.o
LOAD C:/STM_BLUEPILL/ST32/APP/Build/Object/MCAL/SysTick/src/SysTick_program.o
LOAD C:/STM_BLUEPILL/ST32/APP/Build/Object/MCAL/GPIO/src/GPIO_program.o
LOAD C:/STM_BLUEPILL/ST32/APP/Build/Object/MCAL/EXTI/src/EXTI_program.o
LOAD C:/STM_BLUEPILL/ST32/APP/Build/Object/MCAL/AFIO/src/AFIO_program.o
LOAD C:/STM_BLUEPILL/ST32/APP/Build/Object/MCAL/SPI/src/SPI_program.o
LOAD C:/STM_BLUEPILL/ST32/APP/Build/Object/MCAL/UART/src/UART_program.o
LOAD C:/STM_BLUEPILL/ST32/APP/Build/Object/MCAL/FPEC/src/FPEC.o
LOAD C:/STM_BLUEPILL/ST32/APP/Build/Object/MCAL/PwrMD/src/PwrMD.o
LOAD C:/STM_BLUEPILL/ST32/APP/Build/Object/MCAL/DMA/src/DMA.o
LOAD C:/STM_BLUEPILL/ST32/APP/Build/Object/MCAL/IWDG/src/IWDG.o
LOAD C:/STM_BLUEPILL/ST32/APP/Build/Object/MCAL/TIMERS/src/Timer.o
LOAD C:/STM_BLUEPILL/ST32/APP/Build/Object/HAL/LCD/src/CLCD_program.o
LOAD C:/STM_BLUEPILL/ST32/APP/Build/Object/RTOS/RTOS.o
LOAD C:/STM_BLUEPILL/ST32/APP/Build/Object/Startup/startup_stm32f103.o
LOAD C:/STM_BLUEPILL/ST32/APP/Build/Object/Src/main.o
OUTPUT(C:/STM_BLUEPILL/ST32/APP/Tools/application.elf elf32-littlearm)
LOAD linker stubs

.debug_info     0x00000000     0x39a8
 .debug_info    0x00000000      0x659 C:/STM_BLUEPILL/ST32/APP/Build/Object/MCAL/RCC/src/RCC_program.o
 .debug_info    0x00000659      0x2ff C:/STM_BLUEPILL/ST32/APP/Build/Object/MCAL/NVIC/src/NVIC_program.o
 .debug_info    0x00000958      0x267 C:/STM_BLUEPILL/ST32/APP/Build/Object/MCAL/SysTick/src/SysTick_program.o
 .debug_info    0x00000bbf      0x4e0 C:/STM_BLUEPILL/ST32/APP/Build/Object/MCAL/GPIO/src/GPIO_program.o
 .debug_info    0x0000109f      0x4b8 C:/STM_BLUEPILL/ST32/APP/Build/Object/MCAL/EXTI/src/EXTI_program.o
 .debug_info    0x00001557      0x1b9 C:/STM_BLUEPILL/ST32/APP/Build/Object/MCAL/AFIO/src/AFIO_program.o
 .debug_info    0x00001710      0x6dc C:/STM_BLUEPILL/ST32/APP/Build/Object/MCAL/SPI/src/SPI_program.o
 .debug_info    0x00001dec      0x71f C:/STM_BLUEPILL/ST32/APP/Build/Object/MCAL/UART/src/UART_program.o
 .debug_info    0x0000250b      0x1d5 C:/STM_BLUEPILL/ST32/APP/Build/Object/MCAL/FPEC/src/FPEC.o
 .debug_info    0x000026e0       0xd7 C:/STM_BLUEPILL/ST32/APP/Build/Object/MCAL/PwrMD/src/PwrMD.o
 .debug_info    0x000027b7      0x2ad C:/STM_BLUEPILL/ST32/APP/Build/Object/MCAL/DMA/src/DMA.o
 .debug_info    0x00002a64       0xa3 C:/STM_BLUEPILL/ST32/APP/Build/Object/MCAL/IWDG/src/IWDG.o
 .debug_info    0x00002b07      0x3a8 C:/STM_BLUEPILL/ST32/APP/Build/Object/MCAL/TIMERS/src/Timer.o
 .debug_info    0x00002eaf      0x358 C:/STM_BLUEPILL/ST32/APP/Build/Object/HAL/LCD/src/CLCD_program.o
 .debug_info    0x00003207      0x2a2 C:/STM_BLUEPILL/ST32/APP/Build/Object/RTOS/RTOS.o
 .debug_info    0x000034a9      0x15e C:/STM_BLUEPILL/ST32/APP/Build/Object/Startup/startup_stm32f103.o
 .debug_info    0x00003607      0x3a1 C:/STM_BLUEPILL/ST32/APP/Build/Object/Src/main.o

.debug_abbrev   0x00000000     0x1073
 .debug_abbrev  0x00000000       0xf6 C:/STM_BLUEPILL/ST32/APP/Build/Object/MCAL/RCC/src/RCC_program.o
 .debug_abbrev  0x000000f6      0x12b C:/STM_BLUEPILL/ST32/APP/Build/Object/MCAL/NVIC/src/NVIC_program.o
 .debug_abbrev  0x00000221      0x141 C:/STM_BLUEPILL/ST32/APP/Build/Object/MCAL/SysTick/src/SysTick_program.o
 .debug_abbrev  0x00000362       0xfa C:/STM_BLUEPILL/ST32/APP/Build/Object/MCAL/GPIO/src/GPIO_program.o
 .debug_abbrev  0x0000045c      0x13c C:/STM_BLUEPILL/ST32/APP/Build/Object/MCAL/EXTI/src/EXTI_program.o
 .debug_abbrev  0x00000598       0xa7 C:/STM_BLUEPILL/ST32/APP/Build/Object/MCAL/AFIO/src/AFIO_program.o
 .debug_abbrev  0x0000063f      0x14e C:/STM_BLUEPILL/ST32/APP/Build/Object/MCAL/SPI/src/SPI_program.o
 .debug_abbrev  0x0000078d      0x1fa C:/STM_BLUEPILL/ST32/APP/Build/Object/MCAL/UART/src/UART_program.o
 .debug_abbrev  0x00000987       0xd8 C:/STM_BLUEPILL/ST32/APP/Build/Object/MCAL/FPEC/src/FPEC.o
 .debug_abbrev  0x00000a5f       0x64 C:/STM_BLUEPILL/ST32/APP/Build/Object/MCAL/PwrMD/src/PwrMD.o
 .debug_abbrev  0x00000ac3       0x89 C:/STM_BLUEPILL/ST32/APP/Build/Object/MCAL/DMA/src/DMA.o
 .debug_abbrev  0x00000b4c       0x48 C:/STM_BLUEPILL/ST32/APP/Build/Object/MCAL/IWDG/src/IWDG.o
 .debug_abbrev  0x00000b94       0xf7 C:/STM_BLUEPILL/ST32/APP/Build/Object/MCAL/TIMERS/src/Timer.o
 .debug_abbrev  0x00000c8b      0x109 C:/STM_BLUEPILL/ST32/APP/Build/Object/HAL/LCD/src/CLCD_program.o
 .debug_abbrev  0x00000d94      0x131 C:/STM_BLUEPILL/ST32/APP/Build/Object/RTOS/RTOS.o
 .debug_abbrev  0x00000ec5       0xe9 C:/STM_BLUEPILL/ST32/APP/Build/Object/Startup/startup_stm32f103.o
 .debug_abbrev  0x00000fae       0xc5 C:/STM_BLUEPILL/ST32/APP/Build/Object/Src/main.o

.debug_aranges  0x00000000      0x220
 .debug_aranges
                0x00000000       0x20 C:/STM_BLUEPILL/ST32/APP/Build/Object/MCAL/RCC/src/RCC_program.o
 .debug_aranges
                0x00000020       0x20 C:/STM_BLUEPILL/ST32/APP/Build/Object/MCAL/NVIC/src/NVIC_program.o
 .debug_aranges
                0x00000040       0x20 C:/STM_BLUEPILL/ST32/APP/Build/Object/MCAL/SysTick/src/SysTick_program.o
 .debug_aranges
                0x00000060       0x20 C:/STM_BLUEPILL/ST32/APP/Build/Object/MCAL/GPIO/src/GPIO_program.o
 .debug_aranges
                0x00000080       0x20 C:/STM_BLUEPILL/ST32/APP/Build/Object/MCAL/EXTI/src/EXTI_program.o
 .debug_aranges
                0x000000a0       0x20 C:/STM_BLUEPILL/ST32/APP/Build/Object/MCAL/AFIO/src/AFIO_program.o
 .debug_aranges
                0x000000c0       0x20 C:/STM_BLUEPILL/ST32/APP/Build/Object/MCAL/SPI/src/SPI_program.o
 .debug_aranges
                0x000000e0       0x20 C:/STM_BLUEPILL/ST32/APP/Build/Object/MCAL/UART/src/UART_program.o
 .debug_aranges
                0x00000100       0x20 C:/STM_BLUEPILL/ST32/APP/Build/Object/MCAL/FPEC/src/FPEC.o
 .debug_aranges
                0x00000120       0x20 C:/STM_BLUEPILL/ST32/APP/Build/Object/MCAL/PwrMD/src/PwrMD.o
 .debug_aranges
                0x00000140       0x20 C:/STM_BLUEPILL/ST32/APP/Build/Object/MCAL/DMA/src/DMA.o
 .debug_aranges
                0x00000160       0x20 C:/STM_BLUEPILL/ST32/APP/Build/Object/MCAL/IWDG/src/IWDG.o
 .debug_aranges
                0x00000180       0x20 C:/STM_BLUEPILL/ST32/APP/Build/Object/MCAL/TIMERS/src/Timer.o
 .debug_aranges
                0x000001a0       0x20 C:/STM_BLUEPILL/ST32/APP/Build/Object/HAL/LCD/src/CLCD_program.o
 .debug_aranges
                0x000001c0       0x20 C:/STM_BLUEPILL/ST32/APP/Build/Object/RTOS/RTOS.o
 .debug_aranges
                0x000001e0       0x20 C:/STM_BLUEPILL/ST32/APP/Build/Object/Startup/startup_stm32f103.o
 .debug_aranges
                0x00000200       0x20 C:/STM_BLUEPILL/ST32/APP/Build/Object/Src/main.o

.debug_line     0x00000000     0x18e3
 .debug_line    0x00000000      0x169 C:/STM_BLUEPILL/ST32/APP/Build/Object/MCAL/RCC/src/RCC_program.o
 .debug_line    0x00000169      0x181 C:/STM_BLUEPILL/ST32/APP/Build/Object/MCAL/NVIC/src/NVIC_program.o
 .debug_line    0x000002ea      0x142 C:/STM_BLUEPILL/ST32/APP/Build/Object/MCAL/SysTick/src/SysTick_program.o
 .debug_line    0x0000042c      0x282 C:/STM_BLUEPILL/ST32/APP/Build/Object/MCAL/GPIO/src/GPIO_program.o
 .debug_line    0x000006ae      0x1c1 C:/STM_BLUEPILL/ST32/APP/Build/Object/MCAL/EXTI/src/EXTI_program.o
 .debug_line    0x0000086f      0x139 C:/STM_BLUEPILL/ST32/APP/Build/Object/MCAL/AFIO/src/AFIO_program.o
 .debug_line    0x000009a8      0x1cb C:/STM_BLUEPILL/ST32/APP/Build/Object/MCAL/SPI/src/SPI_program.o
 .debug_line    0x00000b73      0x3a8 C:/STM_BLUEPILL/ST32/APP/Build/Object/MCAL/UART/src/UART_program.o
 .debug_line    0x00000f1b      0x158 C:/STM_BLUEPILL/ST32/APP/Build/Object/MCAL/FPEC/src/FPEC.o
 .debug_line    0x00001073       0x9c C:/STM_BLUEPILL/ST32/APP/Build/Object/MCAL/PwrMD/src/PwrMD.o
 .debug_line    0x0000110f       0x98 C:/STM_BLUEPILL/ST32/APP/Build/Object/MCAL/DMA/src/DMA.o
 .debug_line    0x000011a7       0x84 C:/STM_BLUEPILL/ST32/APP/Build/Object/MCAL/IWDG/src/IWDG.o
 .debug_line    0x0000122b      0x1f9 C:/STM_BLUEPILL/ST32/APP/Build/Object/MCAL/TIMERS/src/Timer.o
 .debug_line    0x00001424      0x17f C:/STM_BLUEPILL/ST32/APP/Build/Object/HAL/LCD/src/CLCD_program.o
 .debug_line    0x000015a3      0x155 C:/STM_BLUEPILL/ST32/APP/Build/Object/RTOS/RTOS.o
 .debug_line    0x000016f8       0xc6 C:/STM_BLUEPILL/ST32/APP/Build/Object/Startup/startup_stm32f103.o
 .debug_line    0x000017be      0x125 C:/STM_BLUEPILL/ST32/APP/Build/Object/Src/main.o

.debug_str      0x00000000     0x21d1
 .debug_str     0x00000000      0x7e4 C:/STM_BLUEPILL/ST32/APP/Build/Object/MCAL/RCC/src/RCC_program.o
                                0x81a (size before relaxing)
 .debug_str     0x000007e4      0x1bf C:/STM_BLUEPILL/ST32/APP/Build/Object/MCAL/NVIC/src/NVIC_program.o
                                0x2e7 (size before relaxing)
 .debug_str     0x000009a3      0x190 C:/STM_BLUEPILL/ST32/APP/Build/Object/MCAL/SysTick/src/SysTick_program.o
                                0x2c9 (size before relaxing)
 .debug_str     0x00000b33      0x301 C:/STM_BLUEPILL/ST32/APP/Build/Object/MCAL/GPIO/src/GPIO_program.o
                                0x421 (size before relaxing)
 .debug_str     0x00000e34      0x26f C:/STM_BLUEPILL/ST32/APP/Build/Object/MCAL/EXTI/src/EXTI_program.o
                                0x3e2 (size before relaxing)
 .debug_str     0x000010a3      0x185 C:/STM_BLUEPILL/ST32/APP/Build/Object/MCAL/AFIO/src/AFIO_program.o
                                0x2a5 (size before relaxing)
 .debug_str     0x00001228      0x525 C:/STM_BLUEPILL/ST32/APP/Build/Object/MCAL/SPI/src/SPI_program.o
                                0x6b7 (size before relaxing)
 .debug_str     0x0000174d      0x349 C:/STM_BLUEPILL/ST32/APP/Build/Object/MCAL/UART/src/UART_program.o
                                0x4e1 (size before relaxing)
 .debug_str     0x00001a96       0xb8 C:/STM_BLUEPILL/ST32/APP/Build/Object/MCAL/FPEC/src/FPEC.o
                                0x1ed (size before relaxing)
 .debug_str     0x00001b4e       0x6c C:/STM_BLUEPILL/ST32/APP/Build/Object/MCAL/PwrMD/src/PwrMD.o
                                0x185 (size before relaxing)
 .debug_str     0x00001bba       0x73 C:/STM_BLUEPILL/ST32/APP/Build/Object/MCAL/DMA/src/DMA.o
                                0x416 (size before relaxing)
 .debug_str     0x00001c2d       0x36 C:/STM_BLUEPILL/ST32/APP/Build/Object/MCAL/IWDG/src/IWDG.o
                                0x149 (size before relaxing)
 .debug_str     0x00001c63      0x11a C:/STM_BLUEPILL/ST32/APP/Build/Object/MCAL/TIMERS/src/Timer.o
                                0x4b5 (size before relaxing)
 .debug_str     0x00001d7d      0x1a7 C:/STM_BLUEPILL/ST32/APP/Build/Object/HAL/LCD/src/CLCD_program.o
                                0x35e (size before relaxing)
 .debug_str     0x00001f24      0x17c C:/STM_BLUEPILL/ST32/APP/Build/Object/RTOS/RTOS.o
                                0x2c8 (size before relaxing)
 .debug_str     0x000020a0       0xd0 C:/STM_BLUEPILL/ST32/APP/Build/Object/Startup/startup_stm32f103.o
                                0x159 (size before relaxing)
 .debug_str     0x00002170       0x61 C:/STM_BLUEPILL/ST32/APP/Build/Object/Src/main.o
                                0x5bc (size before relaxing)

.comment        0x00000000       0x49
 .comment       0x00000000       0x49 C:/STM_BLUEPILL/ST32/APP/Build/Object/MCAL/RCC/src/RCC_program.o
                                 0x4a (size before relaxing)
 .comment       0x00000049       0x4a C:/STM_BLUEPILL/ST32/APP/Build/Object/MCAL/NVIC/src/NVIC_program.o
 .comment       0x00000049       0x4a C:/STM_BLUEPILL/ST32/APP/Build/Object/MCAL/SysTick/src/SysTick_program.o
 .comment       0x00000049       0x4a C:/STM_BLUEPILL/ST32/APP/Build/Object/MCAL/GPIO/src/GPIO_program.o
 .comment       0x00000049       0x4a C:/STM_BLUEPILL/ST32/APP/Build/Object/MCAL/EXTI/src/EXTI_program.o
 .comment       0x00000049       0x4a C:/STM_BLUEPILL/ST32/APP/Build/Object/MCAL/AFIO/src/AFIO_program.o
 .comment       0x00000049       0x4a C:/STM_BLUEPILL/ST32/APP/Build/Object/MCAL/SPI/src/SPI_program.o
 .comment       0x00000049       0x4a C:/STM_BLUEPILL/ST32/APP/Build/Object/MCAL/UART/src/UART_program.o
 .comment       0x00000049       0x4a C:/STM_BLUEPILL/ST32/APP/Build/Object/MCAL/FPEC/src/FPEC.o
 .comment       0x00000049       0x4a C:/STM_BLUEPILL/ST32/APP/Build/Object/MCAL/PwrMD/src/PwrMD.o
 .comment       0x00000049       0x4a C:/STM_BLUEPILL/ST32/APP/Build/Object/MCAL/DMA/src/DMA.o
 .comment       0x00000049       0x4a C:/STM_BLUEPILL/ST32/APP/Build/Object/MCAL/IWDG/src/IWDG.o
 .comment       0x00000049       0x4a C:/STM_BLUEPILL/ST32/APP/Build/Object/MCAL/TIMERS/src/Timer.o
 .comment       0x00000049       0x4a C:/STM_BLUEPILL/ST32/APP/Build/Object/HAL/LCD/src/CLCD_program.o
 .comment       0x00000049       0x4a C:/STM_BLUEPILL/ST32/APP/Build/Object/RTOS/RTOS.o
 .comment       0x00000049       0x4a C:/STM_BLUEPILL/ST32/APP/Build/Object/Startup/startup_stm32f103.o
 .comment       0x00000049       0x4a C:/STM_BLUEPILL/ST32/APP/Build/Object/Src/main.o

.ARM.attributes
                0x00000000       0x2d
 .ARM.attributes
                0x00000000       0x2d C:/STM_BLUEPILL/ST32/APP/Build/Object/MCAL/RCC/src/RCC_program.o
 .ARM.attributes
                0x0000002d       0x2d C:/STM_BLUEPILL/ST32/APP/Build/Object/MCAL/NVIC/src/NVIC_program.o
 .ARM.attributes
                0x0000005a       0x2d C:/STM_BLUEPILL/ST32/APP/Build/Object/MCAL/SysTick/src/SysTick_program.o
 .ARM.attributes
                0x00000087       0x2d C:/STM_BLUEPILL/ST32/APP/Build/Object/MCAL/GPIO/src/GPIO_program.o
 .ARM.attributes
                0x000000b4       0x2d C:/STM_BLUEPILL/ST32/APP/Build/Object/MCAL/EXTI/src/EXTI_program.o
 .ARM.attributes
                0x000000e1       0x2d C:/STM_BLUEPILL/ST32/APP/Build/Object/MCAL/AFIO/src/AFIO_program.o
 .ARM.attributes
                0x0000010e       0x2d C:/STM_BLUEPILL/ST32/APP/Build/Object/MCAL/SPI/src/SPI_program.o
 .ARM.attributes
                0x0000013b       0x2d C:/STM_BLUEPILL/ST32/APP/Build/Object/MCAL/UART/src/UART_program.o
 .ARM.attributes
                0x00000168       0x2d C:/STM_BLUEPILL/ST32/APP/Build/Object/MCAL/FPEC/src/FPEC.o
 .ARM.attributes
                0x00000195       0x2d C:/STM_BLUEPILL/ST32/APP/Build/Object/MCAL/PwrMD/src/PwrMD.o
 .ARM.attributes
                0x000001c2       0x2d C:/STM_BLUEPILL/ST32/APP/Build/Object/MCAL/DMA/src/DMA.o
 .ARM.attributes
                0x000001ef       0x2d C:/STM_BLUEPILL/ST32/APP/Build/Object/MCAL/IWDG/src/IWDG.o
 .ARM.attributes
                0x0000021c       0x2d C:/STM_BLUEPILL/ST32/APP/Build/Object/MCAL/TIMERS/src/Timer.o
 .ARM.attributes
                0x00000249       0x2d C:/STM_BLUEPILL/ST32/APP/Build/Object/HAL/LCD/src/CLCD_program.o
 .ARM.attributes
                0x00000276       0x2d C:/STM_BLUEPILL/ST32/APP/Build/Object/RTOS/RTOS.o
 .ARM.attributes
                0x000002a3       0x2d C:/STM_BLUEPILL/ST32/APP/Build/Object/Startup/startup_stm32f103.o
 .ARM.attributes
                0x000002d0       0x2d C:/STM_BLUEPILL/ST32/APP/Build/Object/Src/main.o

.debug_frame    0x00000000      0xea0
 .debug_frame   0x00000000       0xb0 C:/STM_BLUEPILL/ST32/APP/Build/Object/MCAL/RCC/src/RCC_program.o
 .debug_frame   0x000000b0      0x100 C:/STM_BLUEPILL/ST32/APP/Build/Object/MCAL/NVIC/src/NVIC_program.o
 .debug_frame   0x000001b0      0x120 C:/STM_BLUEPILL/ST32/APP/Build/Object/MCAL/SysTick/src/SysTick_program.o
 .debug_frame   0x000002d0       0xd8 C:/STM_BLUEPILL/ST32/APP/Build/Object/MCAL/GPIO/src/GPIO_program.o
 .debug_frame   0x000003a8      0x22c C:/STM_BLUEPILL/ST32/APP/Build/Object/MCAL/EXTI/src/EXTI_program.o
 .debug_frame   0x000005d4       0x38 C:/STM_BLUEPILL/ST32/APP/Build/Object/MCAL/AFIO/src/AFIO_program.o
 .debug_frame   0x0000060c       0xe0 C:/STM_BLUEPILL/ST32/APP/Build/Object/MCAL/SPI/src/SPI_program.o
 .debug_frame   0x000006ec      0x170 C:/STM_BLUEPILL/ST32/APP/Build/Object/MCAL/UART/src/UART_program.o
 .debug_frame   0x0000085c       0x84 C:/STM_BLUEPILL/ST32/APP/Build/Object/MCAL/FPEC/src/FPEC.o
 .debug_frame   0x000008e0       0x90 C:/STM_BLUEPILL/ST32/APP/Build/Object/MCAL/PwrMD/src/PwrMD.o
 .debug_frame   0x00000970       0x38 C:/STM_BLUEPILL/ST32/APP/Build/Object/MCAL/DMA/src/DMA.o
 .debug_frame   0x000009a8       0x50 C:/STM_BLUEPILL/ST32/APP/Build/Object/MCAL/IWDG/src/IWDG.o
 .debug_frame   0x000009f8      0x11c C:/STM_BLUEPILL/ST32/APP/Build/Object/MCAL/TIMERS/src/Timer.o
 .debug_frame   0x00000b14      0x12c C:/STM_BLUEPILL/ST32/APP/Build/Object/HAL/LCD/src/CLCD_program.o
 .debug_frame   0x00000c40      0x118 C:/STM_BLUEPILL/ST32/APP/Build/Object/RTOS/RTOS.o
 .debug_frame   0x00000d58       0x74 C:/STM_BLUEPILL/ST32/APP/Build/Object/Startup/startup_stm32f103.o
 .debug_frame   0x00000dcc       0xd4 C:/STM_BLUEPILL/ST32/APP/Build/Object/Src/main.o
