23:59:13 **** Incremental Build of configuration Debug for project ST32 ****
make -j12 all 
arm-none-eabi-gcc "../Src/main.c" -mcpu=cortex-m3 -std=gnu11 -g3 -DDEBUG -DSTM32 -DSTM32F1 -DSTM32F103C8Tx -c -I../Inc -O0 -ffunction-sections -fdata-sections -Wall -fstack-usage -fcyclomatic-complexity -MMD -MP -MF"Src/main.d" -MT"Src/main.o" --specs=nano.specs -mfloat-abi=soft -mthumb -o "Src/main.o"
arm-none-eabi-gcc -o "ST32.elf" @"objects.list"   -mcpu=cortex-m3 -T"C:\STM_BLUEPILL\ST32\STM32F103C8TX_FLASH.ld" --specs=nosys.specs -Wl,-Map="ST32.map" -Wl,--gc-sections -static --specs=nano.specs -mfloat-abi=soft -mthumb -Wl,--start-group -lc -lm -Wl,--end-group
Finished building target: ST32.elf
 
arm-none-eabi-size   ST32.elf 
arm-none-eabi-objdump -h -S  ST32.elf  > "ST32.list"
arm-none-eabi-objcopy  -O ihex  ST32.elf  "ST32.hex"
arm-none-eabi-objcopy  -O binary  ST32.elf  "ST32.bin"
   text	   data	    bss	    dec	    hex	filename
   1856	      8	   1600	   3464	    d88	ST32.elf
arm-none-eabi-objcopy  -O verilog  ST32.elf  "ST32.verilog"
arm-none-eabi-objcopy  -O srec  ST32.elf  "ST32.srec"
arm-none-eabi-objcopy  -O symbolsrec  ST32.elf  "ST32.symbolsrec"
Finished building: default.size.stdout
 
Finished building: ST32.hex
Finished building: ST32.bin
Finished building: ST32.verilog
Finished building: ST32.list
Finished building: ST32.srec
Finished building: ST32.symbolsrec
 
 
 
 
 
 

23:59:14 Build Finished. 0 errors, 0 warnings. (took 594ms)

